[2022-09-06T12:43:41.478+0000][67][gc,init] CardTable entry size: 512
[2022-09-06T12:43:41.478+0000][67][gc     ] Using G1
[2022-09-06T12:43:41.589+0000][67][gc,init] Version: 18.0.2+9-61 (release)
[2022-09-06T12:43:41.589+0000][67][gc,init] CPUs: 8 total, 8 available
[2022-09-06T12:43:41.589+0000][67][gc,init] Memory: 2048M
[2022-09-06T12:43:41.589+0000][67][gc,init] Large Page Support: Disabled
[2022-09-06T12:43:41.589+0000][67][gc,init] NUMA Support: Disabled
[2022-09-06T12:43:41.589+0000][67][gc,init] Compressed Oops: Enabled (32-bit)
[2022-09-06T12:43:41.589+0000][67][gc,init] Heap Region Size: 4M
[2022-09-06T12:43:41.589+0000][67][gc,init] Heap Min Capacity: 1G
[2022-09-06T12:43:41.589+0000][67][gc,init] Heap Initial Capacity: 1G
[2022-09-06T12:43:41.589+0000][67][gc,init] Heap Max Capacity: 1G
[2022-09-06T12:43:41.589+0000][67][gc,init] Pre-touch: Enabled
[2022-09-06T12:43:41.589+0000][67][gc,init] Parallel Workers: 8
[2022-09-06T12:43:41.589+0000][67][gc,init] Concurrent Workers: 2
[2022-09-06T12:43:41.589+0000][67][gc,init] Concurrent Refinement Workers: 8
[2022-09-06T12:43:41.589+0000][67][gc,init] Periodic GC: Disabled
[2022-09-06T12:43:41.590+0000][67][gc,metaspace] CDS archive(s) mapped at: [0x0000000800000000-0x0000000800bae000-0x0000000800bae000), size 12247040, SharedBaseAddress: 0x0000000800000000, ArchiveRelocationMode: 0.
[2022-09-06T12:43:41.590+0000][67][gc,metaspace] Compressed class space mapped at: 0x0000000800c00000-0x0000000840c00000, reserved size: 1073741824
[2022-09-06T12:43:41.590+0000][67][gc,metaspace] Narrow klass base: 0x0000000800000000, Narrow klass shift: 0, Narrow klass range: 0x100000000
[2022-09-06T12:43:41.816+0000][67][safepoint   ] Safepoint "ICBufferFull", Time since last: 220037773 ns, Reaching safepoint: 225754 ns, At safepoint: 14978 ns, Total: 240732 ns
[2022-09-06T12:43:42.130+0000][67][safepoint   ] Safepoint "ICBufferFull", Time since last: 313839989 ns, Reaching safepoint: 228460 ns, At safepoint: 28200 ns, Total: 256660 ns
[2022-09-06T12:43:42.174+0000][67][gc,start    ] GC(0) Pause Young (Normal) (G1 Evacuation Pause)
[2022-09-06T12:43:42.174+0000][67][gc,task     ] GC(0) Using 8 workers of 8 for evacuation
[2022-09-06T12:43:42.174+0000][67][gc,age      ] GC(0) Desired survivor size 4194304 bytes, new threshold 15 (max threshold 15)
[2022-09-06T12:43:42.178+0000][67][gc,phases   ] GC(0)   Pre Evacuate Collection Set: 0.1ms
[2022-09-06T12:43:42.178+0000][67][gc,phases   ] GC(0)   Merge Heap Roots: 0.1ms
[2022-09-06T12:43:42.178+0000][67][gc,phases   ] GC(0)   Evacuate Collection Set: 2.4ms
[2022-09-06T12:43:42.178+0000][67][gc,phases   ] GC(0)   Post Evacuate Collection Set: 0.6ms
[2022-09-06T12:43:42.178+0000][67][gc,phases   ] GC(0)   Other: 0.1ms
[2022-09-06T12:43:42.178+0000][67][gc,age      ] GC(0) Age table with threshold 15 (max threshold 15)
[2022-09-06T12:43:42.178+0000][67][gc,age      ] GC(0) - age   1:    5010784 bytes,    5010784 total
[2022-09-06T12:43:42.178+0000][67][gc,heap     ] GC(0) Eden regions: 12->0(18)
[2022-09-06T12:43:42.178+0000][67][gc,heap     ] GC(0) Survivor regions: 0->2(2)
[2022-09-06T12:43:42.178+0000][67][gc,heap     ] GC(0) Old regions: 0->0
[2022-09-06T12:43:42.178+0000][67][gc,heap     ] GC(0) Archive regions: 2->2
[2022-09-06T12:43:42.178+0000][67][gc,heap     ] GC(0) Humongous regions: 0->0
[2022-09-06T12:43:42.178+0000][67][gc,metaspace] GC(0) Metaspace: 8851K(9152K)->8851K(9152K) NonClass: 7783K(7936K)->7783K(7936K) Class: 1067K(1216K)->1067K(1216K)
[2022-09-06T12:43:42.178+0000][67][gc          ] GC(0) Pause Young (Normal) (G1 Evacuation Pause) 51M->8M(1024M) 3.631ms
[2022-09-06T12:43:42.178+0000][67][gc,cpu      ] GC(0) User=0.01s Sys=0.01s Real=0.00s
[2022-09-06T12:43:42.178+0000][67][safepoint   ] Safepoint "G1CollectForAllocation", Time since last: 43768097 ns, Reaching safepoint: 182262 ns, At safepoint: 3736317 ns, Total: 3918579 ns
[2022-09-06T12:43:42.521+0000][67][safepoint   ] Safepoint "ICBufferFull", Time since last: 342944226 ns, Reaching safepoint: 236140 ns, At safepoint: 13845 ns, Total: 249985 ns
[2022-09-06T12:43:42.810+0000][67][safepoint   ] Safepoint "ICBufferFull", Time since last: 288306067 ns, Reaching safepoint: 184652 ns, At safepoint: 40478 ns, Total: 225130 ns
[2022-09-06T12:43:43.132+0000][67][gc,start    ] GC(1) Pause Young (Normal) (G1 Evacuation Pause)
[2022-09-06T12:43:43.132+0000][67][gc,task     ] GC(1) Using 8 workers of 8 for evacuation
[2022-09-06T12:43:43.132+0000][67][gc,age      ] GC(1) Desired survivor size 6291456 bytes, new threshold 15 (max threshold 15)
[2022-09-06T12:43:43.138+0000][67][gc,phases   ] GC(1)   Pre Evacuate Collection Set: 0.1ms
[2022-09-06T12:43:43.138+0000][67][gc,phases   ] GC(1)   Merge Heap Roots: 0.1ms
[2022-09-06T12:43:43.138+0000][67][gc,phases   ] GC(1)   Evacuate Collection Set: 4.5ms
[2022-09-06T12:43:43.138+0000][67][gc,phases   ] GC(1)   Post Evacuate Collection Set: 1.1ms
[2022-09-06T12:43:43.138+0000][67][gc,phases   ] GC(1)   Other: 0.1ms
[2022-09-06T12:43:43.138+0000][67][gc,age      ] GC(1) Age table with threshold 15 (max threshold 15)
[2022-09-06T12:43:43.138+0000][67][gc,age      ] GC(1) - age   1:    3938776 bytes,    3938776 total
[2022-09-06T12:43:43.138+0000][67][gc,age      ] GC(1) - age   2:    4869712 bytes,    8808488 total
[2022-09-06T12:43:43.138+0000][67][gc,heap     ] GC(1) Eden regions: 18->0(31)
[2022-09-06T12:43:43.138+0000][67][gc,heap     ] GC(1) Survivor regions: 2->3(3)
[2022-09-06T12:43:43.138+0000][67][gc,heap     ] GC(1) Old regions: 0->0
[2022-09-06T12:43:43.138+0000][67][gc,heap     ] GC(1) Archive regions: 2->2
[2022-09-06T12:43:43.138+0000][67][gc,heap     ] GC(1) Humongous regions: 0->0
[2022-09-06T12:43:43.138+0000][67][gc,metaspace] GC(1) Metaspace: 15816K(16192K)->15816K(16192K) NonClass: 14019K(14208K)->14019K(14208K) Class: 1796K(1984K)->1796K(1984K)
[2022-09-06T12:43:43.138+0000][67][gc          ] GC(1) Pause Young (Normal) (G1 Evacuation Pause) 80M->12M(1024M) 6.184ms
[2022-09-06T12:43:43.139+0000][67][gc,cpu      ] GC(1) User=0.03s Sys=0.00s Real=0.00s
[2022-09-06T12:43:43.139+0000][67][safepoint   ] Safepoint "G1CollectForAllocation", Time since last: 322528535 ns, Reaching safepoint: 145942 ns, At safepoint: 6292993 ns, Total: 6438935 ns
[2022-09-06T12:43:43.312+0000][67][safepoint   ] Safepoint "ICBufferFull", Time since last: 173264137 ns, Reaching safepoint: 168017 ns, At safepoint: 26723 ns, Total: 194740 ns
[2022-09-06T12:43:43.532+0000][67][gc,start    ] GC(2) Pause Young (Concurrent Start) (Metadata GC Threshold)
[2022-09-06T12:43:43.532+0000][67][gc,task     ] GC(2) Using 8 workers of 8 for evacuation
[2022-09-06T12:43:43.532+0000][67][gc,age      ] GC(2) Desired survivor size 10485760 bytes, new threshold 15 (max threshold 15)
[2022-09-06T12:43:43.537+0000][67][gc,phases   ] GC(2)   Pre Evacuate Collection Set: 0.1ms
[2022-09-06T12:43:43.537+0000][67][gc,phases   ] GC(2)   Merge Heap Roots: 0.1ms
[2022-09-06T12:43:43.537+0000][67][gc,phases   ] GC(2)   Evacuate Collection Set: 3.6ms
[2022-09-06T12:43:43.537+0000][67][gc,phases   ] GC(2)   Post Evacuate Collection Set: 1.1ms
[2022-09-06T12:43:43.537+0000][67][gc,phases   ] GC(2)   Other: 0.1ms
[2022-09-06T12:43:43.537+0000][67][gc,age      ] GC(2) Age table with threshold 15 (max threshold 15)
[2022-09-06T12:43:43.537+0000][67][gc,age      ] GC(2) - age   1:    2800384 bytes,    2800384 total
[2022-09-06T12:43:43.537+0000][67][gc,age      ] GC(2) - age   2:    3226496 bytes,    6026880 total
[2022-09-06T12:43:43.537+0000][67][gc,age      ] GC(2) - age   3:    4852672 bytes,   10879552 total
[2022-09-06T12:43:43.537+0000][67][gc,heap     ] GC(2) Eden regions: 29->0(134)
[2022-09-06T12:43:43.537+0000][67][gc,heap     ] GC(2) Survivor regions: 3->3(5)
[2022-09-06T12:43:43.537+0000][67][gc,heap     ] GC(2) Old regions: 0->0
[2022-09-06T12:43:43.537+0000][67][gc,heap     ] GC(2) Archive regions: 2->2
[2022-09-06T12:43:43.537+0000][67][gc,heap     ] GC(2) Humongous regions: 0->0
[2022-09-06T12:43:43.537+0000][67][gc,metaspace] GC(2) Metaspace: 21085K(21504K)->21085K(21504K) NonClass: 18739K(18944K)->18739K(18944K) Class: 2346K(2560K)->2346K(2560K)
[2022-09-06T12:43:43.537+0000][67][gc          ] GC(2) Pause Young (Concurrent Start) (Metadata GC Threshold) 127M->14M(1024M) 5.239ms
[2022-09-06T12:43:43.537+0000][67][gc,cpu      ] GC(2) User=0.02s Sys=0.01s Real=0.00s
[2022-09-06T12:43:43.537+0000][67][gc          ] GC(3) Concurrent Mark Cycle
[2022-09-06T12:43:43.537+0000][67][gc,marking  ] GC(3) Concurrent Clear Claimed Marks
[2022-09-06T12:43:43.537+0000][67][safepoint   ] Safepoint "CollectForMetadataAllocation", Time since last: 219393074 ns, Reaching safepoint: 253088 ns, At safepoint: 5408283 ns, Total: 5661371 ns
[2022-09-06T12:43:43.537+0000][67][gc,marking  ] GC(3) Concurrent Clear Claimed Marks 0.063ms
[2022-09-06T12:43:43.537+0000][67][gc,marking  ] GC(3) Concurrent Scan Root Regions
[2022-09-06T12:43:43.539+0000][67][gc,marking  ] GC(3) Concurrent Scan Root Regions 1.998ms
[2022-09-06T12:43:43.539+0000][67][gc,marking  ] GC(3) Concurrent Mark
[2022-09-06T12:43:43.539+0000][67][gc,marking  ] GC(3) Concurrent Mark From Roots
[2022-09-06T12:43:43.539+0000][67][gc,task     ] GC(3) Using 2 workers of 2 for marking
[2022-09-06T12:43:43.540+0000][67][gc,marking  ] GC(3) Concurrent Mark From Roots 0.972ms
[2022-09-06T12:43:43.540+0000][67][gc,marking  ] GC(3) Concurrent Preclean
[2022-09-06T12:43:43.540+0000][67][gc,marking  ] GC(3) Concurrent Preclean 0.010ms
[2022-09-06T12:43:43.540+0000][67][gc,start    ] GC(3) Pause Remark
[2022-09-06T12:43:43.543+0000][67][gc          ] GC(3) Pause Remark 16M->16M(1024M) 2.446ms
[2022-09-06T12:43:43.543+0000][67][gc,cpu      ] GC(3) User=0.01s Sys=0.00s Real=0.00s
[2022-09-06T12:43:43.543+0000][67][safepoint   ] Safepoint "G1Concurrent", Time since last: 3187895 ns, Reaching safepoint: 25164 ns, At safepoint: 2579250 ns, Total: 2604414 ns
[2022-09-06T12:43:43.543+0000][67][gc,marking  ] GC(3) Concurrent Mark 3.704ms
[2022-09-06T12:43:43.543+0000][67][gc,marking  ] GC(3) Concurrent Rebuild Remembered Sets
[2022-09-06T12:43:43.543+0000][67][gc,marking  ] GC(3) Concurrent Rebuild Remembered Sets 0.008ms
[2022-09-06T12:43:43.543+0000][67][gc,start    ] GC(3) Pause Cleanup
[2022-09-06T12:43:43.543+0000][67][gc          ] GC(3) Pause Cleanup 16M->16M(1024M) 0.026ms
[2022-09-06T12:43:43.543+0000][67][gc,cpu      ] GC(3) User=0.00s Sys=0.00s Real=0.00s
[2022-09-06T12:43:43.543+0000][67][safepoint   ] Safepoint "G1Concurrent", Time since last: 71010 ns, Reaching safepoint: 98499 ns, At safepoint: 61388 ns, Total: 159887 ns
[2022-09-06T12:43:43.543+0000][67][gc,marking  ] GC(3) Concurrent Cleanup for Next Mark
[2022-09-06T12:43:43.545+0000][67][gc,marking  ] GC(3) Concurrent Cleanup for Next Mark 1.574ms
[2022-09-06T12:43:43.545+0000][67][gc          ] GC(3) Concurrent Mark Cycle 7.812ms
[2022-09-06T12:43:43.876+0000][67][safepoint   ] Safepoint "ICBufferFull", Time since last: 332767065 ns, Reaching safepoint: 221157 ns, At safepoint: 5677 ns, Total: 226834 ns
[2022-09-06T12:43:44.309+0000][67][safepoint   ] Safepoint "ICBufferFull", Time since last: 432453541 ns, Reaching safepoint: 161181 ns, At safepoint: 5374 ns, Total: 166555 ns
[2022-09-06T12:43:44.599+0000][67][gc,start    ] GC(4) Pause Young (Normal) (G1 Evacuation Pause)
[2022-09-06T12:43:44.599+0000][67][gc,task     ] GC(4) Using 8 workers of 8 for evacuation
[2022-09-06T12:43:44.599+0000][67][gc,age      ] GC(4) Desired survivor size 37748736 bytes, new threshold 15 (max threshold 15)
[2022-09-06T12:43:44.609+0000][67][gc,phases   ] GC(4)   Pre Evacuate Collection Set: 0.1ms
[2022-09-06T12:43:44.609+0000][67][gc,phases   ] GC(4)   Merge Heap Roots: 0.1ms
[2022-09-06T12:43:44.609+0000][67][gc,phases   ] GC(4)   Evacuate Collection Set: 8.4ms
[2022-09-06T12:43:44.609+0000][67][gc,phases   ] GC(4)   Post Evacuate Collection Set: 1.7ms
[2022-09-06T12:43:44.609+0000][67][gc,phases   ] GC(4)   Other: 0.1ms
[2022-09-06T12:43:44.609+0000][67][gc,age      ] GC(4) Age table with threshold 15 (max threshold 15)
[2022-09-06T12:43:44.609+0000][67][gc,age      ] GC(4) - age   1:   10788560 bytes,   10788560 total
[2022-09-06T12:43:44.609+0000][67][gc,age      ] GC(4) - age   2:    2740872 bytes,   13529432 total
[2022-09-06T12:43:44.609+0000][67][gc,age      ] GC(4) - age   3:    3218480 bytes,   16747912 total
[2022-09-06T12:43:44.609+0000][67][gc,age      ] GC(4) - age   4:    4844928 bytes,   21592840 total
[2022-09-06T12:43:44.609+0000][67][gc,heap     ] GC(4) Eden regions: 134->0(147)
[2022-09-06T12:43:44.609+0000][67][gc,heap     ] GC(4) Survivor regions: 3->6(18)
[2022-09-06T12:43:44.609+0000][67][gc,heap     ] GC(4) Old regions: 0->0
[2022-09-06T12:43:44.609+0000][67][gc,heap     ] GC(4) Archive regions: 2->2
[2022-09-06T12:43:44.609+0000][67][gc,heap     ] GC(4) Humongous regions: 0->0
[2022-09-06T12:43:44.609+0000][67][gc,metaspace] GC(4) Metaspace: 30947K(31616K)->30947K(31616K) NonClass: 27385K(27776K)->27385K(27776K) Class: 3561K(3840K)->3561K(3840K)
[2022-09-06T12:43:44.609+0000][67][gc          ] GC(4) Pause Young (Normal) (G1 Evacuation Pause) 550M->25M(1024M) 10.670ms
[2022-09-06T12:43:44.609+0000][67][gc,cpu      ] GC(4) User=0.07s Sys=0.00s Real=0.01s
[2022-09-06T12:43:44.609+0000][67][safepoint   ] Safepoint "G1CollectForAllocation", Time since last: 289547464 ns, Reaching safepoint: 279758 ns, At safepoint: 10772409 ns, Total: 11052167 ns
[2022-09-06T12:43:45.011+0000][67][safepoint   ] Safepoint "ICBufferFull", Time since last: 401447420 ns, Reaching safepoint: 229221 ns, At safepoint: 4928 ns, Total: 234149 ns
[2022-09-06T12:43:45.380+0000][67][gc,start    ] GC(5) Pause Young (Concurrent Start) (Metadata GC Threshold)
[2022-09-06T12:43:45.380+0000][67][gc,task     ] GC(5) Using 8 workers of 8 for evacuation
[2022-09-06T12:43:45.380+0000][67][gc,age      ] GC(5) Desired survivor size 41943040 bytes, new threshold 15 (max threshold 15)
[2022-09-06T12:43:45.390+0000][67][gc,phases   ] GC(5)   Pre Evacuate Collection Set: 0.2ms
[2022-09-06T12:43:45.390+0000][67][gc,phases   ] GC(5)   Merge Heap Roots: 0.1ms
[2022-09-06T12:43:45.390+0000][67][gc,phases   ] GC(5)   Evacuate Collection Set: 8.3ms
[2022-09-06T12:43:45.390+0000][67][gc,phases   ] GC(5)   Post Evacuate Collection Set: 1.7ms
[2022-09-06T12:43:45.390+0000][67][gc,phases   ] GC(5)   Other: 0.1ms
[2022-09-06T12:43:45.390+0000][67][gc,age      ] GC(5) Age table with threshold 15 (max threshold 15)
[2022-09-06T12:43:45.390+0000][67][gc,age      ] GC(5) - age   1:    7291800 bytes,    7291800 total
[2022-09-06T12:43:45.390+0000][67][gc,age      ] GC(5) - age   2:   10129976 bytes,   17421776 total
[2022-09-06T12:43:45.390+0000][67][gc,age      ] GC(5) - age   3:    2641272 bytes,   20063048 total
[2022-09-06T12:43:45.390+0000][67][gc,age      ] GC(5) - age   4:    3212424 bytes,   23275472 total
[2022-09-06T12:43:45.390+0000][67][gc,age      ] GC(5) - age   5:    4842704 bytes,   28118176 total
[2022-09-06T12:43:45.390+0000][67][gc,heap     ] GC(5) Eden regions: 126->0(145)
[2022-09-06T12:43:45.390+0000][67][gc,heap     ] GC(5) Survivor regions: 6->8(20)
[2022-09-06T12:43:45.390+0000][67][gc,heap     ] GC(5) Old regions: 0->0
[2022-09-06T12:43:45.390+0000][67][gc,heap     ] GC(5) Archive regions: 2->2
[2022-09-06T12:43:45.390+0000][67][gc,heap     ] GC(5) Humongous regions: 0->0
[2022-09-06T12:43:45.390+0000][67][gc,metaspace] GC(5) Metaspace: 35312K(36160K)->35312K(36160K) NonClass: 31166K(31616K)->31166K(31616K) Class: 4145K(4544K)->4145K(4544K)
[2022-09-06T12:43:45.390+0000][67][gc          ] GC(5) Pause Young (Concurrent Start) (Metadata GC Threshold) 527M->32M(1024M) 10.525ms
[2022-09-06T12:43:45.390+0000][67][gc,cpu      ] GC(5) User=0.05s Sys=0.00s Real=0.01s
[2022-09-06T12:43:45.390+0000][67][gc          ] GC(6) Concurrent Mark Cycle
[2022-09-06T12:43:45.390+0000][67][gc,marking  ] GC(6) Concurrent Clear Claimed Marks
[2022-09-06T12:43:45.390+0000][67][safepoint   ] Safepoint "CollectForMetadataAllocation", Time since last: 368629379 ns, Reaching safepoint: 113952 ns, At safepoint: 10681778 ns, Total: 10795730 ns
[2022-09-06T12:43:45.390+0000][67][gc,marking  ] GC(6) Concurrent Clear Claimed Marks 0.065ms
[2022-09-06T12:43:45.390+0000][67][gc,marking  ] GC(6) Concurrent Scan Root Regions
[2022-09-06T12:43:45.395+0000][67][gc,marking  ] GC(6) Concurrent Scan Root Regions 4.644ms
[2022-09-06T12:43:45.395+0000][67][gc,marking  ] GC(6) Concurrent Mark
[2022-09-06T12:43:45.395+0000][67][gc,marking  ] GC(6) Concurrent Mark From Roots
[2022-09-06T12:43:45.395+0000][67][gc,task     ] GC(6) Using 2 workers of 2 for marking
[2022-09-06T12:43:45.396+0000][67][gc,marking  ] GC(6) Concurrent Mark From Roots 1.183ms
[2022-09-06T12:43:45.396+0000][67][gc,marking  ] GC(6) Concurrent Preclean
[2022-09-06T12:43:45.396+0000][67][gc,marking  ] GC(6) Concurrent Preclean 0.013ms
[2022-09-06T12:43:45.397+0000][67][gc,start    ] GC(6) Pause Remark
[2022-09-06T12:43:45.398+0000][67][gc          ] GC(6) Pause Remark 34M->34M(1024M) 1.640ms
[2022-09-06T12:43:45.398+0000][67][gc,cpu      ] GC(6) User=0.01s Sys=0.00s Real=0.00s
[2022-09-06T12:43:45.398+0000][67][safepoint   ] Safepoint "G1Concurrent", Time since last: 6051289 ns, Reaching safepoint: 233354 ns, At safepoint: 1737065 ns, Total: 1970419 ns
[2022-09-06T12:43:45.399+0000][67][gc,marking  ] GC(6) Concurrent Mark 3.319ms
[2022-09-06T12:43:45.399+0000][67][gc,marking  ] GC(6) Concurrent Rebuild Remembered Sets
[2022-09-06T12:43:45.399+0000][67][gc,marking  ] GC(6) Concurrent Rebuild Remembered Sets 0.009ms
[2022-09-06T12:43:45.399+0000][67][gc,start    ] GC(6) Pause Cleanup
[2022-09-06T12:43:45.399+0000][67][gc          ] GC(6) Pause Cleanup 34M->34M(1024M) 0.038ms
[2022-09-06T12:43:45.399+0000][67][gc,cpu      ] GC(6) User=0.00s Sys=0.00s Real=0.00s
[2022-09-06T12:43:45.399+0000][67][safepoint   ] Safepoint "G1Concurrent", Time since last: 159845 ns, Reaching safepoint: 161011 ns, At safepoint: 80555 ns, Total: 241566 ns
[2022-09-06T12:43:45.399+0000][67][gc,marking  ] GC(6) Concurrent Cleanup for Next Mark
[2022-09-06T12:43:45.400+0000][67][gc,marking  ] GC(6) Concurrent Cleanup for Next Mark 1.188ms
[2022-09-06T12:43:45.400+0000][67][gc          ] GC(6) Concurrent Mark Cycle 9.802ms
[2022-09-06T12:43:45.925+0000][67][safepoint   ] Safepoint "ICBufferFull", Time since last: 525913625 ns, Reaching safepoint: 330406 ns, At safepoint: 27165 ns, Total: 357571 ns
[2022-09-06T12:43:46.412+0000][67][safepoint   ] Safepoint "ICBufferFull", Time since last: 486547814 ns, Reaching safepoint: 263101 ns, At safepoint: 26235 ns, Total: 289336 ns
[2022-09-06T12:43:47.190+0000][67][safepoint   ] Safepoint "ICBufferFull", Time since last: 778102402 ns, Reaching safepoint: 148654 ns, At safepoint: 1955 ns, Total: 150609 ns
[2022-09-06T12:43:47.789+0000][67][gc,start    ] GC(7) Pause Young (Concurrent Start) (Metadata GC Threshold)
[2022-09-06T12:43:47.789+0000][67][gc,task     ] GC(7) Using 8 workers of 8 for evacuation
[2022-09-06T12:43:47.789+0000][67][gc,age      ] GC(7) Desired survivor size 41943040 bytes, new threshold 15 (max threshold 15)
[2022-09-06T12:43:47.812+0000][67][gc,phases   ] GC(7)   Pre Evacuate Collection Set: 0.2ms
[2022-09-06T12:43:47.812+0000][67][gc,phases   ] GC(7)   Merge Heap Roots: 0.1ms
[2022-09-06T12:43:47.812+0000][67][gc,phases   ] GC(7)   Evacuate Collection Set: 19.6ms
[2022-09-06T12:43:47.812+0000][67][gc,phases   ] GC(7)   Post Evacuate Collection Set: 2.8ms
[2022-09-06T12:43:47.812+0000][67][gc,phases   ] GC(7)   Other: 0.1ms
[2022-09-06T12:43:47.812+0000][67][gc,age      ] GC(7) Age table with threshold 15 (max threshold 15)
[2022-09-06T12:43:47.812+0000][67][gc,age      ] GC(7) - age   1:   25317168 bytes,   25317168 total
[2022-09-06T12:43:47.812+0000][67][gc,age      ] GC(7) - age   2:    7156824 bytes,   32473992 total
[2022-09-06T12:43:47.812+0000][67][gc,age      ] GC(7) - age   3:   10045088 bytes,   42519080 total
[2022-09-06T12:43:47.812+0000][67][gc,age      ] GC(7) - age   4:    2626352 bytes,   45145432 total
[2022-09-06T12:43:47.812+0000][67][gc,age      ] GC(7) - age   5:    3159272 bytes,   48304704 total
[2022-09-06T12:43:47.812+0000][67][gc,age      ] GC(7) - age   6:    4823824 bytes,   53128528 total
[2022-09-06T12:43:47.812+0000][67][gc,heap     ] GC(7) Eden regions: 110->0(139)
[2022-09-06T12:43:47.812+0000][67][gc,heap     ] GC(7) Survivor regions: 8->14(20)
[2022-09-06T12:43:47.812+0000][67][gc,heap     ] GC(7) Old regions: 0->0
[2022-09-06T12:43:47.812+0000][67][gc,heap     ] GC(7) Archive regions: 2->2
[2022-09-06T12:43:47.812+0000][67][gc,heap     ] GC(7) Humongous regions: 0->0
[2022-09-06T12:43:47.812+0000][67][gc,metaspace] GC(7) Metaspace: 59051K(60416K)->59051K(60416K) NonClass: 51547K(52352K)->51547K(52352K) Class: 7504K(8064K)->7504K(8064K)
[2022-09-06T12:43:47.812+0000][67][gc          ] GC(7) Pause Young (Concurrent Start) (Metadata GC Threshold) 470M->56M(1024M) 23.121ms
[2022-09-06T12:43:47.812+0000][67][gc,cpu      ] GC(7) User=0.15s Sys=0.00s Real=0.03s
[2022-09-06T12:43:47.812+0000][67][gc          ] GC(8) Concurrent Mark Cycle
[2022-09-06T12:43:47.812+0000][67][gc,marking  ] GC(8) Concurrent Clear Claimed Marks
[2022-09-06T12:43:47.812+0000][67][safepoint   ] Safepoint "CollectForMetadataAllocation", Time since last: 598409119 ns, Reaching safepoint: 217655 ns, At safepoint: 23253714 ns, Total: 23471369 ns
[2022-09-06T12:43:47.812+0000][67][gc,marking  ] GC(8) Concurrent Clear Claimed Marks 0.095ms
[2022-09-06T12:43:47.812+0000][67][gc,marking  ] GC(8) Concurrent Scan Root Regions
[2022-09-06T12:43:47.823+0000][67][gc,marking  ] GC(8) Concurrent Scan Root Regions 10.934ms
[2022-09-06T12:43:47.823+0000][67][gc,marking  ] GC(8) Concurrent Mark
[2022-09-06T12:43:47.823+0000][67][gc,marking  ] GC(8) Concurrent Mark From Roots
[2022-09-06T12:43:47.823+0000][67][gc,task     ] GC(8) Using 2 workers of 2 for marking
[2022-09-06T12:43:47.824+0000][67][gc,marking  ] GC(8) Concurrent Mark From Roots 0.840ms
[2022-09-06T12:43:47.824+0000][67][gc,marking  ] GC(8) Concurrent Preclean
[2022-09-06T12:43:47.824+0000][67][gc,marking  ] GC(8) Concurrent Preclean 0.017ms
[2022-09-06T12:43:47.824+0000][67][gc,start    ] GC(8) Pause Remark
[2022-09-06T12:43:47.827+0000][67][gc          ] GC(8) Pause Remark 58M->58M(1024M) 2.493ms
[2022-09-06T12:43:47.827+0000][67][gc,cpu      ] GC(8) User=0.01s Sys=0.00s Real=0.00s
[2022-09-06T12:43:47.827+0000][67][safepoint   ] Safepoint "G1Concurrent", Time since last: 12067244 ns, Reaching safepoint: 223714 ns, At safepoint: 2611562 ns, Total: 2835276 ns
[2022-09-06T12:43:47.827+0000][67][gc,marking  ] GC(8) Concurrent Mark 3.944ms
[2022-09-06T12:43:47.827+0000][67][gc,marking  ] GC(8) Concurrent Rebuild Remembered Sets
[2022-09-06T12:43:47.827+0000][67][gc,marking  ] GC(8) Concurrent Rebuild Remembered Sets 0.011ms
[2022-09-06T12:43:47.827+0000][67][gc,start    ] GC(8) Pause Cleanup
[2022-09-06T12:43:47.827+0000][67][gc          ] GC(8) Pause Cleanup 58M->58M(1024M) 0.025ms
[2022-09-06T12:43:47.827+0000][67][gc,cpu      ] GC(8) User=0.00s Sys=0.00s Real=0.00s
[2022-09-06T12:43:47.827+0000][67][safepoint   ] Safepoint "G1Concurrent", Time since last: 219381 ns, Reaching safepoint: 162505 ns, At safepoint: 53262 ns, Total: 215767 ns
[2022-09-06T12:43:47.827+0000][67][gc,marking  ] GC(8) Concurrent Cleanup for Next Mark
[2022-09-06T12:43:47.829+0000][67][gc,marking  ] GC(8) Concurrent Cleanup for Next Mark 1.197ms
[2022-09-06T12:43:47.829+0000][67][gc          ] GC(8) Concurrent Mark Cycle 16.696ms
[2022-09-06T12:43:48.855+0000][67][safepoint   ] Safepoint "Cleanup", Time since last: 1027452320 ns, Reaching safepoint: 213179 ns, At safepoint: 25890 ns, Total: 239069 ns
[2022-09-06T12:43:49.982+0000][67][safepoint   ] Safepoint "ICBufferFull", Time since last: 1125368291 ns, Reaching safepoint: 1110782 ns, At safepoint: 26414 ns, Total: 1137196 ns
[2022-09-06T12:43:50.595+0000][67][safepoint   ] Safepoint "ICBufferFull", Time since last: 612505929 ns, Reaching safepoint: 523362 ns, At safepoint: 40420 ns, Total: 563782 ns
[2022-09-06T12:43:50.823+0000][67][gc,start    ] GC(9) Pause Young (Concurrent Start) (Metadata GC Threshold)
[2022-09-06T12:43:50.823+0000][67][gc,task     ] GC(9) Using 8 workers of 8 for evacuation
[2022-09-06T12:43:50.823+0000][67][gc,age      ] GC(9) Desired survivor size 41943040 bytes, new threshold 3 (max threshold 15)
[2022-09-06T12:43:50.849+0000][67][gc,phases   ] GC(9)   Pre Evacuate Collection Set: 0.3ms
[2022-09-06T12:43:50.850+0000][67][gc,phases   ] GC(9)   Merge Heap Roots: 0.1ms
[2022-09-06T12:43:50.850+0000][67][gc,phases   ] GC(9)   Evacuate Collection Set: 22.8ms
[2022-09-06T12:43:50.850+0000][67][gc,phases   ] GC(9)   Post Evacuate Collection Set: 3.0ms
[2022-09-06T12:43:50.850+0000][67][gc,phases   ] GC(9)   Other: 0.2ms
[2022-09-06T12:43:50.850+0000][67][gc,age      ] GC(9) Age table with threshold 3 (max threshold 15)
[2022-09-06T12:43:50.850+0000][67][gc,age      ] GC(9) - age   1:   16760112 bytes,   16760112 total
[2022-09-06T12:43:50.850+0000][67][gc,age      ] GC(9) - age   2:   24815424 bytes,   41575536 total
[2022-09-06T12:43:50.850+0000][67][gc,age      ] GC(9) - age   3:    7132040 bytes,   48707576 total
[2022-09-06T12:43:50.850+0000][67][gc,heap     ] GC(9) Eden regions: 121->0(140)
[2022-09-06T12:43:50.850+0000][67][gc,heap     ] GC(9) Survivor regions: 14->13(20)
[2022-09-06T12:43:50.850+0000][67][gc,heap     ] GC(9) Old regions: 0->5
[2022-09-06T12:43:50.850+0000][67][gc,heap     ] GC(9) Archive regions: 2->2
[2022-09-06T12:43:50.850+0000][67][gc,heap     ] GC(9) Humongous regions: 0->0
[2022-09-06T12:43:50.850+0000][67][gc,metaspace] GC(9) Metaspace: 98153K(101056K)->98153K(101056K) NonClass: 84997K(86464K)->84997K(86464K) Class: 13156K(14592K)->13156K(14592K)
[2022-09-06T12:43:50.850+0000][67][gc          ] GC(9) Pause Young (Concurrent Start) (Metadata GC Threshold) 538M->73M(1024M) 26.509ms
[2022-09-06T12:43:50.850+0000][67][gc,cpu      ] GC(9) User=0.16s Sys=0.01s Real=0.03s
[2022-09-06T12:43:50.850+0000][67][gc          ] GC(10) Concurrent Mark Cycle
[2022-09-06T12:43:50.850+0000][67][gc,marking  ] GC(10) Concurrent Clear Claimed Marks
[2022-09-06T12:43:50.850+0000][67][safepoint   ] Safepoint "CollectForMetadataAllocation", Time since last: 228260227 ns, Reaching safepoint: 126923 ns, At safepoint: 26655591 ns, Total: 26782514 ns
[2022-09-06T12:43:50.850+0000][67][gc,marking  ] GC(10) Concurrent Clear Claimed Marks 0.230ms
[2022-09-06T12:43:50.850+0000][67][gc,marking  ] GC(10) Concurrent Scan Root Regions
[2022-09-06T12:43:50.869+0000][67][gc,marking  ] GC(10) Concurrent Scan Root Regions 18.948ms
[2022-09-06T12:43:50.869+0000][67][gc,marking  ] GC(10) Concurrent Mark
[2022-09-06T12:43:50.869+0000][67][gc,marking  ] GC(10) Concurrent Mark From Roots
[2022-09-06T12:43:50.869+0000][67][gc,task     ] GC(10) Using 2 workers of 2 for marking
[2022-09-06T12:43:50.870+0000][67][gc,marking  ] GC(10) Concurrent Mark From Roots 0.994ms
[2022-09-06T12:43:50.870+0000][67][gc,marking  ] GC(10) Concurrent Preclean
[2022-09-06T12:43:50.870+0000][67][gc,marking  ] GC(10) Concurrent Preclean 0.010ms
[2022-09-06T12:43:50.870+0000][67][gc,start    ] GC(10) Pause Remark
[2022-09-06T12:43:50.874+0000][67][gc          ] GC(10) Pause Remark 75M->75M(1024M) 3.724ms
[2022-09-06T12:43:50.874+0000][67][gc,cpu      ] GC(10) User=0.01s Sys=0.00s Real=0.00s
[2022-09-06T12:43:50.874+0000][67][safepoint   ] Safepoint "G1Concurrent", Time since last: 20299512 ns, Reaching safepoint: 263166 ns, At safepoint: 3908174 ns, Total: 4171340 ns
[2022-09-06T12:43:50.874+0000][67][gc,marking  ] GC(10) Concurrent Mark 5.331ms
[2022-09-06T12:43:50.874+0000][67][gc,marking  ] GC(10) Concurrent Rebuild Remembered Sets
[2022-09-06T12:43:50.874+0000][67][gc,marking  ] GC(10) Concurrent Rebuild Remembered Sets 0.009ms
[2022-09-06T12:43:50.875+0000][67][gc,start    ] GC(10) Pause Cleanup
[2022-09-06T12:43:50.875+0000][67][gc          ] GC(10) Pause Cleanup 75M->75M(1024M) 0.032ms
[2022-09-06T12:43:50.875+0000][67][gc,cpu      ] GC(10) User=0.00s Sys=0.00s Real=0.00s
[2022-09-06T12:43:50.875+0000][67][safepoint   ] Safepoint "G1Concurrent", Time since last: 175132 ns, Reaching safepoint: 184069 ns, At safepoint: 82336 ns, Total: 266405 ns
[2022-09-06T12:43:50.875+0000][67][gc,marking  ] GC(10) Concurrent Cleanup for Next Mark
[2022-09-06T12:43:50.876+0000][67][gc,marking  ] GC(10) Concurrent Cleanup for Next Mark 1.449ms
[2022-09-06T12:43:50.876+0000][67][gc          ] GC(10) Concurrent Mark Cycle 26.622ms
[2022-09-06T12:43:51.264+0000][67][safepoint   ] Safepoint "ICBufferFull", Time since last: 389239532 ns, Reaching safepoint: 426627 ns, At safepoint: 29446 ns, Total: 456073 ns
[2022-09-06T12:43:51.398+0000][67][safepoint   ] Safepoint "ICBufferFull", Time since last: 133686425 ns, Reaching safepoint: 181564 ns, At safepoint: 3063 ns, Total: 184627 ns
[2022-09-06T12:43:51.923+0000][67][safepoint   ] Safepoint "ICBufferFull", Time since last: 524915630 ns, Reaching safepoint: 189844 ns, At safepoint: 22743 ns, Total: 212587 ns
[2022-09-06T12:43:52.652+0000][67][safepoint   ] Safepoint "ICBufferFull", Time since last: 728154187 ns, Reaching safepoint: 166674 ns, At safepoint: 15274 ns, Total: 181948 ns
[2022-09-06T12:43:53.102+0000][67][safepoint   ] Safepoint "ICBufferFull", Time since last: 450364190 ns, Reaching safepoint: 319448 ns, At safepoint: 57868 ns, Total: 377316 ns
[2022-09-06T12:43:53.489+0000][67][safepoint   ] Safepoint "ICBufferFull", Time since last: 386315848 ns, Reaching safepoint: 218835 ns, At safepoint: 69137 ns, Total: 287972 ns
[2022-09-06T12:43:53.755+0000][67][safepoint   ] Safepoint "ICBufferFull", Time since last: 265852234 ns, Reaching safepoint: 302954 ns, At safepoint: 67265 ns, Total: 370219 ns
[2022-09-06T12:43:54.550+0000][67][safepoint   ] Safepoint "ICBufferFull", Time since last: 794712747 ns, Reaching safepoint: 257775 ns, At safepoint: 44686 ns, Total: 302461 ns
[2022-09-06T12:43:56.294+0000][67][safepoint   ] Safepoint "Cleanup", Time since last: 1743171141 ns, Reaching safepoint: 261730 ns, At safepoint: 11960 ns, Total: 273690 ns
[2022-09-06T12:43:56.535+0000][67][safepoint   ] Safepoint "ICBufferFull", Time since last: 240486127 ns, Reaching safepoint: 1108894 ns, At safepoint: 50362 ns, Total: 1159256 ns
[2022-09-06T12:43:56.709+0000][67][safepoint   ] Safepoint "ICBufferFull", Time since last: 173098766 ns, Reaching safepoint: 202502 ns, At safepoint: 44978 ns, Total: 247480 ns
[2022-09-06T12:43:56.874+0000][67][safepoint   ] Safepoint "ICBufferFull", Time since last: 165116123 ns, Reaching safepoint: 270459 ns, At safepoint: 4695 ns, Total: 275154 ns
[2022-09-06T12:43:56.874+0000][67][safepoint   ] Safepoint "ICBufferFull", Time since last: 239386 ns, Reaching safepoint: 31883 ns, At safepoint: 9397 ns, Total: 41280 ns
[2022-09-06T12:43:57.002+0000][67][safepoint   ] Safepoint "ICBufferFull", Time since last: 127816721 ns, Reaching safepoint: 164380 ns, At safepoint: 26722 ns, Total: 191102 ns
[2022-09-06T12:43:57.198+0000][67][safepoint   ] Safepoint "ICBufferFull", Time since last: 195615649 ns, Reaching safepoint: 219284 ns, At safepoint: 25040 ns, Total: 244324 ns
[2022-09-06T12:43:58.370+0000][67][safepoint   ] Safepoint "Cleanup", Time since last: 1171085208 ns, Reaching safepoint: 195605 ns, At safepoint: 9109 ns, Total: 204714 ns
[2022-09-06T12:43:59.370+0000][67][safepoint   ] Safepoint "Cleanup", Time since last: 1000242037 ns, Reaching safepoint: 101747 ns, At safepoint: 4710 ns, Total: 106457 ns
[2022-09-06T12:43:59.993+0000][67][gc,start    ] GC(11) Pause Young (Normal) (G1 Evacuation Pause)
[2022-09-06T12:43:59.993+0000][67][gc,task     ] GC(11) Using 8 workers of 8 for evacuation
[2022-09-06T12:43:59.993+0000][67][gc,age      ] GC(11) Desired survivor size 41943040 bytes, new threshold 3 (max threshold 15)
[2022-09-06T12:44:00.030+0000][67][gc,phases   ] GC(11)   Pre Evacuate Collection Set: 0.1ms
[2022-09-06T12:44:00.030+0000][67][gc,phases   ] GC(11)   Merge Heap Roots: 0.1ms
[2022-09-06T12:44:00.030+0000][67][gc,phases   ] GC(11)   Evacuate Collection Set: 33.6ms
[2022-09-06T12:44:00.030+0000][67][gc,phases   ] GC(11)   Post Evacuate Collection Set: 2.6ms
[2022-09-06T12:44:00.030+0000][67][gc,phases   ] GC(11)   Other: 0.1ms
[2022-09-06T12:44:00.030+0000][67][gc,age      ] GC(11) Age table with threshold 3 (max threshold 15)
[2022-09-06T12:44:00.030+0000][67][gc,age      ] GC(11) - age   1:   24363872 bytes,   24363872 total
[2022-09-06T12:44:00.030+0000][67][gc,age      ] GC(11) - age   2:   16125768 bytes,   40489640 total
[2022-09-06T12:44:00.030+0000][67][gc,age      ] GC(11) - age   3:   24654280 bytes,   65143920 total
[2022-09-06T12:44:00.030+0000][67][gc,heap     ] GC(11) Eden regions: 140->0(136)
[2022-09-06T12:44:00.030+0000][67][gc,heap     ] GC(11) Survivor regions: 13->17(20)
[2022-09-06T12:44:00.030+0000][67][gc,heap     ] GC(11) Old regions: 5->7
[2022-09-06T12:44:00.030+0000][67][gc,heap     ] GC(11) Archive regions: 2->2
[2022-09-06T12:44:00.030+0000][67][gc,heap     ] GC(11) Humongous regions: 2->2
[2022-09-06T12:44:00.030+0000][67][gc,metaspace] GC(11) Metaspace: 121645K(124800K)->121645K(124800K) NonClass: 105136K(106752K)->105136K(106752K) Class: 16508K(18048K)->16508K(18048K)
[2022-09-06T12:44:00.030+0000][67][gc          ] GC(11) Pause Young (Normal) (G1 Evacuation Pause) 641M->107M(1024M) 36.806ms
[2022-09-06T12:44:00.030+0000][67][gc,cpu      ] GC(11) User=0.20s Sys=0.02s Real=0.04s
[2022-09-06T12:44:00.030+0000][67][safepoint   ] Safepoint "G1CollectForAllocation", Time since last: 622833237 ns, Reaching safepoint: 394129 ns, At safepoint: 36967380 ns, Total: 37361509 ns
[2022-09-06T12:44:00.573+0000][67][safepoint   ] Safepoint "ICBufferFull", Time since last: 542008920 ns, Reaching safepoint: 409078 ns, At safepoint: 35919 ns, Total: 444997 ns
[2022-09-06T12:44:01.573+0000][67][safepoint   ] Safepoint "Cleanup", Time since last: 1000327166 ns, Reaching safepoint: 521130 ns, At safepoint: 55274 ns, Total: 576404 ns
[2022-09-06T12:44:02.574+0000][67][safepoint   ] Safepoint "Cleanup", Time since last: 1000272579 ns, Reaching safepoint: 204558 ns, At safepoint: 33098 ns, Total: 237656 ns
[2022-09-06T12:44:03.084+0000][67][safepoint   ] Safepoint "ICBufferFull", Time since last: 508729418 ns, Reaching safepoint: 830859 ns, At safepoint: 56183 ns, Total: 887042 ns
[2022-09-06T12:44:04.084+0000][67][safepoint   ] Safepoint "Cleanup", Time since last: 1000265203 ns, Reaching safepoint: 302803 ns, At safepoint: 41270 ns, Total: 344073 ns
[2022-09-06T12:44:06.085+0000][67][safepoint   ] Safepoint "Cleanup", Time since last: 2000520786 ns, Reaching safepoint: 164728 ns, At safepoint: 5606 ns, Total: 170334 ns
[2022-09-06T12:44:07.085+0000][67][safepoint   ] Safepoint "Cleanup", Time since last: 1000269717 ns, Reaching safepoint: 154858 ns, At safepoint: 4295 ns, Total: 159153 ns
[2022-09-06T12:44:08.086+0000][67][safepoint   ] Safepoint "Cleanup", Time since last: 1000287416 ns, Reaching safepoint: 138571 ns, At safepoint: 5393 ns, Total: 143964 ns
[2022-09-06T12:44:09.086+0000][67][safepoint   ] Safepoint "Cleanup", Time since last: 1000213130 ns, Reaching safepoint: 236882 ns, At safepoint: 26021 ns, Total: 262903 ns
[2022-09-06T12:44:10.087+0000][67][safepoint   ] Safepoint "Cleanup", Time since last: 1000392698 ns, Reaching safepoint: 262658 ns, At safepoint: 11467 ns, Total: 274125 ns
[2022-09-06T12:44:11.088+0000][67][safepoint   ] Safepoint "Cleanup", Time since last: 1000487751 ns, Reaching safepoint: 335746 ns, At safepoint: 11240 ns, Total: 346986 ns
[2022-09-06T12:44:12.089+0000][67][safepoint   ] Safepoint "Cleanup", Time since last: 1000534141 ns, Reaching safepoint: 337266 ns, At safepoint: 9785 ns, Total: 347051 ns
[2022-09-06T12:44:13.089+0000][67][safepoint   ] Safepoint "Cleanup", Time since last: 1000278106 ns, Reaching safepoint: 158706 ns, At safepoint: 3931 ns, Total: 162637 ns
[2022-09-06T12:44:15.090+0000][67][safepoint   ] Safepoint "Cleanup", Time since last: 2000567129 ns, Reaching safepoint: 293507 ns, At safepoint: 24384 ns, Total: 317891 ns
[2022-09-06T12:44:16.091+0000][67][safepoint   ] Safepoint "Cleanup", Time since last: 1000455713 ns, Reaching safepoint: 405805 ns, At safepoint: 9012 ns, Total: 414817 ns
[2022-09-06T12:44:18.092+0000][67][safepoint   ] Safepoint "Cleanup", Time since last: 2000715342 ns, Reaching safepoint: 246565 ns, At safepoint: 14324 ns, Total: 260889 ns
[2022-09-06T12:44:20.093+0000][67][safepoint   ] Safepoint "Cleanup", Time since last: 2000654972 ns, Reaching safepoint: 317479 ns, At safepoint: 8317 ns, Total: 325796 ns
[2022-09-06T12:44:21.094+0000][67][safepoint   ] Safepoint "Cleanup", Time since last: 1000283950 ns, Reaching safepoint: 526218 ns, At safepoint: 39923 ns, Total: 566141 ns
[2022-09-06T12:44:22.095+0000][67][safepoint   ] Safepoint "Cleanup", Time since last: 1000373917 ns, Reaching safepoint: 507621 ns, At safepoint: 27300 ns, Total: 534921 ns
[2022-09-06T12:44:23.096+0000][67][safepoint   ] Safepoint "Cleanup", Time since last: 1000583178 ns, Reaching safepoint: 492265 ns, At safepoint: 27036 ns, Total: 519301 ns
[2022-09-06T12:44:24.096+0000][67][safepoint   ] Safepoint "Cleanup", Time since last: 1000373160 ns, Reaching safepoint: 293832 ns, At safepoint: 11171 ns, Total: 305003 ns
[2022-09-06T12:44:25.097+0000][67][safepoint   ] Safepoint "Cleanup", Time since last: 1000457137 ns, Reaching safepoint: 191995 ns, At safepoint: 7161 ns, Total: 199156 ns
[2022-09-06T12:44:27.098+0000][67][safepoint   ] Safepoint "Cleanup", Time since last: 2000677945 ns, Reaching safepoint: 330774 ns, At safepoint: 11673 ns, Total: 342447 ns
[2022-09-06T12:44:28.098+0000][67][safepoint   ] Safepoint "Cleanup", Time since last: 1000404515 ns, Reaching safepoint: 288704 ns, At safepoint: 15722 ns, Total: 304426 ns
[2022-09-06T12:44:29.099+0000][67][safepoint   ] Safepoint "Cleanup", Time since last: 1000287973 ns, Reaching safepoint: 133959 ns, At safepoint: 4676 ns, Total: 138635 ns
[2022-09-06T12:44:30.099+0000][67][safepoint   ] Safepoint "Cleanup", Time since last: 1000177560 ns, Reaching safepoint: 151951 ns, At safepoint: 3488 ns, Total: 155439 ns
[2022-09-06T12:44:31.780+0000][67][gc,heap,exit] Heap
[2022-09-06T12:44:31.780+0000][67][gc,heap,exit]  garbage-first heap   total 1048576K, used 319380K [0x00000000c0000000, 0x0000000100000000)
[2022-09-06T12:44:31.780+0000][67][gc,heap,exit]   region size 4096K, 69 young (282624K), 17 survivors (69632K)
[2022-09-06T12:44:31.780+0000][67][gc,heap,exit]  Metaspace       used 125745K, committed 129216K, reserved 1179648K
[2022-09-06T12:44:31.780+0000][67][gc,heap,exit]   class space    used 17039K, committed 18752K, reserved 1048576K
