[2022-09-06T11:54:41.496+0000][68][gc,init] CardTable entry size: 512
[2022-09-06T11:54:41.496+0000][68][gc     ] Using G1
[2022-09-06T11:54:41.616+0000][68][gc,init] Version: 18.0.2+9-61 (release)
[2022-09-06T11:54:41.616+0000][68][gc,init] CPUs: 8 total, 8 available
[2022-09-06T11:54:41.616+0000][68][gc,init] Memory: 2048M
[2022-09-06T11:54:41.616+0000][68][gc,init] Large Page Support: Disabled
[2022-09-06T11:54:41.616+0000][68][gc,init] NUMA Support: Disabled
[2022-09-06T11:54:41.616+0000][68][gc,init] Compressed Oops: Enabled (32-bit)
[2022-09-06T11:54:41.616+0000][68][gc,init] Heap Region Size: 4M
[2022-09-06T11:54:41.616+0000][68][gc,init] Heap Min Capacity: 1G
[2022-09-06T11:54:41.616+0000][68][gc,init] Heap Initial Capacity: 1G
[2022-09-06T11:54:41.616+0000][68][gc,init] Heap Max Capacity: 1G
[2022-09-06T11:54:41.616+0000][68][gc,init] Pre-touch: Enabled
[2022-09-06T11:54:41.616+0000][68][gc,init] Parallel Workers: 8
[2022-09-06T11:54:41.616+0000][68][gc,init] Concurrent Workers: 2
[2022-09-06T11:54:41.616+0000][68][gc,init] Concurrent Refinement Workers: 8
[2022-09-06T11:54:41.616+0000][68][gc,init] Periodic GC: Disabled
[2022-09-06T11:54:41.616+0000][68][gc,metaspace] CDS archive(s) mapped at: [0x0000000800000000-0x0000000800bae000-0x0000000800bae000), size 12247040, SharedBaseAddress: 0x0000000800000000, ArchiveRelocationMode: 0.
[2022-09-06T11:54:41.616+0000][68][gc,metaspace] Compressed class space mapped at: 0x0000000800c00000-0x0000000840c00000, reserved size: 1073741824
[2022-09-06T11:54:41.616+0000][68][gc,metaspace] Narrow klass base: 0x0000000800000000, Narrow klass shift: 0, Narrow klass range: 0x100000000
[2022-09-06T11:54:41.822+0000][68][safepoint   ] Safepoint "ICBufferFull", Time since last: 199826121 ns, Reaching safepoint: 125277 ns, At safepoint: 16663 ns, Total: 141940 ns
[2022-09-06T11:54:42.133+0000][68][safepoint   ] Safepoint "ICBufferFull", Time since last: 310248958 ns, Reaching safepoint: 158442 ns, At safepoint: 22731 ns, Total: 181173 ns
[2022-09-06T11:54:42.204+0000][68][gc,start    ] GC(0) Pause Young (Normal) (G1 Evacuation Pause)
[2022-09-06T11:54:42.204+0000][68][gc,task     ] GC(0) Using 8 workers of 8 for evacuation
[2022-09-06T11:54:42.204+0000][68][gc,age      ] GC(0) Desired survivor size 4194304 bytes, new threshold 15 (max threshold 15)
[2022-09-06T11:54:42.210+0000][68][gc,phases   ] GC(0)   Pre Evacuate Collection Set: 0.2ms
[2022-09-06T11:54:42.210+0000][68][gc,phases   ] GC(0)   Merge Heap Roots: 0.1ms
[2022-09-06T11:54:42.210+0000][68][gc,phases   ] GC(0)   Evacuate Collection Set: 4.9ms
[2022-09-06T11:54:42.210+0000][68][gc,phases   ] GC(0)   Post Evacuate Collection Set: 0.7ms
[2022-09-06T11:54:42.210+0000][68][gc,phases   ] GC(0)   Other: 0.1ms
[2022-09-06T11:54:42.210+0000][68][gc,age      ] GC(0) Age table with threshold 15 (max threshold 15)
[2022-09-06T11:54:42.210+0000][68][gc,age      ] GC(0) - age   1:    5010784 bytes,    5010784 total
[2022-09-06T11:54:42.210+0000][68][gc,heap     ] GC(0) Eden regions: 12->0(18)
[2022-09-06T11:54:42.210+0000][68][gc,heap     ] GC(0) Survivor regions: 0->2(2)
[2022-09-06T11:54:42.210+0000][68][gc,heap     ] GC(0) Old regions: 0->0
[2022-09-06T11:54:42.210+0000][68][gc,heap     ] GC(0) Archive regions: 2->2
[2022-09-06T11:54:42.210+0000][68][gc,heap     ] GC(0) Humongous regions: 0->0
[2022-09-06T11:54:42.210+0000][68][gc,metaspace] GC(0) Metaspace: 8833K(9088K)->8833K(9088K) NonClass: 7765K(7872K)->7765K(7872K) Class: 1067K(1216K)->1067K(1216K)
[2022-09-06T11:54:42.210+0000][68][gc          ] GC(0) Pause Young (Normal) (G1 Evacuation Pause) 51M->8M(1024M) 6.247ms
[2022-09-06T11:54:42.210+0000][68][gc,cpu      ] GC(0) User=0.02s Sys=0.01s Real=0.01s
[2022-09-06T11:54:42.210+0000][68][safepoint   ] Safepoint "G1CollectForAllocation", Time since last: 71146815 ns, Reaching safepoint: 200482 ns, At safepoint: 6349844 ns, Total: 6550326 ns
[2022-09-06T11:54:42.647+0000][68][safepoint   ] Safepoint "ICBufferFull", Time since last: 437048624 ns, Reaching safepoint: 162487 ns, At safepoint: 18134 ns, Total: 180621 ns
[2022-09-06T11:54:42.939+0000][68][safepoint   ] Safepoint "ICBufferFull", Time since last: 291559371 ns, Reaching safepoint: 144515 ns, At safepoint: 22909 ns, Total: 167424 ns
[2022-09-06T11:54:43.267+0000][68][gc,start    ] GC(1) Pause Young (Normal) (G1 Evacuation Pause)
[2022-09-06T11:54:43.267+0000][68][gc,task     ] GC(1) Using 8 workers of 8 for evacuation
[2022-09-06T11:54:43.267+0000][68][gc,age      ] GC(1) Desired survivor size 6291456 bytes, new threshold 15 (max threshold 15)
[2022-09-06T11:54:43.279+0000][68][gc,phases   ] GC(1)   Pre Evacuate Collection Set: 0.1ms
[2022-09-06T11:54:43.279+0000][68][gc,phases   ] GC(1)   Merge Heap Roots: 0.1ms
[2022-09-06T11:54:43.279+0000][68][gc,phases   ] GC(1)   Evacuate Collection Set: 10.3ms
[2022-09-06T11:54:43.279+0000][68][gc,phases   ] GC(1)   Post Evacuate Collection Set: 1.5ms
[2022-09-06T11:54:43.279+0000][68][gc,phases   ] GC(1)   Other: 0.1ms
[2022-09-06T11:54:43.279+0000][68][gc,age      ] GC(1) Age table with threshold 15 (max threshold 15)
[2022-09-06T11:54:43.279+0000][68][gc,age      ] GC(1) - age   1:    3941120 bytes,    3941120 total
[2022-09-06T11:54:43.279+0000][68][gc,age      ] GC(1) - age   2:    4869840 bytes,    8810960 total
[2022-09-06T11:54:43.279+0000][68][gc,heap     ] GC(1) Eden regions: 18->0(31)
[2022-09-06T11:54:43.279+0000][68][gc,heap     ] GC(1) Survivor regions: 2->3(3)
[2022-09-06T11:54:43.279+0000][68][gc,heap     ] GC(1) Old regions: 0->0
[2022-09-06T11:54:43.279+0000][68][gc,heap     ] GC(1) Archive regions: 2->2
[2022-09-06T11:54:43.279+0000][68][gc,heap     ] GC(1) Humongous regions: 0->0
[2022-09-06T11:54:43.279+0000][68][gc,metaspace] GC(1) Metaspace: 15806K(16256K)->15806K(16256K) NonClass: 14007K(14272K)->14007K(14272K) Class: 1799K(1984K)->1799K(1984K)
[2022-09-06T11:54:43.279+0000][68][gc          ] GC(1) Pause Young (Normal) (G1 Evacuation Pause) 80M->12M(1024M) 12.362ms
[2022-09-06T11:54:43.279+0000][68][gc,cpu      ] GC(1) User=0.07s Sys=0.00s Real=0.01s
[2022-09-06T11:54:43.279+0000][68][safepoint   ] Safepoint "G1CollectForAllocation", Time since last: 327231196 ns, Reaching safepoint: 194352 ns, At safepoint: 12459108 ns, Total: 12653460 ns
[2022-09-06T11:54:43.532+0000][68][safepoint   ] Safepoint "ICBufferFull", Time since last: 252504465 ns, Reaching safepoint: 152424 ns, At safepoint: 2163 ns, Total: 154587 ns
[2022-09-06T11:54:43.734+0000][68][gc,start    ] GC(2) Pause Young (Concurrent Start) (Metadata GC Threshold)
[2022-09-06T11:54:43.734+0000][68][gc,task     ] GC(2) Using 8 workers of 8 for evacuation
[2022-09-06T11:54:43.734+0000][68][gc,age      ] GC(2) Desired survivor size 10485760 bytes, new threshold 15 (max threshold 15)
[2022-09-06T11:54:43.740+0000][68][gc,phases   ] GC(2)   Pre Evacuate Collection Set: 0.2ms
[2022-09-06T11:54:43.740+0000][68][gc,phases   ] GC(2)   Merge Heap Roots: 0.1ms
[2022-09-06T11:54:43.740+0000][68][gc,phases   ] GC(2)   Evacuate Collection Set: 4.5ms
[2022-09-06T11:54:43.740+0000][68][gc,phases   ] GC(2)   Post Evacuate Collection Set: 1.2ms
[2022-09-06T11:54:43.740+0000][68][gc,phases   ] GC(2)   Other: 0.1ms
[2022-09-06T11:54:43.740+0000][68][gc,age      ] GC(2) Age table with threshold 15 (max threshold 15)
[2022-09-06T11:54:43.740+0000][68][gc,age      ] GC(2) - age   1:    2808872 bytes,    2808872 total
[2022-09-06T11:54:43.740+0000][68][gc,age      ] GC(2) - age   2:    3227920 bytes,    6036792 total
[2022-09-06T11:54:43.740+0000][68][gc,age      ] GC(2) - age   3:    4852800 bytes,   10889592 total
[2022-09-06T11:54:43.740+0000][68][gc,heap     ] GC(2) Eden regions: 29->0(132)
[2022-09-06T11:54:43.740+0000][68][gc,heap     ] GC(2) Survivor regions: 3->3(5)
[2022-09-06T11:54:43.740+0000][68][gc,heap     ] GC(2) Old regions: 0->0
[2022-09-06T11:54:43.740+0000][68][gc,heap     ] GC(2) Archive regions: 2->2
[2022-09-06T11:54:43.740+0000][68][gc,heap     ] GC(2) Humongous regions: 0->0
[2022-09-06T11:54:43.740+0000][68][gc,metaspace] GC(2) Metaspace: 21085K(21504K)->21085K(21504K) NonClass: 18735K(18944K)->18735K(18944K) Class: 2349K(2560K)->2349K(2560K)
[2022-09-06T11:54:43.740+0000][68][gc          ] GC(2) Pause Young (Concurrent Start) (Metadata GC Threshold) 127M->14M(1024M) 6.253ms
[2022-09-06T11:54:43.740+0000][68][gc,cpu      ] GC(2) User=0.02s Sys=0.01s Real=0.01s
[2022-09-06T11:54:43.740+0000][68][gc          ] GC(3) Concurrent Mark Cycle
[2022-09-06T11:54:43.740+0000][68][gc,marking  ] GC(3) Concurrent Clear Claimed Marks
[2022-09-06T11:54:43.740+0000][68][gc,marking  ] GC(3) Concurrent Clear Claimed Marks 0.039ms
[2022-09-06T11:54:43.740+0000][68][gc,marking  ] GC(3) Concurrent Scan Root Regions
[2022-09-06T11:54:43.740+0000][68][safepoint   ] Safepoint "CollectForMetadataAllocation", Time since last: 201927024 ns, Reaching safepoint: 157027 ns, At safepoint: 6443606 ns, Total: 6600633 ns
[2022-09-06T11:54:43.745+0000][68][gc,marking  ] GC(3) Concurrent Scan Root Regions 5.001ms
[2022-09-06T11:54:43.745+0000][68][gc,marking  ] GC(3) Concurrent Mark
[2022-09-06T11:54:43.745+0000][68][gc,marking  ] GC(3) Concurrent Mark From Roots
[2022-09-06T11:54:43.745+0000][68][gc,task     ] GC(3) Using 2 workers of 2 for marking
[2022-09-06T11:54:43.747+0000][68][gc,marking  ] GC(3) Concurrent Mark From Roots 1.155ms
[2022-09-06T11:54:43.747+0000][68][gc,marking  ] GC(3) Concurrent Preclean
[2022-09-06T11:54:43.747+0000][68][gc,marking  ] GC(3) Concurrent Preclean 0.012ms
[2022-09-06T11:54:43.747+0000][68][gc,start    ] GC(3) Pause Remark
[2022-09-06T11:54:43.749+0000][68][gc          ] GC(3) Pause Remark 16M->16M(1024M) 1.862ms
[2022-09-06T11:54:43.749+0000][68][gc,cpu      ] GC(3) User=0.01s Sys=0.01s Real=0.00s
[2022-09-06T11:54:43.749+0000][68][safepoint   ] Safepoint "G1Concurrent", Time since last: 6339456 ns, Reaching safepoint: 184184 ns, At safepoint: 1961710 ns, Total: 2145894 ns
[2022-09-06T11:54:43.749+0000][68][gc,marking  ] GC(3) Concurrent Mark 3.443ms
[2022-09-06T11:54:43.749+0000][68][gc,marking  ] GC(3) Concurrent Rebuild Remembered Sets
[2022-09-06T11:54:43.749+0000][68][gc,marking  ] GC(3) Concurrent Rebuild Remembered Sets 0.009ms
[2022-09-06T11:54:43.749+0000][68][gc,start    ] GC(3) Pause Cleanup
[2022-09-06T11:54:43.749+0000][68][gc          ] GC(3) Pause Cleanup 16M->16M(1024M) 0.024ms
[2022-09-06T11:54:43.749+0000][68][gc,cpu      ] GC(3) User=0.00s Sys=0.00s Real=0.00s
[2022-09-06T11:54:43.749+0000][68][safepoint   ] Safepoint "G1Concurrent", Time since last: 102482 ns, Reaching safepoint: 181092 ns, At safepoint: 51970 ns, Total: 233062 ns
[2022-09-06T11:54:43.749+0000][68][gc,marking  ] GC(3) Concurrent Cleanup for Next Mark
[2022-09-06T11:54:43.750+0000][68][gc,marking  ] GC(3) Concurrent Cleanup for Next Mark 1.181ms
[2022-09-06T11:54:43.750+0000][68][gc          ] GC(3) Concurrent Mark Cycle 10.214ms
[2022-09-06T11:54:44.098+0000][68][safepoint   ] Safepoint "ICBufferFull", Time since last: 348535037 ns, Reaching safepoint: 142545 ns, At safepoint: 2280 ns, Total: 144825 ns
[2022-09-06T11:54:44.638+0000][68][safepoint   ] Safepoint "ICBufferFull", Time since last: 539989545 ns, Reaching safepoint: 210553 ns, At safepoint: 4662 ns, Total: 215215 ns
[2022-09-06T11:54:45.011+0000][68][gc,start    ] GC(4) Pause Young (Normal) (G1 Evacuation Pause)
[2022-09-06T11:54:45.011+0000][68][gc,task     ] GC(4) Using 8 workers of 8 for evacuation
[2022-09-06T11:54:45.011+0000][68][gc,age      ] GC(4) Desired survivor size 35651584 bytes, new threshold 15 (max threshold 15)
[2022-09-06T11:54:45.023+0000][68][gc,phases   ] GC(4)   Pre Evacuate Collection Set: 0.2ms
[2022-09-06T11:54:45.024+0000][68][gc,phases   ] GC(4)   Merge Heap Roots: 0.1ms
[2022-09-06T11:54:45.024+0000][68][gc,phases   ] GC(4)   Evacuate Collection Set: 10.2ms
[2022-09-06T11:54:45.024+0000][68][gc,phases   ] GC(4)   Post Evacuate Collection Set: 1.7ms
[2022-09-06T11:54:45.024+0000][68][gc,phases   ] GC(4)   Other: 0.1ms
[2022-09-06T11:54:45.024+0000][68][gc,age      ] GC(4) Age table with threshold 15 (max threshold 15)
[2022-09-06T11:54:45.024+0000][68][gc,age      ] GC(4) - age   1:   11719672 bytes,   11719672 total
[2022-09-06T11:54:45.024+0000][68][gc,age      ] GC(4) - age   2:    2742712 bytes,   14462384 total
[2022-09-06T11:54:45.024+0000][68][gc,age      ] GC(4) - age   3:    3219936 bytes,   17682320 total
[2022-09-06T11:54:45.024+0000][68][gc,age      ] GC(4) - age   4:    4844928 bytes,   22527248 total
[2022-09-06T11:54:45.024+0000][68][gc,heap     ] GC(4) Eden regions: 132->0(147)
[2022-09-06T11:54:45.024+0000][68][gc,heap     ] GC(4) Survivor regions: 3->6(17)
[2022-09-06T11:54:45.024+0000][68][gc,heap     ] GC(4) Old regions: 0->0
[2022-09-06T11:54:45.024+0000][68][gc,heap     ] GC(4) Archive regions: 2->2
[2022-09-06T11:54:45.024+0000][68][gc,heap     ] GC(4) Humongous regions: 0->0
[2022-09-06T11:54:45.024+0000][68][gc,metaspace] GC(4) Metaspace: 30955K(31616K)->30955K(31616K) NonClass: 27391K(27776K)->27391K(27776K) Class: 3564K(3840K)->3564K(3840K)
[2022-09-06T11:54:45.024+0000][68][gc          ] GC(4) Pause Young (Normal) (G1 Evacuation Pause) 542M->26M(1024M) 12.553ms
[2022-09-06T11:54:45.024+0000][68][gc,cpu      ] GC(4) User=0.05s Sys=0.00s Real=0.01s
[2022-09-06T11:54:45.024+0000][68][safepoint   ] Safepoint "G1CollectForAllocation", Time since last: 372935606 ns, Reaching safepoint: 200897 ns, At safepoint: 12653252 ns, Total: 12854149 ns
[2022-09-06T11:54:45.615+0000][68][safepoint   ] Safepoint "ICBufferFull", Time since last: 591057294 ns, Reaching safepoint: 152058 ns, At safepoint: 25734 ns, Total: 177792 ns
[2022-09-06T11:54:46.025+0000][68][gc,start    ] GC(5) Pause Young (Concurrent Start) (Metadata GC Threshold)
[2022-09-06T11:54:46.025+0000][68][gc,task     ] GC(5) Using 8 workers of 8 for evacuation
[2022-09-06T11:54:46.025+0000][68][gc,age      ] GC(5) Desired survivor size 41943040 bytes, new threshold 15 (max threshold 15)
[2022-09-06T11:54:46.035+0000][68][gc,phases   ] GC(5)   Pre Evacuate Collection Set: 0.2ms
[2022-09-06T11:54:46.035+0000][68][gc,phases   ] GC(5)   Merge Heap Roots: 0.1ms
[2022-09-06T11:54:46.035+0000][68][gc,phases   ] GC(5)   Evacuate Collection Set: 8.7ms
[2022-09-06T11:54:46.035+0000][68][gc,phases   ] GC(5)   Post Evacuate Collection Set: 1.4ms
[2022-09-06T11:54:46.035+0000][68][gc,phases   ] GC(5)   Other: 0.1ms
[2022-09-06T11:54:46.035+0000][68][gc,age      ] GC(5) Age table with threshold 15 (max threshold 15)
[2022-09-06T11:54:46.035+0000][68][gc,age      ] GC(5) - age   1:    7550416 bytes,    7550416 total
[2022-09-06T11:54:46.035+0000][68][gc,age      ] GC(5) - age   2:   10087760 bytes,   17638176 total
[2022-09-06T11:54:46.035+0000][68][gc,age      ] GC(5) - age   3:    2642616 bytes,   20280792 total
[2022-09-06T11:54:46.035+0000][68][gc,age      ] GC(5) - age   4:    3214208 bytes,   23495000 total
[2022-09-06T11:54:46.035+0000][68][gc,age      ] GC(5) - age   5:    4842736 bytes,   28337736 total
[2022-09-06T11:54:46.035+0000][68][gc,heap     ] GC(5) Eden regions: 128->0(145)
[2022-09-06T11:54:46.035+0000][68][gc,heap     ] GC(5) Survivor regions: 6->8(20)
[2022-09-06T11:54:46.035+0000][68][gc,heap     ] GC(5) Old regions: 0->0
[2022-09-06T11:54:46.035+0000][68][gc,heap     ] GC(5) Archive regions: 2->2
[2022-09-06T11:54:46.035+0000][68][gc,heap     ] GC(5) Humongous regions: 0->0
[2022-09-06T11:54:46.035+0000][68][gc,metaspace] GC(5) Metaspace: 35476K(36288K)->35476K(36288K) NonClass: 31311K(31808K)->31311K(31808K) Class: 4164K(4480K)->4164K(4480K)
[2022-09-06T11:54:46.035+0000][68][gc          ] GC(5) Pause Young (Concurrent Start) (Metadata GC Threshold) 536M->33M(1024M) 10.729ms
[2022-09-06T11:54:46.035+0000][68][gc,cpu      ] GC(5) User=0.07s Sys=0.00s Real=0.01s
[2022-09-06T11:54:46.035+0000][68][gc          ] GC(6) Concurrent Mark Cycle
[2022-09-06T11:54:46.036+0000][68][gc,marking  ] GC(6) Concurrent Clear Claimed Marks
[2022-09-06T11:54:46.036+0000][68][safepoint   ] Safepoint "CollectForMetadataAllocation", Time since last: 409539699 ns, Reaching safepoint: 151212 ns, At safepoint: 10882863 ns, Total: 11034075 ns
[2022-09-06T11:54:46.036+0000][68][gc,marking  ] GC(6) Concurrent Clear Claimed Marks 0.068ms
[2022-09-06T11:54:46.036+0000][68][gc,marking  ] GC(6) Concurrent Scan Root Regions
[2022-09-06T11:54:46.040+0000][68][gc,marking  ] GC(6) Concurrent Scan Root Regions 4.284ms
[2022-09-06T11:54:46.040+0000][68][gc,marking  ] GC(6) Concurrent Mark
[2022-09-06T11:54:46.040+0000][68][gc,marking  ] GC(6) Concurrent Mark From Roots
[2022-09-06T11:54:46.040+0000][68][gc,task     ] GC(6) Using 2 workers of 2 for marking
[2022-09-06T11:54:46.042+0000][68][gc,marking  ] GC(6) Concurrent Mark From Roots 1.906ms
[2022-09-06T11:54:46.042+0000][68][gc,marking  ] GC(6) Concurrent Preclean
[2022-09-06T11:54:46.042+0000][68][gc,marking  ] GC(6) Concurrent Preclean 0.015ms
[2022-09-06T11:54:46.042+0000][68][gc,start    ] GC(6) Pause Remark
[2022-09-06T11:54:46.045+0000][68][gc          ] GC(6) Pause Remark 35M->35M(1024M) 2.667ms
[2022-09-06T11:54:46.045+0000][68][gc,cpu      ] GC(6) User=0.01s Sys=0.00s Real=0.00s
[2022-09-06T11:54:46.045+0000][68][safepoint   ] Safepoint "G1Concurrent", Time since last: 6521077 ns, Reaching safepoint: 203756 ns, At safepoint: 2776645 ns, Total: 2980401 ns
[2022-09-06T11:54:46.045+0000][68][gc,marking  ] GC(6) Concurrent Mark 5.060ms
[2022-09-06T11:54:46.045+0000][68][gc,marking  ] GC(6) Concurrent Rebuild Remembered Sets
[2022-09-06T11:54:46.045+0000][68][gc,marking  ] GC(6) Concurrent Rebuild Remembered Sets 0.009ms
[2022-09-06T11:54:46.045+0000][68][gc,start    ] GC(6) Pause Cleanup
[2022-09-06T11:54:46.045+0000][68][gc          ] GC(6) Pause Cleanup 35M->35M(1024M) 0.024ms
[2022-09-06T11:54:46.045+0000][68][gc,cpu      ] GC(6) User=0.00s Sys=0.00s Real=0.00s
[2022-09-06T11:54:46.045+0000][68][safepoint   ] Safepoint "G1Concurrent", Time since last: 120640 ns, Reaching safepoint: 185975 ns, At safepoint: 52211 ns, Total: 238186 ns
[2022-09-06T11:54:46.045+0000][68][gc,marking  ] GC(6) Concurrent Cleanup for Next Mark
[2022-09-06T11:54:46.047+0000][68][gc,marking  ] GC(6) Concurrent Cleanup for Next Mark 1.219ms
[2022-09-06T11:54:46.047+0000][68][gc          ] GC(6) Concurrent Mark Cycle 11.270ms
[2022-09-06T11:54:46.645+0000][68][safepoint   ] Safepoint "ICBufferFull", Time since last: 599329175 ns, Reaching safepoint: 279246 ns, At safepoint: 21172 ns, Total: 300418 ns
[2022-09-06T11:54:46.997+0000][68][safepoint   ] Safepoint "ICBufferFull", Time since last: 351501750 ns, Reaching safepoint: 197468 ns, At safepoint: 47372 ns, Total: 244840 ns
[2022-09-06T11:54:47.948+0000][68][safepoint   ] Safepoint "ICBufferFull", Time since last: 951358636 ns, Reaching safepoint: 247681 ns, At safepoint: 2380 ns, Total: 250061 ns
[2022-09-06T11:54:48.290+0000][68][safepoint   ] Safepoint "ICBufferFull", Time since last: 341421870 ns, Reaching safepoint: 218336 ns, At safepoint: 36830 ns, Total: 255166 ns
[2022-09-06T11:54:48.756+0000][68][gc,start    ] GC(7) Pause Young (Concurrent Start) (Metadata GC Threshold)
[2022-09-06T11:54:48.756+0000][68][gc,task     ] GC(7) Using 8 workers of 8 for evacuation
[2022-09-06T11:54:48.756+0000][68][gc,age      ] GC(7) Desired survivor size 41943040 bytes, new threshold 15 (max threshold 15)
[2022-09-06T11:54:48.778+0000][68][gc,phases   ] GC(7)   Pre Evacuate Collection Set: 0.2ms
[2022-09-06T11:54:48.778+0000][68][gc,phases   ] GC(7)   Merge Heap Roots: 0.1ms
[2022-09-06T11:54:48.778+0000][68][gc,phases   ] GC(7)   Evacuate Collection Set: 19.2ms
[2022-09-06T11:54:48.778+0000][68][gc,phases   ] GC(7)   Post Evacuate Collection Set: 2.4ms
[2022-09-06T11:54:48.778+0000][68][gc,phases   ] GC(7)   Other: 0.1ms
[2022-09-06T11:54:48.778+0000][68][gc,age      ] GC(7) Age table with threshold 15 (max threshold 15)
[2022-09-06T11:54:48.778+0000][68][gc,age      ] GC(7) - age   1:   25356976 bytes,   25356976 total
[2022-09-06T11:54:48.778+0000][68][gc,age      ] GC(7) - age   2:    7246616 bytes,   32603592 total
[2022-09-06T11:54:48.778+0000][68][gc,age      ] GC(7) - age   3:   10003592 bytes,   42607184 total
[2022-09-06T11:54:48.778+0000][68][gc,age      ] GC(7) - age   4:    2627672 bytes,   45234856 total
[2022-09-06T11:54:48.778+0000][68][gc,age      ] GC(7) - age   5:    3161056 bytes,   48395912 total
[2022-09-06T11:54:48.778+0000][68][gc,age      ] GC(7) - age   6:    4824368 bytes,   53220280 total
[2022-09-06T11:54:48.778+0000][68][gc,heap     ] GC(7) Eden regions: 110->0(139)
[2022-09-06T11:54:48.778+0000][68][gc,heap     ] GC(7) Survivor regions: 8->14(20)
[2022-09-06T11:54:48.778+0000][68][gc,heap     ] GC(7) Old regions: 0->0
[2022-09-06T11:54:48.778+0000][68][gc,heap     ] GC(7) Archive regions: 2->2
[2022-09-06T11:54:48.778+0000][68][gc,heap     ] GC(7) Humongous regions: 0->0
[2022-09-06T11:54:48.778+0000][68][gc,metaspace] GC(7) Metaspace: 59532K(60928K)->59532K(60928K) NonClass: 51955K(52736K)->51955K(52736K) Class: 7576K(8192K)->7576K(8192K)
[2022-09-06T11:54:48.778+0000][68][gc          ] GC(7) Pause Young (Concurrent Start) (Metadata GC Threshold) 473M->56M(1024M) 22.342ms
[2022-09-06T11:54:48.778+0000][68][gc,cpu      ] GC(7) User=0.13s Sys=0.00s Real=0.02s
[2022-09-06T11:54:48.778+0000][68][gc          ] GC(8) Concurrent Mark Cycle
[2022-09-06T11:54:48.778+0000][68][gc,marking  ] GC(8) Concurrent Clear Claimed Marks
[2022-09-06T11:54:48.778+0000][68][safepoint   ] Safepoint "CollectForMetadataAllocation", Time since last: 465511828 ns, Reaching safepoint: 117583 ns, At safepoint: 22526533 ns, Total: 22644116 ns
[2022-09-06T11:54:48.778+0000][68][gc,marking  ] GC(8) Concurrent Clear Claimed Marks 0.107ms
[2022-09-06T11:54:48.778+0000][68][gc,marking  ] GC(8) Concurrent Scan Root Regions
[2022-09-06T11:54:48.793+0000][68][gc,marking  ] GC(8) Concurrent Scan Root Regions 15.138ms
[2022-09-06T11:54:48.794+0000][68][gc,marking  ] GC(8) Concurrent Mark
[2022-09-06T11:54:48.794+0000][68][gc,marking  ] GC(8) Concurrent Mark From Roots
[2022-09-06T11:54:48.794+0000][68][gc,task     ] GC(8) Using 2 workers of 2 for marking
[2022-09-06T11:54:48.795+0000][68][safepoint   ] Safepoint "CollectForMetadataAllocation", Time since last: 16028801 ns, Reaching safepoint: 188408 ns, At safepoint: 72658 ns, Total: 261066 ns
[2022-09-06T11:54:48.795+0000][68][gc,marking  ] GC(8) Concurrent Mark From Roots 1.254ms
[2022-09-06T11:54:48.795+0000][68][gc,marking  ] GC(8) Concurrent Preclean
[2022-09-06T11:54:48.795+0000][68][gc,marking  ] GC(8) Concurrent Preclean 0.010ms
[2022-09-06T11:54:48.795+0000][68][gc,start    ] GC(8) Pause Remark
[2022-09-06T11:54:48.798+0000][68][gc          ] GC(8) Pause Remark 58M->58M(1024M) 3.087ms
[2022-09-06T11:54:48.798+0000][68][gc,cpu      ] GC(8) User=0.01s Sys=0.00s Real=0.00s
[2022-09-06T11:54:48.798+0000][68][safepoint   ] Safepoint "G1Concurrent", Time since last: 326392 ns, Reaching safepoint: 272386 ns, At safepoint: 3208692 ns, Total: 3481078 ns
[2022-09-06T11:54:48.798+0000][68][gc,marking  ] GC(8) Concurrent Mark 4.878ms
[2022-09-06T11:54:48.798+0000][68][gc,marking  ] GC(8) Concurrent Rebuild Remembered Sets
[2022-09-06T11:54:48.798+0000][68][gc,marking  ] GC(8) Concurrent Rebuild Remembered Sets 0.010ms
[2022-09-06T11:54:48.799+0000][68][gc,start    ] GC(8) Pause Cleanup
[2022-09-06T11:54:48.799+0000][68][gc          ] GC(8) Pause Cleanup 58M->58M(1024M) 0.033ms
[2022-09-06T11:54:48.799+0000][68][gc,cpu      ] GC(8) User=0.00s Sys=0.00s Real=0.00s
[2022-09-06T11:54:48.799+0000][68][safepoint   ] Safepoint "G1Concurrent", Time since last: 158261 ns, Reaching safepoint: 187002 ns, At safepoint: 70307 ns, Total: 257309 ns
[2022-09-06T11:54:48.799+0000][68][gc,marking  ] GC(8) Concurrent Cleanup for Next Mark
[2022-09-06T11:54:48.800+0000][68][gc,marking  ] GC(8) Concurrent Cleanup for Next Mark 1.272ms
[2022-09-06T11:54:48.800+0000][68][gc          ] GC(8) Concurrent Mark Cycle 22.014ms
[2022-09-06T11:54:50.292+0000][68][safepoint   ] Safepoint "Cleanup", Time since last: 1492620501 ns, Reaching safepoint: 253613 ns, At safepoint: 20808 ns, Total: 274421 ns
[2022-09-06T11:54:51.216+0000][68][safepoint   ] Safepoint "ICBufferFull", Time since last: 923463009 ns, Reaching safepoint: 975634 ns, At safepoint: 45836 ns, Total: 1021470 ns
[2022-09-06T11:54:52.045+0000][68][safepoint   ] Safepoint "ICBufferFull", Time since last: 828172498 ns, Reaching safepoint: 373681 ns, At safepoint: 40301 ns, Total: 413982 ns
[2022-09-06T11:54:52.531+0000][68][gc,start    ] GC(9) Pause Young (Concurrent Start) (Metadata GC Threshold)
[2022-09-06T11:54:52.531+0000][68][gc,task     ] GC(9) Using 8 workers of 8 for evacuation
[2022-09-06T11:54:52.531+0000][68][gc,age      ] GC(9) Desired survivor size 41943040 bytes, new threshold 3 (max threshold 15)
[2022-09-06T11:54:52.564+0000][68][gc,phases   ] GC(9)   Pre Evacuate Collection Set: 0.4ms
[2022-09-06T11:54:52.564+0000][68][gc,phases   ] GC(9)   Merge Heap Roots: 0.1ms
[2022-09-06T11:54:52.564+0000][68][gc,phases   ] GC(9)   Evacuate Collection Set: 29.3ms
[2022-09-06T11:54:52.564+0000][68][gc,phases   ] GC(9)   Post Evacuate Collection Set: 3.2ms
[2022-09-06T11:54:52.564+0000][68][gc,phases   ] GC(9)   Other: 0.1ms
[2022-09-06T11:54:52.564+0000][68][gc,age      ] GC(9) Age table with threshold 3 (max threshold 15)
[2022-09-06T11:54:52.564+0000][68][gc,age      ] GC(9) - age   1:   17221056 bytes,   17221056 total
[2022-09-06T11:54:52.564+0000][68][gc,age      ] GC(9) - age   2:   24740968 bytes,   41962024 total
[2022-09-06T11:54:52.564+0000][68][gc,age      ] GC(9) - age   3:    7218872 bytes,   49180896 total
[2022-09-06T11:54:52.564+0000][68][gc,heap     ] GC(9) Eden regions: 116->0(132)
[2022-09-06T11:54:52.564+0000][68][gc,heap     ] GC(9) Survivor regions: 14->13(20)
[2022-09-06T11:54:52.564+0000][68][gc,heap     ] GC(9) Old regions: 0->6
[2022-09-06T11:54:52.564+0000][68][gc,heap     ] GC(9) Archive regions: 2->2
[2022-09-06T11:54:52.564+0000][68][gc,heap     ] GC(9) Humongous regions: 0->0
[2022-09-06T11:54:52.564+0000][68][gc,metaspace] GC(9) Metaspace: 99391K(102208K)->99391K(102208K) NonClass: 86045K(87488K)->86045K(87488K) Class: 13345K(14720K)->13345K(14720K)
[2022-09-06T11:54:52.564+0000][68][gc          ] GC(9) Pause Young (Concurrent Start) (Metadata GC Threshold) 520M->76M(1024M) 33.265ms
[2022-09-06T11:54:52.564+0000][68][gc,cpu      ] GC(9) User=0.21s Sys=0.00s Real=0.03s
[2022-09-06T11:54:52.564+0000][68][gc          ] GC(10) Concurrent Mark Cycle
[2022-09-06T11:54:52.565+0000][68][gc,marking  ] GC(10) Concurrent Clear Claimed Marks
[2022-09-06T11:54:52.565+0000][68][safepoint   ] Safepoint "CollectForMetadataAllocation", Time since last: 486289400 ns, Reaching safepoint: 122660 ns, At safepoint: 33492770 ns, Total: 33615430 ns
[2022-09-06T11:54:52.565+0000][68][gc,marking  ] GC(10) Concurrent Clear Claimed Marks 0.340ms
[2022-09-06T11:54:52.565+0000][68][gc,marking  ] GC(10) Concurrent Scan Root Regions
[2022-09-06T11:54:52.584+0000][68][gc,marking  ] GC(10) Concurrent Scan Root Regions 19.282ms
[2022-09-06T11:54:52.584+0000][68][gc,marking  ] GC(10) Concurrent Mark
[2022-09-06T11:54:52.584+0000][68][gc,marking  ] GC(10) Concurrent Mark From Roots
[2022-09-06T11:54:52.584+0000][68][gc,task     ] GC(10) Using 2 workers of 2 for marking
[2022-09-06T11:54:52.586+0000][68][gc,marking  ] GC(10) Concurrent Mark From Roots 1.246ms
[2022-09-06T11:54:52.586+0000][68][gc,marking  ] GC(10) Concurrent Preclean
[2022-09-06T11:54:52.586+0000][68][gc,marking  ] GC(10) Concurrent Preclean 0.014ms
[2022-09-06T11:54:52.586+0000][68][gc,start    ] GC(10) Pause Remark
[2022-09-06T11:54:52.590+0000][68][gc          ] GC(10) Pause Remark 78M->78M(1024M) 3.769ms
[2022-09-06T11:54:52.590+0000][68][gc,cpu      ] GC(10) User=0.02s Sys=0.00s Real=0.00s
[2022-09-06T11:54:52.590+0000][68][safepoint   ] Safepoint "G1Concurrent", Time since last: 21003783 ns, Reaching safepoint: 127852 ns, At safepoint: 3986152 ns, Total: 4114004 ns
[2022-09-06T11:54:52.590+0000][68][gc,marking  ] GC(10) Concurrent Mark 5.570ms
[2022-09-06T11:54:52.590+0000][68][gc,marking  ] GC(10) Concurrent Rebuild Remembered Sets
[2022-09-06T11:54:52.595+0000][68][gc,marking  ] GC(10) Concurrent Rebuild Remembered Sets 5.396ms
[2022-09-06T11:54:52.596+0000][68][gc,start    ] GC(10) Pause Cleanup
[2022-09-06T11:54:52.596+0000][68][gc          ] GC(10) Pause Cleanup 78M->78M(1024M) 0.147ms
[2022-09-06T11:54:52.596+0000][68][gc,cpu      ] GC(10) User=0.00s Sys=0.00s Real=0.00s
[2022-09-06T11:54:52.596+0000][68][safepoint   ] Safepoint "G1Concurrent", Time since last: 5645050 ns, Reaching safepoint: 250894 ns, At safepoint: 252843 ns, Total: 503737 ns
[2022-09-06T11:54:52.596+0000][68][gc,marking  ] GC(10) Concurrent Cleanup for Next Mark
[2022-09-06T11:54:52.597+0000][68][gc,marking  ] GC(10) Concurrent Cleanup for Next Mark 1.372ms
[2022-09-06T11:54:52.597+0000][68][gc          ] GC(10) Concurrent Mark Cycle 32.963ms
[2022-09-06T11:54:52.869+0000][68][safepoint   ] Safepoint "ICBufferFull", Time since last: 272928942 ns, Reaching safepoint: 605033 ns, At safepoint: 51651 ns, Total: 656684 ns
[2022-09-06T11:54:52.970+0000][68][safepoint   ] Safepoint "ICBufferFull", Time since last: 100656119 ns, Reaching safepoint: 148220 ns, At safepoint: 20098 ns, Total: 168318 ns
[2022-09-06T11:54:53.250+0000][68][safepoint   ] Safepoint "ICBufferFull", Time since last: 279712453 ns, Reaching safepoint: 187894 ns, At safepoint: 26739 ns, Total: 214633 ns
[2022-09-06T11:54:53.486+0000][68][safepoint   ] Safepoint "ICBufferFull", Time since last: 235290527 ns, Reaching safepoint: 162575 ns, At safepoint: 48627 ns, Total: 211202 ns
[2022-09-06T11:54:54.008+0000][68][safepoint   ] Safepoint "ICBufferFull", Time since last: 522025331 ns, Reaching safepoint: 226529 ns, At safepoint: 19397 ns, Total: 245926 ns
[2022-09-06T11:54:54.239+0000][68][safepoint   ] Safepoint "ICBufferFull", Time since last: 230553556 ns, Reaching safepoint: 186770 ns, At safepoint: 26671 ns, Total: 213441 ns
[2022-09-06T11:54:54.240+0000][68][safepoint   ] Safepoint "ICBufferFull", Time since last: 1234623 ns, Reaching safepoint: 195074 ns, At safepoint: 40614 ns, Total: 235688 ns
[2022-09-06T11:54:54.535+0000][68][safepoint   ] Safepoint "ICBufferFull", Time since last: 294461143 ns, Reaching safepoint: 164395 ns, At safepoint: 49733 ns, Total: 214128 ns
[2022-09-06T11:54:54.873+0000][68][safepoint   ] Safepoint "ICBufferFull", Time since last: 338288386 ns, Reaching safepoint: 155553 ns, At safepoint: 30432 ns, Total: 185985 ns
[2022-09-06T11:54:56.143+0000][68][safepoint   ] Safepoint "ICBufferFull", Time since last: 1269279814 ns, Reaching safepoint: 243739 ns, At safepoint: 9750 ns, Total: 253489 ns
[2022-09-06T11:54:57.031+0000][68][safepoint   ] Safepoint "ICBufferFull", Time since last: 887531851 ns, Reaching safepoint: 214288 ns, At safepoint: 3067 ns, Total: 217355 ns
[2022-09-06T11:54:57.755+0000][68][safepoint   ] Safepoint "ICBufferFull", Time since last: 715423307 ns, Reaching safepoint: 11513142 ns, At safepoint: 309262 ns, Total: 11822404 ns
[2022-09-06T11:54:58.067+0000][68][safepoint   ] Safepoint "ICBufferFull", Time since last: 312665174 ns, Reaching safepoint: 215263 ns, At safepoint: 33204 ns, Total: 248467 ns
[2022-09-06T11:54:58.068+0000][68][safepoint   ] Safepoint "ICBufferFull", Time since last: 116437 ns, Reaching safepoint: 208258 ns, At safepoint: 45698 ns, Total: 253956 ns
[2022-09-06T11:54:58.338+0000][68][safepoint   ] Safepoint "ICBufferFull", Time since last: 265115380 ns, Reaching safepoint: 4033807 ns, At safepoint: 837342 ns, Total: 4871149 ns
[2022-09-06T11:54:58.931+0000][68][safepoint   ] Safepoint "ICBufferFull", Time since last: 592875077 ns, Reaching safepoint: 195655 ns, At safepoint: 30985 ns, Total: 226640 ns
[2022-09-06T11:55:00.123+0000][68][safepoint   ] Safepoint "Cleanup", Time since last: 1191847844 ns, Reaching safepoint: 182626 ns, At safepoint: 8002 ns, Total: 190628 ns
[2022-09-06T11:55:01.123+0000][68][safepoint   ] Safepoint "Cleanup", Time since last: 1000180516 ns, Reaching safepoint: 98751 ns, At safepoint: 3310 ns, Total: 102061 ns
[2022-09-06T11:55:02.010+0000][68][gc,start    ] GC(11) Pause Young (Normal) (G1 Evacuation Pause)
[2022-09-06T11:55:02.010+0000][68][gc,task     ] GC(11) Using 8 workers of 8 for evacuation
[2022-09-06T11:55:02.010+0000][68][gc,age      ] GC(11) Desired survivor size 41943040 bytes, new threshold 2 (max threshold 15)
[2022-09-06T11:55:02.042+0000][68][gc,phases   ] GC(11)   Pre Evacuate Collection Set: 0.1ms
[2022-09-06T11:55:02.042+0000][68][gc,phases   ] GC(11)   Merge Heap Roots: 0.1ms
[2022-09-06T11:55:02.042+0000][68][gc,phases   ] GC(11)   Evacuate Collection Set: 28.4ms
[2022-09-06T11:55:02.042+0000][68][gc,phases   ] GC(11)   Post Evacuate Collection Set: 2.9ms
[2022-09-06T11:55:02.042+0000][68][gc,phases   ] GC(11)   Other: 0.2ms
[2022-09-06T11:55:02.042+0000][68][gc,age      ] GC(11) Age table with threshold 2 (max threshold 15)
[2022-09-06T11:55:02.042+0000][68][gc,age      ] GC(11) - age   1:   24450744 bytes,   24450744 total
[2022-09-06T11:55:02.042+0000][68][gc,age      ] GC(11) - age   2:   16607720 bytes,   41058464 total
[2022-09-06T11:55:02.042+0000][68][gc,heap     ] GC(11) Eden regions: 140->0(141)
[2022-09-06T11:55:02.042+0000][68][gc,heap     ] GC(11) Survivor regions: 13->12(20)
[2022-09-06T11:55:02.042+0000][68][gc,heap     ] GC(11) Old regions: 6->13
[2022-09-06T11:55:02.042+0000][68][gc,heap     ] GC(11) Archive regions: 2->2
[2022-09-06T11:55:02.042+0000][68][gc,heap     ] GC(11) Humongous regions: 2->2
[2022-09-06T11:55:02.042+0000][68][gc,metaspace] GC(11) Metaspace: 120760K(123840K)->120760K(123840K) NonClass: 104417K(105984K)->104417K(105984K) Class: 16343K(17856K)->16343K(17856K)
[2022-09-06T11:55:02.042+0000][68][gc          ] GC(11) Pause Young (Normal) (G1 Evacuation Pause) 644M->108M(1024M) 31.977ms
[2022-09-06T11:55:02.042+0000][68][gc,cpu      ] GC(11) User=0.21s Sys=0.00s Real=0.03s
[2022-09-06T11:55:02.042+0000][68][safepoint   ] Safepoint "G1CollectForAllocation", Time since last: 886598710 ns, Reaching safepoint: 238240 ns, At safepoint: 32166456 ns, Total: 32404696 ns
[2022-09-06T11:55:03.182+0000][68][safepoint   ] Safepoint "Cleanup", Time since last: 1139017631 ns, Reaching safepoint: 611850 ns, At safepoint: 25931 ns, Total: 637781 ns
[2022-09-06T11:55:04.183+0000][68][safepoint   ] Safepoint "Cleanup", Time since last: 1000503751 ns, Reaching safepoint: 294398 ns, At safepoint: 8865 ns, Total: 303263 ns
[2022-09-06T11:55:05.045+0000][68][safepoint   ] Safepoint "ICBufferFull", Time since last: 862362770 ns, Reaching safepoint: 351311 ns, At safepoint: 36656 ns, Total: 387967 ns
[2022-09-06T11:55:05.233+0000][68][safepoint   ] Safepoint "ICBufferFull", Time since last: 186923583 ns, Reaching safepoint: 487550 ns, At safepoint: 63956 ns, Total: 551506 ns
[2022-09-06T11:55:06.234+0000][68][safepoint   ] Safepoint "Cleanup", Time since last: 1000373909 ns, Reaching safepoint: 393444 ns, At safepoint: 9955 ns, Total: 403399 ns
[2022-09-06T11:55:07.305+0000][68][safepoint   ] Safepoint "Cleanup", Time since last: 1070646235 ns, Reaching safepoint: 242889 ns, At safepoint: 19599 ns, Total: 262488 ns
[2022-09-06T11:55:09.305+0000][68][safepoint   ] Safepoint "Cleanup", Time since last: 2000387686 ns, Reaching safepoint: 257802 ns, At safepoint: 27446 ns, Total: 285248 ns
[2022-09-06T11:55:10.306+0000][68][safepoint   ] Safepoint "Cleanup", Time since last: 1000447183 ns, Reaching safepoint: 359507 ns, At safepoint: 10092 ns, Total: 369599 ns
[2022-09-06T11:55:11.307+0000][68][safepoint   ] Safepoint "Cleanup", Time since last: 1000390862 ns, Reaching safepoint: 163031 ns, At safepoint: 4795 ns, Total: 167826 ns
[2022-09-06T11:55:12.307+0000][68][safepoint   ] Safepoint "Cleanup", Time since last: 1000156958 ns, Reaching safepoint: 129249 ns, At safepoint: 3605 ns, Total: 132854 ns
[2022-09-06T11:55:14.308+0000][68][safepoint   ] Safepoint "Cleanup", Time since last: 2000763469 ns, Reaching safepoint: 225291 ns, At safepoint: 8527 ns, Total: 233818 ns
[2022-09-06T11:55:15.308+0000][68][safepoint   ] Safepoint "Cleanup", Time since last: 1000221908 ns, Reaching safepoint: 140703 ns, At safepoint: 3738 ns, Total: 144441 ns
[2022-09-06T11:55:16.309+0000][68][safepoint   ] Safepoint "Cleanup", Time since last: 1000279213 ns, Reaching safepoint: 241881 ns, At safepoint: 8210 ns, Total: 250091 ns
[2022-09-06T11:55:17.309+0000][68][safepoint   ] Safepoint "Cleanup", Time since last: 1000300625 ns, Reaching safepoint: 87311 ns, At safepoint: 13069 ns, Total: 100380 ns
[2022-09-06T11:55:18.310+0000][68][safepoint   ] Safepoint "Cleanup", Time since last: 1000393432 ns, Reaching safepoint: 304679 ns, At safepoint: 9329 ns, Total: 314008 ns
[2022-09-06T11:55:19.311+0000][68][safepoint   ] Safepoint "Cleanup", Time since last: 1000346325 ns, Reaching safepoint: 488490 ns, At safepoint: 26681 ns, Total: 515171 ns
[2022-09-06T11:55:20.890+0000][68][safepoint   ] Safepoint "Cleanup", Time since last: 1578647373 ns, Reaching safepoint: 169796 ns, At safepoint: 21913 ns, Total: 191709 ns
[2022-09-06T11:55:21.890+0000][68][safepoint   ] Safepoint "Cleanup", Time since last: 1000327131 ns, Reaching safepoint: 319635 ns, At safepoint: 9650 ns, Total: 329285 ns
[2022-09-06T11:55:22.891+0000][68][safepoint   ] Safepoint "Cleanup", Time since last: 1000371532 ns, Reaching safepoint: 205270 ns, At safepoint: 6288 ns, Total: 211558 ns
[2022-09-06T11:55:23.892+0000][68][safepoint   ] Safepoint "Cleanup", Time since last: 1000377320 ns, Reaching safepoint: 344749 ns, At safepoint: 9510 ns, Total: 354259 ns
[2022-09-06T11:55:24.892+0000][68][safepoint   ] Safepoint "Cleanup", Time since last: 1000231049 ns, Reaching safepoint: 145985 ns, At safepoint: 3575 ns, Total: 149560 ns
[2022-09-06T11:55:25.893+0000][68][safepoint   ] Safepoint "Cleanup", Time since last: 1000393986 ns, Reaching safepoint: 296059 ns, At safepoint: 11612 ns, Total: 307671 ns
[2022-09-06T11:55:26.893+0000][68][safepoint   ] Safepoint "Cleanup", Time since last: 1000190435 ns, Reaching safepoint: 161904 ns, At safepoint: 24949 ns, Total: 186853 ns
[2022-09-06T11:55:27.897+0000][68][safepoint   ] Safepoint "Cleanup", Time since last: 1000158663 ns, Reaching safepoint: 141673 ns, At safepoint: 5725 ns, Total: 147398 ns
[2022-09-06T11:55:29.897+0000][68][safepoint   ] Safepoint "Cleanup", Time since last: 2000559922 ns, Reaching safepoint: 195985 ns, At safepoint: 14432 ns, Total: 210417 ns
[2022-09-06T11:55:30.898+0000][68][safepoint   ] Safepoint "Cleanup", Time since last: 1000279979 ns, Reaching safepoint: 308145 ns, At safepoint: 9482 ns, Total: 317627 ns
[2022-09-06T11:55:31.899+0000][68][safepoint   ] Safepoint "Cleanup", Time since last: 1000444723 ns, Reaching safepoint: 356655 ns, At safepoint: 9571 ns, Total: 366226 ns
[2022-09-06T11:55:32.899+0000][68][safepoint   ] Safepoint "Cleanup", Time since last: 1000219963 ns, Reaching safepoint: 163813 ns, At safepoint: 12689 ns, Total: 176502 ns
[2022-09-06T11:55:33.900+0000][68][safepoint   ] Safepoint "Cleanup", Time since last: 1000370885 ns, Reaching safepoint: 376581 ns, At safepoint: 10628 ns, Total: 387209 ns
[2022-09-06T11:55:35.901+0000][68][safepoint   ] Safepoint "Cleanup", Time since last: 2000527182 ns, Reaching safepoint: 130406 ns, At safepoint: 4530 ns, Total: 134936 ns
[2022-09-06T11:55:36.901+0000][68][safepoint   ] Safepoint "Cleanup", Time since last: 1000165567 ns, Reaching safepoint: 214065 ns, At safepoint: 9386 ns, Total: 223451 ns
[2022-09-06T11:55:38.902+0000][68][safepoint   ] Safepoint "Cleanup", Time since last: 2000396737 ns, Reaching safepoint: 188949 ns, At safepoint: 15361 ns, Total: 204310 ns
[2022-09-06T11:55:40.402+0000][68][safepoint   ] Safepoint "Cleanup", Time since last: 1500003094 ns, Reaching safepoint: 232144 ns, At safepoint: 11484 ns, Total: 243628 ns
[2022-09-06T11:55:41.403+0000][68][safepoint   ] Safepoint "Cleanup", Time since last: 1000297429 ns, Reaching safepoint: 332239 ns, At safepoint: 9752 ns, Total: 341991 ns
[2022-09-06T11:55:42.403+0000][68][safepoint   ] Safepoint "Cleanup", Time since last: 1000369214 ns, Reaching safepoint: 427176 ns, At safepoint: 22727 ns, Total: 449903 ns
[2022-09-06T11:55:43.404+0000][68][safepoint   ] Safepoint "Cleanup", Time since last: 1000331797 ns, Reaching safepoint: 294533 ns, At safepoint: 14104 ns, Total: 308637 ns
[2022-09-06T11:55:44.405+0000][68][safepoint   ] Safepoint "Cleanup", Time since last: 1000280316 ns, Reaching safepoint: 359996 ns, At safepoint: 18537 ns, Total: 378533 ns
[2022-09-06T11:55:45.405+0000][68][safepoint   ] Safepoint "Cleanup", Time since last: 1000324919 ns, Reaching safepoint: 175583 ns, At safepoint: 8461 ns, Total: 184044 ns
[2022-09-06T11:55:46.406+0000][68][safepoint   ] Safepoint "Cleanup", Time since last: 1000194339 ns, Reaching safepoint: 152424 ns, At safepoint: 3319 ns, Total: 155743 ns
[2022-09-06T11:55:48.406+0000][68][safepoint   ] Safepoint "Cleanup", Time since last: 2000414192 ns, Reaching safepoint: 144474 ns, At safepoint: 3471 ns, Total: 147945 ns
[2022-09-06T11:55:51.407+0000][68][safepoint   ] Safepoint "Cleanup", Time since last: 3000563834 ns, Reaching safepoint: 221906 ns, At safepoint: 16280 ns, Total: 238186 ns
[2022-09-06T11:55:52.407+0000][68][safepoint   ] Safepoint "Cleanup", Time since last: 1000175283 ns, Reaching safepoint: 144168 ns, At safepoint: 4936 ns, Total: 149104 ns
[2022-09-06T11:55:53.408+0000][68][safepoint   ] Safepoint "Cleanup", Time since last: 1000191514 ns, Reaching safepoint: 204873 ns, At safepoint: 6390 ns, Total: 211263 ns
[2022-09-06T11:55:54.408+0000][68][safepoint   ] Safepoint "Cleanup", Time since last: 1000465087 ns, Reaching safepoint: 300293 ns, At safepoint: 11445 ns, Total: 311738 ns
[2022-09-06T11:55:55.409+0000][68][safepoint   ] Safepoint "Cleanup", Time since last: 1000270172 ns, Reaching safepoint: 162392 ns, At safepoint: 6526 ns, Total: 168918 ns
[2022-09-06T11:55:57.409+0000][68][safepoint   ] Safepoint "Cleanup", Time since last: 2000399356 ns, Reaching safepoint: 224941 ns, At safepoint: 6868 ns, Total: 231809 ns
[2022-09-06T11:55:58.410+0000][68][safepoint   ] Safepoint "Cleanup", Time since last: 1000451233 ns, Reaching safepoint: 364238 ns, At safepoint: 40007 ns, Total: 404245 ns
[2022-09-06T11:55:59.411+0000][68][safepoint   ] Safepoint "Cleanup", Time since last: 1000246532 ns, Reaching safepoint: 197833 ns, At safepoint: 3677 ns, Total: 201510 ns
[2022-09-06T11:56:00.411+0000][68][safepoint   ] Safepoint "Cleanup", Time since last: 1000185119 ns, Reaching safepoint: 152657 ns, At safepoint: 6571 ns, Total: 159228 ns
[2022-09-06T11:56:02.412+0000][68][safepoint   ] Safepoint "Cleanup", Time since last: 2000353529 ns, Reaching safepoint: 137199 ns, At safepoint: 5369 ns, Total: 142568 ns
[2022-09-06T11:56:03.413+0000][68][safepoint   ] Safepoint "Cleanup", Time since last: 1000518411 ns, Reaching safepoint: 384711 ns, At safepoint: 46440 ns, Total: 431151 ns
[2022-09-06T11:56:04.413+0000][68][safepoint   ] Safepoint "Cleanup", Time since last: 1000414045 ns, Reaching safepoint: 169695 ns, At safepoint: 8647 ns, Total: 178342 ns
[2022-09-06T11:56:06.415+0000][68][safepoint   ] Safepoint "Cleanup", Time since last: 2000654116 ns, Reaching safepoint: 651890 ns, At safepoint: 76575 ns, Total: 728465 ns
[2022-09-06T11:56:07.415+0000][68][safepoint   ] Safepoint "Cleanup", Time since last: 1000360844 ns, Reaching safepoint: 432197 ns, At safepoint: 73901 ns, Total: 506098 ns
[2022-09-06T11:56:08.416+0000][68][safepoint   ] Safepoint "Cleanup", Time since last: 1000335612 ns, Reaching safepoint: 565384 ns, At safepoint: 82794 ns, Total: 648178 ns
[2022-09-06T11:56:09.417+0000][68][safepoint   ] Safepoint "Cleanup", Time since last: 1000312714 ns, Reaching safepoint: 342884 ns, At safepoint: 49780 ns, Total: 392664 ns
[2022-09-06T11:56:10.418+0000][68][safepoint   ] Safepoint "Cleanup", Time since last: 1000408337 ns, Reaching safepoint: 359258 ns, At safepoint: 52860 ns, Total: 412118 ns
[2022-09-06T11:56:12.419+0000][68][safepoint   ] Safepoint "Cleanup", Time since last: 2000874359 ns, Reaching safepoint: 316359 ns, At safepoint: 11963 ns, Total: 328322 ns
[2022-09-06T11:56:14.420+0000][68][safepoint   ] Safepoint "Cleanup", Time since last: 2000650487 ns, Reaching safepoint: 597991 ns, At safepoint: 75103 ns, Total: 673094 ns
[2022-09-06T11:56:15.421+0000][68][safepoint   ] Safepoint "Cleanup", Time since last: 1000423341 ns, Reaching safepoint: 319222 ns, At safepoint: 38875 ns, Total: 358097 ns
[2022-09-06T11:56:16.422+0000][68][safepoint   ] Safepoint "Cleanup", Time since last: 1000366344 ns, Reaching safepoint: 376506 ns, At safepoint: 43297 ns, Total: 419803 ns
[2022-09-06T11:56:18.423+0000][68][safepoint   ] Safepoint "Cleanup", Time since last: 2000553416 ns, Reaching safepoint: 327657 ns, At safepoint: 13270 ns, Total: 340927 ns
[2022-09-06T11:56:19.423+0000][68][safepoint   ] Safepoint "Cleanup", Time since last: 1000251601 ns, Reaching safepoint: 157695 ns, At safepoint: 5847 ns, Total: 163542 ns
[2022-09-06T11:56:21.424+0000][68][safepoint   ] Safepoint "Cleanup", Time since last: 2000409380 ns, Reaching safepoint: 168523 ns, At safepoint: 5715 ns, Total: 174238 ns
[2022-09-06T11:56:22.425+0000][68][safepoint   ] Safepoint "Cleanup", Time since last: 1000235169 ns, Reaching safepoint: 457422 ns, At safepoint: 52650 ns, Total: 510072 ns
[2022-09-06T11:56:23.426+0000][68][safepoint   ] Safepoint "Cleanup", Time since last: 1000466013 ns, Reaching safepoint: 464895 ns, At safepoint: 73541 ns, Total: 538436 ns
[2022-09-06T11:56:24.426+0000][68][safepoint   ] Safepoint "Cleanup", Time since last: 1000358954 ns, Reaching safepoint: 228489 ns, At safepoint: 14931 ns, Total: 243420 ns
[2022-09-06T11:56:25.427+0000][68][safepoint   ] Safepoint "Cleanup", Time since last: 1000347117 ns, Reaching safepoint: 330000 ns, At safepoint: 60894 ns, Total: 390894 ns
[2022-09-06T11:56:27.428+0000][68][safepoint   ] Safepoint "Cleanup", Time since last: 2000798223 ns, Reaching safepoint: 518435 ns, At safepoint: 79304 ns, Total: 597739 ns
[2022-09-06T11:56:28.429+0000][68][safepoint   ] Safepoint "Cleanup", Time since last: 1000388863 ns, Reaching safepoint: 269146 ns, At safepoint: 13321 ns, Total: 282467 ns
[2022-09-06T11:56:29.430+0000][68][safepoint   ] Safepoint "Cleanup", Time since last: 1000333639 ns, Reaching safepoint: 369832 ns, At safepoint: 41465 ns, Total: 411297 ns
[2022-09-06T11:56:30.776+0000][68][safepoint   ] Safepoint "Cleanup", Time since last: 1345555752 ns, Reaching safepoint: 211189 ns, At safepoint: 7027 ns, Total: 218216 ns
[2022-09-06T11:56:31.776+0000][68][safepoint   ] Safepoint "Cleanup", Time since last: 1000256561 ns, Reaching safepoint: 538172 ns, At safepoint: 25911 ns, Total: 564083 ns
[2022-09-06T11:56:32.960+0000][68][safepoint   ] Safepoint "Cleanup", Time since last: 1183899965 ns, Reaching safepoint: 130873 ns, At safepoint: 15182 ns, Total: 146055 ns
[2022-09-06T11:56:33.961+0000][68][safepoint   ] Safepoint "Cleanup", Time since last: 1000278670 ns, Reaching safepoint: 335274 ns, At safepoint: 8982 ns, Total: 344256 ns
[2022-09-06T11:56:35.962+0000][68][safepoint   ] Safepoint "Cleanup", Time since last: 2000653624 ns, Reaching safepoint: 208591 ns, At safepoint: 11023 ns, Total: 219614 ns
[2022-09-06T11:56:36.963+0000][68][safepoint   ] Safepoint "Cleanup", Time since last: 1000464362 ns, Reaching safepoint: 387797 ns, At safepoint: 55087 ns, Total: 442884 ns
[2022-09-06T11:56:38.964+0000][68][safepoint   ] Safepoint "Cleanup", Time since last: 2000512615 ns, Reaching safepoint: 265098 ns, At safepoint: 6203 ns, Total: 271301 ns
[2022-09-06T11:56:39.964+0000][68][safepoint   ] Safepoint "Cleanup", Time since last: 1000361891 ns, Reaching safepoint: 389041 ns, At safepoint: 15203 ns, Total: 404244 ns
[2022-09-06T11:56:41.965+0000][68][safepoint   ] Safepoint "Cleanup", Time since last: 2000759395 ns, Reaching safepoint: 221075 ns, At safepoint: 9507 ns, Total: 230582 ns
[2022-09-06T11:56:42.966+0000][68][safepoint   ] Safepoint "Cleanup", Time since last: 1000414873 ns, Reaching safepoint: 268444 ns, At safepoint: 6435 ns, Total: 274879 ns
[2022-09-06T11:56:44.967+0000][68][safepoint   ] Safepoint "Cleanup", Time since last: 2000457353 ns, Reaching safepoint: 140873 ns, At safepoint: 4456 ns, Total: 145329 ns
[2022-09-06T11:56:45.967+0000][68][safepoint   ] Safepoint "Cleanup", Time since last: 1000230998 ns, Reaching safepoint: 162544 ns, At safepoint: 4170 ns, Total: 166714 ns
[2022-09-06T11:56:48.968+0000][68][safepoint   ] Safepoint "Cleanup", Time since last: 3000627319 ns, Reaching safepoint: 165481 ns, At safepoint: 3403 ns, Total: 168884 ns
[2022-09-06T11:56:50.968+0000][68][safepoint   ] Safepoint "Cleanup", Time since last: 2000419424 ns, Reaching safepoint: 189152 ns, At safepoint: 6006 ns, Total: 195158 ns
[2022-09-06T11:56:51.969+0000][68][safepoint   ] Safepoint "Cleanup", Time since last: 1000394185 ns, Reaching safepoint: 256201 ns, At safepoint: 8981 ns, Total: 265182 ns
[2022-09-06T11:56:53.970+0000][68][safepoint   ] Safepoint "Cleanup", Time since last: 2000503905 ns, Reaching safepoint: 210662 ns, At safepoint: 14559 ns, Total: 225221 ns
[2022-09-06T11:56:54.970+0000][68][safepoint   ] Safepoint "Cleanup", Time since last: 1000334841 ns, Reaching safepoint: 335093 ns, At safepoint: 12101 ns, Total: 347194 ns
[2022-09-06T11:56:56.971+0000][68][safepoint   ] Safepoint "Cleanup", Time since last: 2000633877 ns, Reaching safepoint: 280662 ns, At safepoint: 11270 ns, Total: 291932 ns
[2022-09-06T11:56:57.972+0000][68][safepoint   ] Safepoint "Cleanup", Time since last: 1000470313 ns, Reaching safepoint: 259676 ns, At safepoint: 7234 ns, Total: 266910 ns
[2022-09-06T11:56:58.973+0000][68][safepoint   ] Safepoint "Cleanup", Time since last: 1000358794 ns, Reaching safepoint: 175169 ns, At safepoint: 4810 ns, Total: 179979 ns
[2022-09-06T11:56:59.794+0000][68][gc,start    ] GC(12) Pause Young (Normal) (G1 Evacuation Pause)
[2022-09-06T11:56:59.794+0000][68][gc,task     ] GC(12) Using 8 workers of 8 for evacuation
[2022-09-06T11:56:59.794+0000][68][gc,age      ] GC(12) Desired survivor size 41943040 bytes, new threshold 15 (max threshold 15)
[2022-09-06T11:56:59.810+0000][68][gc,phases   ] GC(12)   Pre Evacuate Collection Set: 0.1ms
[2022-09-06T11:56:59.810+0000][68][gc,phases   ] GC(12)   Merge Heap Roots: 0.1ms
[2022-09-06T11:56:59.810+0000][68][gc,phases   ] GC(12)   Evacuate Collection Set: 13.3ms
[2022-09-06T11:56:59.810+0000][68][gc,phases   ] GC(12)   Post Evacuate Collection Set: 2.5ms
[2022-09-06T11:56:59.810+0000][68][gc,phases   ] GC(12)   Other: 0.2ms
[2022-09-06T11:56:59.810+0000][68][gc,age      ] GC(12) Age table with threshold 15 (max threshold 15)
[2022-09-06T11:56:59.810+0000][68][gc,age      ] GC(12) - age   1:    3407744 bytes,    3407744 total
[2022-09-06T11:56:59.810+0000][68][gc,age      ] GC(12) - age   2:   22363160 bytes,   25770904 total
[2022-09-06T11:56:59.810+0000][68][gc,age      ] GC(12) - age   3:   16606176 bytes,   42377080 total
[2022-09-06T11:56:59.810+0000][68][gc,heap     ] GC(12) Eden regions: 141->0(141)
[2022-09-06T11:56:59.810+0000][68][gc,heap     ] GC(12) Survivor regions: 12->12(20)
[2022-09-06T11:56:59.810+0000][68][gc,heap     ] GC(12) Old regions: 13->13
[2022-09-06T11:56:59.810+0000][68][gc,heap     ] GC(12) Archive regions: 2->2
[2022-09-06T11:56:59.810+0000][68][gc,heap     ] GC(12) Humongous regions: 2->2
[2022-09-06T11:56:59.810+0000][68][gc,metaspace] GC(12) Metaspace: 126344K(129664K)->126344K(129664K) NonClass: 109493K(111168K)->109493K(111168K) Class: 16850K(18496K)->16850K(18496K)
[2022-09-06T11:56:59.810+0000][68][gc          ] GC(12) Pause Young (Normal) (G1 Evacuation Pause) 672M->108M(1024M) 16.404ms
[2022-09-06T11:56:59.810+0000][68][gc,cpu      ] GC(12) User=0.10s Sys=0.00s Real=0.01s
[2022-09-06T11:56:59.810+0000][68][safepoint   ] Safepoint "G1CollectForAllocation", Time since last: 820505430 ns, Reaching safepoint: 129456 ns, At safepoint: 16556806 ns, Total: 16686262 ns
[2022-09-06T11:57:00.810+0000][68][safepoint   ] Safepoint "Cleanup", Time since last: 1000178813 ns, Reaching safepoint: 167629 ns, At safepoint: 5260 ns, Total: 172889 ns
[2022-09-06T11:57:01.811+0000][68][safepoint   ] Safepoint "Cleanup", Time since last: 1000306512 ns, Reaching safepoint: 395971 ns, At safepoint: 13348 ns, Total: 409319 ns
[2022-09-06T11:57:02.812+0000][68][safepoint   ] Safepoint "Cleanup", Time since last: 1000330191 ns, Reaching safepoint: 190448 ns, At safepoint: 16803 ns, Total: 207251 ns
[2022-09-06T11:57:03.813+0000][68][safepoint   ] Safepoint "Cleanup", Time since last: 1000272054 ns, Reaching safepoint: 443369 ns, At safepoint: 59047 ns, Total: 502416 ns
[2022-09-06T11:57:05.813+0000][68][safepoint   ] Safepoint "Cleanup", Time since last: 2000562739 ns, Reaching safepoint: 226350 ns, At safepoint: 32552 ns, Total: 258902 ns
[2022-09-06T11:57:06.814+0000][68][safepoint   ] Safepoint "Cleanup", Time since last: 1000307846 ns, Reaching safepoint: 577085 ns, At safepoint: 73706 ns, Total: 650791 ns
[2022-09-06T11:57:08.815+0000][68][safepoint   ] Safepoint "Cleanup", Time since last: 2000466457 ns, Reaching safepoint: 121297 ns, At safepoint: 14747 ns, Total: 136044 ns
[2022-09-06T11:57:09.816+0000][68][safepoint   ] Safepoint "Cleanup", Time since last: 1000335922 ns, Reaching safepoint: 272871 ns, At safepoint: 14093 ns, Total: 286964 ns
[2022-09-06T11:57:10.816+0000][68][safepoint   ] Safepoint "Cleanup", Time since last: 1000288218 ns, Reaching safepoint: 192246 ns, At safepoint: 6887 ns, Total: 199133 ns
[2022-09-06T11:57:11.817+0000][68][safepoint   ] Safepoint "Cleanup", Time since last: 1000360299 ns, Reaching safepoint: 149970 ns, At safepoint: 5166 ns, Total: 155136 ns
[2022-09-06T11:57:12.817+0000][68][safepoint   ] Safepoint "Cleanup", Time since last: 1000328696 ns, Reaching safepoint: 262105 ns, At safepoint: 33977 ns, Total: 296082 ns
[2022-09-06T11:57:13.818+0000][68][safepoint   ] Safepoint "Cleanup", Time since last: 1000221573 ns, Reaching safepoint: 314909 ns, At safepoint: 10849 ns, Total: 325758 ns
[2022-09-06T11:57:14.818+0000][68][safepoint   ] Safepoint "Cleanup", Time since last: 1000212168 ns, Reaching safepoint: 201825 ns, At safepoint: 82809 ns, Total: 284634 ns
[2022-09-06T11:57:15.819+0000][68][safepoint   ] Safepoint "Cleanup", Time since last: 1000238178 ns, Reaching safepoint: 272378 ns, At safepoint: 37688 ns, Total: 310066 ns
[2022-09-06T11:57:16.819+0000][68][safepoint   ] Safepoint "Cleanup", Time since last: 1000286416 ns, Reaching safepoint: 210935 ns, At safepoint: 27344 ns, Total: 238279 ns
[2022-09-06T11:57:17.820+0000][68][safepoint   ] Safepoint "Cleanup", Time since last: 1000169978 ns, Reaching safepoint: 162040 ns, At safepoint: 43222 ns, Total: 205262 ns
[2022-09-06T11:57:18.820+0000][68][safepoint   ] Safepoint "Cleanup", Time since last: 1000185066 ns, Reaching safepoint: 320179 ns, At safepoint: 42132 ns, Total: 362311 ns
[2022-09-06T11:57:20.821+0000][68][safepoint   ] Safepoint "Cleanup", Time since last: 2000461675 ns, Reaching safepoint: 129131 ns, At safepoint: 13952 ns, Total: 143083 ns
[2022-09-06T11:57:21.964+0000][68][safepoint   ] Safepoint "Cleanup", Time since last: 1142925069 ns, Reaching safepoint: 215129 ns, At safepoint: 6221 ns, Total: 221350 ns
[2022-09-06T11:57:23.965+0000][68][safepoint   ] Safepoint "Cleanup", Time since last: 2000563935 ns, Reaching safepoint: 186892 ns, At safepoint: 11267 ns, Total: 198159 ns
[2022-09-06T11:57:24.965+0000][68][safepoint   ] Safepoint "Cleanup", Time since last: 1000199176 ns, Reaching safepoint: 179630 ns, At safepoint: 8527 ns, Total: 188157 ns
[2022-09-06T11:57:26.966+0000][68][safepoint   ] Safepoint "Cleanup", Time since last: 2000437972 ns, Reaching safepoint: 483634 ns, At safepoint: 4791 ns, Total: 488425 ns
[2022-09-06T11:57:28.966+0000][68][safepoint   ] Safepoint "Cleanup", Time since last: 2000519474 ns, Reaching safepoint: 140409 ns, At safepoint: 3319 ns, Total: 143728 ns
[2022-09-06T11:57:29.967+0000][68][safepoint   ] Safepoint "Cleanup", Time since last: 1000262589 ns, Reaching safepoint: 256105 ns, At safepoint: 18676 ns, Total: 274781 ns
[2022-09-06T11:57:30.968+0000][68][safepoint   ] Safepoint "Cleanup", Time since last: 1000321459 ns, Reaching safepoint: 276651 ns, At safepoint: 17857 ns, Total: 294508 ns
[2022-09-06T11:57:31.968+0000][68][safepoint   ] Safepoint "Cleanup", Time since last: 1000337292 ns, Reaching safepoint: 168927 ns, At safepoint: 4215 ns, Total: 173142 ns
[2022-09-06T11:57:32.969+0000][68][safepoint   ] Safepoint "Cleanup", Time since last: 1000355140 ns, Reaching safepoint: 172896 ns, At safepoint: 5711 ns, Total: 178607 ns
[2022-09-06T11:57:33.969+0000][68][safepoint   ] Safepoint "Cleanup", Time since last: 1000366600 ns, Reaching safepoint: 160180 ns, At safepoint: 8427 ns, Total: 168607 ns
[2022-09-06T11:57:36.970+0000][68][safepoint   ] Safepoint "Cleanup", Time since last: 3000775658 ns, Reaching safepoint: 217178 ns, At safepoint: 8514 ns, Total: 225692 ns
[2022-09-06T11:57:38.971+0000][68][safepoint   ] Safepoint "Cleanup", Time since last: 2000725187 ns, Reaching safepoint: 317179 ns, At safepoint: 6479 ns, Total: 323658 ns
[2022-09-06T11:57:39.972+0000][68][safepoint   ] Safepoint "Cleanup", Time since last: 1000313169 ns, Reaching safepoint: 227385 ns, At safepoint: 4640 ns, Total: 232025 ns
[2022-09-06T11:57:41.599+0000][68][safepoint   ] Safepoint "Cleanup", Time since last: 1626692887 ns, Reaching safepoint: 139416 ns, At safepoint: 26674 ns, Total: 166090 ns
[2022-09-06T11:57:42.599+0000][68][safepoint   ] Safepoint "Cleanup", Time since last: 1000291468 ns, Reaching safepoint: 178152 ns, At safepoint: 2912 ns, Total: 181064 ns
[2022-09-06T11:57:43.600+0000][68][safepoint   ] Safepoint "Cleanup", Time since last: 1000284537 ns, Reaching safepoint: 250955 ns, At safepoint: 7479 ns, Total: 258434 ns
[2022-09-06T11:57:44.600+0000][68][safepoint   ] Safepoint "Cleanup", Time since last: 1000352532 ns, Reaching safepoint: 303381 ns, At safepoint: 9108 ns, Total: 312489 ns
[2022-09-06T11:57:45.601+0000][68][safepoint   ] Safepoint "Cleanup", Time since last: 1000432793 ns, Reaching safepoint: 239319 ns, At safepoint: 7833 ns, Total: 247152 ns
[2022-09-06T11:57:46.602+0000][68][safepoint   ] Safepoint "Cleanup", Time since last: 1000297294 ns, Reaching safepoint: 250596 ns, At safepoint: 9178 ns, Total: 259774 ns
[2022-09-06T11:57:48.602+0000][68][safepoint   ] Safepoint "Cleanup", Time since last: 2000380035 ns, Reaching safepoint: 142201 ns, At safepoint: 3656 ns, Total: 145857 ns
[2022-09-06T11:57:49.603+0000][68][safepoint   ] Safepoint "Cleanup", Time since last: 1000311178 ns, Reaching safepoint: 441451 ns, At safepoint: 51707 ns, Total: 493158 ns
[2022-09-06T11:57:51.604+0000][68][safepoint   ] Safepoint "Cleanup", Time since last: 2000429988 ns, Reaching safepoint: 283383 ns, At safepoint: 9270 ns, Total: 292653 ns
[2022-09-06T11:57:52.604+0000][68][safepoint   ] Safepoint "Cleanup", Time since last: 1000239136 ns, Reaching safepoint: 135518 ns, At safepoint: 3462 ns, Total: 138980 ns
[2022-09-06T11:57:53.604+0000][68][safepoint   ] Safepoint "Cleanup", Time since last: 1000181694 ns, Reaching safepoint: 243291 ns, At safepoint: 9064 ns, Total: 252355 ns
[2022-09-06T11:57:54.605+0000][68][safepoint   ] Safepoint "Cleanup", Time since last: 1000198060 ns, Reaching safepoint: 120601 ns, At safepoint: 3120 ns, Total: 123721 ns
[2022-09-06T11:57:55.605+0000][68][safepoint   ] Safepoint "Cleanup", Time since last: 1000149221 ns, Reaching safepoint: 208804 ns, At safepoint: 7550 ns, Total: 216354 ns
[2022-09-06T11:57:56.606+0000][68][safepoint   ] Safepoint "Cleanup", Time since last: 1000226325 ns, Reaching safepoint: 182748 ns, At safepoint: 9445 ns, Total: 192193 ns
[2022-09-06T11:57:57.606+0000][68][safepoint   ] Safepoint "Cleanup", Time since last: 1000250699 ns, Reaching safepoint: 231825 ns, At safepoint: 8792 ns, Total: 240617 ns
[2022-09-06T11:57:59.606+0000][68][safepoint   ] Safepoint "Cleanup", Time since last: 2000348362 ns, Reaching safepoint: 152070 ns, At safepoint: 3902 ns, Total: 155972 ns
[2022-09-06T11:58:00.607+0000][68][safepoint   ] Safepoint "Cleanup", Time since last: 1000277914 ns, Reaching safepoint: 169688 ns, At safepoint: 10788 ns, Total: 180476 ns
[2022-09-06T11:58:01.607+0000][68][safepoint   ] Safepoint "Cleanup", Time since last: 1000286353 ns, Reaching safepoint: 158609 ns, At safepoint: 3663 ns, Total: 162272 ns
[2022-09-06T11:58:02.608+0000][68][safepoint   ] Safepoint "Cleanup", Time since last: 1000218236 ns, Reaching safepoint: 293255 ns, At safepoint: 17185 ns, Total: 310440 ns
[2022-09-06T11:58:03.608+0000][68][safepoint   ] Safepoint "Cleanup", Time since last: 1000194414 ns, Reaching safepoint: 156231 ns, At safepoint: 3413 ns, Total: 159644 ns
[2022-09-06T11:58:04.609+0000][68][safepoint   ] Safepoint "Cleanup", Time since last: 1000382098 ns, Reaching safepoint: 356077 ns, At safepoint: 23754 ns, Total: 379831 ns
[2022-09-06T11:58:06.610+0000][68][safepoint   ] Safepoint "Cleanup", Time since last: 2000528287 ns, Reaching safepoint: 251660 ns, At safepoint: 6643 ns, Total: 258303 ns
[2022-09-06T11:58:07.611+0000][68][safepoint   ] Safepoint "Cleanup", Time since last: 1000307862 ns, Reaching safepoint: 350299 ns, At safepoint: 40038 ns, Total: 390337 ns
[2022-09-06T11:58:09.611+0000][68][safepoint   ] Safepoint "Cleanup", Time since last: 2000685804 ns, Reaching safepoint: 244001 ns, At safepoint: 7261 ns, Total: 251262 ns
[2022-09-06T11:58:12.612+0000][68][safepoint   ] Safepoint "Cleanup", Time since last: 3000363742 ns, Reaching safepoint: 170029 ns, At safepoint: 7413 ns, Total: 177442 ns
[2022-09-06T11:58:15.613+0000][68][safepoint   ] Safepoint "Cleanup", Time since last: 3000654315 ns, Reaching safepoint: 297781 ns, At safepoint: 12899 ns, Total: 310680 ns
[2022-09-06T11:58:18.614+0000][68][safepoint   ] Safepoint "Cleanup", Time since last: 3000864562 ns, Reaching safepoint: 151996 ns, At safepoint: 7908 ns, Total: 159904 ns
[2022-09-06T11:58:19.614+0000][68][safepoint   ] Safepoint "Cleanup", Time since last: 1000194921 ns, Reaching safepoint: 136834 ns, At safepoint: 3763 ns, Total: 140597 ns
[2022-09-06T11:58:21.615+0000][68][safepoint   ] Safepoint "Cleanup", Time since last: 2000557844 ns, Reaching safepoint: 594543 ns, At safepoint: 36711 ns, Total: 631254 ns
[2022-09-06T11:58:22.616+0000][68][safepoint   ] Safepoint "Cleanup", Time since last: 1000543924 ns, Reaching safepoint: 288835 ns, At safepoint: 7727 ns, Total: 296562 ns
[2022-09-06T11:58:23.617+0000][68][safepoint   ] Safepoint "Cleanup", Time since last: 1000323477 ns, Reaching safepoint: 297177 ns, At safepoint: 15171 ns, Total: 312348 ns
[2022-09-06T11:58:24.618+0000][68][safepoint   ] Safepoint "Cleanup", Time since last: 1000307019 ns, Reaching safepoint: 346617 ns, At safepoint: 10125 ns, Total: 356742 ns
[2022-09-06T11:58:26.618+0000][68][safepoint   ] Safepoint "Cleanup", Time since last: 2000392568 ns, Reaching safepoint: 160641 ns, At safepoint: 3601 ns, Total: 164242 ns
[2022-09-06T11:58:27.619+0000][68][safepoint   ] Safepoint "Cleanup", Time since last: 1000262031 ns, Reaching safepoint: 172611 ns, At safepoint: 7378 ns, Total: 179989 ns
[2022-09-06T11:58:30.620+0000][68][safepoint   ] Safepoint "Cleanup", Time since last: 3000642547 ns, Reaching safepoint: 378122 ns, At safepoint: 16190 ns, Total: 394312 ns
[2022-09-06T11:58:31.621+0000][68][safepoint   ] Safepoint "Cleanup", Time since last: 1000380833 ns, Reaching safepoint: 290579 ns, At safepoint: 18398 ns, Total: 308977 ns
[2022-09-06T11:58:32.621+0000][68][safepoint   ] Safepoint "Cleanup", Time since last: 1000286360 ns, Reaching safepoint: 274927 ns, At safepoint: 8336 ns, Total: 283263 ns
[2022-09-06T11:58:33.622+0000][68][safepoint   ] Safepoint "Cleanup", Time since last: 1000291833 ns, Reaching safepoint: 309841 ns, At safepoint: 7058 ns, Total: 316899 ns
[2022-09-06T11:58:34.622+0000][68][safepoint   ] Safepoint "Cleanup", Time since last: 1000227529 ns, Reaching safepoint: 147494 ns, At safepoint: 4073 ns, Total: 151567 ns
[2022-09-06T11:58:36.623+0000][68][safepoint   ] Safepoint "Cleanup", Time since last: 2000371572 ns, Reaching safepoint: 250563 ns, At safepoint: 7404 ns, Total: 257967 ns
[2022-09-06T11:58:39.624+0000][68][safepoint   ] Safepoint "Cleanup", Time since last: 3000917394 ns, Reaching safepoint: 310522 ns, At safepoint: 6540 ns, Total: 317062 ns
[2022-09-06T11:58:42.625+0000][68][safepoint   ] Safepoint "Cleanup", Time since last: 3000783308 ns, Reaching safepoint: 155516 ns, At safepoint: 4027 ns, Total: 159543 ns
[2022-09-06T11:58:45.626+0000][68][safepoint   ] Safepoint "Cleanup", Time since last: 3000906506 ns, Reaching safepoint: 368882 ns, At safepoint: 11352 ns, Total: 380234 ns
[2022-09-06T11:58:48.627+0000][68][safepoint   ] Safepoint "Cleanup", Time since last: 3000822325 ns, Reaching safepoint: 162509 ns, At safepoint: 4717 ns, Total: 167226 ns
[2022-09-06T11:58:51.628+0000][68][safepoint   ] Safepoint "Cleanup", Time since last: 3000622677 ns, Reaching safepoint: 236810 ns, At safepoint: 6564 ns, Total: 243374 ns
[2022-09-06T11:58:53.629+0000][68][safepoint   ] Safepoint "Cleanup", Time since last: 2000518135 ns, Reaching safepoint: 454105 ns, At safepoint: 24483 ns, Total: 478588 ns
[2022-09-06T11:58:54.630+0000][68][safepoint   ] Safepoint "Cleanup", Time since last: 1000289292 ns, Reaching safepoint: 309833 ns, At safepoint: 48810 ns, Total: 358643 ns
[2022-09-06T11:58:57.020+0000][68][gc,start    ] GC(13) Pause Young (Normal) (G1 Evacuation Pause)
[2022-09-06T11:58:57.020+0000][68][gc,task     ] GC(13) Using 8 workers of 8 for evacuation
[2022-09-06T11:58:57.020+0000][68][gc,age      ] GC(13) Desired survivor size 41943040 bytes, new threshold 3 (max threshold 15)
[2022-09-06T11:58:57.036+0000][68][gc,phases   ] GC(13)   Pre Evacuate Collection Set: 0.2ms
[2022-09-06T11:58:57.036+0000][68][gc,phases   ] GC(13)   Merge Heap Roots: 0.1ms
[2022-09-06T11:58:57.036+0000][68][gc,phases   ] GC(13)   Evacuate Collection Set: 12.6ms
[2022-09-06T11:58:57.036+0000][68][gc,phases   ] GC(13)   Post Evacuate Collection Set: 3.0ms
[2022-09-06T11:58:57.036+0000][68][gc,phases   ] GC(13)   Other: 0.2ms
[2022-09-06T11:58:57.036+0000][68][gc,age      ] GC(13) Age table with threshold 3 (max threshold 15)
[2022-09-06T11:58:57.036+0000][68][gc,age      ] GC(13) - age   1:    2561160 bytes,    2561160 total
[2022-09-06T11:58:57.036+0000][68][gc,age      ] GC(13) - age   2:    1728664 bytes,    4289824 total
[2022-09-06T11:58:57.036+0000][68][gc,age      ] GC(13) - age   3:   22356912 bytes,   26646736 total
[2022-09-06T11:58:57.036+0000][68][gc,heap     ] GC(13) Eden regions: 141->0(145)
[2022-09-06T11:58:57.036+0000][68][gc,heap     ] GC(13) Survivor regions: 12->8(20)
[2022-09-06T11:58:57.036+0000][68][gc,heap     ] GC(13) Old regions: 13->17
[2022-09-06T11:58:57.036+0000][68][gc,heap     ] GC(13) Archive regions: 2->2
[2022-09-06T11:58:57.036+0000][68][gc,heap     ] GC(13) Humongous regions: 2->2
[2022-09-06T11:58:57.036+0000][68][gc,metaspace] GC(13) Metaspace: 127593K(130880K)->127593K(130880K) NonClass: 110698K(112384K)->110698K(112384K) Class: 16895K(18496K)->16895K(18496K)
[2022-09-06T11:58:57.037+0000][68][gc          ] GC(13) Pause Young (Normal) (G1 Evacuation Pause) 672M->108M(1024M) 16.328ms
[2022-09-06T11:58:57.037+0000][68][gc,cpu      ] GC(13) User=0.10s Sys=0.00s Real=0.01s
[2022-09-06T11:58:57.037+0000][68][safepoint   ] Safepoint "G1CollectForAllocation", Time since last: 2390284742 ns, Reaching safepoint: 210005 ns, At safepoint: 16466894 ns, Total: 16676899 ns
[2022-09-06T11:59:00.038+0000][68][safepoint   ] Safepoint "Cleanup", Time since last: 3000842728 ns, Reaching safepoint: 161237 ns, At safepoint: 4338 ns, Total: 165575 ns
[2022-09-06T11:59:02.038+0000][68][safepoint   ] Safepoint "Cleanup", Time since last: 2000532279 ns, Reaching safepoint: 153544 ns, At safepoint: 17933 ns, Total: 171477 ns
[2022-09-06T11:59:03.039+0000][68][safepoint   ] Safepoint "Cleanup", Time since last: 1000233435 ns, Reaching safepoint: 124041 ns, At safepoint: 17341 ns, Total: 141382 ns
[2022-09-06T11:59:04.039+0000][68][safepoint   ] Safepoint "Cleanup", Time since last: 1000409783 ns, Reaching safepoint: 178476 ns, At safepoint: 7459 ns, Total: 185935 ns
[2022-09-06T11:59:06.040+0000][68][safepoint   ] Safepoint "Cleanup", Time since last: 2000530909 ns, Reaching safepoint: 174698 ns, At safepoint: 18745 ns, Total: 193443 ns
[2022-09-06T11:59:07.040+0000][68][safepoint   ] Safepoint "Cleanup", Time since last: 1000240817 ns, Reaching safepoint: 202567 ns, At safepoint: 9450 ns, Total: 212017 ns
[2022-09-06T11:59:08.041+0000][68][safepoint   ] Safepoint "Cleanup", Time since last: 1000404559 ns, Reaching safepoint: 179256 ns, At safepoint: 16584 ns, Total: 195840 ns
[2022-09-06T11:59:09.041+0000][68][safepoint   ] Safepoint "Cleanup", Time since last: 1000205939 ns, Reaching safepoint: 140884 ns, At safepoint: 14996 ns, Total: 155880 ns
[2022-09-06T11:59:10.042+0000][68][safepoint   ] Safepoint "Cleanup", Time since last: 1000280516 ns, Reaching safepoint: 145967 ns, At safepoint: 14894 ns, Total: 160861 ns
[2022-09-06T11:59:12.043+0000][68][safepoint   ] Safepoint "Cleanup", Time since last: 2000516243 ns, Reaching safepoint: 212255 ns, At safepoint: 6026 ns, Total: 218281 ns
[2022-09-06T11:59:15.044+0000][68][safepoint   ] Safepoint "Cleanup", Time since last: 3000810298 ns, Reaching safepoint: 211595 ns, At safepoint: 6362 ns, Total: 217957 ns
[2022-09-06T11:59:16.044+0000][68][safepoint   ] Safepoint "Cleanup", Time since last: 1000400280 ns, Reaching safepoint: 172733 ns, At safepoint: 21549 ns, Total: 194282 ns
[2022-09-06T11:59:18.045+0000][68][safepoint   ] Safepoint "Cleanup", Time since last: 2000288290 ns, Reaching safepoint: 156701 ns, At safepoint: 4108 ns, Total: 160809 ns
[2022-09-06T11:59:21.045+0000][68][safepoint   ] Safepoint "Cleanup", Time since last: 3000735841 ns, Reaching safepoint: 149733 ns, At safepoint: 3744 ns, Total: 153477 ns
[2022-09-06T11:59:23.047+0000][68][safepoint   ] Safepoint "Cleanup", Time since last: 2000812223 ns, Reaching safepoint: 196576 ns, At safepoint: 6779 ns, Total: 203355 ns
[2022-09-06T11:59:24.047+0000][68][safepoint   ] Safepoint "Cleanup", Time since last: 1000371081 ns, Reaching safepoint: 277626 ns, At safepoint: 44425 ns, Total: 322051 ns
[2022-09-06T11:59:27.048+0000][68][safepoint   ] Safepoint "Cleanup", Time since last: 3000796859 ns, Reaching safepoint: 370463 ns, At safepoint: 44712 ns, Total: 415175 ns
[2022-09-06T11:59:28.050+0000][68][safepoint   ] Safepoint "Cleanup", Time since last: 1000451888 ns, Reaching safepoint: 646921 ns, At safepoint: 73989 ns, Total: 720910 ns
[2022-09-06T11:59:29.050+0000][68][safepoint   ] Safepoint "Cleanup", Time since last: 1000301366 ns, Reaching safepoint: 490452 ns, At safepoint: 71258 ns, Total: 561710 ns
[2022-09-06T11:59:30.051+0000][68][safepoint   ] Safepoint "Cleanup", Time since last: 1000371324 ns, Reaching safepoint: 415046 ns, At safepoint: 47327 ns, Total: 462373 ns
[2022-09-06T11:59:31.052+0000][68][safepoint   ] Safepoint "Cleanup", Time since last: 1000465020 ns, Reaching safepoint: 385455 ns, At safepoint: 78735 ns, Total: 464190 ns
[2022-09-06T11:59:32.053+0000][68][safepoint   ] Safepoint "Cleanup", Time since last: 1000497639 ns, Reaching safepoint: 364085 ns, At safepoint: 48470 ns, Total: 412555 ns
[2022-09-06T11:59:33.054+0000][68][safepoint   ] Safepoint "Cleanup", Time since last: 1000358416 ns, Reaching safepoint: 613591 ns, At safepoint: 82701 ns, Total: 696292 ns
[2022-09-06T11:59:36.056+0000][68][safepoint   ] Safepoint "Cleanup", Time since last: 3000966344 ns, Reaching safepoint: 542047 ns, At safepoint: 81088 ns, Total: 623135 ns
[2022-09-06T11:59:39.057+0000][68][safepoint   ] Safepoint "Cleanup", Time since last: 3000923193 ns, Reaching safepoint: 404540 ns, At safepoint: 10563 ns, Total: 415103 ns
[2022-09-06T11:59:42.059+0000][68][safepoint   ] Safepoint "Cleanup", Time since last: 3001081913 ns, Reaching safepoint: 385085 ns, At safepoint: 10763 ns, Total: 395848 ns
[2022-09-06T11:59:43.059+0000][68][safepoint   ] Safepoint "Cleanup", Time since last: 1000448311 ns, Reaching safepoint: 351108 ns, At safepoint: 11153 ns, Total: 362261 ns
[2022-09-06T11:59:45.061+0000][68][safepoint   ] Safepoint "Cleanup", Time since last: 2000616158 ns, Reaching safepoint: 470059 ns, At safepoint: 76424 ns, Total: 546483 ns
[2022-09-06T11:59:51.063+0000][68][safepoint   ] Safepoint "Cleanup", Time since last: 6001842648 ns, Reaching safepoint: 398411 ns, At safepoint: 11648 ns, Total: 410059 ns
[2022-09-06T11:59:52.064+0000][68][safepoint   ] Safepoint "Cleanup", Time since last: 1000364214 ns, Reaching safepoint: 370996 ns, At safepoint: 12999 ns, Total: 383995 ns
[2022-09-06T11:59:54.860+0000][68][safepoint   ] Safepoint "Cleanup", Time since last: 2795841117 ns, Reaching safepoint: 552725 ns, At safepoint: 13766 ns, Total: 566491 ns
[2022-09-06T11:59:55.861+0000][68][safepoint   ] Safepoint "Cleanup", Time since last: 1000362597 ns, Reaching safepoint: 345253 ns, At safepoint: 8636 ns, Total: 353889 ns
[2022-09-06T11:59:56.861+0000][68][safepoint   ] Safepoint "Cleanup", Time since last: 1000351864 ns, Reaching safepoint: 192634 ns, At safepoint: 17808 ns, Total: 210442 ns
[2022-09-06T11:59:57.862+0000][68][safepoint   ] Safepoint "Cleanup", Time since last: 1000214756 ns, Reaching safepoint: 211692 ns, At safepoint: 7678 ns, Total: 219370 ns
[2022-09-06T11:59:59.863+0000][68][safepoint   ] Safepoint "Cleanup", Time since last: 2000554733 ns, Reaching safepoint: 720352 ns, At safepoint: 55308 ns, Total: 775660 ns
[2022-09-06T12:00:00.864+0000][68][safepoint   ] Safepoint "Cleanup", Time since last: 1000361828 ns, Reaching safepoint: 445788 ns, At safepoint: 28897 ns, Total: 474685 ns
[2022-09-06T12:00:02.865+0000][68][safepoint   ] Safepoint "Cleanup", Time since last: 2000736867 ns, Reaching safepoint: 263050 ns, At safepoint: 11687 ns, Total: 274737 ns
[2022-09-06T12:00:03.866+0000][68][safepoint   ] Safepoint "Cleanup", Time since last: 1000219050 ns, Reaching safepoint: 160513 ns, At safepoint: 6064 ns, Total: 166577 ns
[2022-09-06T12:00:05.866+0000][68][safepoint   ] Safepoint "Cleanup", Time since last: 2000576601 ns, Reaching safepoint: 192464 ns, At safepoint: 6891 ns, Total: 199355 ns
[2022-09-06T12:00:06.867+0000][68][safepoint   ] Safepoint "Cleanup", Time since last: 1000240891 ns, Reaching safepoint: 176822 ns, At safepoint: 8976 ns, Total: 185798 ns
[2022-09-06T12:00:08.868+0000][68][safepoint   ] Safepoint "Cleanup", Time since last: 2000521051 ns, Reaching safepoint: 172496 ns, At safepoint: 4852 ns, Total: 177348 ns
[2022-09-06T12:00:09.868+0000][68][safepoint   ] Safepoint "Cleanup", Time since last: 1000422430 ns, Reaching safepoint: 377263 ns, At safepoint: 9034 ns, Total: 386297 ns
[2022-09-06T12:00:12.869+0000][68][safepoint   ] Safepoint "Cleanup", Time since last: 3000619381 ns, Reaching safepoint: 179089 ns, At safepoint: 6570 ns, Total: 185659 ns
[2022-09-06T12:00:14.870+0000][68][safepoint   ] Safepoint "Cleanup", Time since last: 2000440172 ns, Reaching safepoint: 199473 ns, At safepoint: 8233 ns, Total: 207706 ns
[2022-09-06T12:00:15.870+0000][68][safepoint   ] Safepoint "Cleanup", Time since last: 1000191680 ns, Reaching safepoint: 147069 ns, At safepoint: 3790 ns, Total: 150859 ns
[2022-09-06T12:00:17.871+0000][68][safepoint   ] Safepoint "Cleanup", Time since last: 2000393866 ns, Reaching safepoint: 192807 ns, At safepoint: 9028 ns, Total: 201835 ns
[2022-09-06T12:00:18.871+0000][68][safepoint   ] Safepoint "Cleanup", Time since last: 1000318147 ns, Reaching safepoint: 162247 ns, At safepoint: 6422 ns, Total: 168669 ns
[2022-09-06T12:00:19.872+0000][68][safepoint   ] Safepoint "Cleanup", Time since last: 1000448611 ns, Reaching safepoint: 171990 ns, At safepoint: 7013 ns, Total: 179003 ns
[2022-09-06T12:00:20.872+0000][68][safepoint   ] Safepoint "Cleanup", Time since last: 1000386343 ns, Reaching safepoint: 153410 ns, At safepoint: 4614 ns, Total: 158024 ns
[2022-09-06T12:00:22.873+0000][68][safepoint   ] Safepoint "Cleanup", Time since last: 2000388936 ns, Reaching safepoint: 171681 ns, At safepoint: 3563 ns, Total: 175244 ns
[2022-09-06T12:00:23.873+0000][68][safepoint   ] Safepoint "Cleanup", Time since last: 1000154094 ns, Reaching safepoint: 291928 ns, At safepoint: 12586 ns, Total: 304514 ns
[2022-09-06T12:00:24.874+0000][68][safepoint   ] Safepoint "Cleanup", Time since last: 1000179535 ns, Reaching safepoint: 151547 ns, At safepoint: 4741 ns, Total: 156288 ns
[2022-09-06T12:00:26.875+0000][68][safepoint   ] Safepoint "Cleanup", Time since last: 2000767072 ns, Reaching safepoint: 372695 ns, At safepoint: 18124 ns, Total: 390819 ns
[2022-09-06T12:00:27.875+0000][68][safepoint   ] Safepoint "Cleanup", Time since last: 1000198048 ns, Reaching safepoint: 313128 ns, At safepoint: 9678 ns, Total: 322806 ns
[2022-09-06T12:00:29.876+0000][68][safepoint   ] Safepoint "Cleanup", Time since last: 2000649468 ns, Reaching safepoint: 155297 ns, At safepoint: 4563 ns, Total: 159860 ns
[2022-09-06T12:00:30.877+0000][68][safepoint   ] Safepoint "Cleanup", Time since last: 1000379816 ns, Reaching safepoint: 367133 ns, At safepoint: 11233 ns, Total: 378366 ns
[2022-09-06T12:00:32.877+0000][68][safepoint   ] Safepoint "Cleanup", Time since last: 2000399716 ns, Reaching safepoint: 108766 ns, At safepoint: 4283 ns, Total: 113049 ns
[2022-09-06T12:00:33.878+0000][68][safepoint   ] Safepoint "Cleanup", Time since last: 1000227354 ns, Reaching safepoint: 277025 ns, At safepoint: 9739 ns, Total: 286764 ns
[2022-09-06T12:00:35.879+0000][68][safepoint   ] Safepoint "Cleanup", Time since last: 2000671521 ns, Reaching safepoint: 262130 ns, At safepoint: 20554 ns, Total: 282684 ns
[2022-09-06T12:00:38.880+0000][68][safepoint   ] Safepoint "Cleanup", Time since last: 3000787849 ns, Reaching safepoint: 324622 ns, At safepoint: 23132 ns, Total: 347754 ns
[2022-09-06T12:00:39.880+0000][68][safepoint   ] Safepoint "Cleanup", Time since last: 1000282497 ns, Reaching safepoint: 161035 ns, At safepoint: 4567 ns, Total: 165602 ns
[2022-09-06T12:00:41.881+0000][68][safepoint   ] Safepoint "Cleanup", Time since last: 2000364073 ns, Reaching safepoint: 128626 ns, At safepoint: 2932 ns, Total: 131558 ns
[2022-09-06T12:00:42.881+0000][68][safepoint   ] Safepoint "Cleanup", Time since last: 1000249501 ns, Reaching safepoint: 295387 ns, At safepoint: 9359 ns, Total: 304746 ns
[2022-09-06T12:00:45.883+0000][68][safepoint   ] Safepoint "Cleanup", Time since last: 3001085073 ns, Reaching safepoint: 371352 ns, At safepoint: 14136 ns, Total: 385488 ns
[2022-09-06T12:00:47.884+0000][68][safepoint   ] Safepoint "Cleanup", Time since last: 2000823969 ns, Reaching safepoint: 178099 ns, At safepoint: 4454 ns, Total: 182553 ns
[2022-09-06T12:00:52.885+0000][68][safepoint   ] Safepoint "Cleanup", Time since last: 5001277676 ns, Reaching safepoint: 381924 ns, At safepoint: 10886 ns, Total: 392810 ns
[2022-09-06T12:00:53.886+0000][68][safepoint   ] Safepoint "Cleanup", Time since last: 1000217254 ns, Reaching safepoint: 145141 ns, At safepoint: 3678 ns, Total: 148819 ns
[2022-09-06T12:00:54.886+0000][68][safepoint   ] Safepoint "Cleanup", Time since last: 1000272244 ns, Reaching safepoint: 148020 ns, At safepoint: 7723 ns, Total: 155743 ns
[2022-09-06T12:00:56.887+0000][68][safepoint   ] Safepoint "Cleanup", Time since last: 2000393000 ns, Reaching safepoint: 145896 ns, At safepoint: 4862 ns, Total: 150758 ns
[2022-09-06T12:00:57.887+0000][68][safepoint   ] Safepoint "Cleanup", Time since last: 1000234228 ns, Reaching safepoint: 179654 ns, At safepoint: 3483 ns, Total: 183137 ns
[2022-09-06T12:00:59.798+0000][68][gc,start    ] GC(14) Pause Young (Normal) (G1 Evacuation Pause)
[2022-09-06T12:00:59.798+0000][68][gc,task     ] GC(14) Using 8 workers of 8 for evacuation
[2022-09-06T12:00:59.798+0000][68][gc,age      ] GC(14) Desired survivor size 41943040 bytes, new threshold 15 (max threshold 15)
[2022-09-06T12:00:59.808+0000][68][gc,phases   ] GC(14)   Pre Evacuate Collection Set: 0.2ms
[2022-09-06T12:00:59.808+0000][68][gc,phases   ] GC(14)   Merge Heap Roots: 0.1ms
[2022-09-06T12:00:59.808+0000][68][gc,phases   ] GC(14)   Evacuate Collection Set: 7.5ms
[2022-09-06T12:00:59.808+0000][68][gc,phases   ] GC(14)   Post Evacuate Collection Set: 2.4ms
[2022-09-06T12:00:59.808+0000][68][gc,phases   ] GC(14)   Other: 0.2ms
[2022-09-06T12:00:59.808+0000][68][gc,age      ] GC(14) Age table with threshold 15 (max threshold 15)
[2022-09-06T12:00:59.808+0000][68][gc,age      ] GC(14) - age   1:    1709736 bytes,    1709736 total
[2022-09-06T12:00:59.808+0000][68][gc,age      ] GC(14) - age   2:     824192 bytes,    2533928 total
[2022-09-06T12:00:59.808+0000][68][gc,age      ] GC(14) - age   3:    1717736 bytes,    4251664 total
[2022-09-06T12:00:59.808+0000][68][gc,age      ] GC(14) - age   4:   22157320 bytes,   26408984 total
[2022-09-06T12:00:59.808+0000][68][gc,heap     ] GC(14) Eden regions: 145->0(146)
[2022-09-06T12:00:59.808+0000][68][gc,heap     ] GC(14) Survivor regions: 8->7(20)
[2022-09-06T12:00:59.808+0000][68][gc,heap     ] GC(14) Old regions: 17->17
[2022-09-06T12:00:59.808+0000][68][gc,heap     ] GC(14) Archive regions: 2->2
[2022-09-06T12:00:59.808+0000][68][gc,heap     ] GC(14) Humongous regions: 2->2
[2022-09-06T12:00:59.808+0000][68][gc,metaspace] GC(14) Metaspace: 128190K(131584K)->128190K(131584K) NonClass: 111286K(113024K)->111286K(113024K) Class: 16903K(18560K)->16903K(18560K)
[2022-09-06T12:00:59.808+0000][68][gc          ] GC(14) Pause Young (Normal) (G1 Evacuation Pause) 688M->107M(1024M) 10.710ms
[2022-09-06T12:00:59.808+0000][68][gc,cpu      ] GC(14) User=0.06s Sys=0.00s Real=0.01s
[2022-09-06T12:00:59.808+0000][68][safepoint   ] Safepoint "G1CollectForAllocation", Time since last: 1910076632 ns, Reaching safepoint: 274428 ns, At safepoint: 10898452 ns, Total: 11172880 ns
[2022-09-06T12:01:00.809+0000][68][safepoint   ] Safepoint "Cleanup", Time since last: 1000287466 ns, Reaching safepoint: 452591 ns, At safepoint: 12908 ns, Total: 465499 ns
[2022-09-06T12:01:02.810+0000][68][safepoint   ] Safepoint "Cleanup", Time since last: 2000568206 ns, Reaching safepoint: 181660 ns, At safepoint: 10495 ns, Total: 192155 ns
[2022-09-06T12:01:05.811+0000][68][safepoint   ] Safepoint "Cleanup", Time since last: 3000554372 ns, Reaching safepoint: 281364 ns, At safepoint: 33344 ns, Total: 314708 ns
[2022-09-06T12:01:06.811+0000][68][safepoint   ] Safepoint "Cleanup", Time since last: 1000142933 ns, Reaching safepoint: 151378 ns, At safepoint: 2990 ns, Total: 154368 ns
[2022-09-06T12:01:08.812+0000][68][safepoint   ] Safepoint "Cleanup", Time since last: 2000290895 ns, Reaching safepoint: 165233 ns, At safepoint: 20501 ns, Total: 185734 ns
[2022-09-06T12:01:09.812+0000][68][safepoint   ] Safepoint "Cleanup", Time since last: 1000234711 ns, Reaching safepoint: 140532 ns, At safepoint: 5291 ns, Total: 145823 ns
[2022-09-06T12:01:12.813+0000][68][safepoint   ] Safepoint "Cleanup", Time since last: 3000700001 ns, Reaching safepoint: 146640 ns, At safepoint: 3693 ns, Total: 150333 ns
[2022-09-06T12:01:14.813+0000][68][safepoint   ] Safepoint "Cleanup", Time since last: 2000404776 ns, Reaching safepoint: 256535 ns, At safepoint: 10279 ns, Total: 266814 ns
[2022-09-06T12:01:15.820+0000][68][safepoint   ] Safepoint "Cleanup", Time since last: 1006088936 ns, Reaching safepoint: 238154 ns, At safepoint: 10891 ns, Total: 249045 ns
[2022-09-06T12:01:17.820+0000][68][safepoint   ] Safepoint "Cleanup", Time since last: 2000299487 ns, Reaching safepoint: 146286 ns, At safepoint: 19230 ns, Total: 165516 ns
[2022-09-06T12:01:18.821+0000][68][safepoint   ] Safepoint "Cleanup", Time since last: 1000189231 ns, Reaching safepoint: 183914 ns, At safepoint: 7996 ns, Total: 191910 ns
[2022-09-06T12:01:20.821+0000][68][safepoint   ] Safepoint "Cleanup", Time since last: 2000359259 ns, Reaching safepoint: 214081 ns, At safepoint: 9002 ns, Total: 223083 ns
[2022-09-06T12:01:21.822+0000][68][safepoint   ] Safepoint "Cleanup", Time since last: 1000318001 ns, Reaching safepoint: 406222 ns, At safepoint: 21022 ns, Total: 427244 ns
[2022-09-06T12:01:22.822+0000][68][safepoint   ] Safepoint "Cleanup", Time since last: 1000268545 ns, Reaching safepoint: 158419 ns, At safepoint: 4011 ns, Total: 162430 ns
[2022-09-06T12:01:23.823+0000][68][safepoint   ] Safepoint "Cleanup", Time since last: 1000286801 ns, Reaching safepoint: 185097 ns, At safepoint: 22951 ns, Total: 208048 ns
[2022-09-06T12:01:24.824+0000][68][safepoint   ] Safepoint "Cleanup", Time since last: 1000354392 ns, Reaching safepoint: 344770 ns, At safepoint: 12582 ns, Total: 357352 ns
[2022-09-06T12:01:26.824+0000][68][safepoint   ] Safepoint "Cleanup", Time since last: 2000337451 ns, Reaching safepoint: 137999 ns, At safepoint: 17025 ns, Total: 155024 ns
[2022-09-06T12:01:27.825+0000][68][safepoint   ] Safepoint "Cleanup", Time since last: 1000284959 ns, Reaching safepoint: 307089 ns, At safepoint: 9364 ns, Total: 316453 ns
[2022-09-06T12:01:29.825+0000][68][safepoint   ] Safepoint "Cleanup", Time since last: 2000431940 ns, Reaching safepoint: 139719 ns, At safepoint: 43247 ns, Total: 182966 ns
[2022-09-06T12:01:30.826+0000][68][safepoint   ] Safepoint "Cleanup", Time since last: 1000296993 ns, Reaching safepoint: 155613 ns, At safepoint: 3563 ns, Total: 159176 ns
[2022-09-06T12:01:32.826+0000][68][safepoint   ] Safepoint "Cleanup", Time since last: 2000429417 ns, Reaching safepoint: 138291 ns, At safepoint: 3172 ns, Total: 141463 ns
[2022-09-06T12:01:33.827+0000][68][safepoint   ] Safepoint "Cleanup", Time since last: 1000333370 ns, Reaching safepoint: 172482 ns, At safepoint: 5033 ns, Total: 177515 ns
[2022-09-06T12:01:38.828+0000][68][safepoint   ] Safepoint "Cleanup", Time since last: 5001169520 ns, Reaching safepoint: 318740 ns, At safepoint: 24927 ns, Total: 343667 ns
[2022-09-06T12:01:39.829+0000][68][safepoint   ] Safepoint "Cleanup", Time since last: 1000329158 ns, Reaching safepoint: 310488 ns, At safepoint: 10743 ns, Total: 321231 ns
[2022-09-06T12:01:41.830+0000][68][safepoint   ] Safepoint "Cleanup", Time since last: 2000602765 ns, Reaching safepoint: 338611 ns, At safepoint: 29786 ns, Total: 368397 ns
[2022-09-06T12:01:42.830+0000][68][safepoint   ] Safepoint "Cleanup", Time since last: 1000221890 ns, Reaching safepoint: 236789 ns, At safepoint: 7110 ns, Total: 243899 ns
[2022-09-06T12:01:45.606+0000][68][safepoint   ] Safepoint "Cleanup", Time since last: 2775379799 ns, Reaching safepoint: 139050 ns, At safepoint: 27675 ns, Total: 166725 ns
[2022-09-06T12:01:46.607+0000][68][safepoint   ] Safepoint "Cleanup", Time since last: 1000230658 ns, Reaching safepoint: 243387 ns, At safepoint: 22756 ns, Total: 266143 ns
[2022-09-06T12:01:50.608+0000][68][safepoint   ] Safepoint "Cleanup", Time since last: 4000869122 ns, Reaching safepoint: 470703 ns, At safepoint: 28573 ns, Total: 499276 ns
[2022-09-06T12:01:51.609+0000][68][safepoint   ] Safepoint "Cleanup", Time since last: 1000460598 ns, Reaching safepoint: 266970 ns, At safepoint: 8157 ns, Total: 275127 ns
[2022-09-06T12:01:54.610+0000][68][safepoint   ] Safepoint "Cleanup", Time since last: 3000754785 ns, Reaching safepoint: 370411 ns, At safepoint: 33955 ns, Total: 404366 ns
[2022-09-06T12:01:57.885+0000][68][safepoint   ] Safepoint "Cleanup", Time since last: 3274750403 ns, Reaching safepoint: 434768 ns, At safepoint: 11186 ns, Total: 445954 ns
[2022-09-06T12:01:59.886+0000][68][safepoint   ] Safepoint "Cleanup", Time since last: 2000790592 ns, Reaching safepoint: 363483 ns, At safepoint: 10083 ns, Total: 373566 ns
[2022-09-06T12:02:02.887+0000][68][safepoint   ] Safepoint "Cleanup", Time since last: 3001003119 ns, Reaching safepoint: 232050 ns, At safepoint: 9319 ns, Total: 241369 ns
[2022-09-06T12:02:05.889+0000][68][safepoint   ] Safepoint "Cleanup", Time since last: 3000918177 ns, Reaching safepoint: 273729 ns, At safepoint: 48019 ns, Total: 321748 ns
[2022-09-06T12:02:06.890+0000][68][safepoint   ] Safepoint "Cleanup", Time since last: 1000696234 ns, Reaching safepoint: 609155 ns, At safepoint: 27974 ns, Total: 637129 ns
[2022-09-06T12:02:09.891+0000][68][safepoint   ] Safepoint "Cleanup", Time since last: 3000940224 ns, Reaching safepoint: 432493 ns, At safepoint: 10755 ns, Total: 443248 ns
[2022-09-06T12:02:14.893+0000][68][safepoint   ] Safepoint "Cleanup", Time since last: 5001320708 ns, Reaching safepoint: 226996 ns, At safepoint: 7149 ns, Total: 234145 ns
[2022-09-06T12:02:21.896+0000][68][safepoint   ] Safepoint "Cleanup", Time since last: 7002548465 ns, Reaching safepoint: 382465 ns, At safepoint: 10353 ns, Total: 392818 ns
[2022-09-06T12:02:23.897+0000][68][safepoint   ] Safepoint "Cleanup", Time since last: 2000904006 ns, Reaching safepoint: 380346 ns, At safepoint: 13182 ns, Total: 393528 ns
[2022-09-06T12:02:24.898+0000][68][safepoint   ] Safepoint "Cleanup", Time since last: 1000600200 ns, Reaching safepoint: 365420 ns, At safepoint: 9851 ns, Total: 375271 ns
[2022-09-06T12:02:27.899+0000][68][safepoint   ] Safepoint "Cleanup", Time since last: 3000953407 ns, Reaching safepoint: 432684 ns, At safepoint: 10146 ns, Total: 442830 ns
[2022-09-06T12:02:28.900+0000][68][safepoint   ] Safepoint "Cleanup", Time since last: 1000609092 ns, Reaching safepoint: 381688 ns, At safepoint: 11398 ns, Total: 393086 ns
[2022-09-06T12:02:29.901+0000][68][safepoint   ] Safepoint "Cleanup", Time since last: 1000309193 ns, Reaching safepoint: 228225 ns, At safepoint: 26044 ns, Total: 254269 ns
[2022-09-06T12:02:30.901+0000][68][safepoint   ] Safepoint "Cleanup", Time since last: 1000200781 ns, Reaching safepoint: 158223 ns, At safepoint: 5703 ns, Total: 163926 ns
[2022-09-06T12:02:31.902+0000][68][safepoint   ] Safepoint "Cleanup", Time since last: 1000335004 ns, Reaching safepoint: 248051 ns, At safepoint: 19799 ns, Total: 267850 ns
[2022-09-06T12:02:33.903+0000][68][safepoint   ] Safepoint "Cleanup", Time since last: 2000620687 ns, Reaching safepoint: 168682 ns, At safepoint: 5487 ns, Total: 174169 ns
[2022-09-06T12:02:38.904+0000][68][safepoint   ] Safepoint "Cleanup", Time since last: 5001092051 ns, Reaching safepoint: 149074 ns, At safepoint: 6631 ns, Total: 155705 ns
[2022-09-06T12:02:39.905+0000][68][safepoint   ] Safepoint "Cleanup", Time since last: 1000518687 ns, Reaching safepoint: 377222 ns, At safepoint: 10904 ns, Total: 388126 ns
[2022-09-06T12:02:41.906+0000][68][safepoint   ] Safepoint "Cleanup", Time since last: 2000608230 ns, Reaching safepoint: 295065 ns, At safepoint: 11543 ns, Total: 306608 ns
[2022-09-06T12:02:44.907+0000][68][safepoint   ] Safepoint "Cleanup", Time since last: 3000881928 ns, Reaching safepoint: 378969 ns, At safepoint: 9877 ns, Total: 388846 ns
[2022-09-06T12:02:45.908+0000][68][safepoint   ] Safepoint "Cleanup", Time since last: 1000517276 ns, Reaching safepoint: 355759 ns, At safepoint: 11064 ns, Total: 366823 ns
[2022-09-06T12:02:46.909+0000][68][safepoint   ] Safepoint "Cleanup", Time since last: 1000452070 ns, Reaching safepoint: 582345 ns, At safepoint: 31030 ns, Total: 613375 ns
[2022-09-06T12:02:50.910+0000][68][safepoint   ] Safepoint "Cleanup", Time since last: 4000984198 ns, Reaching safepoint: 176368 ns, At safepoint: 4939 ns, Total: 181307 ns
[2022-09-06T12:02:53.864+0000][68][gc,start    ] GC(15) Pause Young (Normal) (G1 Evacuation Pause)
[2022-09-06T12:02:53.864+0000][68][gc,task     ] GC(15) Using 8 workers of 8 for evacuation
[2022-09-06T12:02:53.864+0000][68][gc,age      ] GC(15) Desired survivor size 41943040 bytes, new threshold 15 (max threshold 15)
[2022-09-06T12:02:53.875+0000][68][gc,phases   ] GC(15)   Pre Evacuate Collection Set: 0.2ms
[2022-09-06T12:02:53.875+0000][68][gc,phases   ] GC(15)   Merge Heap Roots: 0.2ms
[2022-09-06T12:02:53.875+0000][68][gc,phases   ] GC(15)   Evacuate Collection Set: 8.1ms
[2022-09-06T12:02:53.875+0000][68][gc,phases   ] GC(15)   Post Evacuate Collection Set: 2.2ms
[2022-09-06T12:02:53.875+0000][68][gc,phases   ] GC(15)   Other: 0.1ms
[2022-09-06T12:02:53.875+0000][68][gc,age      ] GC(15) Age table with threshold 15 (max threshold 15)
[2022-09-06T12:02:53.875+0000][68][gc,age      ] GC(15) - age   1:    2188784 bytes,    2188784 total
[2022-09-06T12:02:53.875+0000][68][gc,age      ] GC(15) - age   2:     504216 bytes,    2693000 total
[2022-09-06T12:02:53.875+0000][68][gc,age      ] GC(15) - age   3:     507176 bytes,    3200176 total
[2022-09-06T12:02:53.875+0000][68][gc,age      ] GC(15) - age   4:    1717480 bytes,    4917656 total
[2022-09-06T12:02:53.875+0000][68][gc,age      ] GC(15) - age   5:   21745680 bytes,   26663336 total
[2022-09-06T12:02:53.875+0000][68][gc,heap     ] GC(15) Eden regions: 146->0(146)
[2022-09-06T12:02:53.875+0000][68][gc,heap     ] GC(15) Survivor regions: 7->7(20)
[2022-09-06T12:02:53.875+0000][68][gc,heap     ] GC(15) Old regions: 17->17
[2022-09-06T12:02:53.875+0000][68][gc,heap     ] GC(15) Archive regions: 2->2
[2022-09-06T12:02:53.875+0000][68][gc,heap     ] GC(15) Humongous regions: 2->2
[2022-09-06T12:02:53.875+0000][68][gc,metaspace] GC(15) Metaspace: 128637K(131968K)->128637K(131968K) NonClass: 111731K(113408K)->111731K(113408K) Class: 16906K(18560K)->16906K(18560K)
[2022-09-06T12:02:53.875+0000][68][gc          ] GC(15) Pause Young (Normal) (G1 Evacuation Pause) 691M->107M(1024M) 11.073ms
[2022-09-06T12:02:53.875+0000][68][gc,cpu      ] GC(15) User=0.06s Sys=0.00s Real=0.01s
[2022-09-06T12:02:53.875+0000][68][safepoint   ] Safepoint "G1CollectForAllocation", Time since last: 2954027667 ns, Reaching safepoint: 148220 ns, At safepoint: 11189806 ns, Total: 11338026 ns
[2022-09-06T12:02:54.876+0000][68][safepoint   ] Safepoint "Cleanup", Time since last: 1000394087 ns, Reaching safepoint: 378079 ns, At safepoint: 10147 ns, Total: 388226 ns
[2022-09-06T12:02:57.877+0000][68][safepoint   ] Safepoint "Cleanup", Time since last: 3000774497 ns, Reaching safepoint: 144131 ns, At safepoint: 6674 ns, Total: 150805 ns
[2022-09-06T12:03:02.879+0000][68][safepoint   ] Safepoint "Cleanup", Time since last: 5001234998 ns, Reaching safepoint: 340795 ns, At safepoint: 9186 ns, Total: 349981 ns
[2022-09-06T12:03:05.879+0000][68][safepoint   ] Safepoint "Cleanup", Time since last: 3000515262 ns, Reaching safepoint: 172541 ns, At safepoint: 4949 ns, Total: 177490 ns
[2022-09-06T12:03:06.880+0000][68][safepoint   ] Safepoint "Cleanup", Time since last: 1000392979 ns, Reaching safepoint: 433981 ns, At safepoint: 26360 ns, Total: 460341 ns
[2022-09-06T12:03:08.881+0000][68][safepoint   ] Safepoint "Cleanup", Time since last: 2000656784 ns, Reaching safepoint: 233469 ns, At safepoint: 6917 ns, Total: 240386 ns
[2022-09-06T12:03:09.882+0000][68][safepoint   ] Safepoint "Cleanup", Time since last: 1000208927 ns, Reaching safepoint: 182620 ns, At safepoint: 6015 ns, Total: 188635 ns
[2022-09-06T12:03:10.882+0000][68][safepoint   ] Safepoint "Cleanup", Time since last: 1000349815 ns, Reaching safepoint: 307093 ns, At safepoint: 9221 ns, Total: 316314 ns
[2022-09-06T12:03:11.883+0000][68][safepoint   ] Safepoint "Cleanup", Time since last: 1000550269 ns, Reaching safepoint: 302972 ns, At safepoint: 6983 ns, Total: 309955 ns
[2022-09-06T12:03:14.884+0000][68][safepoint   ] Safepoint "Cleanup", Time since last: 3000985134 ns, Reaching safepoint: 150118 ns, At safepoint: 6617 ns, Total: 156735 ns
[2022-09-06T12:03:15.885+0000][68][safepoint   ] Safepoint "Cleanup", Time since last: 1000443627 ns, Reaching safepoint: 427621 ns, At safepoint: 16593 ns, Total: 444214 ns
[2022-09-06T12:03:18.887+0000][68][safepoint   ] Safepoint "Cleanup", Time since last: 3000963239 ns, Reaching safepoint: 359323 ns, At safepoint: 11469 ns, Total: 370792 ns
[2022-09-06T12:03:21.888+0000][68][safepoint   ] Safepoint "Cleanup", Time since last: 3001069339 ns, Reaching safepoint: 223796 ns, At safepoint: 7916 ns, Total: 231712 ns
[2022-09-06T12:03:23.889+0000][68][safepoint   ] Safepoint "Cleanup", Time since last: 2000678541 ns, Reaching safepoint: 343123 ns, At safepoint: 11592 ns, Total: 354715 ns
[2022-09-06T12:03:24.890+0000][68][safepoint   ] Safepoint "Cleanup", Time since last: 1000322232 ns, Reaching safepoint: 350106 ns, At safepoint: 7949 ns, Total: 358055 ns
[2022-09-06T12:03:26.890+0000][68][safepoint   ] Safepoint "Cleanup", Time since last: 2000480478 ns, Reaching safepoint: 189151 ns, At safepoint: 8872 ns, Total: 198023 ns
[2022-09-06T12:03:27.891+0000][68][safepoint   ] Safepoint "Cleanup", Time since last: 1000325646 ns, Reaching safepoint: 494613 ns, At safepoint: 84493 ns, Total: 579106 ns
[2022-09-06T12:03:30.892+0000][68][safepoint   ] Safepoint "Cleanup", Time since last: 3000646634 ns, Reaching safepoint: 175096 ns, At safepoint: 12828 ns, Total: 187924 ns
[2022-09-06T12:03:32.036+0000][68][safepoint   ] Safepoint "Cleanup", Time since last: 1143551760 ns, Reaching safepoint: 542817 ns, At safepoint: 25172 ns, Total: 567989 ns
[2022-09-06T12:03:33.037+0000][68][safepoint   ] Safepoint "Cleanup", Time since last: 1000655735 ns, Reaching safepoint: 638425 ns, At safepoint: 34578 ns, Total: 673003 ns
[2022-09-06T12:03:34.038+0000][68][safepoint   ] Safepoint "Cleanup", Time since last: 1000479482 ns, Reaching safepoint: 356576 ns, At safepoint: 9488 ns, Total: 366064 ns
[2022-09-06T12:03:39.040+0000][68][safepoint   ] Safepoint "Cleanup", Time since last: 5001364929 ns, Reaching safepoint: 375619 ns, At safepoint: 10784 ns, Total: 386403 ns
[2022-09-06T12:03:42.041+0000][68][safepoint   ] Safepoint "Cleanup", Time since last: 3000644554 ns, Reaching safepoint: 377532 ns, At safepoint: 8244 ns, Total: 385776 ns
[2022-09-06T12:03:43.042+0000][68][safepoint   ] Safepoint "Cleanup", Time since last: 1000470472 ns, Reaching safepoint: 540775 ns, At safepoint: 31395 ns, Total: 572170 ns
[2022-09-06T12:03:44.043+0000][68][safepoint   ] Safepoint "Cleanup", Time since last: 1000405015 ns, Reaching safepoint: 548683 ns, At safepoint: 27928 ns, Total: 576611 ns
[2022-09-06T12:03:47.044+0000][68][safepoint   ] Safepoint "Cleanup", Time since last: 3000976811 ns, Reaching safepoint: 383491 ns, At safepoint: 11135 ns, Total: 394626 ns
[2022-09-06T12:03:51.045+0000][68][safepoint   ] Safepoint "Cleanup", Time since last: 4001048086 ns, Reaching safepoint: 225759 ns, At safepoint: 5614 ns, Total: 231373 ns
[2022-09-06T12:03:52.046+0000][68][safepoint   ] Safepoint "Cleanup", Time since last: 1000530008 ns, Reaching safepoint: 349054 ns, At safepoint: 11331 ns, Total: 360385 ns
[2022-09-06T12:03:54.047+0000][68][safepoint   ] Safepoint "Cleanup", Time since last: 2000714048 ns, Reaching safepoint: 182627 ns, At safepoint: 20381 ns, Total: 203008 ns
[2022-09-06T12:03:57.049+0000][68][safepoint   ] Safepoint "Cleanup", Time since last: 3001135435 ns, Reaching safepoint: 259854 ns, At safepoint: 7623 ns, Total: 267477 ns
[2022-09-06T12:03:59.050+0000][68][safepoint   ] Safepoint "Cleanup", Time since last: 2000669234 ns, Reaching safepoint: 551002 ns, At safepoint: 26653 ns, Total: 577655 ns
[2022-09-06T12:04:00.051+0000][68][safepoint   ] Safepoint "Cleanup", Time since last: 1000464368 ns, Reaching safepoint: 375596 ns, At safepoint: 11061 ns, Total: 386657 ns
[2022-09-06T12:04:02.052+0000][68][safepoint   ] Safepoint "Cleanup", Time since last: 2000761159 ns, Reaching safepoint: 384450 ns, At safepoint: 10864 ns, Total: 395314 ns
[2022-09-06T12:04:03.053+0000][68][safepoint   ] Safepoint "Cleanup", Time since last: 1000412056 ns, Reaching safepoint: 164037 ns, At safepoint: 16575 ns, Total: 180612 ns
[2022-09-06T12:04:09.054+0000][68][safepoint   ] Safepoint "Cleanup", Time since last: 6001319235 ns, Reaching safepoint: 113597 ns, At safepoint: 9459 ns, Total: 123056 ns
[2022-09-06T12:04:12.056+0000][68][safepoint   ] Safepoint "Cleanup", Time since last: 3001189278 ns, Reaching safepoint: 361594 ns, At safepoint: 10860 ns, Total: 372454 ns
[2022-09-06T12:04:18.058+0000][68][safepoint   ] Safepoint "Cleanup", Time since last: 6001815093 ns, Reaching safepoint: 249482 ns, At safepoint: 7019 ns, Total: 256501 ns
[2022-09-06T12:04:21.059+0000][68][safepoint   ] Safepoint "Cleanup", Time since last: 3000812822 ns, Reaching safepoint: 361125 ns, At safepoint: 10563 ns, Total: 371688 ns
[2022-09-06T12:04:27.061+0000][68][safepoint   ] Safepoint "Cleanup", Time since last: 6001832912 ns, Reaching safepoint: 149178 ns, At safepoint: 5458 ns, Total: 154636 ns
[2022-09-06T12:04:30.062+0000][68][safepoint   ] Safepoint "Cleanup", Time since last: 3000933438 ns, Reaching safepoint: 144969 ns, At safepoint: 17996 ns, Total: 162965 ns
[2022-09-06T12:04:33.063+0000][68][safepoint   ] Safepoint "Cleanup", Time since last: 3000794536 ns, Reaching safepoint: 278959 ns, At safepoint: 32181 ns, Total: 311140 ns
[2022-09-06T12:04:34.064+0000][68][safepoint   ] Safepoint "Cleanup", Time since last: 1000392504 ns, Reaching safepoint: 146494 ns, At safepoint: 3887 ns, Total: 150381 ns
[2022-09-06T12:04:42.067+0000][68][safepoint   ] Safepoint "Cleanup", Time since last: 8002802729 ns, Reaching safepoint: 375018 ns, At safepoint: 9464 ns, Total: 384482 ns
[2022-09-06T12:04:46.069+0000][68][safepoint   ] Safepoint "Cleanup", Time since last: 4001465637 ns, Reaching safepoint: 394139 ns, At safepoint: 15227 ns, Total: 409366 ns
[2022-09-06T12:04:48.070+0000][68][safepoint   ] Safepoint "Cleanup", Time since last: 2000720541 ns, Reaching safepoint: 414629 ns, At safepoint: 12981 ns, Total: 427610 ns
[2022-09-06T12:04:54.072+0000][68][safepoint   ] Safepoint "Cleanup", Time since last: 6001891071 ns, Reaching safepoint: 164571 ns, At safepoint: 6217 ns, Total: 170788 ns
[2022-09-06T12:04:55.073+0000][68][safepoint   ] Safepoint "Cleanup", Time since last: 1000494400 ns, Reaching safepoint: 372053 ns, At safepoint: 11231 ns, Total: 383284 ns
[2022-09-06T12:05:00.075+0000][68][safepoint   ] Safepoint "Cleanup", Time since last: 5001584238 ns, Reaching safepoint: 347312 ns, At safepoint: 10640 ns, Total: 357952 ns
[2022-09-06T12:05:02.076+0000][68][safepoint   ] Safepoint "Cleanup", Time since last: 2000754424 ns, Reaching safepoint: 400470 ns, At safepoint: 11756 ns, Total: 412226 ns
[2022-09-06T12:05:02.837+0000][68][gc,start    ] GC(16) Pause Young (Normal) (G1 Evacuation Pause)
[2022-09-06T12:05:02.837+0000][68][gc,task     ] GC(16) Using 8 workers of 8 for evacuation
[2022-09-06T12:05:02.837+0000][68][gc,age      ] GC(16) Desired survivor size 41943040 bytes, new threshold 15 (max threshold 15)
[2022-09-06T12:05:02.848+0000][68][gc,phases   ] GC(16)   Pre Evacuate Collection Set: 0.3ms
[2022-09-06T12:05:02.848+0000][68][gc,phases   ] GC(16)   Merge Heap Roots: 0.2ms
[2022-09-06T12:05:02.848+0000][68][gc,phases   ] GC(16)   Evacuate Collection Set: 7.9ms
[2022-09-06T12:05:02.848+0000][68][gc,phases   ] GC(16)   Post Evacuate Collection Set: 2.3ms
[2022-09-06T12:05:02.848+0000][68][gc,phases   ] GC(16)   Other: 0.1ms
[2022-09-06T12:05:02.848+0000][68][gc,age      ] GC(16) Age table with threshold 15 (max threshold 15)
[2022-09-06T12:05:02.848+0000][68][gc,age      ] GC(16) - age   1:    1950072 bytes,    1950072 total
[2022-09-06T12:05:02.848+0000][68][gc,age      ] GC(16) - age   2:     207584 bytes,    2157656 total
[2022-09-06T12:05:02.848+0000][68][gc,age      ] GC(16) - age   3:     433504 bytes,    2591160 total
[2022-09-06T12:05:02.848+0000][68][gc,age      ] GC(16) - age   4:     427576 bytes,    3018736 total
[2022-09-06T12:05:02.848+0000][68][gc,age      ] GC(16) - age   5:    1708304 bytes,    4727040 total
[2022-09-06T12:05:02.848+0000][68][gc,age      ] GC(16) - age   6:   21739232 bytes,   26466272 total
[2022-09-06T12:05:02.848+0000][68][gc,heap     ] GC(16) Eden regions: 146->0(146)
[2022-09-06T12:05:02.848+0000][68][gc,heap     ] GC(16) Survivor regions: 7->7(20)
[2022-09-06T12:05:02.848+0000][68][gc,heap     ] GC(16) Old regions: 17->17
[2022-09-06T12:05:02.848+0000][68][gc,heap     ] GC(16) Archive regions: 2->2
[2022-09-06T12:05:02.848+0000][68][gc,heap     ] GC(16) Humongous regions: 2->2
[2022-09-06T12:05:02.848+0000][68][gc,metaspace] GC(16) Metaspace: 129022K(132352K)->129022K(132352K) NonClass: 112063K(113728K)->112063K(113728K) Class: 16959K(18624K)->16959K(18624K)
[2022-09-06T12:05:02.848+0000][68][gc          ] GC(16) Pause Young (Normal) (G1 Evacuation Pause) 691M->107M(1024M) 11.093ms
[2022-09-06T12:05:02.848+0000][68][gc,cpu      ] GC(16) User=0.07s Sys=0.00s Real=0.01s
[2022-09-06T12:05:02.848+0000][68][safepoint   ] Safepoint "G1CollectForAllocation", Time since last: 760395105 ns, Reaching safepoint: 396871 ns, At safepoint: 11263290 ns, Total: 11660161 ns
[2022-09-06T12:05:03.849+0000][68][safepoint   ] Safepoint "Cleanup", Time since last: 1000293891 ns, Reaching safepoint: 375871 ns, At safepoint: 12947 ns, Total: 388818 ns
[2022-09-06T12:05:04.849+0000][68][safepoint   ] Safepoint "Cleanup", Time since last: 1000377648 ns, Reaching safepoint: 176471 ns, At safepoint: 5569 ns, Total: 182040 ns
[2022-09-06T12:05:06.850+0000][68][safepoint   ] Safepoint "Cleanup", Time since last: 2000734226 ns, Reaching safepoint: 480740 ns, At safepoint: 14252 ns, Total: 494992 ns
[2022-09-06T12:05:08.851+0000][68][safepoint   ] Safepoint "Cleanup", Time since last: 2000611131 ns, Reaching safepoint: 145525 ns, At safepoint: 7282 ns, Total: 152807 ns
[2022-09-06T12:05:09.852+0000][68][safepoint   ] Safepoint "Cleanup", Time since last: 1000352263 ns, Reaching safepoint: 372295 ns, At safepoint: 10063 ns, Total: 382358 ns
[2022-09-06T12:05:12.854+0000][68][safepoint   ] Safepoint "Cleanup", Time since last: 3001171716 ns, Reaching safepoint: 491576 ns, At safepoint: 39853 ns, Total: 531429 ns
[2022-09-06T12:05:21.857+0000][68][safepoint   ] Safepoint "Cleanup", Time since last: 9002649842 ns, Reaching safepoint: 372569 ns, At safepoint: 10371 ns, Total: 382940 ns
[2022-09-06T12:05:23.857+0000][68][safepoint   ] Safepoint "Cleanup", Time since last: 2000622502 ns, Reaching safepoint: 161290 ns, At safepoint: 4094 ns, Total: 165384 ns
[2022-09-06T12:05:30.859+0000][68][safepoint   ] Safepoint "Cleanup", Time since last: 7001677976 ns, Reaching safepoint: 373790 ns, At safepoint: 9985 ns, Total: 383775 ns
[2022-09-06T12:05:31.860+0000][68][safepoint   ] Safepoint "Cleanup", Time since last: 1000497394 ns, Reaching safepoint: 319046 ns, At safepoint: 10689 ns, Total: 329735 ns
[2022-09-06T12:05:32.861+0000][68][safepoint   ] Safepoint "Cleanup", Time since last: 1000282005 ns, Reaching safepoint: 163419 ns, At safepoint: 15545 ns, Total: 178964 ns
[2022-09-06T12:05:33.861+0000][68][safepoint   ] Safepoint "Cleanup", Time since last: 1000138666 ns, Reaching safepoint: 153179 ns, At safepoint: 4058 ns, Total: 157237 ns
[2022-09-06T12:05:38.862+0000][68][safepoint   ] Safepoint "Cleanup", Time since last: 5001174464 ns, Reaching safepoint: 127975 ns, At safepoint: 4566 ns, Total: 132541 ns
[2022-09-06T12:05:40.864+0000][68][safepoint   ] Safepoint "Cleanup", Time since last: 2000761129 ns, Reaching safepoint: 607551 ns, At safepoint: 44227 ns, Total: 651778 ns
[2022-09-06T12:05:41.864+0000][68][safepoint   ] Safepoint "Cleanup", Time since last: 1000255805 ns, Reaching safepoint: 126864 ns, At safepoint: 14815 ns, Total: 141679 ns
[2022-09-06T12:05:42.865+0000][68][safepoint   ] Safepoint "Cleanup", Time since last: 1000227981 ns, Reaching safepoint: 382234 ns, At safepoint: 33332 ns, Total: 415566 ns
[2022-09-06T12:05:44.865+0000][68][safepoint   ] Safepoint "Cleanup", Time since last: 2000461227 ns, Reaching safepoint: 149038 ns, At safepoint: 36142 ns, Total: 185180 ns
[2022-09-06T12:05:45.866+0000][68][safepoint   ] Safepoint "Cleanup", Time since last: 1000372399 ns, Reaching safepoint: 212770 ns, At safepoint: 10719 ns, Total: 223489 ns
[2022-09-06T12:05:48.867+0000][68][safepoint   ] Safepoint "Cleanup", Time since last: 3000927524 ns, Reaching safepoint: 273459 ns, At safepoint: 11888 ns, Total: 285347 ns
[2022-09-06T12:05:50.868+0000][68][safepoint   ] Safepoint "Cleanup", Time since last: 2000460950 ns, Reaching safepoint: 138266 ns, At safepoint: 3063 ns, Total: 141329 ns
[2022-09-06T12:05:51.868+0000][68][safepoint   ] Safepoint "Cleanup", Time since last: 1000174203 ns, Reaching safepoint: 163321 ns, At safepoint: 3941 ns, Total: 167262 ns
[2022-09-06T12:05:53.869+0000][68][safepoint   ] Safepoint "Cleanup", Time since last: 2000323188 ns, Reaching safepoint: 138407 ns, At safepoint: 6609 ns, Total: 145016 ns
[2022-09-06T12:05:54.869+0000][68][safepoint   ] Safepoint "Cleanup", Time since last: 1000343447 ns, Reaching safepoint: 346075 ns, At safepoint: 12035 ns, Total: 358110 ns
[2022-09-06T12:05:56.870+0000][68][safepoint   ] Safepoint "Cleanup", Time since last: 2000528336 ns, Reaching safepoint: 150412 ns, At safepoint: 3207 ns, Total: 153619 ns
[2022-09-06T12:05:57.871+0000][68][safepoint   ] Safepoint "Cleanup", Time since last: 1000161745 ns, Reaching safepoint: 130674 ns, At safepoint: 3111 ns, Total: 133785 ns
[2022-09-06T12:05:58.871+0000][68][safepoint   ] Safepoint "Cleanup", Time since last: 1000214628 ns, Reaching safepoint: 144309 ns, At safepoint: 6728 ns, Total: 151037 ns
[2022-09-06T12:06:02.872+0000][68][safepoint   ] Safepoint "Cleanup", Time since last: 4001267389 ns, Reaching safepoint: 131758 ns, At safepoint: 26241 ns, Total: 157999 ns
[2022-09-06T12:06:03.873+0000][68][safepoint   ] Safepoint "Cleanup", Time since last: 1000292160 ns, Reaching safepoint: 142898 ns, At safepoint: 2860 ns, Total: 145758 ns
[2022-09-06T12:06:05.873+0000][68][safepoint   ] Safepoint "Cleanup", Time since last: 2000376999 ns, Reaching safepoint: 127693 ns, At safepoint: 3360 ns, Total: 131053 ns
[2022-09-06T12:06:06.874+0000][68][safepoint   ] Safepoint "Cleanup", Time since last: 1000519935 ns, Reaching safepoint: 340074 ns, At safepoint: 11479 ns, Total: 351553 ns
[2022-09-06T12:06:09.875+0000][68][safepoint   ] Safepoint "Cleanup", Time since last: 3000929719 ns, Reaching safepoint: 364837 ns, At safepoint: 9001 ns, Total: 373838 ns
[2022-09-06T12:06:18.878+0000][68][safepoint   ] Safepoint "Cleanup", Time since last: 9002536829 ns, Reaching safepoint: 422675 ns, At safepoint: 10141 ns, Total: 432816 ns
[2022-09-06T12:06:20.879+0000][68][safepoint   ] Safepoint "Cleanup", Time since last: 2000412191 ns, Reaching safepoint: 142044 ns, At safepoint: 6336 ns, Total: 148380 ns
[2022-09-06T12:06:21.879+0000][68][safepoint   ] Safepoint "Cleanup", Time since last: 1000216776 ns, Reaching safepoint: 177151 ns, At safepoint: 4390 ns, Total: 181541 ns
[2022-09-06T12:06:22.880+0000][68][safepoint   ] Safepoint "Cleanup", Time since last: 1000291212 ns, Reaching safepoint: 285093 ns, At safepoint: 8616 ns, Total: 293709 ns
[2022-09-06T12:06:23.881+0000][68][safepoint   ] Safepoint "Cleanup", Time since last: 1000266634 ns, Reaching safepoint: 313325 ns, At safepoint: 10995 ns, Total: 324320 ns
[2022-09-06T12:06:29.883+0000][68][safepoint   ] Safepoint "Cleanup", Time since last: 6002233295 ns, Reaching safepoint: 235974 ns, At safepoint: 5243 ns, Total: 241217 ns
[2022-09-06T12:06:30.884+0000][68][safepoint   ] Safepoint "Cleanup", Time since last: 1000400227 ns, Reaching safepoint: 665672 ns, At safepoint: 30932 ns, Total: 696604 ns
[2022-09-06T12:06:31.885+0000][68][safepoint   ] Safepoint "Cleanup", Time since last: 1000278748 ns, Reaching safepoint: 341241 ns, At safepoint: 29284 ns, Total: 370525 ns
[2022-09-06T12:06:32.885+0000][68][safepoint   ] Safepoint "Cleanup", Time since last: 1000212475 ns, Reaching safepoint: 137046 ns, At safepoint: 3138 ns, Total: 140184 ns
[2022-09-06T12:06:38.887+0000][68][safepoint   ] Safepoint "Cleanup", Time since last: 6001641973 ns, Reaching safepoint: 153265 ns, At safepoint: 5437 ns, Total: 158702 ns
[2022-09-06T12:06:39.887+0000][68][safepoint   ] Safepoint "Cleanup", Time since last: 1000379325 ns, Reaching safepoint: 202997 ns, At safepoint: 4110 ns, Total: 207107 ns
[2022-09-06T12:06:43.889+0000][68][safepoint   ] Safepoint "Cleanup", Time since last: 4001008793 ns, Reaching safepoint: 174579 ns, At safepoint: 6045 ns, Total: 180624 ns
[2022-09-06T12:06:44.889+0000][68][safepoint   ] Safepoint "Cleanup", Time since last: 1000153526 ns, Reaching safepoint: 214456 ns, At safepoint: 17952 ns, Total: 232408 ns
[2022-09-06T12:06:45.889+0000][68][safepoint   ] Safepoint "Cleanup", Time since last: 1000261654 ns, Reaching safepoint: 157341 ns, At safepoint: 8777 ns, Total: 166118 ns
[2022-09-06T12:06:46.890+0000][68][safepoint   ] Safepoint "Cleanup", Time since last: 1000179650 ns, Reaching safepoint: 170628 ns, At safepoint: 6023 ns, Total: 176651 ns
[2022-09-06T12:06:47.890+0000][68][safepoint   ] Safepoint "Cleanup", Time since last: 1000304069 ns, Reaching safepoint: 362617 ns, At safepoint: 14064 ns, Total: 376681 ns
[2022-09-06T12:06:50.891+0000][68][safepoint   ] Safepoint "Cleanup", Time since last: 3000568782 ns, Reaching safepoint: 197695 ns, At safepoint: 5829 ns, Total: 203524 ns
[2022-09-06T12:06:51.892+0000][68][safepoint   ] Safepoint "Cleanup", Time since last: 1000413237 ns, Reaching safepoint: 561548 ns, At safepoint: 27105 ns, Total: 588653 ns
[2022-09-06T12:06:52.893+0000][68][safepoint   ] Safepoint "Cleanup", Time since last: 1000303988 ns, Reaching safepoint: 222906 ns, At safepoint: 5525 ns, Total: 228431 ns
[2022-09-06T12:06:53.893+0000][68][safepoint   ] Safepoint "Cleanup", Time since last: 1000338210 ns, Reaching safepoint: 198377 ns, At safepoint: 5077 ns, Total: 203454 ns
[2022-09-06T12:06:54.894+0000][68][safepoint   ] Safepoint "Cleanup", Time since last: 1000168819 ns, Reaching safepoint: 150656 ns, At safepoint: 4295 ns, Total: 154951 ns
[2022-09-06T12:06:56.894+0000][68][safepoint   ] Safepoint "Cleanup", Time since last: 2000644463 ns, Reaching safepoint: 153227 ns, At safepoint: 6580 ns, Total: 159807 ns
[2022-09-06T12:06:57.895+0000][68][safepoint   ] Safepoint "Cleanup", Time since last: 1000184897 ns, Reaching safepoint: 151362 ns, At safepoint: 4203 ns, Total: 155565 ns
[2022-09-06T12:07:02.897+0000][68][safepoint   ] Safepoint "Cleanup", Time since last: 5001428698 ns, Reaching safepoint: 144035 ns, At safepoint: 4552 ns, Total: 148587 ns
[2022-09-06T12:07:04.771+0000][68][gc,start    ] GC(17) Pause Young (Normal) (G1 Evacuation Pause)
[2022-09-06T12:07:04.771+0000][68][gc,task     ] GC(17) Using 8 workers of 8 for evacuation
[2022-09-06T12:07:04.771+0000][68][gc,age      ] GC(17) Desired survivor size 41943040 bytes, new threshold 15 (max threshold 15)
[2022-09-06T12:07:04.784+0000][68][gc,phases   ] GC(17)   Pre Evacuate Collection Set: 0.1ms
[2022-09-06T12:07:04.784+0000][68][gc,phases   ] GC(17)   Merge Heap Roots: 0.1ms
[2022-09-06T12:07:04.784+0000][68][gc,phases   ] GC(17)   Evacuate Collection Set: 9.1ms
[2022-09-06T12:07:04.784+0000][68][gc,phases   ] GC(17)   Post Evacuate Collection Set: 3.2ms
[2022-09-06T12:07:04.784+0000][68][gc,phases   ] GC(17)   Other: 0.1ms
[2022-09-06T12:07:04.784+0000][68][gc,age      ] GC(17) Age table with threshold 15 (max threshold 15)
[2022-09-06T12:07:04.784+0000][68][gc,age      ] GC(17) - age   1:    3446128 bytes,    3446128 total
[2022-09-06T12:07:04.784+0000][68][gc,age      ] GC(17) - age   2:     124464 bytes,    3570592 total
[2022-09-06T12:07:04.784+0000][68][gc,age      ] GC(17) - age   3:     196576 bytes,    3767168 total
[2022-09-06T12:07:04.784+0000][68][gc,age      ] GC(17) - age   4:     425840 bytes,    4193008 total
[2022-09-06T12:07:04.784+0000][68][gc,age      ] GC(17) - age   5:     427576 bytes,    4620584 total
[2022-09-06T12:07:04.784+0000][68][gc,age      ] GC(17) - age   6:    1690648 bytes,    6311232 total
[2022-09-06T12:07:04.784+0000][68][gc,age      ] GC(17) - age   7:   21737384 bytes,   28048616 total
[2022-09-06T12:07:04.784+0000][68][gc,heap     ] GC(17) Eden regions: 146->0(145)
[2022-09-06T12:07:04.784+0000][68][gc,heap     ] GC(17) Survivor regions: 7->8(20)
[2022-09-06T12:07:04.784+0000][68][gc,heap     ] GC(17) Old regions: 17->17
[2022-09-06T12:07:04.784+0000][68][gc,heap     ] GC(17) Archive regions: 2->2
[2022-09-06T12:07:04.784+0000][68][gc,heap     ] GC(17) Humongous regions: 2->2
[2022-09-06T12:07:04.784+0000][68][gc,metaspace] GC(17) Metaspace: 129158K(132608K)->129158K(132608K) NonClass: 112197K(113984K)->112197K(113984K) Class: 16961K(18624K)->16961K(18624K)
[2022-09-06T12:07:04.784+0000][68][gc          ] GC(17) Pause Young (Normal) (G1 Evacuation Pause) 691M->108M(1024M) 12.817ms
[2022-09-06T12:07:04.784+0000][68][gc,cpu      ] GC(17) User=0.07s Sys=0.01s Real=0.01s
[2022-09-06T12:07:04.784+0000][68][safepoint   ] Safepoint "G1CollectForAllocation", Time since last: 1874088279 ns, Reaching safepoint: 144280 ns, At safepoint: 12951654 ns, Total: 13095934 ns
[2022-09-06T12:07:05.785+0000][68][safepoint   ] Safepoint "Cleanup", Time since last: 1000431263 ns, Reaching safepoint: 508214 ns, At safepoint: 29820 ns, Total: 538034 ns
[2022-09-06T12:07:06.786+0000][68][safepoint   ] Safepoint "Cleanup", Time since last: 1000487672 ns, Reaching safepoint: 378071 ns, At safepoint: 10974 ns, Total: 389045 ns
[2022-09-06T12:07:09.787+0000][68][safepoint   ] Safepoint "Cleanup", Time since last: 3000834970 ns, Reaching safepoint: 139438 ns, At safepoint: 3747 ns, Total: 143185 ns
[2022-09-06T12:07:15.789+0000][68][safepoint   ] Safepoint "Cleanup", Time since last: 6001827772 ns, Reaching safepoint: 406567 ns, At safepoint: 11925 ns, Total: 418492 ns
[2022-09-06T12:07:23.791+0000][68][safepoint   ] Safepoint "Cleanup", Time since last: 8002109802 ns, Reaching safepoint: 383710 ns, At safepoint: 10089 ns, Total: 393799 ns
[2022-09-06T12:07:24.792+0000][68][safepoint   ] Safepoint "Cleanup", Time since last: 1000413916 ns, Reaching safepoint: 476876 ns, At safepoint: 58584 ns, Total: 535460 ns
[2022-09-06T12:07:26.793+0000][68][safepoint   ] Safepoint "Cleanup", Time since last: 2000579058 ns, Reaching safepoint: 339367 ns, At safepoint: 11210 ns, Total: 350577 ns
[2022-09-06T12:07:27.794+0000][68][safepoint   ] Safepoint "Cleanup", Time since last: 1000479737 ns, Reaching safepoint: 382729 ns, At safepoint: 11795 ns, Total: 394524 ns
[2022-09-06T12:07:30.795+0000][68][safepoint   ] Safepoint "Cleanup", Time since last: 3000934686 ns, Reaching safepoint: 380790 ns, At safepoint: 11508 ns, Total: 392298 ns
[2022-09-06T12:07:31.796+0000][68][safepoint   ] Safepoint "Cleanup", Time since last: 1000369393 ns, Reaching safepoint: 175281 ns, At safepoint: 9967 ns, Total: 185248 ns
[2022-09-06T12:07:33.796+0000][68][safepoint   ] Safepoint "Cleanup", Time since last: 2000454802 ns, Reaching safepoint: 141207 ns, At safepoint: 3754 ns, Total: 144961 ns
[2022-09-06T12:07:39.799+0000][68][safepoint   ] Safepoint "Cleanup", Time since last: 6002090580 ns, Reaching safepoint: 371394 ns, At safepoint: 10899 ns, Total: 382293 ns
[2022-09-06T12:07:41.800+0000][68][safepoint   ] Safepoint "Cleanup", Time since last: 2000614695 ns, Reaching safepoint: 488855 ns, At safepoint: 104100 ns, Total: 592955 ns
[2022-09-06T12:07:42.801+0000][68][safepoint   ] Safepoint "Cleanup", Time since last: 1000309260 ns, Reaching safepoint: 171054 ns, At safepoint: 5776 ns, Total: 176830 ns
[2022-09-06T12:07:48.802+0000][68][safepoint   ] Safepoint "Cleanup", Time since last: 6001662732 ns, Reaching safepoint: 285997 ns, At safepoint: 12600 ns, Total: 298597 ns
[2022-09-06T12:07:51.908+0000][68][safepoint   ] Safepoint "Cleanup", Time since last: 3105379307 ns, Reaching safepoint: 349251 ns, At safepoint: 8322 ns, Total: 357573 ns
[2022-09-06T12:07:53.909+0000][68][safepoint   ] Safepoint "Cleanup", Time since last: 2000415662 ns, Reaching safepoint: 208035 ns, At safepoint: 6617 ns, Total: 214652 ns
[2022-09-06T12:07:54.909+0000][68][safepoint   ] Safepoint "Cleanup", Time since last: 1000315904 ns, Reaching safepoint: 183882 ns, At safepoint: 9035 ns, Total: 192917 ns
[2022-09-06T12:07:58.910+0000][68][safepoint   ] Safepoint "Cleanup", Time since last: 4000846975 ns, Reaching safepoint: 148068 ns, At safepoint: 16760 ns, Total: 164828 ns
[2022-09-06T12:08:02.912+0000][68][safepoint   ] Safepoint "Cleanup", Time since last: 4001542078 ns, Reaching safepoint: 338845 ns, At safepoint: 9754 ns, Total: 348599 ns
[2022-09-06T12:08:05.913+0000][68][safepoint   ] Safepoint "Cleanup", Time since last: 3000763185 ns, Reaching safepoint: 149732 ns, At safepoint: 14496 ns, Total: 164228 ns
[2022-09-06T12:08:06.914+0000][68][safepoint   ] Safepoint "Cleanup", Time since last: 1000396469 ns, Reaching safepoint: 389953 ns, At safepoint: 11684 ns, Total: 401637 ns
[2022-09-06T12:08:09.915+0000][68][safepoint   ] Safepoint "Cleanup", Time since last: 3000832584 ns, Reaching safepoint: 549307 ns, At safepoint: 27385 ns, Total: 576692 ns
[2022-09-06T12:08:10.916+0000][68][safepoint   ] Safepoint "Cleanup", Time since last: 1000580904 ns, Reaching safepoint: 371794 ns, At safepoint: 14718 ns, Total: 386512 ns
[2022-09-06T12:08:11.917+0000][68][safepoint   ] Safepoint "Cleanup", Time since last: 1000484456 ns, Reaching safepoint: 349834 ns, At safepoint: 9424 ns, Total: 359258 ns
[2022-09-06T12:08:14.919+0000][68][safepoint   ] Safepoint "Cleanup", Time since last: 3001155075 ns, Reaching safepoint: 168573 ns, At safepoint: 13720 ns, Total: 182293 ns
[2022-09-06T12:08:22.921+0000][68][safepoint   ] Safepoint "Cleanup", Time since last: 8002516851 ns, Reaching safepoint: 411644 ns, At safepoint: 15137 ns, Total: 426781 ns
[2022-09-06T12:08:26.923+0000][68][safepoint   ] Safepoint "Cleanup", Time since last: 4001335608 ns, Reaching safepoint: 185192 ns, At safepoint: 11190 ns, Total: 196382 ns
[2022-09-06T12:08:28.924+0000][68][safepoint   ] Safepoint "Cleanup", Time since last: 2000801078 ns, Reaching safepoint: 314083 ns, At safepoint: 10449 ns, Total: 324532 ns
[2022-09-06T12:08:29.925+0000][68][safepoint   ] Safepoint "Cleanup", Time since last: 1000420828 ns, Reaching safepoint: 167365 ns, At safepoint: 3824 ns, Total: 171189 ns
[2022-09-06T12:08:30.926+0000][68][safepoint   ] Safepoint "Cleanup", Time since last: 1000406315 ns, Reaching safepoint: 340294 ns, At safepoint: 8843 ns, Total: 349137 ns
[2022-09-06T12:08:32.927+0000][68][safepoint   ] Safepoint "Cleanup", Time since last: 2000861209 ns, Reaching safepoint: 346339 ns, At safepoint: 23157 ns, Total: 369496 ns
[2022-09-06T12:08:34.928+0000][68][safepoint   ] Safepoint "Cleanup", Time since last: 2000674530 ns, Reaching safepoint: 168054 ns, At safepoint: 4616 ns, Total: 172670 ns
[2022-09-06T12:08:35.929+0000][68][safepoint   ] Safepoint "Cleanup", Time since last: 1000279828 ns, Reaching safepoint: 444522 ns, At safepoint: 23395 ns, Total: 467917 ns
[2022-09-06T12:08:38.930+0000][68][safepoint   ] Safepoint "Cleanup", Time since last: 3001046267 ns, Reaching safepoint: 231488 ns, At safepoint: 7909 ns, Total: 239397 ns
[2022-09-06T12:08:42.931+0000][68][safepoint   ] Safepoint "Cleanup", Time since last: 4001193615 ns, Reaching safepoint: 355244 ns, At safepoint: 10852 ns, Total: 366096 ns
[2022-09-06T12:08:51.935+0000][68][safepoint   ] Safepoint "Cleanup", Time since last: 9002954212 ns, Reaching safepoint: 359870 ns, At safepoint: 10124 ns, Total: 369994 ns
[2022-09-06T12:08:53.935+0000][68][safepoint   ] Safepoint "Cleanup", Time since last: 2000370946 ns, Reaching safepoint: 154076 ns, At safepoint: 37406 ns, Total: 191482 ns
[2022-09-06T12:08:56.937+0000][68][safepoint   ] Safepoint "Cleanup", Time since last: 3001026184 ns, Reaching safepoint: 343932 ns, At safepoint: 10215 ns, Total: 354147 ns
[2022-09-06T12:08:57.933+0000][68][safepoint   ] Safepoint "Cleanup", Time since last: 1000348388 ns, Reaching safepoint: 364000 ns, At safepoint: 9995 ns, Total: 373995 ns
[2022-09-06T12:08:59.934+0000][68][safepoint   ] Safepoint "Cleanup", Time since last: 2000849318 ns, Reaching safepoint: 365664 ns, At safepoint: 10694 ns, Total: 376358 ns
[2022-09-06T12:09:02.935+0000][68][safepoint   ] Safepoint "Cleanup", Time since last: 3000683660 ns, Reaching safepoint: 129539 ns, At safepoint: 5367 ns, Total: 134906 ns
[2022-09-06T12:09:05.936+0000][68][safepoint   ] Safepoint "Cleanup", Time since last: 3000630241 ns, Reaching safepoint: 146359 ns, At safepoint: 3601 ns, Total: 149960 ns
[2022-09-06T12:09:06.936+0000][68][safepoint   ] Safepoint "Cleanup", Time since last: 1000265964 ns, Reaching safepoint: 206074 ns, At safepoint: 10736 ns, Total: 216810 ns
[2022-09-06T12:09:07.937+0000][68][safepoint   ] Safepoint "Cleanup", Time since last: 1000425770 ns, Reaching safepoint: 326793 ns, At safepoint: 10583 ns, Total: 337376 ns
[2022-09-06T12:09:08.847+0000][68][gc,start    ] GC(18) Pause Young (Normal) (G1 Evacuation Pause)
[2022-09-06T12:09:08.847+0000][68][gc,task     ] GC(18) Using 8 workers of 8 for evacuation
[2022-09-06T12:09:08.847+0000][68][gc,age      ] GC(18) Desired survivor size 41943040 bytes, new threshold 15 (max threshold 15)
[2022-09-06T12:09:08.857+0000][68][gc,phases   ] GC(18)   Pre Evacuate Collection Set: 0.1ms
[2022-09-06T12:09:08.857+0000][68][gc,phases   ] GC(18)   Merge Heap Roots: 0.1ms
[2022-09-06T12:09:08.857+0000][68][gc,phases   ] GC(18)   Evacuate Collection Set: 7.6ms
[2022-09-06T12:09:08.857+0000][68][gc,phases   ] GC(18)   Post Evacuate Collection Set: 2.0ms
[2022-09-06T12:09:08.857+0000][68][gc,phases   ] GC(18)   Other: 0.1ms
[2022-09-06T12:09:08.857+0000][68][gc,age      ] GC(18) Age table with threshold 15 (max threshold 15)
[2022-09-06T12:09:08.857+0000][68][gc,age      ] GC(18) - age   1:    1060640 bytes,    1060640 total
[2022-09-06T12:09:08.857+0000][68][gc,age      ] GC(18) - age   2:     195664 bytes,    1256304 total
[2022-09-06T12:09:08.857+0000][68][gc,age      ] GC(18) - age   3:     123296 bytes,    1379600 total
[2022-09-06T12:09:08.857+0000][68][gc,age      ] GC(18) - age   4:     190192 bytes,    1569792 total
[2022-09-06T12:09:08.857+0000][68][gc,age      ] GC(18) - age   5:     425040 bytes,    1994832 total
[2022-09-06T12:09:08.857+0000][68][gc,age      ] GC(18) - age   6:     427576 bytes,    2422408 total
[2022-09-06T12:09:08.857+0000][68][gc,age      ] GC(18) - age   7:    1690648 bytes,    4113056 total
[2022-09-06T12:09:08.857+0000][68][gc,age      ] GC(18) - age   8:   21737120 bytes,   25850176 total
[2022-09-06T12:09:08.857+0000][68][gc,heap     ] GC(18) Eden regions: 145->0(146)
[2022-09-06T12:09:08.857+0000][68][gc,heap     ] GC(18) Survivor regions: 8->7(20)
[2022-09-06T12:09:08.857+0000][68][gc,heap     ] GC(18) Old regions: 17->17
[2022-09-06T12:09:08.857+0000][68][gc,heap     ] GC(18) Archive regions: 2->2
[2022-09-06T12:09:08.857+0000][68][gc,heap     ] GC(18) Humongous regions: 2->2
[2022-09-06T12:09:08.857+0000][68][gc,metaspace] GC(18) Metaspace: 129266K(132672K)->129266K(132672K) NonClass: 112305K(114048K)->112305K(114048K) Class: 16961K(18624K)->16961K(18624K)
[2022-09-06T12:09:08.857+0000][68][gc          ] GC(18) Pause Young (Normal) (G1 Evacuation Pause) 688M->107M(1024M) 10.220ms
[2022-09-06T12:09:08.857+0000][68][gc,cpu      ] GC(18) User=0.05s Sys=0.02s Real=0.01s
[2022-09-06T12:09:08.857+0000][68][safepoint   ] Safepoint "G1CollectForAllocation", Time since last: 909578089 ns, Reaching safepoint: 160046 ns, At safepoint: 10332306 ns, Total: 10492352 ns
[2022-09-06T12:09:09.857+0000][68][safepoint   ] Safepoint "Cleanup", Time since last: 1000188007 ns, Reaching safepoint: 179101 ns, At safepoint: 10841 ns, Total: 189942 ns
[2022-09-06T12:09:10.858+0000][68][safepoint   ] Safepoint "Cleanup", Time since last: 1000398427 ns, Reaching safepoint: 522431 ns, At safepoint: 30939 ns, Total: 553370 ns
[2022-09-06T12:09:13.860+0000][68][safepoint   ] Safepoint "Cleanup", Time since last: 3000958579 ns, Reaching safepoint: 441941 ns, At safepoint: 10140 ns, Total: 452081 ns
[2022-09-06T12:09:14.860+0000][68][safepoint   ] Safepoint "Cleanup", Time since last: 1000356051 ns, Reaching safepoint: 172714 ns, At safepoint: 3813 ns, Total: 176527 ns
[2022-09-06T12:09:15.861+0000][68][safepoint   ] Safepoint "Cleanup", Time since last: 1000459640 ns, Reaching safepoint: 358373 ns, At safepoint: 9694 ns, Total: 368067 ns
[2022-09-06T12:09:16.862+0000][68][safepoint   ] Safepoint "Cleanup", Time since last: 1000392968 ns, Reaching safepoint: 367294 ns, At safepoint: 9996 ns, Total: 377290 ns
[2022-09-06T12:09:17.862+0000][68][safepoint   ] Safepoint "Cleanup", Time since last: 1000218783 ns, Reaching safepoint: 128634 ns, At safepoint: 3265 ns, Total: 131899 ns
[2022-09-06T12:09:18.863+0000][68][safepoint   ] Safepoint "Cleanup", Time since last: 1000242749 ns, Reaching safepoint: 169834 ns, At safepoint: 6217 ns, Total: 176051 ns
[2022-09-06T12:09:21.863+0000][68][safepoint   ] Safepoint "Cleanup", Time since last: 3000603422 ns, Reaching safepoint: 205506 ns, At safepoint: 14366 ns, Total: 219872 ns
[2022-09-06T12:09:23.864+0000][68][safepoint   ] Safepoint "Cleanup", Time since last: 2000612334 ns, Reaching safepoint: 148891 ns, At safepoint: 7534 ns, Total: 156425 ns
[2022-09-06T12:09:39.873+0000][68][safepoint   ] Safepoint "Cleanup", Time since last: 16004430086 ns, Reaching safepoint: 330437 ns, At safepoint: 10189 ns, Total: 340626 ns
[2022-09-06T12:09:42.875+0000][68][safepoint   ] Safepoint "Cleanup", Time since last: 3001017772 ns, Reaching safepoint: 393669 ns, At safepoint: 19979 ns, Total: 413648 ns
[2022-09-06T12:09:44.875+0000][68][safepoint   ] Safepoint "Cleanup", Time since last: 2000392100 ns, Reaching safepoint: 152363 ns, At safepoint: 17982 ns, Total: 170345 ns
[2022-09-06T12:09:45.876+0000][68][safepoint   ] Safepoint "Cleanup", Time since last: 1000383576 ns, Reaching safepoint: 339692 ns, At safepoint: 10750 ns, Total: 350442 ns
[2022-09-06T12:09:53.879+0000][68][safepoint   ] Safepoint "Cleanup", Time since last: 8002462848 ns, Reaching safepoint: 176657 ns, At safepoint: 23806 ns, Total: 200463 ns
[2022-09-06T12:09:54.879+0000][68][safepoint   ] Safepoint "Cleanup", Time since last: 1000305514 ns, Reaching safepoint: 339069 ns, At safepoint: 8509 ns, Total: 347578 ns
[2022-09-06T12:09:55.880+0000][68][safepoint   ] Safepoint "Cleanup", Time since last: 1000508522 ns, Reaching safepoint: 237102 ns, At safepoint: 52022 ns, Total: 289124 ns
[2022-09-06T12:09:59.881+0000][68][safepoint   ] Safepoint "Cleanup", Time since last: 4000857355 ns, Reaching safepoint: 171218 ns, At safepoint: 4055 ns, Total: 175273 ns
[2022-09-06T12:10:00.882+0000][68][safepoint   ] Safepoint "Cleanup", Time since last: 1000512458 ns, Reaching safepoint: 380011 ns, At safepoint: 10115 ns, Total: 390126 ns
[2022-09-06T12:10:02.883+0000][68][safepoint   ] Safepoint "Cleanup", Time since last: 2000517625 ns, Reaching safepoint: 136981 ns, At safepoint: 26241 ns, Total: 163222 ns
[2022-09-06T12:10:03.884+0000][68][safepoint   ] Safepoint "Cleanup", Time since last: 1000368821 ns, Reaching safepoint: 341946 ns, At safepoint: 10062 ns, Total: 352008 ns
[2022-09-06T12:10:04.885+0000][68][safepoint   ] Safepoint "Cleanup", Time since last: 1000346948 ns, Reaching safepoint: 558799 ns, At safepoint: 32481 ns, Total: 591280 ns
[2022-09-06T12:10:05.886+0000][68][safepoint   ] Safepoint "Cleanup", Time since last: 1000473472 ns, Reaching safepoint: 460040 ns, At safepoint: 69904 ns, Total: 529944 ns
[2022-09-06T12:10:08.887+0000][68][safepoint   ] Safepoint "Cleanup", Time since last: 3000898135 ns, Reaching safepoint: 143619 ns, At safepoint: 4339 ns, Total: 147958 ns
[2022-09-06T12:10:11.888+0000][68][safepoint   ] Safepoint "Cleanup", Time since last: 3000813587 ns, Reaching safepoint: 345229 ns, At safepoint: 6041 ns, Total: 351270 ns
[2022-09-06T12:10:15.889+0000][68][safepoint   ] Safepoint "Cleanup", Time since last: 4000713370 ns, Reaching safepoint: 346882 ns, At safepoint: 8803 ns, Total: 355685 ns
[2022-09-06T12:10:17.889+0000][68][safepoint   ] Safepoint "Cleanup", Time since last: 2000449600 ns, Reaching safepoint: 140135 ns, At safepoint: 4657 ns, Total: 144792 ns
[2022-09-06T12:10:21.890+0000][68][safepoint   ] Safepoint "Cleanup", Time since last: 4000690979 ns, Reaching safepoint: 157461 ns, At safepoint: 4986 ns, Total: 162447 ns
[2022-09-06T12:10:27.892+0000][68][safepoint   ] Safepoint "Cleanup", Time since last: 6001777317 ns, Reaching safepoint: 131131 ns, At safepoint: 9398 ns, Total: 140529 ns
[2022-09-06T12:10:32.893+0000][68][safepoint   ] Safepoint "Cleanup", Time since last: 5000788321 ns, Reaching safepoint: 139203 ns, At safepoint: 27991 ns, Total: 167194 ns
[2022-09-06T12:10:38.895+0000][68][safepoint   ] Safepoint "Cleanup", Time since last: 6001758582 ns, Reaching safepoint: 448778 ns, At safepoint: 73821 ns, Total: 522599 ns
[2022-09-06T12:10:39.896+0000][68][safepoint   ] Safepoint "Cleanup", Time since last: 1000414564 ns, Reaching safepoint: 600660 ns, At safepoint: 82994 ns, Total: 683654 ns
[2022-09-06T12:10:42.897+0000][68][safepoint   ] Safepoint "Cleanup", Time since last: 3000602498 ns, Reaching safepoint: 182307 ns, At safepoint: 6682 ns, Total: 188989 ns
[2022-09-06T12:10:47.899+0000][68][safepoint   ] Safepoint "Cleanup", Time since last: 5001354013 ns, Reaching safepoint: 135018 ns, At safepoint: 15179 ns, Total: 150197 ns
[2022-09-06T12:10:49.900+0000][68][safepoint   ] Safepoint "Cleanup", Time since last: 2000463821 ns, Reaching safepoint: 347462 ns, At safepoint: 46625 ns, Total: 394087 ns
[2022-09-06T12:10:50.900+0000][68][safepoint   ] Safepoint "Cleanup", Time since last: 1000386960 ns, Reaching safepoint: 146776 ns, At safepoint: 4974 ns, Total: 151750 ns
[2022-09-06T12:10:53.901+0000][68][safepoint   ] Safepoint "Cleanup", Time since last: 3000652808 ns, Reaching safepoint: 219568 ns, At safepoint: 48957 ns, Total: 268525 ns
[2022-09-06T12:11:01.904+0000][68][safepoint   ] Safepoint "Cleanup", Time since last: 8002000097 ns, Reaching safepoint: 480316 ns, At safepoint: 59837 ns, Total: 540153 ns
[2022-09-06T12:11:02.877+0000][68][gc,start    ] GC(19) Pause Young (Normal) (G1 Evacuation Pause)
[2022-09-06T12:11:02.877+0000][68][gc,task     ] GC(19) Using 8 workers of 8 for evacuation
[2022-09-06T12:11:02.877+0000][68][gc,age      ] GC(19) Desired survivor size 41943040 bytes, new threshold 15 (max threshold 15)
[2022-09-06T12:11:02.889+0000][68][gc,phases   ] GC(19)   Pre Evacuate Collection Set: 0.2ms
[2022-09-06T12:11:02.890+0000][68][gc,phases   ] GC(19)   Merge Heap Roots: 0.1ms
[2022-09-06T12:11:02.890+0000][68][gc,phases   ] GC(19)   Evacuate Collection Set: 9.8ms
[2022-09-06T12:11:02.890+0000][68][gc,phases   ] GC(19)   Post Evacuate Collection Set: 2.4ms
[2022-09-06T12:11:02.890+0000][68][gc,phases   ] GC(19)   Other: 0.1ms
[2022-09-06T12:11:02.890+0000][68][gc,age      ] GC(19) Age table with threshold 15 (max threshold 15)
[2022-09-06T12:11:02.890+0000][68][gc,age      ] GC(19) - age   1:    1527160 bytes,    1527160 total
[2022-09-06T12:11:02.890+0000][68][gc,age      ] GC(19) - age   2:      39024 bytes,    1566184 total
[2022-09-06T12:11:02.890+0000][68][gc,age      ] GC(19) - age   3:     184720 bytes,    1750904 total
[2022-09-06T12:11:02.890+0000][68][gc,age      ] GC(19) - age   4:     123168 bytes,    1874072 total
[2022-09-06T12:11:02.890+0000][68][gc,age      ] GC(19) - age   5:     189984 bytes,    2064056 total
[2022-09-06T12:11:02.890+0000][68][gc,age      ] GC(19) - age   6:     424856 bytes,    2488912 total
[2022-09-06T12:11:02.890+0000][68][gc,age      ] GC(19) - age   7:     427576 bytes,    2916488 total
[2022-09-06T12:11:02.890+0000][68][gc,age      ] GC(19) - age   8:    1690648 bytes,    4607136 total
[2022-09-06T12:11:02.890+0000][68][gc,age      ] GC(19) - age   9:   21736912 bytes,   26344048 total
[2022-09-06T12:11:02.890+0000][68][gc,heap     ] GC(19) Eden regions: 146->0(146)
[2022-09-06T12:11:02.890+0000][68][gc,heap     ] GC(19) Survivor regions: 7->7(20)
[2022-09-06T12:11:02.890+0000][68][gc,heap     ] GC(19) Old regions: 17->17
[2022-09-06T12:11:02.890+0000][68][gc,heap     ] GC(19) Archive regions: 2->2
[2022-09-06T12:11:02.890+0000][68][gc,heap     ] GC(19) Humongous regions: 2->2
[2022-09-06T12:11:02.890+0000][68][gc,metaspace] GC(19) Metaspace: 129385K(132736K)->129385K(132736K) NonClass: 112421K(114112K)->112421K(114112K) Class: 16963K(18624K)->16963K(18624K)
[2022-09-06T12:11:02.890+0000][68][gc          ] GC(19) Pause Young (Normal) (G1 Evacuation Pause) 691M->107M(1024M) 12.904ms
[2022-09-06T12:11:02.890+0000][68][gc,cpu      ] GC(19) User=0.08s Sys=0.00s Real=0.01s
[2022-09-06T12:11:02.890+0000][68][safepoint   ] Safepoint "G1CollectForAllocation", Time since last: 972867442 ns, Reaching safepoint: 207197 ns, At safepoint: 13100208 ns, Total: 13307405 ns
[2022-09-06T12:11:03.891+0000][68][safepoint   ] Safepoint "Cleanup", Time since last: 1000471975 ns, Reaching safepoint: 363520 ns, At safepoint: 44717 ns, Total: 408237 ns
[2022-09-06T12:11:09.893+0000][68][safepoint   ] Safepoint "Cleanup", Time since last: 6001700341 ns, Reaching safepoint: 160403 ns, At safepoint: 3860 ns, Total: 164263 ns
[2022-09-06T12:11:11.893+0000][68][safepoint   ] Safepoint "Cleanup", Time since last: 2000639631 ns, Reaching safepoint: 225422 ns, At safepoint: 8790 ns, Total: 234212 ns
[2022-09-06T12:11:14.894+0000][68][safepoint   ] Safepoint "Cleanup", Time since last: 3000855936 ns, Reaching safepoint: 213976 ns, At safepoint: 15301 ns, Total: 229277 ns
[2022-09-06T12:11:15.895+0000][68][safepoint   ] Safepoint "Cleanup", Time since last: 1000371591 ns, Reaching safepoint: 343268 ns, At safepoint: 9666 ns, Total: 352934 ns
[2022-09-06T12:11:18.897+0000][68][safepoint   ] Safepoint "Cleanup", Time since last: 3000935205 ns, Reaching safepoint: 346175 ns, At safepoint: 118098 ns, Total: 464273 ns
[2022-09-06T12:11:21.717+0000][68][safepoint   ] Safepoint "Cleanup", Time since last: 2820494894 ns, Reaching safepoint: 127952 ns, At safepoint: 14946 ns, Total: 142898 ns
[2022-09-06T12:11:22.718+0000][68][safepoint   ] Safepoint "Cleanup", Time since last: 1000176449 ns, Reaching safepoint: 147319 ns, At safepoint: 3337 ns, Total: 150656 ns
[2022-09-06T12:11:24.718+0000][68][safepoint   ] Safepoint "Cleanup", Time since last: 2000530424 ns, Reaching safepoint: 353934 ns, At safepoint: 10065 ns, Total: 363999 ns
[2022-09-06T12:11:27.246+0000][68][safepoint   ] Safepoint "Cleanup", Time since last: 2527221509 ns, Reaching safepoint: 160977 ns, At safepoint: 33650 ns, Total: 194627 ns
[2022-09-06T12:11:33.248+0000][68][safepoint   ] Safepoint "Cleanup", Time since last: 6001398349 ns, Reaching safepoint: 399951 ns, At safepoint: 10886 ns, Total: 410837 ns
[2022-09-06T12:11:35.248+0000][68][safepoint   ] Safepoint "Cleanup", Time since last: 2000504148 ns, Reaching safepoint: 131869 ns, At safepoint: 3569 ns, Total: 135438 ns
[2022-09-06T12:11:36.249+0000][68][safepoint   ] Safepoint "Cleanup", Time since last: 1000236251 ns, Reaching safepoint: 253465 ns, At safepoint: 7401 ns, Total: 260866 ns
[2022-09-06T12:11:39.251+0000][68][safepoint   ] Safepoint "Cleanup", Time since last: 3001231707 ns, Reaching safepoint: 341613 ns, At safepoint: 9876 ns, Total: 351489 ns
[2022-09-06T12:11:40.251+0000][68][safepoint   ] Safepoint "Cleanup", Time since last: 1000406281 ns, Reaching safepoint: 362000 ns, At safepoint: 11501 ns, Total: 373501 ns
[2022-09-06T12:11:42.253+0000][68][safepoint   ] Safepoint "Cleanup", Time since last: 2000785606 ns, Reaching safepoint: 364168 ns, At safepoint: 10080 ns, Total: 374248 ns
[2022-09-06T12:11:43.253+0000][68][safepoint   ] Safepoint "Cleanup", Time since last: 1000424809 ns, Reaching safepoint: 198230 ns, At safepoint: 10075 ns, Total: 208305 ns
[2022-09-06T12:11:45.254+0000][68][safepoint   ] Safepoint "Cleanup", Time since last: 2000675178 ns, Reaching safepoint: 406870 ns, At safepoint: 9796 ns, Total: 416666 ns
[2022-09-06T12:11:51.256+0000][68][safepoint   ] Safepoint "Cleanup", Time since last: 6001351234 ns, Reaching safepoint: 550178 ns, At safepoint: 29211 ns, Total: 579389 ns
[2022-09-06T12:11:57.258+0000][68][safepoint   ] Safepoint "Cleanup", Time since last: 6001813753 ns, Reaching safepoint: 516302 ns, At safepoint: 26042 ns, Total: 542344 ns
[2022-09-06T12:11:58.259+0000][68][safepoint   ] Safepoint "Cleanup", Time since last: 1000455536 ns, Reaching safepoint: 381427 ns, At safepoint: 9942 ns, Total: 391369 ns
[2022-09-06T12:12:00.260+0000][68][safepoint   ] Safepoint "Cleanup", Time since last: 2000693947 ns, Reaching safepoint: 359904 ns, At safepoint: 11023 ns, Total: 370927 ns
[2022-09-06T12:12:02.262+0000][68][safepoint   ] Safepoint "Cleanup", Time since last: 2000725771 ns, Reaching safepoint: 384845 ns, At safepoint: 11881 ns, Total: 396726 ns
[2022-09-06T12:12:04.262+0000][68][safepoint   ] Safepoint "Cleanup", Time since last: 2000351122 ns, Reaching safepoint: 263123 ns, At safepoint: 7735 ns, Total: 270858 ns
[2022-09-06T12:12:09.264+0000][68][safepoint   ] Safepoint "Cleanup", Time since last: 5001332873 ns, Reaching safepoint: 183793 ns, At safepoint: 8951 ns, Total: 192744 ns
[2022-09-06T12:12:15.266+0000][68][safepoint   ] Safepoint "Cleanup", Time since last: 6001530891 ns, Reaching safepoint: 311573 ns, At safepoint: 21622 ns, Total: 333195 ns
[2022-09-06T12:12:21.268+0000][68][safepoint   ] Safepoint "Cleanup", Time since last: 6002158155 ns, Reaching safepoint: 372013 ns, At safepoint: 10384 ns, Total: 382397 ns
[2022-09-06T12:12:24.270+0000][68][safepoint   ] Safepoint "Cleanup", Time since last: 3001090824 ns, Reaching safepoint: 338967 ns, At safepoint: 10140 ns, Total: 349107 ns
[2022-09-06T12:12:26.271+0000][68][safepoint   ] Safepoint "Cleanup", Time since last: 2000642723 ns, Reaching safepoint: 362000 ns, At safepoint: 10527 ns, Total: 372527 ns
[2022-09-06T12:12:30.272+0000][68][safepoint   ] Safepoint "Cleanup", Time since last: 4001487217 ns, Reaching safepoint: 356165 ns, At safepoint: 11065 ns, Total: 367230 ns
[2022-09-06T12:12:36.275+0000][68][safepoint   ] Safepoint "Cleanup", Time since last: 6002195723 ns, Reaching safepoint: 382203 ns, At safepoint: 10359 ns, Total: 392562 ns
[2022-09-06T12:12:39.277+0000][68][safepoint   ] Safepoint "Cleanup", Time since last: 3001171167 ns, Reaching safepoint: 410224 ns, At safepoint: 20743 ns, Total: 430967 ns
[2022-09-06T12:12:40.279+0000][68][safepoint   ] Safepoint "Cleanup", Time since last: 1001044892 ns, Reaching safepoint: 1273602 ns, At safepoint: 397566 ns, Total: 1671168 ns
[2022-09-06T12:12:41.280+0000][68][safepoint   ] Safepoint "Cleanup", Time since last: 1000751903 ns, Reaching safepoint: 339041 ns, At safepoint: 10113 ns, Total: 349154 ns
[2022-09-06T12:12:45.282+0000][68][safepoint   ] Safepoint "Cleanup", Time since last: 4001197219 ns, Reaching safepoint: 393231 ns, At safepoint: 10439 ns, Total: 403670 ns
[2022-09-06T12:12:46.283+0000][68][safepoint   ] Safepoint "Cleanup", Time since last: 1000483790 ns, Reaching safepoint: 379742 ns, At safepoint: 10396 ns, Total: 390138 ns
[2022-09-06T12:12:48.284+0000][68][safepoint   ] Safepoint "Cleanup", Time since last: 2000889986 ns, Reaching safepoint: 349769 ns, At safepoint: 9150 ns, Total: 358919 ns
[2022-09-06T12:12:54.287+0000][68][safepoint   ] Safepoint "Cleanup", Time since last: 6001835724 ns, Reaching safepoint: 591268 ns, At safepoint: 28176 ns, Total: 619444 ns
[2022-09-06T12:12:55.288+0000][68][safepoint   ] Safepoint "Cleanup", Time since last: 1000501411 ns, Reaching safepoint: 503455 ns, At safepoint: 25611 ns, Total: 529066 ns
[2022-09-06T12:12:56.927+0000][68][safepoint   ] Safepoint "Cleanup", Time since last: 1638800179 ns, Reaching safepoint: 128605 ns, At safepoint: 36118 ns, Total: 164723 ns
[2022-09-06T12:12:57.927+0000][68][safepoint   ] Safepoint "Cleanup", Time since last: 1000184978 ns, Reaching safepoint: 136691 ns, At safepoint: 3346 ns, Total: 140037 ns
[2022-09-06T12:12:59.928+0000][68][safepoint   ] Safepoint "Cleanup", Time since last: 2000741724 ns, Reaching safepoint: 516660 ns, At safepoint: 25357 ns, Total: 542017 ns
[2022-09-06T12:13:02.930+0000][68][safepoint   ] Safepoint "Cleanup", Time since last: 3001261581 ns, Reaching safepoint: 300407 ns, At safepoint: 12137 ns, Total: 312544 ns
[2022-09-06T12:13:05.915+0000][68][gc,start    ] GC(20) Pause Young (Normal) (G1 Evacuation Pause)
[2022-09-06T12:13:05.916+0000][68][gc,task     ] GC(20) Using 8 workers of 8 for evacuation
[2022-09-06T12:13:05.916+0000][68][gc,age      ] GC(20) Desired survivor size 41943040 bytes, new threshold 15 (max threshold 15)
[2022-09-06T12:13:05.926+0000][68][gc,phases   ] GC(20)   Pre Evacuate Collection Set: 0.1ms
[2022-09-06T12:13:05.926+0000][68][gc,phases   ] GC(20)   Merge Heap Roots: 0.1ms
[2022-09-06T12:13:05.926+0000][68][gc,phases   ] GC(20)   Evacuate Collection Set: 7.9ms
[2022-09-06T12:13:05.926+0000][68][gc,phases   ] GC(20)   Post Evacuate Collection Set: 2.1ms
[2022-09-06T12:13:05.926+0000][68][gc,phases   ] GC(20)   Other: 0.1ms
[2022-09-06T12:13:05.926+0000][68][gc,age      ] GC(20) Age table with threshold 15 (max threshold 15)
[2022-09-06T12:13:05.926+0000][68][gc,age      ] GC(20) - age   1:    1547232 bytes,    1547232 total
[2022-09-06T12:13:05.926+0000][68][gc,age      ] GC(20) - age   2:     125120 bytes,    1672352 total
[2022-09-06T12:13:05.926+0000][68][gc,age      ] GC(20) - age   3:      36280 bytes,    1708632 total
[2022-09-06T12:13:05.926+0000][68][gc,age      ] GC(20) - age   4:     184480 bytes,    1893112 total
[2022-09-06T12:13:05.926+0000][68][gc,age      ] GC(20) - age   5:     123168 bytes,    2016280 total
[2022-09-06T12:13:05.926+0000][68][gc,age      ] GC(20) - age   6:     189984 bytes,    2206264 total
[2022-09-06T12:13:05.926+0000][68][gc,age      ] GC(20) - age   7:     424728 bytes,    2630992 total
[2022-09-06T12:13:05.926+0000][68][gc,age      ] GC(20) - age   8:     427576 bytes,    3058568 total
[2022-09-06T12:13:05.926+0000][68][gc,age      ] GC(20) - age   9:    1667240 bytes,    4725808 total
[2022-09-06T12:13:05.926+0000][68][gc,age      ] GC(20) - age  10:   21394944 bytes,   26120752 total
[2022-09-06T12:13:05.926+0000][68][gc,heap     ] GC(20) Eden regions: 146->0(146)
[2022-09-06T12:13:05.926+0000][68][gc,heap     ] GC(20) Survivor regions: 7->7(20)
[2022-09-06T12:13:05.926+0000][68][gc,heap     ] GC(20) Old regions: 17->17
[2022-09-06T12:13:05.926+0000][68][gc,heap     ] GC(20) Archive regions: 2->2
[2022-09-06T12:13:05.926+0000][68][gc,heap     ] GC(20) Humongous regions: 2->2
[2022-09-06T12:13:05.926+0000][68][gc,metaspace] GC(20) Metaspace: 129452K(132800K)->129452K(132800K) NonClass: 112488K(114176K)->112488K(114176K) Class: 16964K(18624K)->16964K(18624K)
[2022-09-06T12:13:05.926+0000][68][gc          ] GC(20) Pause Young (Normal) (G1 Evacuation Pause) 691M->105M(1024M) 10.588ms
[2022-09-06T12:13:05.926+0000][68][gc,cpu      ] GC(20) User=0.06s Sys=0.00s Real=0.01s
[2022-09-06T12:13:05.926+0000][68][safepoint   ] Safepoint "G1CollectForAllocation", Time since last: 2985306477 ns, Reaching safepoint: 146295 ns, At safepoint: 10698220 ns, Total: 10844515 ns
[2022-09-06T12:13:06.927+0000][68][safepoint   ] Safepoint "Cleanup", Time since last: 1000443977 ns, Reaching safepoint: 365282 ns, At safepoint: 10823 ns, Total: 376105 ns
[2022-09-06T12:13:08.928+0000][68][safepoint   ] Safepoint "Cleanup", Time since last: 2000712945 ns, Reaching safepoint: 428403 ns, At safepoint: 15221 ns, Total: 443624 ns
[2022-09-06T12:13:09.929+0000][68][safepoint   ] Safepoint "Cleanup", Time since last: 1000547391 ns, Reaching safepoint: 305530 ns, At safepoint: 11183 ns, Total: 316713 ns
[2022-09-06T12:13:13.931+0000][68][safepoint   ] Safepoint "Cleanup", Time since last: 4001451731 ns, Reaching safepoint: 277505 ns, At safepoint: 30417 ns, Total: 307922 ns
[2022-09-06T12:13:14.932+0000][68][safepoint   ] Safepoint "Cleanup", Time since last: 1000417521 ns, Reaching safepoint: 498777 ns, At safepoint: 11144 ns, Total: 509921 ns
[2022-09-06T12:13:15.833+0000][68][gc,heap,exit] Heap
[2022-09-06T12:13:15.833+0000][68][gc,heap,exit]  garbage-first heap   total 1048576K, used 151491K [0x00000000c0000000, 0x0000000100000000)
[2022-09-06T12:13:15.833+0000][68][gc,heap,exit]   region size 4096K, 18 young (73728K), 7 survivors (28672K)
[2022-09-06T12:13:15.833+0000][68][gc,heap,exit]  Metaspace       used 130296K, committed 133632K, reserved 1179648K
[2022-09-06T12:13:15.833+0000][68][gc,heap,exit]   class space    used 17108K, committed 18752K, reserved 1048576K
