[2022-09-06T11:26:39.768+0000][68][gc,init] CardTable entry size: 512
[2022-09-06T11:26:39.768+0000][68][gc     ] Using G1
[2022-09-06T11:26:39.931+0000][68][gc,init] Version: 18.0.2+9-61 (release)
[2022-09-06T11:26:39.931+0000][68][gc,init] CPUs: 8 total, 8 available
[2022-09-06T11:26:39.932+0000][68][gc,init] Memory: 2048M
[2022-09-06T11:26:39.932+0000][68][gc,init] Large Page Support: Disabled
[2022-09-06T11:26:39.932+0000][68][gc,init] NUMA Support: Disabled
[2022-09-06T11:26:39.932+0000][68][gc,init] Compressed Oops: Enabled (32-bit)
[2022-09-06T11:26:39.932+0000][68][gc,init] Heap Region Size: 4M
[2022-09-06T11:26:39.932+0000][68][gc,init] Heap Min Capacity: 1G
[2022-09-06T11:26:39.932+0000][68][gc,init] Heap Initial Capacity: 1G
[2022-09-06T11:26:39.932+0000][68][gc,init] Heap Max Capacity: 1G
[2022-09-06T11:26:39.932+0000][68][gc,init] Pre-touch: Enabled
[2022-09-06T11:26:39.932+0000][68][gc,init] Parallel Workers: 8
[2022-09-06T11:26:39.932+0000][68][gc,init] Concurrent Workers: 2
[2022-09-06T11:26:39.932+0000][68][gc,init] Concurrent Refinement Workers: 8
[2022-09-06T11:26:39.932+0000][68][gc,init] Periodic GC: Disabled
[2022-09-06T11:26:39.932+0000][68][gc,metaspace] CDS archive(s) mapped at: [0x0000000800000000-0x0000000800bae000-0x0000000800bae000), size 12247040, SharedBaseAddress: 0x0000000800000000, ArchiveRelocationMode: 0.
[2022-09-06T11:26:39.932+0000][68][gc,metaspace] Compressed class space mapped at: 0x0000000800c00000-0x0000000840c00000, reserved size: 1073741824
[2022-09-06T11:26:39.932+0000][68][gc,metaspace] Narrow klass base: 0x0000000800000000, Narrow klass shift: 0, Narrow klass range: 0x100000000
[2022-09-06T11:26:40.148+0000][68][safepoint   ] Safepoint "ICBufferFull", Time since last: 208235563 ns, Reaching safepoint: 162746 ns, At safepoint: 3678 ns, Total: 166424 ns
[2022-09-06T11:26:40.418+0000][68][safepoint   ] Safepoint "ICBufferFull", Time since last: 269595794 ns, Reaching safepoint: 203789 ns, At safepoint: 22886 ns, Total: 226675 ns
[2022-09-06T11:26:40.459+0000][68][gc,start    ] GC(0) Pause Young (Normal) (G1 Evacuation Pause)
[2022-09-06T11:26:40.459+0000][68][gc,task     ] GC(0) Using 8 workers of 8 for evacuation
[2022-09-06T11:26:40.459+0000][68][gc,age      ] GC(0) Desired survivor size 4194304 bytes, new threshold 15 (max threshold 15)
[2022-09-06T11:26:40.462+0000][68][gc,phases   ] GC(0)   Pre Evacuate Collection Set: 0.1ms
[2022-09-06T11:26:40.462+0000][68][gc,phases   ] GC(0)   Merge Heap Roots: 0.2ms
[2022-09-06T11:26:40.462+0000][68][gc,phases   ] GC(0)   Evacuate Collection Set: 2.0ms
[2022-09-06T11:26:40.462+0000][68][gc,phases   ] GC(0)   Post Evacuate Collection Set: 0.5ms
[2022-09-06T11:26:40.462+0000][68][gc,phases   ] GC(0)   Other: 0.1ms
[2022-09-06T11:26:40.462+0000][68][gc,age      ] GC(0) Age table with threshold 15 (max threshold 15)
[2022-09-06T11:26:40.462+0000][68][gc,age      ] GC(0) - age   1:    5010944 bytes,    5010944 total
[2022-09-06T11:26:40.462+0000][68][gc,heap     ] GC(0) Eden regions: 12->0(18)
[2022-09-06T11:26:40.462+0000][68][gc,heap     ] GC(0) Survivor regions: 0->2(2)
[2022-09-06T11:26:40.462+0000][68][gc,heap     ] GC(0) Old regions: 0->0
[2022-09-06T11:26:40.462+0000][68][gc,heap     ] GC(0) Archive regions: 2->2
[2022-09-06T11:26:40.462+0000][68][gc,heap     ] GC(0) Humongous regions: 0->0
[2022-09-06T11:26:40.462+0000][68][gc,metaspace] GC(0) Metaspace: 8835K(9088K)->8835K(9088K) NonClass: 7767K(7872K)->7767K(7872K) Class: 1067K(1216K)->1067K(1216K)
[2022-09-06T11:26:40.462+0000][68][gc          ] GC(0) Pause Young (Normal) (G1 Evacuation Pause) 51M->8M(1024M) 3.149ms
[2022-09-06T11:26:40.462+0000][68][gc,cpu      ] GC(0) User=0.03s Sys=0.00s Real=0.01s
[2022-09-06T11:26:40.462+0000][68][safepoint   ] Safepoint "G1CollectForAllocation", Time since last: 41223372 ns, Reaching safepoint: 102024 ns, At safepoint: 3263094 ns, Total: 3365118 ns
[2022-09-06T11:26:40.973+0000][68][safepoint   ] Safepoint "ICBufferFull", Time since last: 510534706 ns, Reaching safepoint: 168851 ns, At safepoint: 30547 ns, Total: 199398 ns
[2022-09-06T11:26:41.244+0000][68][safepoint   ] Safepoint "ICBufferFull", Time since last: 271272230 ns, Reaching safepoint: 173564 ns, At safepoint: 2531 ns, Total: 176095 ns
[2022-09-06T11:26:41.473+0000][68][gc,start    ] GC(1) Pause Young (Normal) (G1 Evacuation Pause)
[2022-09-06T11:26:41.473+0000][68][gc,task     ] GC(1) Using 8 workers of 8 for evacuation
[2022-09-06T11:26:41.473+0000][68][gc,age      ] GC(1) Desired survivor size 6291456 bytes, new threshold 15 (max threshold 15)
[2022-09-06T11:26:41.478+0000][68][gc,phases   ] GC(1)   Pre Evacuate Collection Set: 0.1ms
[2022-09-06T11:26:41.478+0000][68][gc,phases   ] GC(1)   Merge Heap Roots: 0.1ms
[2022-09-06T11:26:41.478+0000][68][gc,phases   ] GC(1)   Evacuate Collection Set: 4.0ms
[2022-09-06T11:26:41.478+0000][68][gc,phases   ] GC(1)   Post Evacuate Collection Set: 1.1ms
[2022-09-06T11:26:41.478+0000][68][gc,phases   ] GC(1)   Other: 0.1ms
[2022-09-06T11:26:41.478+0000][68][gc,age      ] GC(1) Age table with threshold 15 (max threshold 15)
[2022-09-06T11:26:41.478+0000][68][gc,age      ] GC(1) - age   1:    3879888 bytes,    3879888 total
[2022-09-06T11:26:41.478+0000][68][gc,age      ] GC(1) - age   2:    4870064 bytes,    8749952 total
[2022-09-06T11:26:41.478+0000][68][gc,heap     ] GC(1) Eden regions: 18->0(31)
[2022-09-06T11:26:41.478+0000][68][gc,heap     ] GC(1) Survivor regions: 2->3(3)
[2022-09-06T11:26:41.478+0000][68][gc,heap     ] GC(1) Old regions: 0->0
[2022-09-06T11:26:41.478+0000][68][gc,heap     ] GC(1) Archive regions: 2->2
[2022-09-06T11:26:41.478+0000][68][gc,heap     ] GC(1) Humongous regions: 0->0
[2022-09-06T11:26:41.478+0000][68][gc,metaspace] GC(1) Metaspace: 15635K(16064K)->15635K(16064K) NonClass: 13851K(14080K)->13851K(14080K) Class: 1783K(1984K)->1783K(1984K)
[2022-09-06T11:26:41.478+0000][68][gc          ] GC(1) Pause Young (Normal) (G1 Evacuation Pause) 80M->12M(1024M) 5.607ms
[2022-09-06T11:26:41.478+0000][68][gc,cpu      ] GC(1) User=0.02s Sys=0.00s Real=0.00s
[2022-09-06T11:26:41.478+0000][68][safepoint   ] Safepoint "G1CollectForAllocation", Time since last: 228091604 ns, Reaching safepoint: 145967 ns, At safepoint: 5684327 ns, Total: 5830294 ns
[2022-09-06T11:26:41.701+0000][68][safepoint   ] Safepoint "ICBufferFull", Time since last: 222292149 ns, Reaching safepoint: 156121 ns, At safepoint: 2059 ns, Total: 158180 ns
[2022-09-06T11:26:41.887+0000][68][gc,start    ] GC(2) Pause Young (Concurrent Start) (Metadata GC Threshold)
[2022-09-06T11:26:41.887+0000][68][gc,task     ] GC(2) Using 8 workers of 8 for evacuation
[2022-09-06T11:26:41.887+0000][68][gc,age      ] GC(2) Desired survivor size 10485760 bytes, new threshold 15 (max threshold 15)
[2022-09-06T11:26:41.892+0000][68][gc,phases   ] GC(2)   Pre Evacuate Collection Set: 0.1ms
[2022-09-06T11:26:41.892+0000][68][gc,phases   ] GC(2)   Merge Heap Roots: 0.1ms
[2022-09-06T11:26:41.892+0000][68][gc,phases   ] GC(2)   Evacuate Collection Set: 4.1ms
[2022-09-06T11:26:41.892+0000][68][gc,phases   ] GC(2)   Post Evacuate Collection Set: 1.1ms
[2022-09-06T11:26:41.892+0000][68][gc,phases   ] GC(2)   Other: 0.1ms
[2022-09-06T11:26:41.892+0000][68][gc,age      ] GC(2) Age table with threshold 15 (max threshold 15)
[2022-09-06T11:26:41.892+0000][68][gc,age      ] GC(2) - age   1:    2858152 bytes,    2858152 total
[2022-09-06T11:26:41.892+0000][68][gc,age      ] GC(2) - age   2:    3166160 bytes,    6024312 total
[2022-09-06T11:26:41.892+0000][68][gc,age      ] GC(2) - age   3:    4852864 bytes,   10877176 total
[2022-09-06T11:26:41.892+0000][68][gc,heap     ] GC(2) Eden regions: 28->0(87)
[2022-09-06T11:26:41.892+0000][68][gc,heap     ] GC(2) Survivor regions: 3->3(5)
[2022-09-06T11:26:41.892+0000][68][gc,heap     ] GC(2) Old regions: 0->0
[2022-09-06T11:26:41.892+0000][68][gc,heap     ] GC(2) Archive regions: 2->2
[2022-09-06T11:26:41.892+0000][68][gc,heap     ] GC(2) Humongous regions: 0->0
[2022-09-06T11:26:41.892+0000][68][gc,metaspace] GC(2) Metaspace: 21050K(21504K)->21050K(21504K) NonClass: 18706K(18944K)->18706K(18944K) Class: 2343K(2560K)->2343K(2560K)
[2022-09-06T11:26:41.892+0000][68][gc          ] GC(2) Pause Young (Concurrent Start) (Metadata GC Threshold) 124M->15M(1024M) 5.700ms
[2022-09-06T11:26:41.892+0000][68][gc,cpu      ] GC(2) User=0.04s Sys=0.00s Real=0.01s
[2022-09-06T11:26:41.892+0000][68][gc          ] GC(3) Concurrent Mark Cycle
[2022-09-06T11:26:41.893+0000][68][gc,marking  ] GC(3) Concurrent Clear Claimed Marks
[2022-09-06T11:26:41.893+0000][68][gc,marking  ] GC(3) Concurrent Clear Claimed Marks 0.032ms
[2022-09-06T11:26:41.893+0000][68][gc,marking  ] GC(3) Concurrent Scan Root Regions
[2022-09-06T11:26:41.893+0000][68][safepoint   ] Safepoint "CollectForMetadataAllocation", Time since last: 185786848 ns, Reaching safepoint: 156125 ns, At safepoint: 5853625 ns, Total: 6009750 ns
[2022-09-06T11:26:41.895+0000][68][gc,marking  ] GC(3) Concurrent Scan Root Regions 2.511ms
[2022-09-06T11:26:41.895+0000][68][gc,marking  ] GC(3) Concurrent Mark
[2022-09-06T11:26:41.895+0000][68][gc,marking  ] GC(3) Concurrent Mark From Roots
[2022-09-06T11:26:41.895+0000][68][gc,task     ] GC(3) Using 2 workers of 2 for marking
[2022-09-06T11:26:41.896+0000][68][gc,marking  ] GC(3) Concurrent Mark From Roots 1.084ms
[2022-09-06T11:26:41.896+0000][68][gc,marking  ] GC(3) Concurrent Preclean
[2022-09-06T11:26:41.896+0000][68][gc,marking  ] GC(3) Concurrent Preclean 0.012ms
[2022-09-06T11:26:41.897+0000][68][gc,start    ] GC(3) Pause Remark
[2022-09-06T11:26:41.898+0000][68][gc          ] GC(3) Pause Remark 17M->17M(1024M) 1.842ms
[2022-09-06T11:26:41.898+0000][68][gc,cpu      ] GC(3) User=0.01s Sys=0.00s Real=0.00s
[2022-09-06T11:26:41.898+0000][68][safepoint   ] Safepoint "G1Concurrent", Time since last: 3753033 ns, Reaching safepoint: 204078 ns, At safepoint: 1960685 ns, Total: 2164763 ns
[2022-09-06T11:26:41.899+0000][68][gc,marking  ] GC(3) Concurrent Mark 3.400ms
[2022-09-06T11:26:41.899+0000][68][gc,marking  ] GC(3) Concurrent Rebuild Remembered Sets
[2022-09-06T11:26:41.899+0000][68][gc,marking  ] GC(3) Concurrent Rebuild Remembered Sets 0.006ms
[2022-09-06T11:26:41.899+0000][68][gc,start    ] GC(3) Pause Cleanup
[2022-09-06T11:26:41.899+0000][68][gc          ] GC(3) Pause Cleanup 17M->17M(1024M) 0.028ms
[2022-09-06T11:26:41.899+0000][68][gc,cpu      ] GC(3) User=0.00s Sys=0.00s Real=0.00s
[2022-09-06T11:26:41.899+0000][68][safepoint   ] Safepoint "G1Concurrent", Time since last: 113371 ns, Reaching safepoint: 178093 ns, At safepoint: 84071 ns, Total: 262164 ns
[2022-09-06T11:26:41.899+0000][68][gc,marking  ] GC(3) Concurrent Cleanup for Next Mark
[2022-09-06T11:26:41.900+0000][68][gc,marking  ] GC(3) Concurrent Cleanup for Next Mark 1.209ms
[2022-09-06T11:26:41.900+0000][68][gc          ] GC(3) Concurrent Mark Cycle 7.690ms
[2022-09-06T11:26:42.200+0000][68][safepoint   ] Safepoint "ICBufferFull", Time since last: 300654797 ns, Reaching safepoint: 183656 ns, At safepoint: 2606 ns, Total: 186262 ns
[2022-09-06T11:26:42.539+0000][68][gc,start    ] GC(4) Pause Young (Normal) (G1 Evacuation Pause)
[2022-09-06T11:26:42.539+0000][68][gc,task     ] GC(4) Using 8 workers of 8 for evacuation
[2022-09-06T11:26:42.539+0000][68][gc,age      ] GC(4) Desired survivor size 25165824 bytes, new threshold 15 (max threshold 15)
[2022-09-06T11:26:42.546+0000][68][gc,phases   ] GC(4)   Pre Evacuate Collection Set: 0.1ms
[2022-09-06T11:26:42.546+0000][68][gc,phases   ] GC(4)   Merge Heap Roots: 0.1ms
[2022-09-06T11:26:42.546+0000][68][gc,phases   ] GC(4)   Evacuate Collection Set: 5.4ms
[2022-09-06T11:26:42.546+0000][68][gc,phases   ] GC(4)   Post Evacuate Collection Set: 1.7ms
[2022-09-06T11:26:42.546+0000][68][gc,phases   ] GC(4)   Other: 0.1ms
[2022-09-06T11:26:42.546+0000][68][gc,age      ] GC(4) Age table with threshold 15 (max threshold 15)
[2022-09-06T11:26:42.546+0000][68][gc,age      ] GC(4) - age   1:    7280608 bytes,    7280608 total
[2022-09-06T11:26:42.546+0000][68][gc,age      ] GC(4) - age   2:    2821120 bytes,   10101728 total
[2022-09-06T11:26:42.546+0000][68][gc,age      ] GC(4) - age   3:    3163472 bytes,   13265200 total
[2022-09-06T11:26:42.546+0000][68][gc,age      ] GC(4) - age   4:    4851872 bytes,   18117072 total
[2022-09-06T11:26:42.547+0000][68][gc,heap     ] GC(4) Eden regions: 87->0(117)
[2022-09-06T11:26:42.547+0000][68][gc,heap     ] GC(4) Survivor regions: 3->5(12)
[2022-09-06T11:26:42.547+0000][68][gc,heap     ] GC(4) Old regions: 0->0
[2022-09-06T11:26:42.547+0000][68][gc,heap     ] GC(4) Archive regions: 2->2
[2022-09-06T11:26:42.547+0000][68][gc,heap     ] GC(4) Humongous regions: 0->0
[2022-09-06T11:26:42.547+0000][68][gc,metaspace] GC(4) Metaspace: 24882K(25536K)->24882K(25536K) NonClass: 21990K(22400K)->21990K(22400K) Class: 2892K(3136K)->2892K(3136K)
[2022-09-06T11:26:42.547+0000][68][gc          ] GC(4) Pause Young (Normal) (G1 Evacuation Pause) 363M->21M(1024M) 7.558ms
[2022-09-06T11:26:42.547+0000][68][gc,cpu      ] GC(4) User=0.05s Sys=0.00s Real=0.01s
[2022-09-06T11:26:42.547+0000][68][safepoint   ] Safepoint "G1CollectForAllocation", Time since last: 339026353 ns, Reaching safepoint: 249239 ns, At safepoint: 7628139 ns, Total: 7877378 ns
[2022-09-06T11:26:42.855+0000][68][safepoint   ] Safepoint "ICBufferFull", Time since last: 308105845 ns, Reaching safepoint: 428808 ns, At safepoint: 23254 ns, Total: 452062 ns
[2022-09-06T11:26:43.409+0000][68][safepoint   ] Safepoint "ICBufferFull", Time since last: 553680784 ns, Reaching safepoint: 257917 ns, At safepoint: 4344 ns, Total: 262261 ns
[2022-09-06T11:26:43.466+0000][68][gc,start    ] GC(5) Pause Young (Normal) (G1 Evacuation Pause)
[2022-09-06T11:26:43.466+0000][68][gc,task     ] GC(5) Using 8 workers of 8 for evacuation
[2022-09-06T11:26:43.466+0000][68][gc,age      ] GC(5) Desired survivor size 33554432 bytes, new threshold 15 (max threshold 15)
[2022-09-06T11:26:43.476+0000][68][gc,phases   ] GC(5)   Pre Evacuate Collection Set: 0.1ms
[2022-09-06T11:26:43.476+0000][68][gc,phases   ] GC(5)   Merge Heap Roots: 0.1ms
[2022-09-06T11:26:43.476+0000][68][gc,phases   ] GC(5)   Evacuate Collection Set: 7.5ms
[2022-09-06T11:26:43.476+0000][68][gc,phases   ] GC(5)   Post Evacuate Collection Set: 1.9ms
[2022-09-06T11:26:43.476+0000][68][gc,phases   ] GC(5)   Other: 0.1ms
[2022-09-06T11:26:43.476+0000][68][gc,age      ] GC(5) Age table with threshold 15 (max threshold 15)
[2022-09-06T11:26:43.476+0000][68][gc,age      ] GC(5) - age   1:    9943424 bytes,    9943424 total
[2022-09-06T11:26:43.476+0000][68][gc,age      ] GC(5) - age   2:    6768616 bytes,   16712040 total
[2022-09-06T11:26:43.476+0000][68][gc,age      ] GC(5) - age   3:    2795336 bytes,   19507376 total
[2022-09-06T11:26:43.476+0000][68][gc,age      ] GC(5) - age   4:    3156608 bytes,   22663984 total
[2022-09-06T11:26:43.476+0000][68][gc,age      ] GC(5) - age   5:    4843232 bytes,   27507216 total
[2022-09-06T11:26:43.476+0000][68][gc,heap     ] GC(5) Eden regions: 117->0(146)
[2022-09-06T11:26:43.476+0000][68][gc,heap     ] GC(5) Survivor regions: 5->7(16)
[2022-09-06T11:26:43.476+0000][68][gc,heap     ] GC(5) Old regions: 0->0
[2022-09-06T11:26:43.476+0000][68][gc,heap     ] GC(5) Archive regions: 2->2
[2022-09-06T11:26:43.476+0000][68][gc,heap     ] GC(5) Humongous regions: 0->0
[2022-09-06T11:26:43.476+0000][68][gc,metaspace] GC(5) Metaspace: 33388K(34176K)->33388K(34176K) NonClass: 29496K(29952K)->29496K(29952K) Class: 3891K(4224K)->3891K(4224K)
[2022-09-06T11:26:43.476+0000][68][gc          ] GC(5) Pause Young (Normal) (G1 Evacuation Pause) 489M->31M(1024M) 9.802ms
[2022-09-06T11:26:43.476+0000][68][gc,cpu      ] GC(5) User=0.07s Sys=0.00s Real=0.01s
[2022-09-06T11:26:43.476+0000][68][safepoint   ] Safepoint "G1CollectForAllocation", Time since last: 56783076 ns, Reaching safepoint: 142004 ns, At safepoint: 9897219 ns, Total: 10039223 ns
[2022-09-06T11:26:43.776+0000][68][gc,start    ] GC(6) Pause Young (Concurrent Start) (Metadata GC Threshold)
[2022-09-06T11:26:43.776+0000][68][gc,task     ] GC(6) Using 8 workers of 8 for evacuation
[2022-09-06T11:26:43.776+0000][68][gc,age      ] GC(6) Desired survivor size 41943040 bytes, new threshold 15 (max threshold 15)
[2022-09-06T11:26:43.786+0000][68][gc,phases   ] GC(6)   Pre Evacuate Collection Set: 0.2ms
[2022-09-06T11:26:43.786+0000][68][gc,phases   ] GC(6)   Merge Heap Roots: 0.1ms
[2022-09-06T11:26:43.786+0000][68][gc,phases   ] GC(6)   Evacuate Collection Set: 7.8ms
[2022-09-06T11:26:43.786+0000][68][gc,phases   ] GC(6)   Post Evacuate Collection Set: 1.6ms
[2022-09-06T11:26:43.786+0000][68][gc,phases   ] GC(6)   Other: 0.1ms
[2022-09-06T11:26:43.786+0000][68][gc,age      ] GC(6) Age table with threshold 15 (max threshold 15)
[2022-09-06T11:26:43.786+0000][68][gc,age      ] GC(6) - age   1:    3431784 bytes,    3431784 total
[2022-09-06T11:26:43.786+0000][68][gc,age      ] GC(6) - age   2:    7203112 bytes,   10634896 total
[2022-09-06T11:26:43.786+0000][68][gc,age      ] GC(6) - age   3:    6749824 bytes,   17384720 total
[2022-09-06T11:26:43.786+0000][68][gc,age      ] GC(6) - age   4:    2695792 bytes,   20080512 total
[2022-09-06T11:26:43.786+0000][68][gc,age      ] GC(6) - age   5:    3154936 bytes,   23235448 total
[2022-09-06T11:26:43.786+0000][68][gc,age      ] GC(6) - age   6:    4842832 bytes,   28078280 total
[2022-09-06T11:26:43.786+0000][68][gc,heap     ] GC(6) Eden regions: 40->0(145)
[2022-09-06T11:26:43.786+0000][68][gc,heap     ] GC(6) Survivor regions: 7->8(20)
[2022-09-06T11:26:43.786+0000][68][gc,heap     ] GC(6) Old regions: 0->0
[2022-09-06T11:26:43.786+0000][68][gc,heap     ] GC(6) Archive regions: 2->2
[2022-09-06T11:26:43.786+0000][68][gc,heap     ] GC(6) Humongous regions: 0->0
[2022-09-06T11:26:43.786+0000][68][gc,metaspace] GC(6) Metaspace: 35288K(36096K)->35288K(36096K) NonClass: 31142K(31616K)->31142K(31616K) Class: 4146K(4480K)->4146K(4480K)
[2022-09-06T11:26:43.786+0000][68][gc          ] GC(6) Pause Young (Concurrent Start) (Metadata GC Threshold) 191M->33M(1024M) 10.111ms
[2022-09-06T11:26:43.786+0000][68][gc,cpu      ] GC(6) User=0.07s Sys=0.00s Real=0.01s
[2022-09-06T11:26:43.786+0000][68][gc          ] GC(7) Concurrent Mark Cycle
[2022-09-06T11:26:43.787+0000][68][gc,marking  ] GC(7) Concurrent Clear Claimed Marks
[2022-09-06T11:26:43.787+0000][68][safepoint   ] Safepoint "CollectForMetadataAllocation", Time since last: 300228389 ns, Reaching safepoint: 117873 ns, At safepoint: 10261472 ns, Total: 10379345 ns
[2022-09-06T11:26:43.787+0000][68][gc,marking  ] GC(7) Concurrent Clear Claimed Marks 0.099ms
[2022-09-06T11:26:43.787+0000][68][gc,marking  ] GC(7) Concurrent Scan Root Regions
[2022-09-06T11:26:43.791+0000][68][gc,marking  ] GC(7) Concurrent Scan Root Regions 3.857ms
[2022-09-06T11:26:43.791+0000][68][gc,marking  ] GC(7) Concurrent Mark
[2022-09-06T11:26:43.791+0000][68][gc,marking  ] GC(7) Concurrent Mark From Roots
[2022-09-06T11:26:43.791+0000][68][gc,task     ] GC(7) Using 2 workers of 2 for marking
[2022-09-06T11:26:43.792+0000][68][gc,marking  ] GC(7) Concurrent Mark From Roots 0.906ms
[2022-09-06T11:26:43.792+0000][68][gc,marking  ] GC(7) Concurrent Preclean
[2022-09-06T11:26:43.792+0000][68][gc,marking  ] GC(7) Concurrent Preclean 0.013ms
[2022-09-06T11:26:43.792+0000][68][gc,start    ] GC(7) Pause Remark
[2022-09-06T11:26:43.796+0000][68][gc          ] GC(7) Pause Remark 35M->35M(1024M) 4.052ms
[2022-09-06T11:26:43.796+0000][68][gc,cpu      ] GC(7) User=0.02s Sys=0.00s Real=0.00s
[2022-09-06T11:26:43.796+0000][68][safepoint   ] Safepoint "G1Concurrent", Time since last: 5114595 ns, Reaching safepoint: 197783 ns, At safepoint: 4175480 ns, Total: 4373263 ns
[2022-09-06T11:26:43.796+0000][68][gc,marking  ] GC(7) Concurrent Mark 5.438ms
[2022-09-06T11:26:43.796+0000][68][gc,marking  ] GC(7) Concurrent Rebuild Remembered Sets
[2022-09-06T11:26:43.796+0000][68][gc,marking  ] GC(7) Concurrent Rebuild Remembered Sets 0.009ms
[2022-09-06T11:26:43.796+0000][68][gc,start    ] GC(7) Pause Cleanup
[2022-09-06T11:26:43.796+0000][68][gc          ] GC(7) Pause Cleanup 35M->35M(1024M) 0.037ms
[2022-09-06T11:26:43.796+0000][68][gc,cpu      ] GC(7) User=0.00s Sys=0.00s Real=0.00s
[2022-09-06T11:26:43.796+0000][68][safepoint   ] Safepoint "G1Concurrent", Time since last: 114234 ns, Reaching safepoint: 187217 ns, At safepoint: 78833 ns, Total: 266050 ns
[2022-09-06T11:26:43.796+0000][68][gc,marking  ] GC(7) Concurrent Cleanup for Next Mark
[2022-09-06T11:26:43.798+0000][68][gc,marking  ] GC(7) Concurrent Cleanup for Next Mark 1.200ms
[2022-09-06T11:26:43.798+0000][68][gc          ] GC(7) Concurrent Mark Cycle 11.278ms
[2022-09-06T11:26:44.273+0000][68][safepoint   ] Safepoint "ICBufferFull", Time since last: 476007844 ns, Reaching safepoint: 243187 ns, At safepoint: 4446 ns, Total: 247633 ns
[2022-09-06T11:26:44.900+0000][68][safepoint   ] Safepoint "ICBufferFull", Time since last: 627109773 ns, Reaching safepoint: 235235 ns, At safepoint: 43593 ns, Total: 278828 ns
[2022-09-06T11:26:45.295+0000][68][safepoint   ] Safepoint "ICBufferFull", Time since last: 394729820 ns, Reaching safepoint: 216112 ns, At safepoint: 5108 ns, Total: 221220 ns
[2022-09-06T11:26:45.540+0000][68][safepoint   ] Safepoint "ICBufferFull", Time since last: 244462236 ns, Reaching safepoint: 240811 ns, At safepoint: 23302 ns, Total: 264113 ns
[2022-09-06T11:26:45.903+0000][68][gc,start    ] GC(8) Pause Young (Concurrent Start) (Metadata GC Threshold)
[2022-09-06T11:26:45.904+0000][68][gc,task     ] GC(8) Using 8 workers of 8 for evacuation
[2022-09-06T11:26:45.904+0000][68][gc,age      ] GC(8) Desired survivor size 41943040 bytes, new threshold 15 (max threshold 15)
[2022-09-06T11:26:45.922+0000][68][gc,phases   ] GC(8)   Pre Evacuate Collection Set: 0.3ms
[2022-09-06T11:26:45.922+0000][68][gc,phases   ] GC(8)   Merge Heap Roots: 0.1ms
[2022-09-06T11:26:45.922+0000][68][gc,phases   ] GC(8)   Evacuate Collection Set: 15.5ms
[2022-09-06T11:26:45.922+0000][68][gc,phases   ] GC(8)   Post Evacuate Collection Set: 2.7ms
[2022-09-06T11:26:45.922+0000][68][gc,phases   ] GC(8)   Other: 0.2ms
[2022-09-06T11:26:45.922+0000][68][gc,age      ] GC(8) Age table with threshold 15 (max threshold 15)
[2022-09-06T11:26:45.922+0000][68][gc,age      ] GC(8) - age   1:   25323448 bytes,   25323448 total
[2022-09-06T11:26:45.922+0000][68][gc,age      ] GC(8) - age   2:    3362328 bytes,   28685776 total
[2022-09-06T11:26:45.922+0000][68][gc,age      ] GC(8) - age   3:    7122648 bytes,   35808424 total
[2022-09-06T11:26:45.922+0000][68][gc,age      ] GC(8) - age   4:    6715496 bytes,   42523920 total
[2022-09-06T11:26:45.922+0000][68][gc,age      ] GC(8) - age   5:    2680712 bytes,   45204632 total
[2022-09-06T11:26:45.922+0000][68][gc,age      ] GC(8) - age   6:    3102040 bytes,   48306672 total
[2022-09-06T11:26:45.922+0000][68][gc,age      ] GC(8) - age   7:    4823984 bytes,   53130656 total
[2022-09-06T11:26:45.922+0000][68][gc,heap     ] GC(8) Eden regions: 110->0(139)
[2022-09-06T11:26:45.922+0000][68][gc,heap     ] GC(8) Survivor regions: 8->14(20)
[2022-09-06T11:26:45.922+0000][68][gc,heap     ] GC(8) Old regions: 0->0
[2022-09-06T11:26:45.922+0000][68][gc,heap     ] GC(8) Archive regions: 2->2
[2022-09-06T11:26:45.922+0000][68][gc,heap     ] GC(8) Humongous regions: 0->0
[2022-09-06T11:26:45.922+0000][68][gc,metaspace] GC(8) Metaspace: 59047K(60416K)->59047K(60416K) NonClass: 51542K(52352K)->51542K(52352K) Class: 7505K(8064K)->7505K(8064K)
[2022-09-06T11:26:45.922+0000][68][gc          ] GC(8) Pause Young (Concurrent Start) (Metadata GC Threshold) 471M->57M(1024M) 19.003ms
[2022-09-06T11:26:45.923+0000][68][gc,cpu      ] GC(8) User=0.12s Sys=0.02s Real=0.02s
[2022-09-06T11:26:45.923+0000][68][gc          ] GC(9) Concurrent Mark Cycle
[2022-09-06T11:26:45.923+0000][68][gc,marking  ] GC(9) Concurrent Clear Claimed Marks
[2022-09-06T11:26:45.923+0000][68][safepoint   ] Safepoint "CollectForMetadataAllocation", Time since last: 363627257 ns, Reaching safepoint: 140206 ns, At safepoint: 19142124 ns, Total: 19282330 ns
[2022-09-06T11:26:45.923+0000][68][gc,marking  ] GC(9) Concurrent Clear Claimed Marks 0.081ms
[2022-09-06T11:26:45.923+0000][68][gc,marking  ] GC(9) Concurrent Scan Root Regions
[2022-09-06T11:26:45.934+0000][68][gc,marking  ] GC(9) Concurrent Scan Root Regions 10.829ms
[2022-09-06T11:26:45.934+0000][68][gc,marking  ] GC(9) Concurrent Mark
[2022-09-06T11:26:45.934+0000][68][gc,marking  ] GC(9) Concurrent Mark From Roots
[2022-09-06T11:26:45.934+0000][68][gc,task     ] GC(9) Using 2 workers of 2 for marking
[2022-09-06T11:26:45.935+0000][68][gc,marking  ] GC(9) Concurrent Mark From Roots 1.259ms
[2022-09-06T11:26:45.935+0000][68][gc,marking  ] GC(9) Concurrent Preclean
[2022-09-06T11:26:45.935+0000][68][gc,marking  ] GC(9) Concurrent Preclean 0.012ms
[2022-09-06T11:26:45.935+0000][68][gc,start    ] GC(9) Pause Remark
[2022-09-06T11:26:45.938+0000][68][gc          ] GC(9) Pause Remark 59M->59M(1024M) 2.592ms
[2022-09-06T11:26:45.938+0000][68][gc,cpu      ] GC(9) User=0.01s Sys=0.01s Real=0.00s
[2022-09-06T11:26:45.938+0000][68][safepoint   ] Safepoint "G1Concurrent", Time since last: 12336905 ns, Reaching safepoint: 264059 ns, At safepoint: 2691802 ns, Total: 2955861 ns
[2022-09-06T11:26:45.938+0000][68][gc,marking  ] GC(9) Concurrent Mark 4.372ms
[2022-09-06T11:26:45.938+0000][68][gc,marking  ] GC(9) Concurrent Rebuild Remembered Sets
[2022-09-06T11:26:45.938+0000][68][gc,marking  ] GC(9) Concurrent Rebuild Remembered Sets 0.005ms
[2022-09-06T11:26:45.938+0000][68][gc,start    ] GC(9) Pause Cleanup
[2022-09-06T11:26:45.938+0000][68][gc          ] GC(9) Pause Cleanup 59M->59M(1024M) 0.027ms
[2022-09-06T11:26:45.938+0000][68][gc,cpu      ] GC(9) User=0.00s Sys=0.00s Real=0.00s
[2022-09-06T11:26:45.938+0000][68][safepoint   ] Safepoint "G1Concurrent", Time since last: 125196 ns, Reaching safepoint: 169705 ns, At safepoint: 56637 ns, Total: 226342 ns
[2022-09-06T11:26:45.938+0000][68][gc,marking  ] GC(9) Concurrent Cleanup for Next Mark
[2022-09-06T11:26:45.940+0000][68][gc,marking  ] GC(9) Concurrent Cleanup for Next Mark 1.332ms
[2022-09-06T11:26:45.940+0000][68][gc          ] GC(9) Concurrent Mark Cycle 17.105ms
[2022-09-06T11:26:46.948+0000][68][safepoint   ] Safepoint "ICBufferFull", Time since last: 1009689453 ns, Reaching safepoint: 230807 ns, At safepoint: 46319 ns, Total: 277126 ns
[2022-09-06T11:26:48.016+0000][68][safepoint   ] Safepoint "ICBufferFull", Time since last: 1066458531 ns, Reaching safepoint: 1161551 ns, At safepoint: 23637 ns, Total: 1185188 ns
[2022-09-06T11:26:48.314+0000][68][safepoint   ] Safepoint "ICBufferFull", Time since last: 298324556 ns, Reaching safepoint: 172505 ns, At safepoint: 31179 ns, Total: 203684 ns
[2022-09-06T11:26:48.676+0000][68][gc,start    ] GC(10) Pause Young (Concurrent Start) (Metadata GC Threshold)
[2022-09-06T11:26:48.676+0000][68][gc,task     ] GC(10) Using 8 workers of 8 for evacuation
[2022-09-06T11:26:48.676+0000][68][gc,age      ] GC(10) Desired survivor size 41943040 bytes, new threshold 4 (max threshold 15)
[2022-09-06T11:26:48.705+0000][68][gc,phases   ] GC(10)   Pre Evacuate Collection Set: 0.3ms
[2022-09-06T11:26:48.705+0000][68][gc,phases   ] GC(10)   Merge Heap Roots: 0.1ms
[2022-09-06T11:26:48.705+0000][68][gc,phases   ] GC(10)   Evacuate Collection Set: 25.6ms
[2022-09-06T11:26:48.705+0000][68][gc,phases   ] GC(10)   Post Evacuate Collection Set: 2.7ms
[2022-09-06T11:26:48.705+0000][68][gc,phases   ] GC(10)   Other: 0.1ms
[2022-09-06T11:26:48.705+0000][68][gc,age      ] GC(10) Age table with threshold 4 (max threshold 15)
[2022-09-06T11:26:48.705+0000][68][gc,age      ] GC(10) - age   1:   16824608 bytes,   16824608 total
[2022-09-06T11:26:48.705+0000][68][gc,age      ] GC(10) - age   2:   24819912 bytes,   41644520 total
[2022-09-06T11:26:48.705+0000][68][gc,age      ] GC(10) - age   3:    3351552 bytes,   44996072 total
[2022-09-06T11:26:48.705+0000][68][gc,age      ] GC(10) - age   4:    7100160 bytes,   52096232 total
[2022-09-06T11:26:48.705+0000][68][gc,heap     ] GC(10) Eden regions: 121->0(139)
[2022-09-06T11:26:48.705+0000][68][gc,heap     ] GC(10) Survivor regions: 14->14(20)
[2022-09-06T11:26:48.705+0000][68][gc,heap     ] GC(10) Old regions: 0->5
[2022-09-06T11:26:48.705+0000][68][gc,heap     ] GC(10) Archive regions: 2->2
[2022-09-06T11:26:48.705+0000][68][gc,heap     ] GC(10) Humongous regions: 0->0
[2022-09-06T11:26:48.705+0000][68][gc,metaspace] GC(10) Metaspace: 98254K(101120K)->98254K(101120K) NonClass: 85084K(86528K)->85084K(86528K) Class: 13170K(14592K)->13170K(14592K)
[2022-09-06T11:26:48.705+0000][68][gc          ] GC(10) Pause Young (Concurrent Start) (Metadata GC Threshold) 541M->74M(1024M) 29.076ms
[2022-09-06T11:26:48.705+0000][68][gc,cpu      ] GC(10) User=0.22s Sys=0.00s Real=0.03s
[2022-09-06T11:26:48.705+0000][68][gc          ] GC(11) Concurrent Mark Cycle
[2022-09-06T11:26:48.706+0000][68][gc,marking  ] GC(11) Concurrent Clear Claimed Marks
[2022-09-06T11:26:48.706+0000][68][safepoint   ] Safepoint "CollectForMetadataAllocation", Time since last: 361378114 ns, Reaching safepoint: 536376 ns, At safepoint: 29281821 ns, Total: 29818197 ns
[2022-09-06T11:26:48.706+0000][68][gc,marking  ] GC(11) Concurrent Clear Claimed Marks 0.279ms
[2022-09-06T11:26:48.706+0000][68][gc,marking  ] GC(11) Concurrent Scan Root Regions
[2022-09-06T11:26:48.722+0000][68][gc,marking  ] GC(11) Concurrent Scan Root Regions 15.988ms
[2022-09-06T11:26:48.722+0000][68][gc,marking  ] GC(11) Concurrent Mark
[2022-09-06T11:26:48.722+0000][68][gc,marking  ] GC(11) Concurrent Mark From Roots
[2022-09-06T11:26:48.722+0000][68][gc,task     ] GC(11) Using 2 workers of 2 for marking
[2022-09-06T11:26:48.723+0000][68][gc,marking  ] GC(11) Concurrent Mark From Roots 0.871ms
[2022-09-06T11:26:48.723+0000][68][gc,marking  ] GC(11) Concurrent Preclean
[2022-09-06T11:26:48.723+0000][68][gc,marking  ] GC(11) Concurrent Preclean 0.009ms
[2022-09-06T11:26:48.723+0000][68][gc,start    ] GC(11) Pause Remark
[2022-09-06T11:26:48.726+0000][68][gc          ] GC(11) Pause Remark 76M->76M(1024M) 2.693ms
[2022-09-06T11:26:48.726+0000][68][gc,cpu      ] GC(11) User=0.02s Sys=0.00s Real=0.00s
[2022-09-06T11:26:48.726+0000][68][safepoint   ] Safepoint "G1Concurrent", Time since last: 17274192 ns, Reaching safepoint: 286102 ns, At safepoint: 2833865 ns, Total: 3119967 ns
[2022-09-06T11:26:48.726+0000][68][gc,marking  ] GC(11) Concurrent Mark 4.122ms
[2022-09-06T11:26:48.726+0000][68][gc,marking  ] GC(11) Concurrent Rebuild Remembered Sets
[2022-09-06T11:26:48.731+0000][68][gc,marking  ] GC(11) Concurrent Rebuild Remembered Sets 4.534ms
[2022-09-06T11:26:48.731+0000][68][gc,start    ] GC(11) Pause Cleanup
[2022-09-06T11:26:48.731+0000][68][gc          ] GC(11) Pause Cleanup 76M->76M(1024M) 0.147ms
[2022-09-06T11:26:48.731+0000][68][gc,cpu      ] GC(11) User=0.00s Sys=0.00s Real=0.00s
[2022-09-06T11:26:48.731+0000][68][safepoint   ] Safepoint "G1Concurrent", Time since last: 4697524 ns, Reaching safepoint: 194806 ns, At safepoint: 201007 ns, Total: 395813 ns
[2022-09-06T11:26:48.731+0000][68][gc,marking  ] GC(11) Concurrent Cleanup for Next Mark
[2022-09-06T11:26:48.732+0000][68][gc,marking  ] GC(11) Concurrent Cleanup for Next Mark 1.133ms
[2022-09-06T11:26:48.732+0000][68][gc          ] GC(11) Concurrent Mark Cycle 26.834ms
[2022-09-06T11:26:49.002+0000][68][safepoint   ] Safepoint "ICBufferFull", Time since last: 270509374 ns, Reaching safepoint: 413040 ns, At safepoint: 7300 ns, Total: 420340 ns
[2022-09-06T11:26:49.247+0000][68][safepoint   ] Safepoint "ICBufferFull", Time since last: 245035358 ns, Reaching safepoint: 280659 ns, At safepoint: 27257 ns, Total: 307916 ns
[2022-09-06T11:26:49.502+0000][68][safepoint   ] Safepoint "ICBufferFull", Time since last: 254633730 ns, Reaching safepoint: 204592 ns, At safepoint: 29409 ns, Total: 234001 ns
[2022-09-06T11:26:50.023+0000][68][safepoint   ] Safepoint "ICBufferFull", Time since last: 520132217 ns, Reaching safepoint: 149642 ns, At safepoint: 17260 ns, Total: 166902 ns
[2022-09-06T11:26:50.147+0000][68][safepoint   ] Safepoint "ICBufferFull", Time since last: 124712301 ns, Reaching safepoint: 149245 ns, At safepoint: 14620 ns, Total: 163865 ns
[2022-09-06T11:26:50.413+0000][68][safepoint   ] Safepoint "ICBufferFull", Time since last: 265499737 ns, Reaching safepoint: 353866 ns, At safepoint: 56833 ns, Total: 410699 ns
[2022-09-06T11:26:50.675+0000][68][safepoint   ] Safepoint "ICBufferFull", Time since last: 261219364 ns, Reaching safepoint: 160507 ns, At safepoint: 62933 ns, Total: 223440 ns
[2022-09-06T11:26:51.106+0000][68][safepoint   ] Safepoint "ICBufferFull", Time since last: 431179059 ns, Reaching safepoint: 156401 ns, At safepoint: 23904 ns, Total: 180305 ns
[2022-09-06T11:26:52.107+0000][68][safepoint   ] Safepoint "Cleanup", Time since last: 1000248538 ns, Reaching safepoint: 269225 ns, At safepoint: 9103 ns, Total: 278328 ns
[2022-09-06T11:26:53.107+0000][68][safepoint   ] Safepoint "Cleanup", Time since last: 1000417942 ns, Reaching safepoint: 275376 ns, At safepoint: 5773 ns, Total: 281149 ns
[2022-09-06T11:26:54.108+0000][68][safepoint   ] Safepoint "Cleanup", Time since last: 1000522227 ns, Reaching safepoint: 371743 ns, At safepoint: 8296 ns, Total: 380039 ns
[2022-09-06T11:26:55.109+0000][68][safepoint   ] Safepoint "Cleanup", Time since last: 1000323687 ns, Reaching safepoint: 166800 ns, At safepoint: 4328 ns, Total: 171128 ns
[2022-09-06T11:26:56.109+0000][68][safepoint   ] Safepoint "Cleanup", Time since last: 1000386975 ns, Reaching safepoint: 303454 ns, At safepoint: 9461 ns, Total: 312915 ns
[2022-09-06T11:26:57.110+0000][68][safepoint   ] Safepoint "Cleanup", Time since last: 1000277741 ns, Reaching safepoint: 143469 ns, At safepoint: 8838 ns, Total: 152307 ns
[2022-09-06T11:26:58.111+0000][68][safepoint   ] Safepoint "Cleanup", Time since last: 1000325568 ns, Reaching safepoint: 284775 ns, At safepoint: 12196 ns, Total: 296971 ns
[2022-09-06T11:26:59.111+0000][68][safepoint   ] Safepoint "Cleanup", Time since last: 1000380654 ns, Reaching safepoint: 338114 ns, At safepoint: 9096 ns, Total: 347210 ns
[2022-09-06T11:27:00.278+0000][68][safepoint   ] Safepoint "Cleanup", Time since last: 1166099394 ns, Reaching safepoint: 130578 ns, At safepoint: 3549 ns, Total: 134127 ns
[2022-09-06T11:27:01.278+0000][68][safepoint   ] Safepoint "Cleanup", Time since last: 1000359344 ns, Reaching safepoint: 348365 ns, At safepoint: 9551 ns, Total: 357916 ns
[2022-09-06T11:27:04.280+0000][68][safepoint   ] Safepoint "Cleanup", Time since last: 3000711183 ns, Reaching safepoint: 439725 ns, At safepoint: 21528 ns, Total: 461253 ns
[2022-09-06T11:27:08.281+0000][68][safepoint   ] Safepoint "Cleanup", Time since last: 4001046550 ns, Reaching safepoint: 375968 ns, At safepoint: 9227 ns, Total: 385195 ns
[2022-09-06T11:27:09.281+0000][68][safepoint   ] Safepoint "Cleanup", Time since last: 1000199806 ns, Reaching safepoint: 134225 ns, At safepoint: 3646 ns, Total: 137871 ns
[2022-09-06T11:27:10.282+0000][68][safepoint   ] Safepoint "Cleanup", Time since last: 1000440264 ns, Reaching safepoint: 511340 ns, At safepoint: 70123 ns, Total: 581463 ns
[2022-09-06T11:27:14.284+0000][68][safepoint   ] Safepoint "Cleanup", Time since last: 4001064177 ns, Reaching safepoint: 299822 ns, At safepoint: 48822 ns, Total: 348644 ns
[2022-09-06T11:27:17.284+0000][68][safepoint   ] Safepoint "Cleanup", Time since last: 3000550451 ns, Reaching safepoint: 132840 ns, At safepoint: 15551 ns, Total: 148391 ns
[2022-09-06T11:27:19.285+0000][68][safepoint   ] Safepoint "Cleanup", Time since last: 2000518753 ns, Reaching safepoint: 215169 ns, At safepoint: 18593 ns, Total: 233762 ns
[2022-09-06T11:27:20.286+0000][68][safepoint   ] Safepoint "Cleanup", Time since last: 1000165833 ns, Reaching safepoint: 250388 ns, At safepoint: 36022 ns, Total: 286410 ns
[2022-09-06T11:27:21.286+0000][68][safepoint   ] Safepoint "Cleanup", Time since last: 1000224051 ns, Reaching safepoint: 135721 ns, At safepoint: 4886 ns, Total: 140607 ns
[2022-09-06T11:27:23.287+0000][68][safepoint   ] Safepoint "Cleanup", Time since last: 2000472357 ns, Reaching safepoint: 382234 ns, At safepoint: 9118 ns, Total: 391352 ns
[2022-09-06T11:27:27.288+0000][68][safepoint   ] Safepoint "Cleanup", Time since last: 4000887455 ns, Reaching safepoint: 141612 ns, At safepoint: 3104 ns, Total: 144716 ns
[2022-09-06T11:27:30.289+0000][68][safepoint   ] Safepoint "Cleanup", Time since last: 3000635770 ns, Reaching safepoint: 366540 ns, At safepoint: 49262 ns, Total: 415802 ns
[2022-09-06T11:27:31.289+0000][68][safepoint   ] Safepoint "Cleanup", Time since last: 1000397312 ns, Reaching safepoint: 319595 ns, At safepoint: 44617 ns, Total: 364212 ns
[2022-09-06T11:27:34.291+0000][68][safepoint   ] Safepoint "Cleanup", Time since last: 3001020883 ns, Reaching safepoint: 335638 ns, At safepoint: 41695 ns, Total: 377333 ns
[2022-09-06T11:27:36.292+0000][68][safepoint   ] Safepoint "Cleanup", Time since last: 2000601178 ns, Reaching safepoint: 136341 ns, At safepoint: 17758 ns, Total: 154099 ns
[2022-09-06T11:27:40.293+0000][68][safepoint   ] Safepoint "Cleanup", Time since last: 4001008372 ns, Reaching safepoint: 694617 ns, At safepoint: 79650 ns, Total: 774267 ns
[2022-09-06T11:27:47.296+0000][68][safepoint   ] Safepoint "Cleanup", Time since last: 7001895329 ns, Reaching safepoint: 526192 ns, At safepoint: 24808 ns, Total: 551000 ns
[2022-09-06T11:27:48.297+0000][68][safepoint   ] Safepoint "Cleanup", Time since last: 1000530800 ns, Reaching safepoint: 336693 ns, At safepoint: 9498 ns, Total: 346191 ns
[2022-09-06T11:27:49.297+0000][68][safepoint   ] Safepoint "Cleanup", Time since last: 1000543249 ns, Reaching safepoint: 178556 ns, At safepoint: 4269 ns, Total: 182825 ns
[2022-09-06T11:27:50.298+0000][68][safepoint   ] Safepoint "Cleanup", Time since last: 1000408156 ns, Reaching safepoint: 357282 ns, At safepoint: 10060 ns, Total: 367342 ns
[2022-09-06T11:27:51.299+0000][68][safepoint   ] Safepoint "Cleanup", Time since last: 1000420909 ns, Reaching safepoint: 346549 ns, At safepoint: 9183 ns, Total: 355732 ns
[2022-09-06T11:27:52.300+0000][68][safepoint   ] Safepoint "Cleanup", Time since last: 1000334284 ns, Reaching safepoint: 552532 ns, At safepoint: 22920 ns, Total: 575452 ns
[2022-09-06T11:27:54.301+0000][68][safepoint   ] Safepoint "Cleanup", Time since last: 2000572443 ns, Reaching safepoint: 392001 ns, At safepoint: 8313 ns, Total: 400314 ns
[2022-09-06T11:28:01.303+0000][68][safepoint   ] Safepoint "Cleanup", Time since last: 7001813009 ns, Reaching safepoint: 357724 ns, At safepoint: 10052 ns, Total: 367776 ns
[2022-09-06T11:28:02.304+0000][68][safepoint   ] Safepoint "Cleanup", Time since last: 1000383540 ns, Reaching safepoint: 328665 ns, At safepoint: 14866 ns, Total: 343531 ns
[2022-09-06T11:28:04.305+0000][68][safepoint   ] Safepoint "Cleanup", Time since last: 2000910157 ns, Reaching safepoint: 341011 ns, At safepoint: 12978 ns, Total: 353989 ns
[2022-09-06T11:28:15.309+0000][68][safepoint   ] Safepoint "Cleanup", Time since last: 11003938114 ns, Reaching safepoint: 239251 ns, At safepoint: 20791 ns, Total: 260042 ns
[2022-09-06T11:28:19.310+0000][68][safepoint   ] Safepoint "Cleanup", Time since last: 4000956457 ns, Reaching safepoint: 140375 ns, At safepoint: 2942 ns, Total: 143317 ns
[2022-09-06T11:28:20.311+0000][68][safepoint   ] Safepoint "Cleanup", Time since last: 1000261667 ns, Reaching safepoint: 140337 ns, At safepoint: 6465 ns, Total: 146802 ns
[2022-09-06T11:28:21.311+0000][68][safepoint   ] Safepoint "Cleanup", Time since last: 1000218818 ns, Reaching safepoint: 379502 ns, At safepoint: 47874 ns, Total: 427376 ns
[2022-09-06T11:28:22.312+0000][68][safepoint   ] Safepoint "Cleanup", Time since last: 1000342015 ns, Reaching safepoint: 513453 ns, At safepoint: 27075 ns, Total: 540528 ns
[2022-09-06T11:28:33.316+0000][68][safepoint   ] Safepoint "Cleanup", Time since last: 11002996914 ns, Reaching safepoint: 378969 ns, At safepoint: 10136 ns, Total: 389105 ns
[2022-09-06T11:28:37.317+0000][68][safepoint   ] Safepoint "Cleanup", Time since last: 4001343625 ns, Reaching safepoint: 131667 ns, At safepoint: 3333 ns, Total: 135000 ns
[2022-09-06T11:28:50.322+0000][68][safepoint   ] Safepoint "Cleanup", Time since last: 13004226049 ns, Reaching safepoint: 208433 ns, At safepoint: 11019 ns, Total: 219452 ns
[2022-09-06T11:28:51.322+0000][68][safepoint   ] Safepoint "Cleanup", Time since last: 1000290626 ns, Reaching safepoint: 322083 ns, At safepoint: 8710 ns, Total: 330793 ns
[2022-09-06T11:28:53.323+0000][68][safepoint   ] Safepoint "Cleanup", Time since last: 2000719233 ns, Reaching safepoint: 327031 ns, At safepoint: 9817 ns, Total: 336848 ns
[2022-09-06T11:28:55.324+0000][68][safepoint   ] Safepoint "Cleanup", Time since last: 2000704930 ns, Reaching safepoint: 158476 ns, At safepoint: 8112 ns, Total: 166588 ns
[2022-09-06T11:28:57.325+0000][68][safepoint   ] Safepoint "Cleanup", Time since last: 2000804859 ns, Reaching safepoint: 381943 ns, At safepoint: 11388 ns, Total: 393331 ns
[2022-09-06T11:29:01.327+0000][68][safepoint   ] Safepoint "Cleanup", Time since last: 4001115067 ns, Reaching safepoint: 149644 ns, At safepoint: 16876 ns, Total: 166520 ns
[2022-09-06T11:29:10.330+0000][68][safepoint   ] Safepoint "Cleanup", Time since last: 9002944321 ns, Reaching safepoint: 534501 ns, At safepoint: 106581 ns, Total: 641082 ns
[2022-09-06T11:29:11.331+0000][68][safepoint   ] Safepoint "Cleanup", Time since last: 1000464113 ns, Reaching safepoint: 143096 ns, At safepoint: 3698 ns, Total: 146794 ns
[2022-09-06T11:29:13.331+0000][68][safepoint   ] Safepoint "Cleanup", Time since last: 2000326785 ns, Reaching safepoint: 132206 ns, At safepoint: 6539 ns, Total: 138745 ns
[2022-09-06T11:29:21.334+0000][68][safepoint   ] Safepoint "Cleanup", Time since last: 8002792687 ns, Reaching safepoint: 364929 ns, At safepoint: 10296 ns, Total: 375225 ns
[2022-09-06T11:29:24.336+0000][68][safepoint   ] Safepoint "Cleanup", Time since last: 3000809141 ns, Reaching safepoint: 389885 ns, At safepoint: 9322 ns, Total: 399207 ns
[2022-09-06T11:29:25.336+0000][68][safepoint   ] Safepoint "Cleanup", Time since last: 1000474074 ns, Reaching safepoint: 350162 ns, At safepoint: 11189 ns, Total: 361351 ns
[2022-09-06T11:29:31.340+0000][68][safepoint   ] Safepoint "Cleanup", Time since last: 6002499703 ns, Reaching safepoint: 426294 ns, At safepoint: 10261 ns, Total: 436555 ns
[2022-09-06T11:29:36.341+0000][68][safepoint   ] Safepoint "Cleanup", Time since last: 5001263503 ns, Reaching safepoint: 179159 ns, At safepoint: 5548 ns, Total: 184707 ns
[2022-09-06T11:29:48.344+0000][68][safepoint   ] Safepoint "Cleanup", Time since last: 12002535619 ns, Reaching safepoint: 227848 ns, At safepoint: 9859 ns, Total: 237707 ns
[2022-09-06T11:29:49.344+0000][68][safepoint   ] Safepoint "Cleanup", Time since last: 1000249743 ns, Reaching safepoint: 126637 ns, At safepoint: 5092 ns, Total: 131729 ns
[2022-09-06T11:29:50.345+0000][68][safepoint   ] Safepoint "Cleanup", Time since last: 1000279258 ns, Reaching safepoint: 153050 ns, At safepoint: 21860 ns, Total: 174910 ns
[2022-09-06T11:29:50.639+0000][68][safepoint   ] Safepoint "ICBufferFull", Time since last: 294101634 ns, Reaching safepoint: 451338 ns, At safepoint: 53368 ns, Total: 504706 ns
[2022-09-06T11:29:50.641+0000][68][safepoint   ] Safepoint "ICBufferFull", Time since last: 1767877 ns, Reaching safepoint: 90839 ns, At safepoint: 19922 ns, Total: 110761 ns
[2022-09-06T11:29:50.779+0000][68][safepoint   ] Safepoint "ICBufferFull", Time since last: 137500521 ns, Reaching safepoint: 551617 ns, At safepoint: 83565 ns, Total: 635182 ns
[2022-09-06T11:29:50.927+0000][68][safepoint   ] Safepoint "ICBufferFull", Time since last: 147425069 ns, Reaching safepoint: 166822 ns, At safepoint: 58341 ns, Total: 225163 ns
[2022-09-06T11:29:51.178+0000][68][safepoint   ] Safepoint "ICBufferFull", Time since last: 251357074 ns, Reaching safepoint: 171683 ns, At safepoint: 11648 ns, Total: 183331 ns
[2022-09-06T11:29:52.310+0000][68][safepoint   ] Safepoint "Cleanup", Time since last: 1130923883 ns, Reaching safepoint: 295325 ns, At safepoint: 34849 ns, Total: 330174 ns
[2022-09-06T11:29:53.613+0000][68][gc,start    ] GC(12) Pause Young (Normal) (G1 Evacuation Pause)
[2022-09-06T11:29:53.613+0000][68][gc,task     ] GC(12) Using 8 workers of 8 for evacuation
[2022-09-06T11:29:53.613+0000][68][gc,age      ] GC(12) Desired survivor size 41943040 bytes, new threshold 3 (max threshold 15)
[2022-09-06T11:29:53.643+0000][68][gc,phases   ] GC(12)   Pre Evacuate Collection Set: 0.1ms
[2022-09-06T11:29:53.643+0000][68][gc,phases   ] GC(12)   Merge Heap Roots: 0.1ms
[2022-09-06T11:29:53.643+0000][68][gc,phases   ] GC(12)   Evacuate Collection Set: 26.3ms
[2022-09-06T11:29:53.643+0000][68][gc,phases   ] GC(12)   Post Evacuate Collection Set: 3.5ms
[2022-09-06T11:29:53.643+0000][68][gc,phases   ] GC(12)   Other: 0.2ms
[2022-09-06T11:29:53.643+0000][68][gc,age      ] GC(12) Age table with threshold 3 (max threshold 15)
[2022-09-06T11:29:53.643+0000][68][gc,age      ] GC(12) - age   1:   22920856 bytes,   22920856 total
[2022-09-06T11:29:53.643+0000][68][gc,age      ] GC(12) - age   2:   16227296 bytes,   39148152 total
[2022-09-06T11:29:53.643+0000][68][gc,age      ] GC(12) - age   3:   24659768 bytes,   63807920 total
[2022-09-06T11:29:53.643+0000][68][gc,heap     ] GC(12) Eden regions: 139->0(136)
[2022-09-06T11:29:53.643+0000][68][gc,heap     ] GC(12) Survivor regions: 14->17(20)
[2022-09-06T11:29:53.643+0000][68][gc,heap     ] GC(12) Old regions: 5->7
[2022-09-06T11:29:53.643+0000][68][gc,heap     ] GC(12) Archive regions: 2->2
[2022-09-06T11:29:53.643+0000][68][gc,heap     ] GC(12) Humongous regions: 2->2
[2022-09-06T11:29:53.643+0000][68][gc,metaspace] GC(12) Metaspace: 120346K(123520K)->120346K(123520K) NonClass: 104071K(105664K)->104071K(105664K) Class: 16275K(17856K)->16275K(17856K)
[2022-09-06T11:29:53.643+0000][68][gc          ] GC(12) Pause Young (Normal) (G1 Evacuation Pause) 638M->106M(1024M) 30.533ms
[2022-09-06T11:29:53.643+0000][68][gc,cpu      ] GC(12) User=0.17s Sys=0.00s Real=0.03s
[2022-09-06T11:29:53.643+0000][68][safepoint   ] Safepoint "G1CollectForAllocation", Time since last: 1302887150 ns, Reaching safepoint: 199434 ns, At safepoint: 30659312 ns, Total: 30858746 ns
[2022-09-06T11:29:54.644+0000][68][safepoint   ] Safepoint "Cleanup", Time since last: 1000224651 ns, Reaching safepoint: 249583 ns, At safepoint: 12249 ns, Total: 261832 ns
[2022-09-06T11:29:55.332+0000][68][safepoint   ] Safepoint "ICBufferFull", Time since last: 687176611 ns, Reaching safepoint: 287805 ns, At safepoint: 62405 ns, Total: 350210 ns
[2022-09-06T11:29:56.332+0000][68][safepoint   ] Safepoint "Cleanup", Time since last: 1000407221 ns, Reaching safepoint: 340265 ns, At safepoint: 48894 ns, Total: 389159 ns
[2022-09-06T11:29:57.364+0000][68][safepoint   ] Safepoint "Cleanup", Time since last: 1031950716 ns, Reaching safepoint: 115618 ns, At safepoint: 16333 ns, Total: 131951 ns
[2022-09-06T11:29:58.337+0000][68][safepoint   ] Safepoint "ICBufferFull", Time since last: 972204484 ns, Reaching safepoint: 205557 ns, At safepoint: 41143 ns, Total: 246700 ns
[2022-09-06T11:29:59.337+0000][68][safepoint   ] Safepoint "Cleanup", Time since last: 1000226859 ns, Reaching safepoint: 279928 ns, At safepoint: 42057 ns, Total: 321985 ns
[2022-09-06T11:30:00.338+0000][68][safepoint   ] Safepoint "Cleanup", Time since last: 1000197392 ns, Reaching safepoint: 360860 ns, At safepoint: 9201 ns, Total: 370061 ns
[2022-09-06T11:30:01.338+0000][68][safepoint   ] Safepoint "Cleanup", Time since last: 1000176663 ns, Reaching safepoint: 119366 ns, At safepoint: 2643 ns, Total: 122009 ns
[2022-09-06T11:30:02.339+0000][68][safepoint   ] Safepoint "Cleanup", Time since last: 1000231340 ns, Reaching safepoint: 156678 ns, At safepoint: 6123 ns, Total: 162801 ns
[2022-09-06T11:30:03.339+0000][68][safepoint   ] Safepoint "Cleanup", Time since last: 1000423576 ns, Reaching safepoint: 279121 ns, At safepoint: 10258 ns, Total: 289379 ns
[2022-09-06T11:30:04.304+0000][68][safepoint   ] Safepoint "ICBufferFull", Time since last: 964768943 ns, Reaching safepoint: 421854 ns, At safepoint: 26696 ns, Total: 448550 ns
[2022-09-06T11:30:05.305+0000][68][safepoint   ] Safepoint "Cleanup", Time since last: 1000274904 ns, Reaching safepoint: 351162 ns, At safepoint: 11026 ns, Total: 362188 ns
[2022-09-06T11:30:06.306+0000][68][safepoint   ] Safepoint "Cleanup", Time since last: 1000517152 ns, Reaching safepoint: 524073 ns, At safepoint: 27085 ns, Total: 551158 ns
[2022-09-06T11:30:07.307+0000][68][safepoint   ] Safepoint "Cleanup", Time since last: 1000223552 ns, Reaching safepoint: 190471 ns, At safepoint: 7880 ns, Total: 198351 ns
[2022-09-06T11:30:08.307+0000][68][safepoint   ] Safepoint "Cleanup", Time since last: 1000282785 ns, Reaching safepoint: 304851 ns, At safepoint: 9502 ns, Total: 314353 ns
[2022-09-06T11:30:10.308+0000][68][safepoint   ] Safepoint "Cleanup", Time since last: 2000299882 ns, Reaching safepoint: 119775 ns, At safepoint: 3150 ns, Total: 122925 ns
[2022-09-06T11:30:11.308+0000][68][safepoint   ] Safepoint "Cleanup", Time since last: 1000195552 ns, Reaching safepoint: 328821 ns, At safepoint: 6729 ns, Total: 335550 ns
[2022-09-06T11:30:12.309+0000][68][safepoint   ] Safepoint "Cleanup", Time since last: 1000231483 ns, Reaching safepoint: 162069 ns, At safepoint: 6523 ns, Total: 168592 ns
[2022-09-06T11:30:13.309+0000][68][safepoint   ] Safepoint "Cleanup", Time since last: 1000319554 ns, Reaching safepoint: 209655 ns, At safepoint: 10972 ns, Total: 220627 ns
[2022-09-06T11:30:15.310+0000][68][safepoint   ] Safepoint "Cleanup", Time since last: 2000399494 ns, Reaching safepoint: 137422 ns, At safepoint: 6758 ns, Total: 144180 ns
[2022-09-06T11:30:16.310+0000][68][safepoint   ] Safepoint "Cleanup", Time since last: 1000220043 ns, Reaching safepoint: 149746 ns, At safepoint: 6660 ns, Total: 156406 ns
[2022-09-06T11:30:17.310+0000][68][safepoint   ] Safepoint "Cleanup", Time since last: 1000210841 ns, Reaching safepoint: 155932 ns, At safepoint: 5561 ns, Total: 161493 ns
[2022-09-06T11:30:18.311+0000][68][safepoint   ] Safepoint "Cleanup", Time since last: 1000251249 ns, Reaching safepoint: 192516 ns, At safepoint: 3937 ns, Total: 196453 ns
[2022-09-06T11:30:19.311+0000][68][safepoint   ] Safepoint "Cleanup", Time since last: 1000175800 ns, Reaching safepoint: 150974 ns, At safepoint: 3752 ns, Total: 154726 ns
[2022-09-06T11:30:20.311+0000][68][safepoint   ] Safepoint "Cleanup", Time since last: 1000142376 ns, Reaching safepoint: 134816 ns, At safepoint: 5493 ns, Total: 140309 ns
[2022-09-06T11:30:21.312+0000][68][safepoint   ] Safepoint "Cleanup", Time since last: 1000213865 ns, Reaching safepoint: 178838 ns, At safepoint: 7021 ns, Total: 185859 ns
[2022-09-06T11:30:22.312+0000][68][safepoint   ] Safepoint "Cleanup", Time since last: 1000159392 ns, Reaching safepoint: 156299 ns, At safepoint: 19749 ns, Total: 176048 ns
[2022-09-06T11:30:23.313+0000][68][safepoint   ] Safepoint "Cleanup", Time since last: 1000452058 ns, Reaching safepoint: 311164 ns, At safepoint: 10362 ns, Total: 321526 ns
[2022-09-06T11:30:24.314+0000][68][safepoint   ] Safepoint "Cleanup", Time since last: 1000413414 ns, Reaching safepoint: 349625 ns, At safepoint: 9694 ns, Total: 359319 ns
[2022-09-06T11:30:25.314+0000][68][safepoint   ] Safepoint "Cleanup", Time since last: 1000223145 ns, Reaching safepoint: 145251 ns, At safepoint: 3691 ns, Total: 148942 ns
[2022-09-06T11:30:27.315+0000][68][safepoint   ] Safepoint "Cleanup", Time since last: 2000397491 ns, Reaching safepoint: 162004 ns, At safepoint: 9742 ns, Total: 171746 ns
[2022-09-06T11:30:28.315+0000][68][safepoint   ] Safepoint "Cleanup", Time since last: 1000381362 ns, Reaching safepoint: 253684 ns, At safepoint: 13030 ns, Total: 266714 ns
[2022-09-06T11:30:29.316+0000][68][safepoint   ] Safepoint "Cleanup", Time since last: 1000279354 ns, Reaching safepoint: 477247 ns, At safepoint: 23480 ns, Total: 500727 ns
[2022-09-06T11:30:30.317+0000][68][safepoint   ] Safepoint "Cleanup", Time since last: 1000315916 ns, Reaching safepoint: 444691 ns, At safepoint: 22285 ns, Total: 466976 ns
[2022-09-06T11:30:31.317+0000][68][safepoint   ] Safepoint "Cleanup", Time since last: 1000366074 ns, Reaching safepoint: 180597 ns, At safepoint: 8391 ns, Total: 188988 ns
[2022-09-06T11:30:32.318+0000][68][safepoint   ] Safepoint "Cleanup", Time since last: 1000374330 ns, Reaching safepoint: 238398 ns, At safepoint: 9266 ns, Total: 247664 ns
[2022-09-06T11:30:33.319+0000][68][safepoint   ] Safepoint "Cleanup", Time since last: 1000424414 ns, Reaching safepoint: 515270 ns, At safepoint: 25486 ns, Total: 540756 ns
[2022-09-06T11:30:34.320+0000][68][safepoint   ] Safepoint "Cleanup", Time since last: 1000306688 ns, Reaching safepoint: 148064 ns, At safepoint: 5450 ns, Total: 153514 ns
[2022-09-06T11:30:35.320+0000][68][safepoint   ] Safepoint "Cleanup", Time since last: 1000240533 ns, Reaching safepoint: 261843 ns, At safepoint: 84161 ns, Total: 346004 ns
[2022-09-06T11:30:37.321+0000][68][safepoint   ] Safepoint "Cleanup", Time since last: 2000824538 ns, Reaching safepoint: 144581 ns, At safepoint: 4257 ns, Total: 148838 ns
[2022-09-06T11:30:38.322+0000][68][safepoint   ] Safepoint "Cleanup", Time since last: 1000365034 ns, Reaching safepoint: 366075 ns, At safepoint: 16007 ns, Total: 382082 ns
[2022-09-06T11:30:40.323+0000][68][safepoint   ] Safepoint "Cleanup", Time since last: 2000548280 ns, Reaching safepoint: 178970 ns, At safepoint: 9589 ns, Total: 188559 ns
[2022-09-06T11:30:41.323+0000][68][safepoint   ] Safepoint "Cleanup", Time since last: 1000283281 ns, Reaching safepoint: 275557 ns, At safepoint: 9716 ns, Total: 285273 ns
[2022-09-06T11:30:42.324+0000][68][safepoint   ] Safepoint "Cleanup", Time since last: 1000237449 ns, Reaching safepoint: 234054 ns, At safepoint: 7019 ns, Total: 241073 ns
[2022-09-06T11:30:43.324+0000][68][safepoint   ] Safepoint "Cleanup", Time since last: 1000377348 ns, Reaching safepoint: 316758 ns, At safepoint: 10254 ns, Total: 327012 ns
[2022-09-06T11:30:44.325+0000][68][safepoint   ] Safepoint "Cleanup", Time since last: 1000459691 ns, Reaching safepoint: 337620 ns, At safepoint: 10540 ns, Total: 348160 ns
[2022-09-06T11:30:45.326+0000][68][safepoint   ] Safepoint "Cleanup", Time since last: 1000310390 ns, Reaching safepoint: 270363 ns, At safepoint: 6154 ns, Total: 276517 ns
[2022-09-06T11:30:46.327+0000][68][safepoint   ] Safepoint "Cleanup", Time since last: 1001004124 ns, Reaching safepoint: 403800 ns, At safepoint: 7224 ns, Total: 411024 ns
[2022-09-06T11:30:47.328+0000][68][safepoint   ] Safepoint "Cleanup", Time since last: 1000435004 ns, Reaching safepoint: 547040 ns, At safepoint: 27249 ns, Total: 574289 ns
[2022-09-06T11:30:48.329+0000][68][safepoint   ] Safepoint "Cleanup", Time since last: 1000393442 ns, Reaching safepoint: 336915 ns, At safepoint: 10154 ns, Total: 347069 ns
[2022-09-06T11:30:49.329+0000][68][safepoint   ] Safepoint "Cleanup", Time since last: 1000353593 ns, Reaching safepoint: 143712 ns, At safepoint: 4635 ns, Total: 148347 ns
[2022-09-06T11:30:50.330+0000][68][safepoint   ] Safepoint "Cleanup", Time since last: 1000193339 ns, Reaching safepoint: 193960 ns, At safepoint: 9140 ns, Total: 203100 ns
[2022-09-06T11:30:51.331+0000][68][safepoint   ] Safepoint "Cleanup", Time since last: 1000535911 ns, Reaching safepoint: 331075 ns, At safepoint: 46519 ns, Total: 377594 ns
[2022-09-06T11:30:53.277+0000][68][safepoint   ] Safepoint "Cleanup", Time since last: 1945439228 ns, Reaching safepoint: 668225 ns, At safepoint: 28281 ns, Total: 696506 ns
[2022-09-06T11:30:55.278+0000][68][safepoint   ] Safepoint "Cleanup", Time since last: 2000924075 ns, Reaching safepoint: 344055 ns, At safepoint: 15392 ns, Total: 359447 ns
[2022-09-06T11:30:56.279+0000][68][safepoint   ] Safepoint "Cleanup", Time since last: 1000377028 ns, Reaching safepoint: 162285 ns, At safepoint: 6952 ns, Total: 169237 ns
[2022-09-06T11:30:58.280+0000][68][safepoint   ] Safepoint "Cleanup", Time since last: 2000654793 ns, Reaching safepoint: 276631 ns, At safepoint: 15486 ns, Total: 292117 ns
[2022-09-06T11:30:59.280+0000][68][safepoint   ] Safepoint "Cleanup", Time since last: 1000405021 ns, Reaching safepoint: 397086 ns, At safepoint: 10025 ns, Total: 407111 ns
[2022-09-06T11:31:01.281+0000][68][safepoint   ] Safepoint "Cleanup", Time since last: 2000566170 ns, Reaching safepoint: 204603 ns, At safepoint: 10059 ns, Total: 214662 ns
[2022-09-06T11:31:02.282+0000][68][safepoint   ] Safepoint "Cleanup", Time since last: 1000373785 ns, Reaching safepoint: 242771 ns, At safepoint: 15599 ns, Total: 258370 ns
[2022-09-06T11:31:03.283+0000][68][safepoint   ] Safepoint "Cleanup", Time since last: 1000569188 ns, Reaching safepoint: 346046 ns, At safepoint: 10415 ns, Total: 356461 ns
[2022-09-06T11:31:04.283+0000][68][safepoint   ] Safepoint "Cleanup", Time since last: 1000383163 ns, Reaching safepoint: 236888 ns, At safepoint: 17527 ns, Total: 254415 ns
[2022-09-06T11:31:05.284+0000][68][safepoint   ] Safepoint "Cleanup", Time since last: 1000215601 ns, Reaching safepoint: 205233 ns, At safepoint: 7362 ns, Total: 212595 ns
[2022-09-06T11:31:07.285+0000][68][safepoint   ] Safepoint "Cleanup", Time since last: 2000758117 ns, Reaching safepoint: 522349 ns, At safepoint: 47257 ns, Total: 569606 ns
[2022-09-06T11:31:10.286+0000][68][safepoint   ] Safepoint "Cleanup", Time since last: 3000794649 ns, Reaching safepoint: 287758 ns, At safepoint: 9769 ns, Total: 297527 ns
[2022-09-06T11:31:11.287+0000][68][safepoint   ] Safepoint "Cleanup", Time since last: 1000451882 ns, Reaching safepoint: 347023 ns, At safepoint: 10587 ns, Total: 357610 ns
[2022-09-06T11:31:13.288+0000][68][safepoint   ] Safepoint "Cleanup", Time since last: 2000441377 ns, Reaching safepoint: 165724 ns, At safepoint: 3978 ns, Total: 169702 ns
[2022-09-06T11:31:15.289+0000][68][safepoint   ] Safepoint "Cleanup", Time since last: 2000679604 ns, Reaching safepoint: 353182 ns, At safepoint: 9248 ns, Total: 362430 ns
[2022-09-06T11:31:16.289+0000][68][safepoint   ] Safepoint "Cleanup", Time since last: 1000381403 ns, Reaching safepoint: 159657 ns, At safepoint: 4990 ns, Total: 164647 ns
[2022-09-06T11:31:17.290+0000][68][safepoint   ] Safepoint "Cleanup", Time since last: 1000421290 ns, Reaching safepoint: 362574 ns, At safepoint: 11246 ns, Total: 373820 ns
[2022-09-06T11:31:18.290+0000][68][safepoint   ] Safepoint "Cleanup", Time since last: 1000264924 ns, Reaching safepoint: 160335 ns, At safepoint: 4315 ns, Total: 164650 ns
[2022-09-06T11:31:19.291+0000][68][safepoint   ] Safepoint "Cleanup", Time since last: 1000139535 ns, Reaching safepoint: 159529 ns, At safepoint: 4647 ns, Total: 164176 ns
[2022-09-06T11:31:20.291+0000][68][safepoint   ] Safepoint "Cleanup", Time since last: 1000240938 ns, Reaching safepoint: 164551 ns, At safepoint: 4678 ns, Total: 169229 ns
[2022-09-06T11:31:21.292+0000][68][safepoint   ] Safepoint "Cleanup", Time since last: 1000270228 ns, Reaching safepoint: 153347 ns, At safepoint: 6779 ns, Total: 160126 ns
[2022-09-06T11:31:22.292+0000][68][safepoint   ] Safepoint "Cleanup", Time since last: 1000350326 ns, Reaching safepoint: 202338 ns, At safepoint: 10328 ns, Total: 212666 ns
[2022-09-06T11:31:23.293+0000][68][safepoint   ] Safepoint "Cleanup", Time since last: 1000390205 ns, Reaching safepoint: 524968 ns, At safepoint: 26764 ns, Total: 551732 ns
[2022-09-06T11:31:25.294+0000][68][safepoint   ] Safepoint "Cleanup", Time since last: 2000689279 ns, Reaching safepoint: 154274 ns, At safepoint: 4178 ns, Total: 158452 ns
[2022-09-06T11:31:28.295+0000][68][safepoint   ] Safepoint "Cleanup", Time since last: 3000714608 ns, Reaching safepoint: 158353 ns, At safepoint: 4222 ns, Total: 162575 ns
[2022-09-06T11:31:29.295+0000][68][safepoint   ] Safepoint "Cleanup", Time since last: 1000496252 ns, Reaching safepoint: 385531 ns, At safepoint: 10871 ns, Total: 396402 ns
[2022-09-06T11:31:30.296+0000][68][safepoint   ] Safepoint "Cleanup", Time since last: 1000270465 ns, Reaching safepoint: 213937 ns, At safepoint: 6387 ns, Total: 220324 ns
[2022-09-06T11:31:31.297+0000][68][safepoint   ] Safepoint "Cleanup", Time since last: 1000253128 ns, Reaching safepoint: 364917 ns, At safepoint: 16438 ns, Total: 381355 ns
[2022-09-06T11:31:33.298+0000][68][safepoint   ] Safepoint "Cleanup", Time since last: 2000940199 ns, Reaching safepoint: 383458 ns, At safepoint: 10404 ns, Total: 393862 ns
[2022-09-06T11:31:34.299+0000][68][safepoint   ] Safepoint "Cleanup", Time since last: 1000398492 ns, Reaching safepoint: 272538 ns, At safepoint: 10302 ns, Total: 282840 ns
[2022-09-06T11:31:35.300+0000][68][safepoint   ] Safepoint "Cleanup", Time since last: 1000444569 ns, Reaching safepoint: 522593 ns, At safepoint: 25447 ns, Total: 548040 ns
[2022-09-06T11:31:36.300+0000][68][safepoint   ] Safepoint "Cleanup", Time since last: 1000262611 ns, Reaching safepoint: 136874 ns, At safepoint: 4072 ns, Total: 140946 ns
[2022-09-06T11:31:37.301+0000][68][safepoint   ] Safepoint "Cleanup", Time since last: 1000473613 ns, Reaching safepoint: 205372 ns, At safepoint: 4802 ns, Total: 210174 ns
[2022-09-06T11:31:38.302+0000][68][safepoint   ] Safepoint "Cleanup", Time since last: 1000409135 ns, Reaching safepoint: 391765 ns, At safepoint: 10673 ns, Total: 402438 ns
[2022-09-06T11:31:40.228+0000][68][safepoint   ] Safepoint "Cleanup", Time since last: 1926070830 ns, Reaching safepoint: 114451 ns, At safepoint: 35612 ns, Total: 150063 ns
[2022-09-06T11:31:41.253+0000][68][safepoint   ] Safepoint "Cleanup", Time since last: 1025234665 ns, Reaching safepoint: 323906 ns, At safepoint: 18407 ns, Total: 342313 ns
[2022-09-06T11:31:43.254+0000][68][safepoint   ] Safepoint "Cleanup", Time since last: 2000623561 ns, Reaching safepoint: 173878 ns, At safepoint: 13780 ns, Total: 187658 ns
[2022-09-06T11:31:45.255+0000][68][safepoint   ] Safepoint "Cleanup", Time since last: 2000611429 ns, Reaching safepoint: 270815 ns, At safepoint: 6728 ns, Total: 277543 ns
[2022-09-06T11:31:46.255+0000][68][safepoint   ] Safepoint "Cleanup", Time since last: 1000250240 ns, Reaching safepoint: 166020 ns, At safepoint: 38299 ns, Total: 204319 ns
[2022-09-06T11:31:47.256+0000][68][safepoint   ] Safepoint "Cleanup", Time since last: 1000340083 ns, Reaching safepoint: 473471 ns, At safepoint: 25688 ns, Total: 499159 ns
[2022-09-06T11:31:49.257+0000][68][safepoint   ] Safepoint "Cleanup", Time since last: 2000595462 ns, Reaching safepoint: 163534 ns, At safepoint: 3704 ns, Total: 167238 ns
[2022-09-06T11:31:50.258+0000][68][safepoint   ] Safepoint "Cleanup", Time since last: 1000179694 ns, Reaching safepoint: 262491 ns, At safepoint: 12121 ns, Total: 274612 ns
[2022-09-06T11:31:51.258+0000][68][safepoint   ] Safepoint "Cleanup", Time since last: 1000403086 ns, Reaching safepoint: 351822 ns, At safepoint: 10511 ns, Total: 362333 ns
[2022-09-06T11:31:52.259+0000][68][safepoint   ] Safepoint "Cleanup", Time since last: 1000199113 ns, Reaching safepoint: 139460 ns, At safepoint: 14322 ns, Total: 153782 ns
[2022-09-06T11:31:53.259+0000][68][safepoint   ] Safepoint "Cleanup", Time since last: 1000325340 ns, Reaching safepoint: 389426 ns, At safepoint: 9862 ns, Total: 399288 ns
[2022-09-06T11:31:55.260+0000][68][safepoint   ] Safepoint "Cleanup", Time since last: 2000663908 ns, Reaching safepoint: 144474 ns, At safepoint: 3828 ns, Total: 148302 ns
[2022-09-06T11:31:56.261+0000][68][safepoint   ] Safepoint "Cleanup", Time since last: 1000377018 ns, Reaching safepoint: 287565 ns, At safepoint: 8834 ns, Total: 296399 ns
[2022-09-06T11:31:58.262+0000][68][safepoint   ] Safepoint "Cleanup", Time since last: 2000555989 ns, Reaching safepoint: 196235 ns, At safepoint: 16663 ns, Total: 212898 ns
[2022-09-06T11:31:59.262+0000][68][safepoint   ] Safepoint "Cleanup", Time since last: 1000280481 ns, Reaching safepoint: 383245 ns, At safepoint: 10264 ns, Total: 393509 ns
[2022-09-06T11:32:00.263+0000][68][safepoint   ] Safepoint "Cleanup", Time since last: 1000225032 ns, Reaching safepoint: 239072 ns, At safepoint: 4292 ns, Total: 243364 ns
[2022-09-06T11:32:01.263+0000][68][safepoint   ] Safepoint "Cleanup", Time since last: 1000211572 ns, Reaching safepoint: 148815 ns, At safepoint: 6012 ns, Total: 154827 ns
[2022-09-06T11:32:03.264+0000][68][safepoint   ] Safepoint "Cleanup", Time since last: 2000529002 ns, Reaching safepoint: 161389 ns, At safepoint: 3621 ns, Total: 165010 ns
[2022-09-06T11:32:04.264+0000][68][safepoint   ] Safepoint "Cleanup", Time since last: 1000255469 ns, Reaching safepoint: 243702 ns, At safepoint: 70926 ns, Total: 314628 ns
[2022-09-06T11:32:05.265+0000][68][safepoint   ] Safepoint "Cleanup", Time since last: 1000241655 ns, Reaching safepoint: 244367 ns, At safepoint: 13670 ns, Total: 258037 ns
[2022-09-06T11:32:06.266+0000][68][safepoint   ] Safepoint "Cleanup", Time since last: 1000515310 ns, Reaching safepoint: 379891 ns, At safepoint: 10282 ns, Total: 390173 ns
[2022-09-06T11:32:07.266+0000][68][safepoint   ] Safepoint "Cleanup", Time since last: 1000238756 ns, Reaching safepoint: 105500 ns, At safepoint: 3636 ns, Total: 109136 ns
[2022-09-06T11:32:10.267+0000][68][safepoint   ] Safepoint "Cleanup", Time since last: 3000911939 ns, Reaching safepoint: 138548 ns, At safepoint: 26845 ns, Total: 165393 ns
[2022-09-06T11:32:10.778+0000][68][gc,start    ] GC(13) Pause Young (Normal) (G1 Evacuation Pause)
[2022-09-06T11:32:10.778+0000][68][gc,task     ] GC(13) Using 8 workers of 8 for evacuation
[2022-09-06T11:32:10.778+0000][68][gc,age      ] GC(13) Desired survivor size 41943040 bytes, new threshold 3 (max threshold 15)
[2022-09-06T11:32:10.800+0000][68][gc,phases   ] GC(13)   Pre Evacuate Collection Set: 0.2ms
[2022-09-06T11:32:10.800+0000][68][gc,phases   ] GC(13)   Merge Heap Roots: 0.1ms
[2022-09-06T11:32:10.800+0000][68][gc,phases   ] GC(13)   Evacuate Collection Set: 18.6ms
[2022-09-06T11:32:10.800+0000][68][gc,phases   ] GC(13)   Post Evacuate Collection Set: 3.0ms
[2022-09-06T11:32:10.800+0000][68][gc,phases   ] GC(13)   Other: 0.1ms
[2022-09-06T11:32:10.800+0000][68][gc,age      ] GC(13) Age table with threshold 3 (max threshold 15)
[2022-09-06T11:32:10.800+0000][68][gc,age      ] GC(13) - age   1:    4946016 bytes,    4946016 total
[2022-09-06T11:32:10.800+0000][68][gc,age      ] GC(13) - age   2:   22162400 bytes,   27108416 total
[2022-09-06T11:32:10.800+0000][68][gc,age      ] GC(13) - age   3:   16226424 bytes,   43334840 total
[2022-09-06T11:32:10.800+0000][68][gc,heap     ] GC(13) Eden regions: 136->0(141)
[2022-09-06T11:32:10.800+0000][68][gc,heap     ] GC(13) Survivor regions: 17->12(20)
[2022-09-06T11:32:10.800+0000][68][gc,heap     ] GC(13) Old regions: 7->13
[2022-09-06T11:32:10.800+0000][68][gc,heap     ] GC(13) Archive regions: 2->2
[2022-09-06T11:32:10.800+0000][68][gc,heap     ] GC(13) Humongous regions: 2->2
[2022-09-06T11:32:10.800+0000][68][gc,metaspace] GC(13) Metaspace: 126575K(130112K)->126575K(130112K) NonClass: 109671K(111488K)->109671K(111488K) Class: 16904K(18624K)->16904K(18624K)
[2022-09-06T11:32:10.800+0000][68][gc          ] GC(13) Pause Young (Normal) (G1 Evacuation Pause) 650M->110M(1024M) 22.212ms
[2022-09-06T11:32:10.800+0000][68][gc,cpu      ] GC(13) User=0.16s Sys=0.00s Real=0.03s
[2022-09-06T11:32:10.800+0000][68][safepoint   ] Safepoint "G1CollectForAllocation", Time since last: 510618976 ns, Reaching safepoint: 147892 ns, At safepoint: 22311256 ns, Total: 22459148 ns
[2022-09-06T11:32:11.801+0000][68][safepoint   ] Safepoint "Cleanup", Time since last: 1000246690 ns, Reaching safepoint: 378663 ns, At safepoint: 10513 ns, Total: 389176 ns
[2022-09-06T11:32:12.802+0000][68][safepoint   ] Safepoint "Cleanup", Time since last: 1000446706 ns, Reaching safepoint: 373666 ns, At safepoint: 9754 ns, Total: 383420 ns
[2022-09-06T11:32:13.803+0000][68][safepoint   ] Safepoint "Cleanup", Time since last: 1000434223 ns, Reaching safepoint: 357924 ns, At safepoint: 9451 ns, Total: 367375 ns
[2022-09-06T11:32:15.804+0000][68][safepoint   ] Safepoint "Cleanup", Time since last: 2000803449 ns, Reaching safepoint: 415341 ns, At safepoint: 12932 ns, Total: 428273 ns
[2022-09-06T11:32:16.805+0000][68][safepoint   ] Safepoint "Cleanup", Time since last: 1000350122 ns, Reaching safepoint: 331898 ns, At safepoint: 10463 ns, Total: 342361 ns
[2022-09-06T11:32:17.805+0000][68][safepoint   ] Safepoint "Cleanup", Time since last: 1000458504 ns, Reaching safepoint: 336163 ns, At safepoint: 10126 ns, Total: 346289 ns
[2022-09-06T11:32:19.806+0000][68][safepoint   ] Safepoint "Cleanup", Time since last: 2000591397 ns, Reaching safepoint: 158346 ns, At safepoint: 6873 ns, Total: 165219 ns
[2022-09-06T11:32:20.807+0000][68][safepoint   ] Safepoint "Cleanup", Time since last: 1000345277 ns, Reaching safepoint: 418283 ns, At safepoint: 10063 ns, Total: 428346 ns
[2022-09-06T11:32:22.808+0000][68][safepoint   ] Safepoint "Cleanup", Time since last: 2000795787 ns, Reaching safepoint: 503759 ns, At safepoint: 24414 ns, Total: 528173 ns
[2022-09-06T11:32:23.809+0000][68][safepoint   ] Safepoint "Cleanup", Time since last: 1000335183 ns, Reaching safepoint: 361726 ns, At safepoint: 7964 ns, Total: 369690 ns
[2022-09-06T11:32:25.810+0000][68][safepoint   ] Safepoint "Cleanup", Time since last: 2000985643 ns, Reaching safepoint: 348227 ns, At safepoint: 10219 ns, Total: 358446 ns
[2022-09-06T11:32:28.812+0000][68][safepoint   ] Safepoint "Cleanup", Time since last: 3001143248 ns, Reaching safepoint: 352188 ns, At safepoint: 10832 ns, Total: 363020 ns
[2022-09-06T11:32:29.813+0000][68][safepoint   ] Safepoint "Cleanup", Time since last: 1000400665 ns, Reaching safepoint: 389026 ns, At safepoint: 12252 ns, Total: 401278 ns
[2022-09-06T11:32:31.813+0000][68][safepoint   ] Safepoint "Cleanup", Time since last: 2000471555 ns, Reaching safepoint: 209979 ns, At safepoint: 10548 ns, Total: 220527 ns
[2022-09-06T11:32:33.814+0000][68][safepoint   ] Safepoint "Cleanup", Time since last: 2000767512 ns, Reaching safepoint: 341723 ns, At safepoint: 10753 ns, Total: 352476 ns
[2022-09-06T11:32:34.815+0000][68][safepoint   ] Safepoint "Cleanup", Time since last: 1000488439 ns, Reaching safepoint: 346900 ns, At safepoint: 10033 ns, Total: 356933 ns
[2022-09-06T11:32:35.816+0000][68][safepoint   ] Safepoint "Cleanup", Time since last: 1000583922 ns, Reaching safepoint: 346531 ns, At safepoint: 10275 ns, Total: 356806 ns
[2022-09-06T11:32:37.818+0000][68][safepoint   ] Safepoint "Cleanup", Time since last: 2000962101 ns, Reaching safepoint: 376665 ns, At safepoint: 10059 ns, Total: 386724 ns
[2022-09-06T11:32:40.819+0000][68][safepoint   ] Safepoint "Cleanup", Time since last: 3001224039 ns, Reaching safepoint: 369165 ns, At safepoint: 10704 ns, Total: 379869 ns
[2022-09-06T11:32:41.820+0000][68][safepoint   ] Safepoint "Cleanup", Time since last: 1000409279 ns, Reaching safepoint: 159962 ns, At safepoint: 7479 ns, Total: 167441 ns
[2022-09-06T11:32:45.822+0000][68][safepoint   ] Safepoint "Cleanup", Time since last: 4001613299 ns, Reaching safepoint: 375863 ns, At safepoint: 14342 ns, Total: 390205 ns
[2022-09-06T11:32:46.823+0000][68][safepoint   ] Safepoint "Cleanup", Time since last: 1000535079 ns, Reaching safepoint: 385364 ns, At safepoint: 11583 ns, Total: 396947 ns
[2022-09-06T11:32:47.824+0000][68][safepoint   ] Safepoint "Cleanup", Time since last: 1000532132 ns, Reaching safepoint: 405411 ns, At safepoint: 24178 ns, Total: 429589 ns
[2022-09-06T11:32:48.825+0000][68][safepoint   ] Safepoint "Cleanup", Time since last: 1000665733 ns, Reaching safepoint: 284862 ns, At safepoint: 29079 ns, Total: 313941 ns
[2022-09-06T11:32:49.826+0000][68][safepoint   ] Safepoint "Cleanup", Time since last: 1000534764 ns, Reaching safepoint: 373925 ns, At safepoint: 11829 ns, Total: 385754 ns
[2022-09-06T11:32:50.827+0000][68][safepoint   ] Safepoint "Cleanup", Time since last: 1000577314 ns, Reaching safepoint: 532117 ns, At safepoint: 27559 ns, Total: 559676 ns
[2022-09-06T11:32:52.828+0000][68][safepoint   ] Safepoint "Cleanup", Time since last: 2000891869 ns, Reaching safepoint: 350592 ns, At safepoint: 10143 ns, Total: 360735 ns
[2022-09-06T11:32:53.829+0000][68][safepoint   ] Safepoint "Cleanup", Time since last: 1000518426 ns, Reaching safepoint: 349052 ns, At safepoint: 10468 ns, Total: 359520 ns
[2022-09-06T11:32:55.830+0000][68][safepoint   ] Safepoint "Cleanup", Time since last: 2000657265 ns, Reaching safepoint: 376674 ns, At safepoint: 39375 ns, Total: 416049 ns
[2022-09-06T11:32:56.831+0000][68][safepoint   ] Safepoint "Cleanup", Time since last: 1000420382 ns, Reaching safepoint: 295232 ns, At safepoint: 38856 ns, Total: 334088 ns
[2022-09-06T11:32:58.832+0000][68][safepoint   ] Safepoint "Cleanup", Time since last: 2000802350 ns, Reaching safepoint: 340441 ns, At safepoint: 11749 ns, Total: 352190 ns
[2022-09-06T11:32:59.833+0000][68][safepoint   ] Safepoint "Cleanup", Time since last: 1000436160 ns, Reaching safepoint: 313512 ns, At safepoint: 40967 ns, Total: 354479 ns
[2022-09-06T11:33:01.834+0000][68][safepoint   ] Safepoint "Cleanup", Time since last: 2000612477 ns, Reaching safepoint: 522666 ns, At safepoint: 62493 ns, Total: 585159 ns
[2022-09-06T11:33:04.836+0000][68][safepoint   ] Safepoint "Cleanup", Time since last: 3001356031 ns, Reaching safepoint: 223693 ns, At safepoint: 24363 ns, Total: 248056 ns
[2022-09-06T11:33:05.945+0000][68][safepoint   ] Safepoint "Cleanup", Time since last: 1108399856 ns, Reaching safepoint: 393287 ns, At safepoint: 85027 ns, Total: 478314 ns
[2022-09-06T11:33:06.945+0000][68][safepoint   ] Safepoint "Cleanup", Time since last: 1000411032 ns, Reaching safepoint: 410811 ns, At safepoint: 8578 ns, Total: 419389 ns
[2022-09-06T11:33:07.946+0000][68][safepoint   ] Safepoint "Cleanup", Time since last: 1000481790 ns, Reaching safepoint: 353528 ns, At safepoint: 10151 ns, Total: 363679 ns
[2022-09-06T11:33:08.947+0000][68][safepoint   ] Safepoint "Cleanup", Time since last: 1000583629 ns, Reaching safepoint: 356965 ns, At safepoint: 9934 ns, Total: 366899 ns
[2022-09-06T11:33:10.948+0000][68][safepoint   ] Safepoint "Cleanup", Time since last: 2000708640 ns, Reaching safepoint: 337113 ns, At safepoint: 8854 ns, Total: 345967 ns
[2022-09-06T11:33:11.949+0000][68][safepoint   ] Safepoint "Cleanup", Time since last: 1000269094 ns, Reaching safepoint: 551321 ns, At safepoint: 22618 ns, Total: 573939 ns
[2022-09-06T11:33:13.950+0000][68][safepoint   ] Safepoint "Cleanup", Time since last: 2000803795 ns, Reaching safepoint: 303040 ns, At safepoint: 10143 ns, Total: 313183 ns
[2022-09-06T11:33:14.951+0000][68][safepoint   ] Safepoint "Cleanup", Time since last: 1000585243 ns, Reaching safepoint: 340648 ns, At safepoint: 8681 ns, Total: 349329 ns
[2022-09-06T11:33:19.953+0000][68][safepoint   ] Safepoint "Cleanup", Time since last: 5001697624 ns, Reaching safepoint: 199389 ns, At safepoint: 4133 ns, Total: 203522 ns
[2022-09-06T11:33:20.954+0000][68][safepoint   ] Safepoint "Cleanup", Time since last: 1000352274 ns, Reaching safepoint: 330034 ns, At safepoint: 6637 ns, Total: 336671 ns
[2022-09-06T11:33:22.602+0000][68][gc,heap,exit] Heap
[2022-09-06T11:33:22.602+0000][68][gc,heap,exit]  garbage-first heap   total 1048576K, used 367198K [0x00000000c0000000, 0x0000000100000000)
[2022-09-06T11:33:22.602+0000][68][gc,heap,exit]   region size 4096K, 74 young (303104K), 12 survivors (49152K)
[2022-09-06T11:33:22.602+0000][68][gc,heap,exit]  Metaspace       used 127871K, committed 131392K, reserved 1179648K
[2022-09-06T11:33:22.602+0000][68][gc,heap,exit]   class space    used 17050K, committed 18752K, reserved 1048576K
