[2022-09-06T13:09:21.154+0000][68][gc,init] CardTable entry size: 512
[2022-09-06T13:09:21.154+0000][68][gc     ] Using G1
[2022-09-06T13:09:21.297+0000][68][gc,init] Version: 18.0.2+9-61 (release)
[2022-09-06T13:09:21.297+0000][68][gc,init] CPUs: 8 total, 8 available
[2022-09-06T13:09:21.297+0000][68][gc,init] Memory: 2048M
[2022-09-06T13:09:21.297+0000][68][gc,init] Large Page Support: Disabled
[2022-09-06T13:09:21.297+0000][68][gc,init] NUMA Support: Disabled
[2022-09-06T13:09:21.297+0000][68][gc,init] Compressed Oops: Enabled (32-bit)
[2022-09-06T13:09:21.297+0000][68][gc,init] Heap Region Size: 4M
[2022-09-06T13:09:21.297+0000][68][gc,init] Heap Min Capacity: 1G
[2022-09-06T13:09:21.297+0000][68][gc,init] Heap Initial Capacity: 1G
[2022-09-06T13:09:21.297+0000][68][gc,init] Heap Max Capacity: 1G
[2022-09-06T13:09:21.297+0000][68][gc,init] Pre-touch: Enabled
[2022-09-06T13:09:21.297+0000][68][gc,init] Parallel Workers: 8
[2022-09-06T13:09:21.297+0000][68][gc,init] Concurrent Workers: 2
[2022-09-06T13:09:21.297+0000][68][gc,init] Concurrent Refinement Workers: 8
[2022-09-06T13:09:21.297+0000][68][gc,init] Periodic GC: Disabled
[2022-09-06T13:09:21.297+0000][68][gc,metaspace] CDS archive(s) mapped at: [0x0000000800000000-0x0000000800bae000-0x0000000800bae000), size 12247040, SharedBaseAddress: 0x0000000800000000, ArchiveRelocationMode: 0.
[2022-09-06T13:09:21.297+0000][68][gc,metaspace] Compressed class space mapped at: 0x0000000800c00000-0x0000000840c00000, reserved size: 1073741824
[2022-09-06T13:09:21.297+0000][68][gc,metaspace] Narrow klass base: 0x0000000800000000, Narrow klass shift: 0, Narrow klass range: 0x100000000
[2022-09-06T13:09:21.599+0000][68][safepoint   ] Safepoint "ICBufferFull", Time since last: 292668371 ns, Reaching safepoint: 187693 ns, At safepoint: 27931 ns, Total: 215624 ns
[2022-09-06T13:09:21.948+0000][68][safepoint   ] Safepoint "ICBufferFull", Time since last: 348939650 ns, Reaching safepoint: 141082 ns, At safepoint: 24481 ns, Total: 165563 ns
[2022-09-06T13:09:22.007+0000][68][gc,start    ] GC(0) Pause Young (Normal) (G1 Evacuation Pause)
[2022-09-06T13:09:22.007+0000][68][gc,task     ] GC(0) Using 8 workers of 8 for evacuation
[2022-09-06T13:09:22.007+0000][68][gc,age      ] GC(0) Desired survivor size 4194304 bytes, new threshold 15 (max threshold 15)
[2022-09-06T13:09:22.011+0000][68][gc,phases   ] GC(0)   Pre Evacuate Collection Set: 0.1ms
[2022-09-06T13:09:22.011+0000][68][gc,phases   ] GC(0)   Merge Heap Roots: 0.1ms
[2022-09-06T13:09:22.011+0000][68][gc,phases   ] GC(0)   Evacuate Collection Set: 3.3ms
[2022-09-06T13:09:22.011+0000][68][gc,phases   ] GC(0)   Post Evacuate Collection Set: 0.6ms
[2022-09-06T13:09:22.011+0000][68][gc,phases   ] GC(0)   Other: 0.1ms
[2022-09-06T13:09:22.011+0000][68][gc,age      ] GC(0) Age table with threshold 15 (max threshold 15)
[2022-09-06T13:09:22.011+0000][68][gc,age      ] GC(0) - age   1:    5010944 bytes,    5010944 total
[2022-09-06T13:09:22.011+0000][68][gc,heap     ] GC(0) Eden regions: 12->0(18)
[2022-09-06T13:09:22.011+0000][68][gc,heap     ] GC(0) Survivor regions: 0->2(2)
[2022-09-06T13:09:22.011+0000][68][gc,heap     ] GC(0) Old regions: 0->0
[2022-09-06T13:09:22.011+0000][68][gc,heap     ] GC(0) Archive regions: 2->2
[2022-09-06T13:09:22.011+0000][68][gc,heap     ] GC(0) Humongous regions: 0->0
[2022-09-06T13:09:22.011+0000][68][gc,metaspace] GC(0) Metaspace: 8870K(9152K)->8870K(9152K) NonClass: 7802K(7936K)->7802K(7936K) Class: 1067K(1216K)->1067K(1216K)
[2022-09-06T13:09:22.011+0000][68][gc          ] GC(0) Pause Young (Normal) (G1 Evacuation Pause) 51M->8M(1024M) 4.417ms
[2022-09-06T13:09:22.011+0000][68][gc,cpu      ] GC(0) User=0.02s Sys=0.01s Real=0.01s
[2022-09-06T13:09:22.011+0000][68][safepoint   ] Safepoint "G1CollectForAllocation", Time since last: 58326067 ns, Reaching safepoint: 100847 ns, At safepoint: 4529897 ns, Total: 4630744 ns
[2022-09-06T13:09:22.438+0000][68][safepoint   ] Safepoint "ICBufferFull", Time since last: 426481436 ns, Reaching safepoint: 274933 ns, At safepoint: 19028 ns, Total: 293961 ns
[2022-09-06T13:09:22.810+0000][68][safepoint   ] Safepoint "ICBufferFull", Time since last: 371286469 ns, Reaching safepoint: 206305 ns, At safepoint: 34282 ns, Total: 240587 ns
[2022-09-06T13:09:23.162+0000][68][gc,start    ] GC(1) Pause Young (Normal) (G1 Evacuation Pause)
[2022-09-06T13:09:23.162+0000][68][gc,task     ] GC(1) Using 8 workers of 8 for evacuation
[2022-09-06T13:09:23.162+0000][68][gc,age      ] GC(1) Desired survivor size 6291456 bytes, new threshold 15 (max threshold 15)
[2022-09-06T13:09:23.168+0000][68][gc,phases   ] GC(1)   Pre Evacuate Collection Set: 0.1ms
[2022-09-06T13:09:23.168+0000][68][gc,phases   ] GC(1)   Merge Heap Roots: 0.1ms
[2022-09-06T13:09:23.168+0000][68][gc,phases   ] GC(1)   Evacuate Collection Set: 4.0ms
[2022-09-06T13:09:23.168+0000][68][gc,phases   ] GC(1)   Post Evacuate Collection Set: 1.6ms
[2022-09-06T13:09:23.168+0000][68][gc,phases   ] GC(1)   Other: 0.1ms
[2022-09-06T13:09:23.168+0000][68][gc,age      ] GC(1) Age table with threshold 15 (max threshold 15)
[2022-09-06T13:09:23.168+0000][68][gc,age      ] GC(1) - age   1:    3933368 bytes,    3933368 total
[2022-09-06T13:09:23.168+0000][68][gc,age      ] GC(1) - age   2:    4869808 bytes,    8803176 total
[2022-09-06T13:09:23.168+0000][68][gc,heap     ] GC(1) Eden regions: 18->0(31)
[2022-09-06T13:09:23.168+0000][68][gc,heap     ] GC(1) Survivor regions: 2->3(3)
[2022-09-06T13:09:23.168+0000][68][gc,heap     ] GC(1) Old regions: 0->0
[2022-09-06T13:09:23.168+0000][68][gc,heap     ] GC(1) Archive regions: 2->2
[2022-09-06T13:09:23.168+0000][68][gc,heap     ] GC(1) Humongous regions: 0->0
[2022-09-06T13:09:23.168+0000][68][gc,metaspace] GC(1) Metaspace: 15824K(16256K)->15824K(16256K) NonClass: 14028K(14272K)->14028K(14272K) Class: 1795K(1984K)->1795K(1984K)
[2022-09-06T13:09:23.168+0000][68][gc          ] GC(1) Pause Young (Normal) (G1 Evacuation Pause) 80M->12M(1024M) 6.224ms
[2022-09-06T13:09:23.168+0000][68][gc,cpu      ] GC(1) User=0.02s Sys=0.00s Real=0.00s
[2022-09-06T13:09:23.168+0000][68][safepoint   ] Safepoint "G1CollectForAllocation", Time since last: 352057994 ns, Reaching safepoint: 175196 ns, At safepoint: 6332994 ns, Total: 6508190 ns
[2022-09-06T13:09:23.518+0000][68][safepoint   ] Safepoint "ICBufferFull", Time since last: 349575177 ns, Reaching safepoint: 198589 ns, At safepoint: 19326 ns, Total: 217915 ns
[2022-09-06T13:09:23.683+0000][68][gc,start    ] GC(2) Pause Young (Concurrent Start) (Metadata GC Threshold)
[2022-09-06T13:09:23.683+0000][68][gc,task     ] GC(2) Using 8 workers of 8 for evacuation
[2022-09-06T13:09:23.683+0000][68][gc,age      ] GC(2) Desired survivor size 10485760 bytes, new threshold 15 (max threshold 15)
[2022-09-06T13:09:23.689+0000][68][gc,phases   ] GC(2)   Pre Evacuate Collection Set: 0.1ms
[2022-09-06T13:09:23.689+0000][68][gc,phases   ] GC(2)   Merge Heap Roots: 0.1ms
[2022-09-06T13:09:23.689+0000][68][gc,phases   ] GC(2)   Evacuate Collection Set: 4.9ms
[2022-09-06T13:09:23.689+0000][68][gc,phases   ] GC(2)   Post Evacuate Collection Set: 1.4ms
[2022-09-06T13:09:23.689+0000][68][gc,phases   ] GC(2)   Other: 0.1ms
[2022-09-06T13:09:23.689+0000][68][gc,age      ] GC(2) Age table with threshold 15 (max threshold 15)
[2022-09-06T13:09:23.689+0000][68][gc,age      ] GC(2) - age   1:    2791608 bytes,    2791608 total
[2022-09-06T13:09:23.689+0000][68][gc,age      ] GC(2) - age   2:    3218096 bytes,    6009704 total
[2022-09-06T13:09:23.689+0000][68][gc,age      ] GC(2) - age   3:    4852944 bytes,   10862648 total
[2022-09-06T13:09:23.689+0000][68][gc,heap     ] GC(2) Eden regions: 28->0(126)
[2022-09-06T13:09:23.689+0000][68][gc,heap     ] GC(2) Survivor regions: 3->3(5)
[2022-09-06T13:09:23.689+0000][68][gc,heap     ] GC(2) Old regions: 0->0
[2022-09-06T13:09:23.689+0000][68][gc,heap     ] GC(2) Archive regions: 2->2
[2022-09-06T13:09:23.689+0000][68][gc,heap     ] GC(2) Humongous regions: 0->0
[2022-09-06T13:09:23.689+0000][68][gc,metaspace] GC(2) Metaspace: 21031K(21504K)->21031K(21504K) NonClass: 18698K(18944K)->18698K(18944K) Class: 2333K(2560K)->2333K(2560K)
[2022-09-06T13:09:23.689+0000][68][gc          ] GC(2) Pause Young (Concurrent Start) (Metadata GC Threshold) 123M->14M(1024M) 6.957ms
[2022-09-06T13:09:23.690+0000][68][gc,cpu      ] GC(2) User=0.02s Sys=0.02s Real=0.01s
[2022-09-06T13:09:23.690+0000][68][gc          ] GC(3) Concurrent Mark Cycle
[2022-09-06T13:09:23.690+0000][68][gc,marking  ] GC(3) Concurrent Clear Claimed Marks
[2022-09-06T13:09:23.690+0000][68][safepoint   ] Safepoint "CollectForMetadataAllocation", Time since last: 164400570 ns, Reaching safepoint: 165507 ns, At safepoint: 7240740 ns, Total: 7406247 ns
[2022-09-06T13:09:23.690+0000][68][gc,marking  ] GC(3) Concurrent Clear Claimed Marks 0.049ms
[2022-09-06T13:09:23.690+0000][68][gc,marking  ] GC(3) Concurrent Scan Root Regions
[2022-09-06T13:09:23.693+0000][68][gc,marking  ] GC(3) Concurrent Scan Root Regions 3.420ms
[2022-09-06T13:09:23.693+0000][68][gc,marking  ] GC(3) Concurrent Mark
[2022-09-06T13:09:23.693+0000][68][gc,marking  ] GC(3) Concurrent Mark From Roots
[2022-09-06T13:09:23.693+0000][68][gc,task     ] GC(3) Using 2 workers of 2 for marking
[2022-09-06T13:09:23.695+0000][68][gc,marking  ] GC(3) Concurrent Mark From Roots 1.992ms
[2022-09-06T13:09:23.696+0000][68][gc,marking  ] GC(3) Concurrent Preclean
[2022-09-06T13:09:23.696+0000][68][gc,marking  ] GC(3) Concurrent Preclean 0.013ms
[2022-09-06T13:09:23.696+0000][68][gc,start    ] GC(3) Pause Remark
[2022-09-06T13:09:23.701+0000][68][gc          ] GC(3) Pause Remark 16M->16M(1024M) 4.917ms
[2022-09-06T13:09:23.701+0000][68][gc,cpu      ] GC(3) User=0.05s Sys=0.00s Real=0.01s
[2022-09-06T13:09:23.701+0000][68][safepoint   ] Safepoint "G1Concurrent", Time since last: 5864759 ns, Reaching safepoint: 218992 ns, At safepoint: 5079331 ns, Total: 5298323 ns
[2022-09-06T13:09:23.701+0000][68][gc,marking  ] GC(3) Concurrent Mark 7.474ms
[2022-09-06T13:09:23.701+0000][68][gc,marking  ] GC(3) Concurrent Rebuild Remembered Sets
[2022-09-06T13:09:23.701+0000][68][gc,marking  ] GC(3) Concurrent Rebuild Remembered Sets 0.007ms
[2022-09-06T13:09:23.701+0000][68][gc,start    ] GC(3) Pause Cleanup
[2022-09-06T13:09:23.701+0000][68][gc          ] GC(3) Pause Cleanup 16M->16M(1024M) 0.038ms
[2022-09-06T13:09:23.701+0000][68][gc,cpu      ] GC(3) User=0.00s Sys=0.00s Real=0.00s
[2022-09-06T13:09:23.701+0000][68][safepoint   ] Safepoint "G1Concurrent", Time since last: 274464 ns, Reaching safepoint: 179456 ns, At safepoint: 108022 ns, Total: 287478 ns
[2022-09-06T13:09:23.702+0000][68][gc,marking  ] GC(3) Concurrent Cleanup for Next Mark
[2022-09-06T13:09:23.703+0000][68][gc,marking  ] GC(3) Concurrent Cleanup for Next Mark 1.573ms
[2022-09-06T13:09:23.703+0000][68][gc          ] GC(3) Concurrent Mark Cycle 13.601ms
[2022-09-06T13:09:24.148+0000][68][safepoint   ] Safepoint "ICBufferFull", Time since last: 446081658 ns, Reaching safepoint: 265065 ns, At safepoint: 25559 ns, Total: 290624 ns
[2022-09-06T13:09:24.617+0000][68][safepoint   ] Safepoint "ICBufferFull", Time since last: 468900824 ns, Reaching safepoint: 208630 ns, At safepoint: 4835 ns, Total: 213465 ns
[2022-09-06T13:09:25.039+0000][68][safepoint   ] Safepoint "ICBufferFull", Time since last: 421729118 ns, Reaching safepoint: 442275 ns, At safepoint: 12364 ns, Total: 454639 ns
[2022-09-06T13:09:25.150+0000][68][gc,start    ] GC(4) Pause Young (Normal) (G1 Evacuation Pause)
[2022-09-06T13:09:25.150+0000][68][gc,task     ] GC(4) Using 8 workers of 8 for evacuation
[2022-09-06T13:09:25.150+0000][68][gc,age      ] GC(4) Desired survivor size 35651584 bytes, new threshold 15 (max threshold 15)
[2022-09-06T13:09:25.159+0000][68][gc,phases   ] GC(4)   Pre Evacuate Collection Set: 0.1ms
[2022-09-06T13:09:25.159+0000][68][gc,phases   ] GC(4)   Merge Heap Roots: 0.1ms
[2022-09-06T13:09:25.159+0000][68][gc,phases   ] GC(4)   Evacuate Collection Set: 7.3ms
[2022-09-06T13:09:25.159+0000][68][gc,phases   ] GC(4)   Post Evacuate Collection Set: 1.4ms
[2022-09-06T13:09:25.159+0000][68][gc,phases   ] GC(4)   Other: 0.1ms
[2022-09-06T13:09:25.159+0000][68][gc,age      ] GC(4) Age table with threshold 15 (max threshold 15)
[2022-09-06T13:09:25.159+0000][68][gc,age      ] GC(4) - age   1:   10632040 bytes,   10632040 total
[2022-09-06T13:09:25.159+0000][68][gc,age      ] GC(4) - age   2:    2730680 bytes,   13362720 total
[2022-09-06T13:09:25.159+0000][68][gc,age      ] GC(4) - age   3:    3212080 bytes,   16574800 total
[2022-09-06T13:09:25.159+0000][68][gc,age      ] GC(4) - age   4:    4844928 bytes,   21419728 total
[2022-09-06T13:09:25.159+0000][68][gc,heap     ] GC(4) Eden regions: 126->0(147)
[2022-09-06T13:09:25.159+0000][68][gc,heap     ] GC(4) Survivor regions: 3->6(17)
[2022-09-06T13:09:25.159+0000][68][gc,heap     ] GC(4) Old regions: 0->0
[2022-09-06T13:09:25.159+0000][68][gc,heap     ] GC(4) Archive regions: 2->2
[2022-09-06T13:09:25.159+0000][68][gc,heap     ] GC(4) Humongous regions: 0->0
[2022-09-06T13:09:25.159+0000][68][gc,metaspace] GC(4) Metaspace: 30981K(31680K)->30981K(31680K) NonClass: 27419K(27840K)->27419K(27840K) Class: 3561K(3840K)->3561K(3840K)
[2022-09-06T13:09:25.159+0000][68][gc          ] GC(4) Pause Young (Normal) (G1 Evacuation Pause) 518M->25M(1024M) 9.285ms
[2022-09-06T13:09:25.159+0000][68][gc,cpu      ] GC(4) User=0.05s Sys=0.01s Real=0.00s
[2022-09-06T13:09:25.159+0000][68][safepoint   ] Safepoint "G1CollectForAllocation", Time since last: 110466659 ns, Reaching safepoint: 114462 ns, At safepoint: 9372586 ns, Total: 9487048 ns
[2022-09-06T13:09:26.095+0000][68][safepoint   ] Safepoint "ICBufferFull", Time since last: 935503056 ns, Reaching safepoint: 215772 ns, At safepoint: 5317 ns, Total: 221089 ns
[2022-09-06T13:09:26.202+0000][68][gc,start    ] GC(5) Pause Young (Concurrent Start) (Metadata GC Threshold)
[2022-09-06T13:09:26.202+0000][68][gc,task     ] GC(5) Using 8 workers of 8 for evacuation
[2022-09-06T13:09:26.202+0000][68][gc,age      ] GC(5) Desired survivor size 41943040 bytes, new threshold 15 (max threshold 15)
[2022-09-06T13:09:26.226+0000][68][gc,phases   ] GC(5)   Pre Evacuate Collection Set: 0.2ms
[2022-09-06T13:09:26.226+0000][68][gc,phases   ] GC(5)   Merge Heap Roots: 0.1ms
[2022-09-06T13:09:26.226+0000][68][gc,phases   ] GC(5)   Evacuate Collection Set: 17.7ms
[2022-09-06T13:09:26.226+0000][68][gc,phases   ] GC(5)   Post Evacuate Collection Set: 5.2ms
[2022-09-06T13:09:26.226+0000][68][gc,phases   ] GC(5)   Other: 0.1ms
[2022-09-06T13:09:26.226+0000][68][gc,age      ] GC(5) Age table with threshold 15 (max threshold 15)
[2022-09-06T13:09:26.226+0000][68][gc,age      ] GC(5) - age   1:    7203240 bytes,    7203240 total
[2022-09-06T13:09:26.226+0000][68][gc,age      ] GC(5) - age   2:   10146536 bytes,   17349776 total
[2022-09-06T13:09:26.226+0000][68][gc,age      ] GC(5) - age   3:    2630368 bytes,   19980144 total
[2022-09-06T13:09:26.226+0000][68][gc,age      ] GC(5) - age   4:    3206768 bytes,   23186912 total
[2022-09-06T13:09:26.226+0000][68][gc,age      ] GC(5) - age   5:    4842768 bytes,   28029680 total
[2022-09-06T13:09:26.226+0000][68][gc,heap     ] GC(5) Eden regions: 117->0(145)
[2022-09-06T13:09:26.226+0000][68][gc,heap     ] GC(5) Survivor regions: 6->8(20)
[2022-09-06T13:09:26.226+0000][68][gc,heap     ] GC(5) Old regions: 0->0
[2022-09-06T13:09:26.226+0000][68][gc,heap     ] GC(5) Archive regions: 2->2
[2022-09-06T13:09:26.226+0000][68][gc,heap     ] GC(5) Humongous regions: 0->0
[2022-09-06T13:09:26.226+0000][68][gc,metaspace] GC(5) Metaspace: 35063K(35968K)->35063K(35968K) NonClass: 30953K(31488K)->30953K(31488K) Class: 4110K(4480K)->4110K(4480K)
[2022-09-06T13:09:26.226+0000][68][gc          ] GC(5) Pause Young (Concurrent Start) (Metadata GC Threshold) 489M->32M(1024M) 23.728ms
[2022-09-06T13:09:26.226+0000][68][gc,cpu      ] GC(5) User=0.09s Sys=0.03s Real=0.02s
[2022-09-06T13:09:26.226+0000][68][gc          ] GC(6) Concurrent Mark Cycle
[2022-09-06T13:09:26.226+0000][68][gc,marking  ] GC(6) Concurrent Clear Claimed Marks
[2022-09-06T13:09:26.226+0000][68][safepoint   ] Safepoint "CollectForMetadataAllocation", Time since last: 107253467 ns, Reaching safepoint: 146076 ns, At safepoint: 23967566 ns, Total: 24113642 ns
[2022-09-06T13:09:26.226+0000][68][gc,marking  ] GC(6) Concurrent Clear Claimed Marks 0.095ms
[2022-09-06T13:09:26.226+0000][68][gc,marking  ] GC(6) Concurrent Scan Root Regions
[2022-09-06T13:09:26.231+0000][68][gc,marking  ] GC(6) Concurrent Scan Root Regions 5.198ms
[2022-09-06T13:09:26.232+0000][68][gc,marking  ] GC(6) Concurrent Mark
[2022-09-06T13:09:26.232+0000][68][gc,marking  ] GC(6) Concurrent Mark From Roots
[2022-09-06T13:09:26.232+0000][68][gc,task     ] GC(6) Using 2 workers of 2 for marking
[2022-09-06T13:09:26.234+0000][68][gc,marking  ] GC(6) Concurrent Mark From Roots 1.962ms
[2022-09-06T13:09:26.234+0000][68][gc,marking  ] GC(6) Concurrent Preclean
[2022-09-06T13:09:26.234+0000][68][gc,marking  ] GC(6) Concurrent Preclean 0.018ms
[2022-09-06T13:09:26.234+0000][68][gc,start    ] GC(6) Pause Remark
[2022-09-06T13:09:26.236+0000][68][gc          ] GC(6) Pause Remark 34M->34M(1024M) 2.411ms
[2022-09-06T13:09:26.237+0000][68][gc,cpu      ] GC(6) User=0.01s Sys=0.00s Real=0.00s
[2022-09-06T13:09:26.237+0000][68][safepoint   ] Safepoint "G1Concurrent", Time since last: 7584276 ns, Reaching safepoint: 247471 ns, At safepoint: 2628463 ns, Total: 2875934 ns
[2022-09-06T13:09:26.237+0000][68][gc,marking  ] GC(6) Concurrent Mark 5.266ms
[2022-09-06T13:09:26.239+0000][68][gc,marking  ] GC(6) Concurrent Rebuild Remembered Sets
[2022-09-06T13:09:26.239+0000][68][gc,marking  ] GC(6) Concurrent Rebuild Remembered Sets 0.119ms
[2022-09-06T13:09:26.241+0000][68][gc,start    ] GC(6) Pause Cleanup
[2022-09-06T13:09:26.241+0000][68][gc          ] GC(6) Pause Cleanup 34M->34M(1024M) 0.107ms
[2022-09-06T13:09:26.241+0000][68][gc,cpu      ] GC(6) User=0.00s Sys=0.00s Real=0.00s
[2022-09-06T13:09:26.242+0000][68][safepoint   ] Safepoint "G1Concurrent", Time since last: 2404503 ns, Reaching safepoint: 2322514 ns, At safepoint: 172028 ns, Total: 2494542 ns
[2022-09-06T13:09:26.242+0000][68][gc,marking  ] GC(6) Concurrent Cleanup for Next Mark
[2022-09-06T13:09:26.243+0000][68][gc,marking  ] GC(6) Concurrent Cleanup for Next Mark 1.837ms
[2022-09-06T13:09:26.244+0000][68][gc          ] GC(6) Concurrent Mark Cycle 17.488ms
[2022-09-06T13:09:26.904+0000][68][safepoint   ] Safepoint "ICBufferFull", Time since last: 661845813 ns, Reaching safepoint: 403502 ns, At safepoint: 65576 ns, Total: 469078 ns
[2022-09-06T13:09:27.836+0000][68][safepoint   ] Safepoint "ICBufferFull", Time since last: 931899808 ns, Reaching safepoint: 231343 ns, At safepoint: 3149 ns, Total: 234492 ns
[2022-09-06T13:09:28.413+0000][68][safepoint   ] Safepoint "ICBufferFull", Time since last: 577454034 ns, Reaching safepoint: 151954 ns, At safepoint: 33335 ns, Total: 185289 ns
[2022-09-06T13:09:29.225+0000][68][gc,start    ] GC(7) Pause Young (Concurrent Start) (Metadata GC Threshold)
[2022-09-06T13:09:29.225+0000][68][gc,task     ] GC(7) Using 8 workers of 8 for evacuation
[2022-09-06T13:09:29.225+0000][68][gc,age      ] GC(7) Desired survivor size 41943040 bytes, new threshold 15 (max threshold 15)
[2022-09-06T13:09:29.248+0000][68][gc,phases   ] GC(7)   Pre Evacuate Collection Set: 0.2ms
[2022-09-06T13:09:29.248+0000][68][gc,phases   ] GC(7)   Merge Heap Roots: 0.2ms
[2022-09-06T13:09:29.248+0000][68][gc,phases   ] GC(7)   Evacuate Collection Set: 20.3ms
[2022-09-06T13:09:29.248+0000][68][gc,phases   ] GC(7)   Post Evacuate Collection Set: 2.6ms
[2022-09-06T13:09:29.248+0000][68][gc,phases   ] GC(7)   Other: 0.1ms
[2022-09-06T13:09:29.248+0000][68][gc,age      ] GC(7) Age table with threshold 15 (max threshold 15)
[2022-09-06T13:09:29.248+0000][68][gc,age      ] GC(7) - age   1:   25337888 bytes,   25337888 total
[2022-09-06T13:09:29.248+0000][68][gc,age      ] GC(7) - age   2:    7104616 bytes,   32442504 total
[2022-09-06T13:09:29.248+0000][68][gc,age      ] GC(7) - age   3:   10061552 bytes,   42504056 total
[2022-09-06T13:09:29.248+0000][68][gc,age      ] GC(7) - age   4:    2615752 bytes,   45119808 total
[2022-09-06T13:09:29.248+0000][68][gc,age      ] GC(7) - age   5:    3153408 bytes,   48273216 total
[2022-09-06T13:09:29.248+0000][68][gc,age      ] GC(7) - age   6:    4823824 bytes,   53097040 total
[2022-09-06T13:09:29.248+0000][68][gc,heap     ] GC(7) Eden regions: 110->0(139)
[2022-09-06T13:09:29.248+0000][68][gc,heap     ] GC(7) Survivor regions: 8->14(20)
[2022-09-06T13:09:29.248+0000][68][gc,heap     ] GC(7) Old regions: 0->0
[2022-09-06T13:09:29.248+0000][68][gc,heap     ] GC(7) Archive regions: 2->2
[2022-09-06T13:09:29.248+0000][68][gc,heap     ] GC(7) Humongous regions: 0->0
[2022-09-06T13:09:29.248+0000][68][gc,metaspace] GC(7) Metaspace: 58712K(60096K)->58712K(60096K) NonClass: 51260K(52032K)->51260K(52032K) Class: 7452K(8064K)->7452K(8064K)
[2022-09-06T13:09:29.248+0000][68][gc          ] GC(7) Pause Young (Concurrent Start) (Metadata GC Threshold) 470M->57M(1024M) 23.749ms
[2022-09-06T13:09:29.248+0000][68][gc,cpu      ] GC(7) User=0.15s Sys=0.00s Real=0.02s
[2022-09-06T13:09:29.248+0000][68][gc          ] GC(8) Concurrent Mark Cycle
[2022-09-06T13:09:29.249+0000][68][gc,marking  ] GC(8) Concurrent Clear Claimed Marks
[2022-09-06T13:09:29.249+0000][68][safepoint   ] Safepoint "CollectForMetadataAllocation", Time since last: 810926137 ns, Reaching safepoint: 291391 ns, At safepoint: 23892385 ns, Total: 24183776 ns
[2022-09-06T13:09:29.249+0000][68][gc,marking  ] GC(8) Concurrent Clear Claimed Marks 0.111ms
[2022-09-06T13:09:29.249+0000][68][gc,marking  ] GC(8) Concurrent Scan Root Regions
[2022-09-06T13:09:29.260+0000][68][gc,marking  ] GC(8) Concurrent Scan Root Regions 11.431ms
[2022-09-06T13:09:29.260+0000][68][gc,marking  ] GC(8) Concurrent Mark
[2022-09-06T13:09:29.260+0000][68][gc,marking  ] GC(8) Concurrent Mark From Roots
[2022-09-06T13:09:29.260+0000][68][gc,task     ] GC(8) Using 2 workers of 2 for marking
[2022-09-06T13:09:29.261+0000][68][gc,marking  ] GC(8) Concurrent Mark From Roots 1.034ms
[2022-09-06T13:09:29.261+0000][68][gc,marking  ] GC(8) Concurrent Preclean
[2022-09-06T13:09:29.261+0000][68][gc,marking  ] GC(8) Concurrent Preclean 0.009ms
[2022-09-06T13:09:29.262+0000][68][gc,start    ] GC(8) Pause Remark
[2022-09-06T13:09:29.264+0000][68][gc          ] GC(8) Pause Remark 59M->59M(1024M) 2.603ms
[2022-09-06T13:09:29.264+0000][68][gc,cpu      ] GC(8) User=0.01s Sys=0.00s Real=0.00s
[2022-09-06T13:09:29.264+0000][68][safepoint   ] Safepoint "G1Concurrent", Time since last: 12806044 ns, Reaching safepoint: 247193 ns, At safepoint: 2705542 ns, Total: 2952735 ns
[2022-09-06T13:09:29.264+0000][68][gc,marking  ] GC(8) Concurrent Mark 4.130ms
[2022-09-06T13:09:29.264+0000][68][gc,marking  ] GC(8) Concurrent Rebuild Remembered Sets
[2022-09-06T13:09:29.264+0000][68][gc,marking  ] GC(8) Concurrent Rebuild Remembered Sets 0.006ms
[2022-09-06T13:09:29.265+0000][68][gc,start    ] GC(8) Pause Cleanup
[2022-09-06T13:09:29.265+0000][68][gc          ] GC(8) Pause Cleanup 59M->59M(1024M) 0.023ms
[2022-09-06T13:09:29.265+0000][68][gc,cpu      ] GC(8) User=0.00s Sys=0.00s Real=0.00s
[2022-09-06T13:09:29.265+0000][68][safepoint   ] Safepoint "G1Concurrent", Time since last: 95505 ns, Reaching safepoint: 177957 ns, At safepoint: 51564 ns, Total: 229521 ns
[2022-09-06T13:09:29.265+0000][68][gc,marking  ] GC(8) Concurrent Cleanup for Next Mark
[2022-09-06T13:09:29.266+0000][68][gc,marking  ] GC(8) Concurrent Cleanup for Next Mark 1.130ms
[2022-09-06T13:09:29.266+0000][68][gc          ] GC(8) Concurrent Mark Cycle 17.404ms
[2022-09-06T13:09:30.599+0000][68][safepoint   ] Safepoint "Cleanup", Time since last: 1334079773 ns, Reaching safepoint: 309242 ns, At safepoint: 33442 ns, Total: 342684 ns
[2022-09-06T13:09:31.651+0000][68][safepoint   ] Safepoint "ICBufferFull", Time since last: 1051364366 ns, Reaching safepoint: 180869 ns, At safepoint: 5655 ns, Total: 186524 ns
[2022-09-06T13:09:33.078+0000][68][safepoint   ] Safepoint "ICBufferFull", Time since last: 1426572545 ns, Reaching safepoint: 971239 ns, At safepoint: 27250 ns, Total: 998489 ns
[2022-09-06T13:09:33.884+0000][68][gc,start    ] GC(9) Pause Young (Concurrent Start) (Metadata GC Threshold)
[2022-09-06T13:09:33.885+0000][68][gc,task     ] GC(9) Using 8 workers of 8 for evacuation
[2022-09-06T13:09:33.885+0000][68][gc,age      ] GC(9) Desired survivor size 41943040 bytes, new threshold 3 (max threshold 15)
[2022-09-06T13:09:33.918+0000][68][gc,phases   ] GC(9)   Pre Evacuate Collection Set: 0.3ms
[2022-09-06T13:09:33.918+0000][68][gc,phases   ] GC(9)   Merge Heap Roots: 0.1ms
[2022-09-06T13:09:33.918+0000][68][gc,phases   ] GC(9)   Evacuate Collection Set: 30.0ms
[2022-09-06T13:09:33.918+0000][68][gc,phases   ] GC(9)   Post Evacuate Collection Set: 2.9ms
[2022-09-06T13:09:33.918+0000][68][gc,phases   ] GC(9)   Other: 0.1ms
[2022-09-06T13:09:33.918+0000][68][gc,age      ] GC(9) Age table with threshold 3 (max threshold 15)
[2022-09-06T13:09:33.918+0000][68][gc,age      ] GC(9) - age   1:   16674224 bytes,   16674224 total
[2022-09-06T13:09:33.918+0000][68][gc,age      ] GC(9) - age   2:   24800160 bytes,   41474384 total
[2022-09-06T13:09:33.918+0000][68][gc,age      ] GC(9) - age   3:    7080784 bytes,   48555168 total
[2022-09-06T13:09:33.918+0000][68][gc,heap     ] GC(9) Eden regions: 118->0(135)
[2022-09-06T13:09:33.918+0000][68][gc,heap     ] GC(9) Survivor regions: 14->13(20)
[2022-09-06T13:09:33.918+0000][68][gc,heap     ] GC(9) Old regions: 0->6
[2022-09-06T13:09:33.918+0000][68][gc,heap     ] GC(9) Archive regions: 2->2
[2022-09-06T13:09:33.918+0000][68][gc,heap     ] GC(9) Humongous regions: 0->0
[2022-09-06T13:09:33.918+0000][68][gc,metaspace] GC(9) Metaspace: 97718K(100608K)->97718K(100608K) NonClass: 84629K(86080K)->84629K(86080K) Class: 13088K(14528K)->13088K(14528K)
[2022-09-06T13:09:33.918+0000][68][gc          ] GC(9) Pause Young (Concurrent Start) (Metadata GC Threshold) 529M->75M(1024M) 33.622ms
[2022-09-06T13:09:33.918+0000][68][gc,cpu      ] GC(9) User=0.20s Sys=0.01s Real=0.03s
[2022-09-06T13:09:33.918+0000][68][gc          ] GC(10) Concurrent Mark Cycle
[2022-09-06T13:09:33.918+0000][68][gc,marking  ] GC(10) Concurrent Clear Claimed Marks
[2022-09-06T13:09:33.918+0000][68][safepoint   ] Safepoint "CollectForMetadataAllocation", Time since last: 805906442 ns, Reaching safepoint: 358560 ns, At safepoint: 33876951 ns, Total: 34235511 ns
[2022-09-06T13:09:33.919+0000][68][gc,marking  ] GC(10) Concurrent Clear Claimed Marks 0.257ms
[2022-09-06T13:09:33.919+0000][68][gc,marking  ] GC(10) Concurrent Scan Root Regions
[2022-09-06T13:09:33.935+0000][68][gc,marking  ] GC(10) Concurrent Scan Root Regions 16.562ms
[2022-09-06T13:09:33.935+0000][68][gc,marking  ] GC(10) Concurrent Mark
[2022-09-06T13:09:33.935+0000][68][gc,marking  ] GC(10) Concurrent Mark From Roots
[2022-09-06T13:09:33.935+0000][68][gc,task     ] GC(10) Using 2 workers of 2 for marking
[2022-09-06T13:09:33.937+0000][68][gc,marking  ] GC(10) Concurrent Mark From Roots 1.735ms
[2022-09-06T13:09:33.937+0000][68][gc,marking  ] GC(10) Concurrent Preclean
[2022-09-06T13:09:33.937+0000][68][gc,marking  ] GC(10) Concurrent Preclean 0.012ms
[2022-09-06T13:09:33.937+0000][68][gc,start    ] GC(10) Pause Remark
[2022-09-06T13:09:33.940+0000][68][gc          ] GC(10) Pause Remark 79M->79M(1024M) 3.044ms
[2022-09-06T13:09:33.940+0000][68][gc,cpu      ] GC(10) User=0.01s Sys=0.00s Real=0.01s
[2022-09-06T13:09:33.940+0000][68][safepoint   ] Safepoint "G1Concurrent", Time since last: 18658336 ns, Reaching safepoint: 133687 ns, At safepoint: 3163166 ns, Total: 3296853 ns
[2022-09-06T13:09:33.940+0000][68][gc,marking  ] GC(10) Concurrent Mark 5.214ms
[2022-09-06T13:09:33.940+0000][68][gc,marking  ] GC(10) Concurrent Rebuild Remembered Sets
[2022-09-06T13:09:33.945+0000][68][gc,marking  ] GC(10) Concurrent Rebuild Remembered Sets 4.994ms
[2022-09-06T13:09:33.946+0000][68][gc,start    ] GC(10) Pause Cleanup
[2022-09-06T13:09:33.946+0000][68][gc          ] GC(10) Pause Cleanup 81M->81M(1024M) 0.138ms
[2022-09-06T13:09:33.946+0000][68][gc,cpu      ] GC(10) User=0.00s Sys=0.00s Real=0.00s
[2022-09-06T13:09:33.947+0000][68][safepoint   ] Safepoint "G1Concurrent", Time since last: 5205758 ns, Reaching safepoint: 787074 ns, At safepoint: 207568 ns, Total: 994642 ns
[2022-09-06T13:09:33.947+0000][68][gc,marking  ] GC(10) Concurrent Cleanup for Next Mark
[2022-09-06T13:09:33.948+0000][68][gc,marking  ] GC(10) Concurrent Cleanup for Next Mark 1.178ms
[2022-09-06T13:09:33.948+0000][68][gc          ] GC(10) Concurrent Mark Cycle 29.627ms
[2022-09-06T13:09:34.361+0000][68][safepoint   ] Safepoint "ICBufferFull", Time since last: 414173822 ns, Reaching safepoint: 444924 ns, At safepoint: 20512 ns, Total: 465436 ns
[2022-09-06T13:09:34.515+0000][68][safepoint   ] Safepoint "ICBufferFull", Time since last: 153799319 ns, Reaching safepoint: 155030 ns, At safepoint: 15681 ns, Total: 170711 ns
[2022-09-06T13:09:34.816+0000][68][safepoint   ] Safepoint "ICBufferFull", Time since last: 300456962 ns, Reaching safepoint: 351889 ns, At safepoint: 4214 ns, Total: 356103 ns
[2022-09-06T13:09:35.213+0000][68][safepoint   ] Safepoint "ICBufferFull", Time since last: 396550714 ns, Reaching safepoint: 151034 ns, At safepoint: 3641 ns, Total: 154675 ns
[2022-09-06T13:09:35.913+0000][68][safepoint   ] Safepoint "ICBufferFull", Time since last: 699776977 ns, Reaching safepoint: 192799 ns, At safepoint: 31473 ns, Total: 224272 ns
[2022-09-06T13:09:36.168+0000][68][safepoint   ] Safepoint "ICBufferFull", Time since last: 254778672 ns, Reaching safepoint: 168878 ns, At safepoint: 40091 ns, Total: 208969 ns
[2022-09-06T13:09:36.445+0000][68][safepoint   ] Safepoint "ICBufferFull", Time since last: 277141993 ns, Reaching safepoint: 151430 ns, At safepoint: 43620 ns, Total: 195050 ns
[2022-09-06T13:09:36.802+0000][68][safepoint   ] Safepoint "ICBufferFull", Time since last: 357110557 ns, Reaching safepoint: 181021 ns, At safepoint: 44406 ns, Total: 225427 ns
[2022-09-06T13:09:37.532+0000][68][safepoint   ] Safepoint "ICBufferFull", Time since last: 729282889 ns, Reaching safepoint: 275680 ns, At safepoint: 49694 ns, Total: 325374 ns
[2022-09-06T13:09:38.532+0000][68][safepoint   ] Safepoint "Cleanup", Time since last: 1000162768 ns, Reaching safepoint: 189665 ns, At safepoint: 6659 ns, Total: 196324 ns
[2022-09-06T13:09:39.025+0000][68][safepoint   ] Safepoint "ICBufferFull", Time since last: 491942045 ns, Reaching safepoint: 255047 ns, At safepoint: 46558 ns, Total: 301605 ns
[2022-09-06T13:09:39.402+0000][68][safepoint   ] Safepoint "ICBufferFull", Time since last: 377442140 ns, Reaching safepoint: 252224 ns, At safepoint: 58993 ns, Total: 311217 ns
[2022-09-06T13:09:39.581+0000][68][safepoint   ] Safepoint "ICBufferFull", Time since last: 178460217 ns, Reaching safepoint: 284055 ns, At safepoint: 57217 ns, Total: 341272 ns
[2022-09-06T13:09:39.927+0000][68][safepoint   ] Safepoint "ICBufferFull", Time since last: 346175811 ns, Reaching safepoint: 236433 ns, At safepoint: 16841 ns, Total: 253274 ns
[2022-09-06T13:09:40.194+0000][68][safepoint   ] Safepoint "ICBufferFull", Time since last: 265813842 ns, Reaching safepoint: 251813 ns, At safepoint: 40352 ns, Total: 292165 ns
[2022-09-06T13:09:40.321+0000][68][safepoint   ] Safepoint "ICBufferFull", Time since last: 126979647 ns, Reaching safepoint: 450139 ns, At safepoint: 78514 ns, Total: 528653 ns
[2022-09-06T13:09:40.328+0000][68][gc,start    ] GC(11) Pause Young (Normal) (G1 Evacuation Pause)
[2022-09-06T13:09:40.328+0000][68][gc,task     ] GC(11) Using 8 workers of 8 for evacuation
[2022-09-06T13:09:40.328+0000][68][gc,age      ] GC(11) Desired survivor size 41943040 bytes, new threshold 3 (max threshold 15)
[2022-09-06T13:09:40.375+0000][68][gc,phases   ] GC(11)   Pre Evacuate Collection Set: 0.2ms
[2022-09-06T13:09:40.375+0000][68][gc,phases   ] GC(11)   Merge Heap Roots: 0.1ms
[2022-09-06T13:09:40.375+0000][68][gc,phases   ] GC(11)   Evacuate Collection Set: 36.5ms
[2022-09-06T13:09:40.375+0000][68][gc,phases   ] GC(11)   Post Evacuate Collection Set: 9.6ms
[2022-09-06T13:09:40.375+0000][68][gc,phases   ] GC(11)   Other: 0.2ms
[2022-09-06T13:09:40.375+0000][68][gc,age      ] GC(11) Age table with threshold 3 (max threshold 15)
[2022-09-06T13:09:40.375+0000][68][gc,age      ] GC(11) - age   1:   23839576 bytes,   23839576 total
[2022-09-06T13:09:40.375+0000][68][gc,age      ] GC(11) - age   2:   16050808 bytes,   39890384 total
[2022-09-06T13:09:40.375+0000][68][gc,age      ] GC(11) - age   3:   24665080 bytes,   64555464 total
[2022-09-06T13:09:40.375+0000][68][gc,heap     ] GC(11) Eden regions: 140->0(136)
[2022-09-06T13:09:40.375+0000][68][gc,heap     ] GC(11) Survivor regions: 13->17(20)
[2022-09-06T13:09:40.375+0000][68][gc,heap     ] GC(11) Old regions: 6->7
[2022-09-06T13:09:40.375+0000][68][gc,heap     ] GC(11) Archive regions: 2->2
[2022-09-06T13:09:40.375+0000][68][gc,heap     ] GC(11) Humongous regions: 2->2
[2022-09-06T13:09:40.375+0000][68][gc,metaspace] GC(11) Metaspace: 120281K(123392K)->120281K(123392K) NonClass: 103998K(105600K)->103998K(105600K) Class: 16282K(17792K)->16282K(17792K)
[2022-09-06T13:09:40.375+0000][68][gc          ] GC(11) Pause Young (Normal) (G1 Evacuation Pause) 643M->107M(1024M) 46.898ms
[2022-09-06T13:09:40.375+0000][68][gc,cpu      ] GC(11) User=0.29s Sys=0.00s Real=0.05s
[2022-09-06T13:09:40.375+0000][68][safepoint   ] Safepoint "G1CollectForAllocation", Time since last: 6858746 ns, Reaching safepoint: 154672 ns, At safepoint: 47198504 ns, Total: 47353176 ns
[2022-09-06T13:09:42.282+0000][68][safepoint   ] Safepoint "Cleanup", Time since last: 1906266634 ns, Reaching safepoint: 202624 ns, At safepoint: 4368 ns, Total: 206992 ns
[2022-09-06T13:09:43.282+0000][68][safepoint   ] Safepoint "Cleanup", Time since last: 1000375692 ns, Reaching safepoint: 187934 ns, At safepoint: 6401 ns, Total: 194335 ns
[2022-09-06T13:09:44.009+0000][68][safepoint   ] Safepoint "ICBufferFull", Time since last: 725865087 ns, Reaching safepoint: 251395 ns, At safepoint: 45006 ns, Total: 296401 ns
[2022-09-06T13:09:45.076+0000][68][safepoint   ] Safepoint "ICBufferFull", Time since last: 1067650802 ns, Reaching safepoint: 229672 ns, At safepoint: 13689 ns, Total: 243361 ns
[2022-09-06T13:09:46.476+0000][68][safepoint   ] Safepoint "Cleanup", Time since last: 1398744574 ns, Reaching safepoint: 370210 ns, At safepoint: 9588 ns, Total: 379798 ns
[2022-09-06T13:09:47.162+0000][68][safepoint   ] Safepoint "ICBufferFull", Time since last: 685592475 ns, Reaching safepoint: 433756 ns, At safepoint: 45680 ns, Total: 479436 ns
[2022-09-06T13:09:48.162+0000][68][safepoint   ] Safepoint "Cleanup", Time since last: 1000361241 ns, Reaching safepoint: 158849 ns, At safepoint: 7280 ns, Total: 166129 ns
[2022-09-06T13:09:49.162+0000][68][safepoint   ] Safepoint "Cleanup", Time since last: 1000145929 ns, Reaching safepoint: 145736 ns, At safepoint: 4725 ns, Total: 150461 ns
[2022-09-06T13:09:50.163+0000][68][safepoint   ] Safepoint "Cleanup", Time since last: 1000175189 ns, Reaching safepoint: 291496 ns, At safepoint: 7799 ns, Total: 299295 ns
[2022-09-06T13:09:51.163+0000][68][safepoint   ] Safepoint "Cleanup", Time since last: 1000227824 ns, Reaching safepoint: 250747 ns, At safepoint: 15473 ns, Total: 266220 ns
[2022-09-06T13:09:52.164+0000][68][safepoint   ] Safepoint "Cleanup", Time since last: 1000235684 ns, Reaching safepoint: 165293 ns, At safepoint: 4604 ns, Total: 169897 ns
[2022-09-06T13:09:52.977+0000][68][safepoint   ] Safepoint "ICBufferFull", Time since last: 813042474 ns, Reaching safepoint: 267317 ns, At safepoint: 42127 ns, Total: 309444 ns
[2022-09-06T13:09:53.978+0000][68][safepoint   ] Safepoint "Cleanup", Time since last: 1000199678 ns, Reaching safepoint: 144612 ns, At safepoint: 4395 ns, Total: 149007 ns
[2022-09-06T13:09:54.978+0000][68][safepoint   ] Safepoint "Cleanup", Time since last: 1000356270 ns, Reaching safepoint: 283145 ns, At safepoint: 30291 ns, Total: 313436 ns
[2022-09-06T13:09:55.979+0000][68][safepoint   ] Safepoint "Cleanup", Time since last: 1000271381 ns, Reaching safepoint: 339536 ns, At safepoint: 20260 ns, Total: 359796 ns
[2022-09-06T13:09:56.979+0000][68][safepoint   ] Safepoint "Cleanup", Time since last: 1000384349 ns, Reaching safepoint: 209570 ns, At safepoint: 6326 ns, Total: 215896 ns
[2022-09-06T13:09:57.980+0000][68][safepoint   ] Safepoint "Cleanup", Time since last: 1000179008 ns, Reaching safepoint: 134519 ns, At safepoint: 4393 ns, Total: 138912 ns
[2022-09-06T13:09:58.980+0000][68][safepoint   ] Safepoint "Cleanup", Time since last: 1000249553 ns, Reaching safepoint: 249681 ns, At safepoint: 14837 ns, Total: 264518 ns
[2022-09-06T13:09:59.981+0000][68][safepoint   ] Safepoint "Cleanup", Time since last: 1000431943 ns, Reaching safepoint: 399057 ns, At safepoint: 19298 ns, Total: 418355 ns
[2022-09-06T13:10:00.981+0000][68][safepoint   ] Safepoint "Cleanup", Time since last: 1000201884 ns, Reaching safepoint: 142888 ns, At safepoint: 4741 ns, Total: 147629 ns
[2022-09-06T13:10:01.982+0000][68][safepoint   ] Safepoint "Cleanup", Time since last: 1000208086 ns, Reaching safepoint: 141953 ns, At safepoint: 6689 ns, Total: 148642 ns
[2022-09-06T13:10:02.983+0000][68][safepoint   ] Safepoint "Cleanup", Time since last: 1000356663 ns, Reaching safepoint: 606162 ns, At safepoint: 29746 ns, Total: 635908 ns
[2022-09-06T13:10:03.983+0000][68][safepoint   ] Safepoint "Cleanup", Time since last: 1000273469 ns, Reaching safepoint: 379533 ns, At safepoint: 16399 ns, Total: 395932 ns
[2022-09-06T13:10:04.984+0000][68][safepoint   ] Safepoint "Cleanup", Time since last: 1000236525 ns, Reaching safepoint: 160480 ns, At safepoint: 31994 ns, Total: 192474 ns
[2022-09-06T13:10:05.985+0000][68][safepoint   ] Safepoint "Cleanup", Time since last: 1000400521 ns, Reaching safepoint: 466877 ns, At safepoint: 19338 ns, Total: 486215 ns
[2022-09-06T13:10:06.985+0000][68][safepoint   ] Safepoint "Cleanup", Time since last: 1000303258 ns, Reaching safepoint: 115783 ns, At safepoint: 3677 ns, Total: 119460 ns
[2022-09-06T13:10:07.986+0000][68][safepoint   ] Safepoint "Cleanup", Time since last: 1000680641 ns, Reaching safepoint: 314748 ns, At safepoint: 6614 ns, Total: 321362 ns
[2022-09-06T13:10:08.987+0000][68][safepoint   ] Safepoint "Cleanup", Time since last: 1000598101 ns, Reaching safepoint: 363731 ns, At safepoint: 10233 ns, Total: 373964 ns
[2022-09-06T13:10:09.988+0000][68][safepoint   ] Safepoint "Cleanup", Time since last: 1000316701 ns, Reaching safepoint: 190165 ns, At safepoint: 4698 ns, Total: 194863 ns
[2022-09-06T13:10:10.988+0000][68][safepoint   ] Safepoint "Cleanup", Time since last: 1000166208 ns, Reaching safepoint: 137389 ns, At safepoint: 46195 ns, Total: 183584 ns
[2022-09-06T13:10:11.988+0000][68][safepoint   ] Safepoint "Cleanup", Time since last: 1000157840 ns, Reaching safepoint: 167069 ns, At safepoint: 4717 ns, Total: 171786 ns
[2022-09-06T13:10:13.989+0000][68][safepoint   ] Safepoint "Cleanup", Time since last: 2000463694 ns, Reaching safepoint: 281064 ns, At safepoint: 22381 ns, Total: 303445 ns
[2022-09-06T13:10:14.990+0000][68][safepoint   ] Safepoint "Cleanup", Time since last: 1000529776 ns, Reaching safepoint: 489281 ns, At safepoint: 25515 ns, Total: 514796 ns
[2022-09-06T13:10:16.958+0000][68][safepoint   ] Safepoint "Cleanup", Time since last: 1967289037 ns, Reaching safepoint: 267585 ns, At safepoint: 44922 ns, Total: 312507 ns
[2022-09-06T13:10:17.959+0000][68][safepoint   ] Safepoint "Cleanup", Time since last: 1000360240 ns, Reaching safepoint: 669192 ns, At safepoint: 29374 ns, Total: 698566 ns
[2022-09-06T13:10:18.960+0000][68][safepoint   ] Safepoint "Cleanup", Time since last: 1000439593 ns, Reaching safepoint: 417256 ns, At safepoint: 27283 ns, Total: 444539 ns
[2022-09-06T13:10:19.960+0000][68][safepoint   ] Safepoint "Cleanup", Time since last: 1000321234 ns, Reaching safepoint: 124797 ns, At safepoint: 6228 ns, Total: 131025 ns
[2022-09-06T13:10:21.961+0000][68][safepoint   ] Safepoint "Cleanup", Time since last: 2000515547 ns, Reaching safepoint: 237447 ns, At safepoint: 9126 ns, Total: 246573 ns
[2022-09-06T13:10:22.961+0000][68][safepoint   ] Safepoint "Cleanup", Time since last: 1000260865 ns, Reaching safepoint: 174078 ns, At safepoint: 47473 ns, Total: 221551 ns
[2022-09-06T13:10:23.962+0000][68][safepoint   ] Safepoint "Cleanup", Time since last: 1000288953 ns, Reaching safepoint: 555704 ns, At safepoint: 30369 ns, Total: 586073 ns
[2022-09-06T13:10:25.963+0000][68][safepoint   ] Safepoint "Cleanup", Time since last: 2000435868 ns, Reaching safepoint: 133471 ns, At safepoint: 5521 ns, Total: 138992 ns
[2022-09-06T13:10:26.963+0000][68][safepoint   ] Safepoint "Cleanup", Time since last: 1000311260 ns, Reaching safepoint: 213351 ns, At safepoint: 7603 ns, Total: 220954 ns
[2022-09-06T13:10:27.964+0000][68][safepoint   ] Safepoint "Cleanup", Time since last: 1000444696 ns, Reaching safepoint: 254627 ns, At safepoint: 31619 ns, Total: 286246 ns
[2022-09-06T13:10:28.965+0000][68][safepoint   ] Safepoint "Cleanup", Time since last: 1000329727 ns, Reaching safepoint: 740684 ns, At safepoint: 32190 ns, Total: 772874 ns
[2022-09-06T13:10:29.965+0000][68][safepoint   ] Safepoint "Cleanup", Time since last: 1000218616 ns, Reaching safepoint: 171708 ns, At safepoint: 10130 ns, Total: 181838 ns
[2022-09-06T13:10:30.966+0000][68][safepoint   ] Safepoint "Cleanup", Time since last: 1000315246 ns, Reaching safepoint: 230555 ns, At safepoint: 9308 ns, Total: 239863 ns
[2022-09-06T13:10:31.967+0000][68][safepoint   ] Safepoint "Cleanup", Time since last: 1000215250 ns, Reaching safepoint: 395221 ns, At safepoint: 71351 ns, Total: 466572 ns
[2022-09-06T13:10:32.967+0000][68][safepoint   ] Safepoint "Cleanup", Time since last: 1000513320 ns, Reaching safepoint: 172411 ns, At safepoint: 6185 ns, Total: 178596 ns
[2022-09-06T13:10:34.968+0000][68][safepoint   ] Safepoint "Cleanup", Time since last: 2000683003 ns, Reaching safepoint: 311410 ns, At safepoint: 43474 ns, Total: 354884 ns
[2022-09-06T13:10:35.969+0000][68][safepoint   ] Safepoint "Cleanup", Time since last: 1000348240 ns, Reaching safepoint: 145899 ns, At safepoint: 5311 ns, Total: 151210 ns
[2022-09-06T13:10:36.969+0000][68][safepoint   ] Safepoint "Cleanup", Time since last: 1000280095 ns, Reaching safepoint: 289076 ns, At safepoint: 9439 ns, Total: 298515 ns
[2022-09-06T13:10:37.970+0000][68][safepoint   ] Safepoint "Cleanup", Time since last: 1000377088 ns, Reaching safepoint: 227015 ns, At safepoint: 30763 ns, Total: 257778 ns
[2022-09-06T13:10:38.971+0000][68][safepoint   ] Safepoint "Cleanup", Time since last: 1000200895 ns, Reaching safepoint: 227229 ns, At safepoint: 6504 ns, Total: 233733 ns
[2022-09-06T13:10:39.971+0000][68][safepoint   ] Safepoint "Cleanup", Time since last: 1000329127 ns, Reaching safepoint: 187781 ns, At safepoint: 8011 ns, Total: 195792 ns
[2022-09-06T13:10:40.971+0000][68][safepoint   ] Safepoint "Cleanup", Time since last: 1000210922 ns, Reaching safepoint: 134908 ns, At safepoint: 5907 ns, Total: 140815 ns
[2022-09-06T13:10:41.972+0000][68][safepoint   ] Safepoint "Cleanup", Time since last: 1000258963 ns, Reaching safepoint: 269224 ns, At safepoint: 28982 ns, Total: 298206 ns
[2022-09-06T13:10:43.973+0000][68][safepoint   ] Safepoint "Cleanup", Time since last: 2000468932 ns, Reaching safepoint: 173032 ns, At safepoint: 12120 ns, Total: 185152 ns
[2022-09-06T13:10:44.974+0000][68][safepoint   ] Safepoint "Cleanup", Time since last: 1000414877 ns, Reaching safepoint: 542441 ns, At safepoint: 31956 ns, Total: 574397 ns
[2022-09-06T13:10:46.974+0000][68][safepoint   ] Safepoint "Cleanup", Time since last: 2000472008 ns, Reaching safepoint: 146530 ns, At safepoint: 15992 ns, Total: 162522 ns
[2022-09-06T13:10:47.975+0000][68][safepoint   ] Safepoint "Cleanup", Time since last: 1000217668 ns, Reaching safepoint: 141721 ns, At safepoint: 4282 ns, Total: 146003 ns
[2022-09-06T13:10:48.975+0000][68][safepoint   ] Safepoint "Cleanup", Time since last: 1000295555 ns, Reaching safepoint: 384091 ns, At safepoint: 8208 ns, Total: 392299 ns
[2022-09-06T13:10:49.976+0000][68][safepoint   ] Safepoint "Cleanup", Time since last: 1000281383 ns, Reaching safepoint: 140852 ns, At safepoint: 5159 ns, Total: 146011 ns
[2022-09-06T13:10:50.976+0000][68][safepoint   ] Safepoint "Cleanup", Time since last: 1000281110 ns, Reaching safepoint: 163601 ns, At safepoint: 3998 ns, Total: 167599 ns
[2022-09-06T13:10:52.977+0000][68][safepoint   ] Safepoint "Cleanup", Time since last: 2000474870 ns, Reaching safepoint: 183904 ns, At safepoint: 10680 ns, Total: 194584 ns
[2022-09-06T13:10:53.996+0000][68][safepoint   ] Safepoint "Cleanup", Time since last: 1018618453 ns, Reaching safepoint: 364560 ns, At safepoint: 13145 ns, Total: 377705 ns
[2022-09-06T13:10:55.997+0000][68][safepoint   ] Safepoint "Cleanup", Time since last: 2000842714 ns, Reaching safepoint: 185832 ns, At safepoint: 7488 ns, Total: 193320 ns
[2022-09-06T13:10:56.998+0000][68][safepoint   ] Safepoint "Cleanup", Time since last: 1000258387 ns, Reaching safepoint: 355992 ns, At safepoint: 8213 ns, Total: 364205 ns
[2022-09-06T13:10:58.998+0000][68][safepoint   ] Safepoint "Cleanup", Time since last: 2000492188 ns, Reaching safepoint: 149258 ns, At safepoint: 5949 ns, Total: 155207 ns
[2022-09-06T13:10:59.999+0000][68][safepoint   ] Safepoint "Cleanup", Time since last: 1000250238 ns, Reaching safepoint: 335058 ns, At safepoint: 49754 ns, Total: 384812 ns
[2022-09-06T13:11:02.000+0000][68][safepoint   ] Safepoint "Cleanup", Time since last: 2000748239 ns, Reaching safepoint: 252206 ns, At safepoint: 11191 ns, Total: 263397 ns
[2022-09-06T13:11:04.001+0000][68][safepoint   ] Safepoint "Cleanup", Time since last: 2000378756 ns, Reaching safepoint: 307551 ns, At safepoint: 10421 ns, Total: 317972 ns
[2022-09-06T13:11:05.001+0000][68][safepoint   ] Safepoint "Cleanup", Time since last: 1000305716 ns, Reaching safepoint: 151268 ns, At safepoint: 16426 ns, Total: 167694 ns
[2022-09-06T13:11:06.002+0000][68][safepoint   ] Safepoint "Cleanup", Time since last: 1000270478 ns, Reaching safepoint: 144809 ns, At safepoint: 4486 ns, Total: 149295 ns
[2022-09-06T13:11:07.002+0000][68][safepoint   ] Safepoint "Cleanup", Time since last: 1000264246 ns, Reaching safepoint: 304515 ns, At safepoint: 20819 ns, Total: 325334 ns
[2022-09-06T13:11:08.003+0000][68][safepoint   ] Safepoint "Cleanup", Time since last: 1000330823 ns, Reaching safepoint: 152279 ns, At safepoint: 4699 ns, Total: 156978 ns
[2022-09-06T13:11:11.004+0000][68][safepoint   ] Safepoint "Cleanup", Time since last: 3000503320 ns, Reaching safepoint: 206322 ns, At safepoint: 21039 ns, Total: 227361 ns
[2022-09-06T13:11:12.004+0000][68][safepoint   ] Safepoint "Cleanup", Time since last: 1000293251 ns, Reaching safepoint: 179655 ns, At safepoint: 4900 ns, Total: 184555 ns
[2022-09-06T13:11:13.005+0000][68][safepoint   ] Safepoint "Cleanup", Time since last: 1000250337 ns, Reaching safepoint: 362996 ns, At safepoint: 18195 ns, Total: 381191 ns
[2022-09-06T13:11:14.005+0000][68][safepoint   ] Safepoint "Cleanup", Time since last: 1000242668 ns, Reaching safepoint: 167716 ns, At safepoint: 5329 ns, Total: 173045 ns
[2022-09-06T13:11:17.006+0000][68][safepoint   ] Safepoint "Cleanup", Time since last: 3000597735 ns, Reaching safepoint: 186023 ns, At safepoint: 50281 ns, Total: 236304 ns
[2022-09-06T13:11:18.007+0000][68][safepoint   ] Safepoint "Cleanup", Time since last: 1000489150 ns, Reaching safepoint: 574328 ns, At safepoint: 33915 ns, Total: 608243 ns
[2022-09-06T13:11:19.008+0000][68][safepoint   ] Safepoint "Cleanup", Time since last: 1000448114 ns, Reaching safepoint: 372263 ns, At safepoint: 11249 ns, Total: 383512 ns
[2022-09-06T13:11:20.008+0000][68][safepoint   ] Safepoint "Cleanup", Time since last: 1000319125 ns, Reaching safepoint: 212123 ns, At safepoint: 6979 ns, Total: 219102 ns
[2022-09-06T13:11:22.009+0000][68][safepoint   ] Safepoint "Cleanup", Time since last: 2000640513 ns, Reaching safepoint: 339790 ns, At safepoint: 8561 ns, Total: 348351 ns
[2022-09-06T13:11:23.010+0000][68][safepoint   ] Safepoint "Cleanup", Time since last: 1000225782 ns, Reaching safepoint: 147004 ns, At safepoint: 5225 ns, Total: 152229 ns
[2022-09-06T13:11:24.010+0000][68][safepoint   ] Safepoint "Cleanup", Time since last: 1000298269 ns, Reaching safepoint: 418986 ns, At safepoint: 15681 ns, Total: 434667 ns
[2022-09-06T13:11:25.011+0000][68][safepoint   ] Safepoint "Cleanup", Time since last: 1000363747 ns, Reaching safepoint: 214194 ns, At safepoint: 24450 ns, Total: 238644 ns
[2022-09-06T13:11:26.011+0000][68][safepoint   ] Safepoint "Cleanup", Time since last: 1000237355 ns, Reaching safepoint: 186847 ns, At safepoint: 6499 ns, Total: 193346 ns
[2022-09-06T13:11:29.013+0000][68][safepoint   ] Safepoint "Cleanup", Time since last: 3001053782 ns, Reaching safepoint: 474462 ns, At safepoint: 4631 ns, Total: 479093 ns
[2022-09-06T13:11:30.014+0000][68][safepoint   ] Safepoint "Cleanup", Time since last: 1000234087 ns, Reaching safepoint: 234698 ns, At safepoint: 14836 ns, Total: 249534 ns
[2022-09-06T13:11:32.014+0000][68][safepoint   ] Safepoint "Cleanup", Time since last: 2000639922 ns, Reaching safepoint: 137619 ns, At safepoint: 3832 ns, Total: 141451 ns
[2022-09-06T13:11:33.063+0000][68][safepoint   ] Safepoint "Cleanup", Time since last: 1048446818 ns, Reaching safepoint: 503485 ns, At safepoint: 24768 ns, Total: 528253 ns
[2022-09-06T13:11:34.064+0000][68][safepoint   ] Safepoint "Cleanup", Time since last: 1000356021 ns, Reaching safepoint: 278480 ns, At safepoint: 9220 ns, Total: 287700 ns
[2022-09-06T13:11:34.966+0000][68][gc,start    ] GC(12) Pause Young (Normal) (G1 Evacuation Pause)
[2022-09-06T13:11:34.966+0000][68][gc,task     ] GC(12) Using 8 workers of 8 for evacuation
[2022-09-06T13:11:34.966+0000][68][gc,age      ] GC(12) Desired survivor size 41943040 bytes, new threshold 3 (max threshold 15)
[2022-09-06T13:11:34.989+0000][68][gc,phases   ] GC(12)   Pre Evacuate Collection Set: 0.1ms
[2022-09-06T13:11:34.989+0000][68][gc,phases   ] GC(12)   Merge Heap Roots: 0.3ms
[2022-09-06T13:11:34.989+0000][68][gc,phases   ] GC(12)   Evacuate Collection Set: 19.2ms
[2022-09-06T13:11:34.989+0000][68][gc,phases   ] GC(12)   Post Evacuate Collection Set: 2.9ms
[2022-09-06T13:11:34.989+0000][68][gc,phases   ] GC(12)   Other: 0.1ms
[2022-09-06T13:11:34.989+0000][68][gc,age      ] GC(12) Age table with threshold 3 (max threshold 15)
[2022-09-06T13:11:34.989+0000][68][gc,age      ] GC(12) - age   1:    5055264 bytes,    5055264 total
[2022-09-06T13:11:34.989+0000][68][gc,age      ] GC(12) - age   2:   21897904 bytes,   26953168 total
[2022-09-06T13:11:34.989+0000][68][gc,age      ] GC(12) - age   3:   16049376 bytes,   43002544 total
[2022-09-06T13:11:34.989+0000][68][gc,heap     ] GC(12) Eden regions: 136->0(141)
[2022-09-06T13:11:34.989+0000][68][gc,heap     ] GC(12) Survivor regions: 17->12(20)
[2022-09-06T13:11:34.989+0000][68][gc,heap     ] GC(12) Old regions: 7->14
[2022-09-06T13:11:34.989+0000][68][gc,heap     ] GC(12) Archive regions: 2->2
[2022-09-06T13:11:34.989+0000][68][gc,heap     ] GC(12) Humongous regions: 2->2
[2022-09-06T13:11:34.989+0000][68][gc,metaspace] GC(12) Metaspace: 126581K(130112K)->126581K(130112K) NonClass: 109661K(111488K)->109661K(111488K) Class: 16919K(18624K)->16919K(18624K)
[2022-09-06T13:11:34.989+0000][68][gc          ] GC(12) Pause Young (Normal) (G1 Evacuation Pause) 651M->112M(1024M) 22.867ms
[2022-09-06T13:11:34.989+0000][68][gc,cpu      ] GC(12) User=0.17s Sys=0.00s Real=0.02s
[2022-09-06T13:11:34.989+0000][68][safepoint   ] Safepoint "G1CollectForAllocation", Time since last: 901726014 ns, Reaching safepoint: 149554 ns, At safepoint: 23023792 ns, Total: 23173346 ns
[2022-09-06T13:11:35.990+0000][68][safepoint   ] Safepoint "Cleanup", Time since last: 1000378091 ns, Reaching safepoint: 375461 ns, At safepoint: 39847 ns, Total: 415308 ns
[2022-09-06T13:11:37.643+0000][68][safepoint   ] Safepoint "Cleanup", Time since last: 1653199557 ns, Reaching safepoint: 232327 ns, At safepoint: 12421 ns, Total: 244748 ns
[2022-09-06T13:11:39.644+0000][68][safepoint   ] Safepoint "Cleanup", Time since last: 2000499771 ns, Reaching safepoint: 162183 ns, At safepoint: 7648 ns, Total: 169831 ns
[2022-09-06T13:11:40.644+0000][68][safepoint   ] Safepoint "Cleanup", Time since last: 1000252704 ns, Reaching safepoint: 165255 ns, At safepoint: 9071 ns, Total: 174326 ns
[2022-09-06T13:11:41.645+0000][68][safepoint   ] Safepoint "Cleanup", Time since last: 1000365620 ns, Reaching safepoint: 355713 ns, At safepoint: 14631 ns, Total: 370344 ns
[2022-09-06T13:11:44.646+0000][68][safepoint   ] Safepoint "Cleanup", Time since last: 3000739913 ns, Reaching safepoint: 172891 ns, At safepoint: 5996 ns, Total: 178887 ns
[2022-09-06T13:11:46.647+0000][68][safepoint   ] Safepoint "Cleanup", Time since last: 2000448376 ns, Reaching safepoint: 237068 ns, At safepoint: 9650 ns, Total: 246718 ns
[2022-09-06T13:11:47.647+0000][68][safepoint   ] Safepoint "Cleanup", Time since last: 1000364088 ns, Reaching safepoint: 215945 ns, At safepoint: 9785 ns, Total: 225730 ns
[2022-09-06T13:11:51.648+0000][68][safepoint   ] Safepoint "Cleanup", Time since last: 4000730183 ns, Reaching safepoint: 276614 ns, At safepoint: 10171 ns, Total: 286785 ns
[2022-09-06T13:11:52.649+0000][68][safepoint   ] Safepoint "Cleanup", Time since last: 1000186548 ns, Reaching safepoint: 191947 ns, At safepoint: 3797 ns, Total: 195744 ns
[2022-09-06T13:11:54.088+0000][68][safepoint   ] Safepoint "Cleanup", Time since last: 1439463922 ns, Reaching safepoint: 413790 ns, At safepoint: 14262 ns, Total: 428052 ns
[2022-09-06T13:11:59.090+0000][68][safepoint   ] Safepoint "Cleanup", Time since last: 5001598128 ns, Reaching safepoint: 167548 ns, At safepoint: 4287 ns, Total: 171835 ns
[2022-09-06T13:12:00.091+0000][68][safepoint   ] Safepoint "Cleanup", Time since last: 1000296051 ns, Reaching safepoint: 333064 ns, At safepoint: 8789 ns, Total: 341853 ns
[2022-09-06T13:12:01.091+0000][68][safepoint   ] Safepoint "Cleanup", Time since last: 1000504246 ns, Reaching safepoint: 193381 ns, At safepoint: 13322 ns, Total: 206703 ns
[2022-09-06T13:12:02.092+0000][68][safepoint   ] Safepoint "Cleanup", Time since last: 1000224728 ns, Reaching safepoint: 217714 ns, At safepoint: 18840 ns, Total: 236554 ns
[2022-09-06T13:12:04.093+0000][68][safepoint   ] Safepoint "Cleanup", Time since last: 2000469827 ns, Reaching safepoint: 381245 ns, At safepoint: 27277 ns, Total: 408522 ns
[2022-09-06T13:12:05.093+0000][68][safepoint   ] Safepoint "Cleanup", Time since last: 1000288515 ns, Reaching safepoint: 206777 ns, At safepoint: 13072 ns, Total: 219849 ns
[2022-09-06T13:12:06.094+0000][68][safepoint   ] Safepoint "Cleanup", Time since last: 1000339000 ns, Reaching safepoint: 316329 ns, At safepoint: 63671 ns, Total: 380000 ns
[2022-09-06T13:12:07.095+0000][68][safepoint   ] Safepoint "Cleanup", Time since last: 1000458012 ns, Reaching safepoint: 538708 ns, At safepoint: 33653 ns, Total: 572361 ns
[2022-09-06T13:12:08.096+0000][68][safepoint   ] Safepoint "Cleanup", Time since last: 1000478292 ns, Reaching safepoint: 380015 ns, At safepoint: 12332 ns, Total: 392347 ns
[2022-09-06T13:12:09.096+0000][68][safepoint   ] Safepoint "Cleanup", Time since last: 1000427572 ns, Reaching safepoint: 327392 ns, At safepoint: 11973 ns, Total: 339365 ns
[2022-09-06T13:12:10.097+0000][68][safepoint   ] Safepoint "Cleanup", Time since last: 1000253919 ns, Reaching safepoint: 335125 ns, At safepoint: 11568 ns, Total: 346693 ns
[2022-09-06T13:12:11.098+0000][68][safepoint   ] Safepoint "Cleanup", Time since last: 1000304678 ns, Reaching safepoint: 265701 ns, At safepoint: 9577 ns, Total: 275278 ns
[2022-09-06T13:12:12.098+0000][68][safepoint   ] Safepoint "Cleanup", Time since last: 1000242045 ns, Reaching safepoint: 159189 ns, At safepoint: 5055 ns, Total: 164244 ns
[2022-09-06T13:12:14.099+0000][68][safepoint   ] Safepoint "Cleanup", Time since last: 2000432172 ns, Reaching safepoint: 331414 ns, At safepoint: 10840 ns, Total: 342254 ns
[2022-09-06T13:12:15.100+0000][68][safepoint   ] Safepoint "Cleanup", Time since last: 1000375502 ns, Reaching safepoint: 304172 ns, At safepoint: 13175 ns, Total: 317347 ns
[2022-09-06T13:12:17.100+0000][68][safepoint   ] Safepoint "Cleanup", Time since last: 2000260259 ns, Reaching safepoint: 132452 ns, At safepoint: 4660 ns, Total: 137112 ns
[2022-09-06T13:12:18.101+0000][68][safepoint   ] Safepoint "Cleanup", Time since last: 1000386924 ns, Reaching safepoint: 559703 ns, At safepoint: 40356 ns, Total: 600059 ns
[2022-09-06T13:12:20.102+0000][68][safepoint   ] Safepoint "Cleanup", Time since last: 2000597586 ns, Reaching safepoint: 288972 ns, At safepoint: 10925 ns, Total: 299897 ns
[2022-09-06T13:12:22.102+0000][68][safepoint   ] Safepoint "Cleanup", Time since last: 2000468807 ns, Reaching safepoint: 136175 ns, At safepoint: 5114 ns, Total: 141289 ns
[2022-09-06T13:12:23.103+0000][68][safepoint   ] Safepoint "Cleanup", Time since last: 1000168382 ns, Reaching safepoint: 251468 ns, At safepoint: 19128 ns, Total: 270596 ns
[2022-09-06T13:12:24.103+0000][68][safepoint   ] Safepoint "Cleanup", Time since last: 1000225050 ns, Reaching safepoint: 212207 ns, At safepoint: 12397 ns, Total: 224604 ns
[2022-09-06T13:12:26.104+0000][68][safepoint   ] Safepoint "Cleanup", Time since last: 2000385983 ns, Reaching safepoint: 149372 ns, At safepoint: 4163 ns, Total: 153535 ns
[2022-09-06T13:12:27.105+0000][68][safepoint   ] Safepoint "Cleanup", Time since last: 1000175486 ns, Reaching safepoint: 505470 ns, At safepoint: 20519 ns, Total: 525989 ns
[2022-09-06T13:12:29.105+0000][68][safepoint   ] Safepoint "Cleanup", Time since last: 2000755344 ns, Reaching safepoint: 236196 ns, At safepoint: 13971 ns, Total: 250167 ns
[2022-09-06T13:12:30.106+0000][68][safepoint   ] Safepoint "Cleanup", Time since last: 1000611368 ns, Reaching safepoint: 332074 ns, At safepoint: 14979 ns, Total: 347053 ns
[2022-09-06T13:12:32.107+0000][68][safepoint   ] Safepoint "Cleanup", Time since last: 2000473332 ns, Reaching safepoint: 261935 ns, At safepoint: 26955 ns, Total: 288890 ns
[2022-09-06T13:12:34.108+0000][68][safepoint   ] Safepoint "Cleanup", Time since last: 2000533864 ns, Reaching safepoint: 218988 ns, At safepoint: 6537 ns, Total: 225525 ns
[2022-09-06T13:12:35.108+0000][68][safepoint   ] Safepoint "Cleanup", Time since last: 1000205353 ns, Reaching safepoint: 166639 ns, At safepoint: 3425 ns, Total: 170064 ns
[2022-09-06T13:12:36.108+0000][68][safepoint   ] Safepoint "Cleanup", Time since last: 1000200531 ns, Reaching safepoint: 143266 ns, At safepoint: 7426 ns, Total: 150692 ns
[2022-09-06T13:12:38.109+0000][68][safepoint   ] Safepoint "Cleanup", Time since last: 2000253026 ns, Reaching safepoint: 143353 ns, At safepoint: 4250 ns, Total: 147603 ns
[2022-09-06T13:12:39.110+0000][68][safepoint   ] Safepoint "Cleanup", Time since last: 1000345850 ns, Reaching safepoint: 540427 ns, At safepoint: 120835 ns, Total: 661262 ns
[2022-09-06T13:12:41.110+0000][68][safepoint   ] Safepoint "Cleanup", Time since last: 2000454442 ns, Reaching safepoint: 145438 ns, At safepoint: 17797 ns, Total: 163235 ns
[2022-09-06T13:12:42.111+0000][68][safepoint   ] Safepoint "Cleanup", Time since last: 1000312633 ns, Reaching safepoint: 259920 ns, At safepoint: 68868 ns, Total: 328788 ns
[2022-09-06T13:12:43.112+0000][68][safepoint   ] Safepoint "Cleanup", Time since last: 1000220482 ns, Reaching safepoint: 139236 ns, At safepoint: 4846 ns, Total: 144082 ns
[2022-09-06T13:12:44.112+0000][68][safepoint   ] Safepoint "Cleanup", Time since last: 1000313114 ns, Reaching safepoint: 236515 ns, At safepoint: 28659 ns, Total: 265174 ns
[2022-09-06T13:12:47.113+0000][68][safepoint   ] Safepoint "Cleanup", Time since last: 3000776005 ns, Reaching safepoint: 137574 ns, At safepoint: 5381 ns, Total: 142955 ns
[2022-09-06T13:12:48.114+0000][68][safepoint   ] Safepoint "Cleanup", Time since last: 1000261875 ns, Reaching safepoint: 237278 ns, At safepoint: 29419 ns, Total: 266697 ns
[2022-09-06T13:12:50.115+0000][68][safepoint   ] Safepoint "Cleanup", Time since last: 2000537233 ns, Reaching safepoint: 466350 ns, At safepoint: 64273 ns, Total: 530623 ns
[2022-09-06T13:12:53.115+0000][68][safepoint   ] Safepoint "Cleanup", Time since last: 3000668079 ns, Reaching safepoint: 146053 ns, At safepoint: 5054 ns, Total: 151107 ns
[2022-09-06T13:12:54.116+0000][68][safepoint   ] Safepoint "Cleanup", Time since last: 1000197474 ns, Reaching safepoint: 207484 ns, At safepoint: 16975 ns, Total: 224459 ns
[2022-09-06T13:12:56.117+0000][68][safepoint   ] Safepoint "Cleanup", Time since last: 2000566419 ns, Reaching safepoint: 124214 ns, At safepoint: 14375 ns, Total: 138589 ns
[2022-09-06T13:12:59.118+0000][68][safepoint   ] Safepoint "Cleanup", Time since last: 3000737449 ns, Reaching safepoint: 224611 ns, At safepoint: 12339 ns, Total: 236950 ns
[2022-09-06T13:13:00.119+0000][68][safepoint   ] Safepoint "Cleanup", Time since last: 1000398867 ns, Reaching safepoint: 482898 ns, At safepoint: 46091 ns, Total: 528989 ns
[2022-09-06T13:13:02.119+0000][68][safepoint   ] Safepoint "Cleanup", Time since last: 2000574414 ns, Reaching safepoint: 281996 ns, At safepoint: 30888 ns, Total: 312884 ns
[2022-09-06T13:13:04.121+0000][68][safepoint   ] Safepoint "Cleanup", Time since last: 2000653210 ns, Reaching safepoint: 410979 ns, At safepoint: 45412 ns, Total: 456391 ns
[2022-09-06T13:13:05.121+0000][68][safepoint   ] Safepoint "Cleanup", Time since last: 1000277304 ns, Reaching safepoint: 384411 ns, At safepoint: 36820 ns, Total: 421231 ns
[2022-09-06T13:13:06.122+0000][68][safepoint   ] Safepoint "Cleanup", Time since last: 1000283609 ns, Reaching safepoint: 649625 ns, At safepoint: 100856 ns, Total: 750481 ns
[2022-09-06T13:13:08.124+0000][68][safepoint   ] Safepoint "Cleanup", Time since last: 2000920160 ns, Reaching safepoint: 254623 ns, At safepoint: 29329 ns, Total: 283952 ns
[2022-09-06T13:13:11.125+0000][68][safepoint   ] Safepoint "Cleanup", Time since last: 3000840112 ns, Reaching safepoint: 213622 ns, At safepoint: 13632 ns, Total: 227254 ns
[2022-09-06T13:13:14.126+0000][68][safepoint   ] Safepoint "Cleanup", Time since last: 3001021955 ns, Reaching safepoint: 146635 ns, At safepoint: 4383 ns, Total: 151018 ns
[2022-09-06T13:13:15.127+0000][68][safepoint   ] Safepoint "Cleanup", Time since last: 1000355597 ns, Reaching safepoint: 372821 ns, At safepoint: 42365 ns, Total: 415186 ns
[2022-09-06T13:13:17.127+0000][68][safepoint   ] Safepoint "Cleanup", Time since last: 2000529242 ns, Reaching safepoint: 177089 ns, At safepoint: 19109 ns, Total: 196198 ns
[2022-09-06T13:13:18.128+0000][68][safepoint   ] Safepoint "Cleanup", Time since last: 1000314889 ns, Reaching safepoint: 529864 ns, At safepoint: 71170 ns, Total: 601034 ns
[2022-09-06T13:13:22.130+0000][68][safepoint   ] Safepoint "Cleanup", Time since last: 4001471403 ns, Reaching safepoint: 505607 ns, At safepoint: 80748 ns, Total: 586355 ns
[2022-09-06T13:13:23.131+0000][68][safepoint   ] Safepoint "Cleanup", Time since last: 1000265289 ns, Reaching safepoint: 136967 ns, At safepoint: 3684 ns, Total: 140651 ns
[2022-09-06T13:13:24.131+0000][68][safepoint   ] Safepoint "Cleanup", Time since last: 1000234882 ns, Reaching safepoint: 171228 ns, At safepoint: 22290 ns, Total: 193518 ns
[2022-09-06T13:13:26.132+0000][68][safepoint   ] Safepoint "Cleanup", Time since last: 2000358464 ns, Reaching safepoint: 274587 ns, At safepoint: 21364 ns, Total: 295951 ns
[2022-09-06T13:13:29.133+0000][68][safepoint   ] Safepoint "Cleanup", Time since last: 3000559813 ns, Reaching safepoint: 203998 ns, At safepoint: 28917 ns, Total: 232915 ns
[2022-09-06T13:13:30.134+0000][68][safepoint   ] Safepoint "Cleanup", Time since last: 1000234726 ns, Reaching safepoint: 176158 ns, At safepoint: 16437 ns, Total: 192595 ns
[2022-09-06T13:13:32.135+0000][68][safepoint   ] Safepoint "Cleanup", Time since last: 2000632771 ns, Reaching safepoint: 155307 ns, At safepoint: 18231 ns, Total: 173538 ns
[2022-09-06T13:13:35.136+0000][68][safepoint   ] Safepoint "Cleanup", Time since last: 3000855048 ns, Reaching safepoint: 355484 ns, At safepoint: 39196 ns, Total: 394680 ns
[2022-09-06T13:13:36.137+0000][68][safepoint   ] Safepoint "Cleanup", Time since last: 1000401131 ns, Reaching safepoint: 310456 ns, At safepoint: 37188 ns, Total: 347644 ns
[2022-09-06T13:13:38.138+0000][68][safepoint   ] Safepoint "Cleanup", Time since last: 2000480491 ns, Reaching safepoint: 317669 ns, At safepoint: 45621 ns, Total: 363290 ns
[2022-09-06T13:13:39.138+0000][68][safepoint   ] Safepoint "Cleanup", Time since last: 1000217169 ns, Reaching safepoint: 154022 ns, At safepoint: 16675 ns, Total: 170697 ns
[2022-09-06T13:13:40.139+0000][68][safepoint   ] Safepoint "Cleanup", Time since last: 1000402573 ns, Reaching safepoint: 409322 ns, At safepoint: 47902 ns, Total: 457224 ns
[2022-09-06T13:13:41.140+0000][68][safepoint   ] Safepoint "Cleanup", Time since last: 1000433661 ns, Reaching safepoint: 365295 ns, At safepoint: 49937 ns, Total: 415232 ns
[2022-09-06T13:13:44.141+0000][68][safepoint   ] Safepoint "Cleanup", Time since last: 3000970421 ns, Reaching safepoint: 268285 ns, At safepoint: 15418 ns, Total: 283703 ns
[2022-09-06T13:13:45.142+0000][68][safepoint   ] Safepoint "Cleanup", Time since last: 1000479512 ns, Reaching safepoint: 369687 ns, At safepoint: 15636 ns, Total: 385323 ns
[2022-09-06T13:13:47.143+0000][68][safepoint   ] Safepoint "Cleanup", Time since last: 2000531032 ns, Reaching safepoint: 242663 ns, At safepoint: 55122 ns, Total: 297785 ns
[2022-09-06T13:13:50.144+0000][68][safepoint   ] Safepoint "Cleanup", Time since last: 3000673118 ns, Reaching safepoint: 323502 ns, At safepoint: 65936 ns, Total: 389438 ns
[2022-09-06T13:13:51.144+0000][68][safepoint   ] Safepoint "Cleanup", Time since last: 1000317230 ns, Reaching safepoint: 240682 ns, At safepoint: 13439 ns, Total: 254121 ns
[2022-09-06T13:13:52.145+0000][68][safepoint   ] Safepoint "Cleanup", Time since last: 1000425403 ns, Reaching safepoint: 335629 ns, At safepoint: 43715 ns, Total: 379344 ns
[2022-09-06T13:13:53.146+0000][68][safepoint   ] Safepoint "Cleanup", Time since last: 1000484044 ns, Reaching safepoint: 337110 ns, At safepoint: 39828 ns, Total: 376938 ns
[2022-09-06T13:13:56.030+0000][68][gc,start    ] GC(13) Pause Young (Normal) (G1 Evacuation Pause)
[2022-09-06T13:13:56.030+0000][68][gc,task     ] GC(13) Using 8 workers of 8 for evacuation
[2022-09-06T13:13:56.030+0000][68][gc,age      ] GC(13) Desired survivor size 41943040 bytes, new threshold 3 (max threshold 15)
[2022-09-06T13:13:56.045+0000][68][gc,phases   ] GC(13)   Pre Evacuate Collection Set: 0.1ms
[2022-09-06T13:13:56.046+0000][68][gc,phases   ] GC(13)   Merge Heap Roots: 0.1ms
[2022-09-06T13:13:56.046+0000][68][gc,phases   ] GC(13)   Evacuate Collection Set: 12.5ms
[2022-09-06T13:13:56.046+0000][68][gc,phases   ] GC(13)   Post Evacuate Collection Set: 2.4ms
[2022-09-06T13:13:56.046+0000][68][gc,phases   ] GC(13)   Other: 0.1ms
[2022-09-06T13:13:56.046+0000][68][gc,age      ] GC(13) Age table with threshold 3 (max threshold 15)
[2022-09-06T13:13:56.046+0000][68][gc,age      ] GC(13) - age   1:    2038064 bytes,    2038064 total
[2022-09-06T13:13:56.046+0000][68][gc,age      ] GC(13) - age   2:    2728592 bytes,    4766656 total
[2022-09-06T13:13:56.046+0000][68][gc,age      ] GC(13) - age   3:   21892296 bytes,   26658952 total
[2022-09-06T13:13:56.046+0000][68][gc,heap     ] GC(13) Eden regions: 141->0(145)
[2022-09-06T13:13:56.046+0000][68][gc,heap     ] GC(13) Survivor regions: 12->8(20)
[2022-09-06T13:13:56.046+0000][68][gc,heap     ] GC(13) Old regions: 14->18
[2022-09-06T13:13:56.046+0000][68][gc,heap     ] GC(13) Archive regions: 2->2
[2022-09-06T13:13:56.046+0000][68][gc,heap     ] GC(13) Humongous regions: 2->2
[2022-09-06T13:13:56.046+0000][68][gc,metaspace] GC(13) Metaspace: 127686K(131200K)->127686K(131200K) NonClass: 110763K(112576K)->110763K(112576K) Class: 16923K(18624K)->16923K(18624K)
[2022-09-06T13:13:56.046+0000][68][gc          ] GC(13) Pause Young (Normal) (G1 Evacuation Pause) 676M->111M(1024M) 15.422ms
[2022-09-06T13:13:56.046+0000][68][gc,cpu      ] GC(13) User=0.10s Sys=0.00s Real=0.01s
[2022-09-06T13:13:56.046+0000][68][safepoint   ] Safepoint "G1CollectForAllocation", Time since last: 2884146408 ns, Reaching safepoint: 138444 ns, At safepoint: 15551934 ns, Total: 15690378 ns
[2022-09-06T13:13:57.046+0000][68][safepoint   ] Safepoint "Cleanup", Time since last: 1000249719 ns, Reaching safepoint: 373021 ns, At safepoint: 12419 ns, Total: 385440 ns
[2022-09-06T13:13:59.047+0000][68][safepoint   ] Safepoint "Cleanup", Time since last: 2000667550 ns, Reaching safepoint: 189951 ns, At safepoint: 7329 ns, Total: 197280 ns
[2022-09-06T13:14:00.047+0000][68][safepoint   ] Safepoint "Cleanup", Time since last: 1000375705 ns, Reaching safepoint: 314203 ns, At safepoint: 9715 ns, Total: 323918 ns
[2022-09-06T13:14:02.048+0000][68][safepoint   ] Safepoint "Cleanup", Time since last: 2000531244 ns, Reaching safepoint: 181480 ns, At safepoint: 5338 ns, Total: 186818 ns
[2022-09-06T13:14:05.049+0000][68][safepoint   ] Safepoint "Cleanup", Time since last: 3000880177 ns, Reaching safepoint: 340776 ns, At safepoint: 11156 ns, Total: 351932 ns
[2022-09-06T13:14:08.050+0000][68][safepoint   ] Safepoint "Cleanup", Time since last: 3000908127 ns, Reaching safepoint: 308046 ns, At safepoint: 21334 ns, Total: 329380 ns
[2022-09-06T13:14:09.051+0000][68][safepoint   ] Safepoint "Cleanup", Time since last: 1000380330 ns, Reaching safepoint: 220612 ns, At safepoint: 6793 ns, Total: 227405 ns
[2022-09-06T13:14:11.052+0000][68][safepoint   ] Safepoint "Cleanup", Time since last: 2000674873 ns, Reaching safepoint: 143004 ns, At safepoint: 4415 ns, Total: 147419 ns
[2022-09-06T13:14:12.052+0000][68][safepoint   ] Safepoint "Cleanup", Time since last: 1000199475 ns, Reaching safepoint: 239131 ns, At safepoint: 5836 ns, Total: 244967 ns
[2022-09-06T13:14:14.053+0000][68][safepoint   ] Safepoint "Cleanup", Time since last: 2000435487 ns, Reaching safepoint: 176072 ns, At safepoint: 4279 ns, Total: 180351 ns
[2022-09-06T13:14:15.053+0000][68][safepoint   ] Safepoint "Cleanup", Time since last: 1000188194 ns, Reaching safepoint: 202074 ns, At safepoint: 20531 ns, Total: 222605 ns
[2022-09-06T13:14:16.054+0000][68][safepoint   ] Safepoint "Cleanup", Time since last: 1000306488 ns, Reaching safepoint: 378578 ns, At safepoint: 15760 ns, Total: 394338 ns
[2022-09-06T13:14:17.055+0000][68][safepoint   ] Safepoint "Cleanup", Time since last: 1000434329 ns, Reaching safepoint: 338796 ns, At safepoint: 21931 ns, Total: 360727 ns
[2022-09-06T13:14:20.056+0000][68][safepoint   ] Safepoint "Cleanup", Time since last: 3000695661 ns, Reaching safepoint: 173801 ns, At safepoint: 5737 ns, Total: 179538 ns
[2022-09-06T13:14:21.056+0000][68][safepoint   ] Safepoint "Cleanup", Time since last: 1000377725 ns, Reaching safepoint: 287745 ns, At safepoint: 21359 ns, Total: 309104 ns
[2022-09-06T13:14:22.057+0000][68][safepoint   ] Safepoint "Cleanup", Time since last: 1000478350 ns, Reaching safepoint: 490014 ns, At safepoint: 80227 ns, Total: 570241 ns
[2022-09-06T13:14:24.058+0000][68][safepoint   ] Safepoint "Cleanup", Time since last: 2000492042 ns, Reaching safepoint: 147337 ns, At safepoint: 7961 ns, Total: 155298 ns
[2022-09-06T13:14:26.059+0000][68][safepoint   ] Safepoint "Cleanup", Time since last: 2000486733 ns, Reaching safepoint: 136994 ns, At safepoint: 39213 ns, Total: 176207 ns
[2022-09-06T13:14:27.059+0000][68][safepoint   ] Safepoint "Cleanup", Time since last: 1000379965 ns, Reaching safepoint: 184761 ns, At safepoint: 53088 ns, Total: 237849 ns
[2022-09-06T13:14:29.061+0000][68][safepoint   ] Safepoint "Cleanup", Time since last: 2000560246 ns, Reaching safepoint: 991074 ns, At safepoint: 173048 ns, Total: 1164122 ns
[2022-09-06T13:14:32.062+0000][68][safepoint   ] Safepoint "Cleanup", Time since last: 3000838630 ns, Reaching safepoint: 174356 ns, At safepoint: 7744 ns, Total: 182100 ns
[2022-09-06T13:14:33.063+0000][68][safepoint   ] Safepoint "Cleanup", Time since last: 1000363012 ns, Reaching safepoint: 345001 ns, At safepoint: 16497 ns, Total: 361498 ns
[2022-09-06T13:14:35.063+0000][68][safepoint   ] Safepoint "Cleanup", Time since last: 2000501275 ns, Reaching safepoint: 148022 ns, At safepoint: 7468 ns, Total: 155490 ns
[2022-09-06T13:14:36.114+0000][68][safepoint   ] Safepoint "Cleanup", Time since last: 1050645435 ns, Reaching safepoint: 222620 ns, At safepoint: 11501 ns, Total: 234121 ns
[2022-09-06T13:14:38.115+0000][68][safepoint   ] Safepoint "Cleanup", Time since last: 2000676196 ns, Reaching safepoint: 294514 ns, At safepoint: 11214 ns, Total: 305728 ns
[2022-09-06T13:14:39.116+0000][68][safepoint   ] Safepoint "Cleanup", Time since last: 1000290185 ns, Reaching safepoint: 221907 ns, At safepoint: 6478 ns, Total: 228385 ns
[2022-09-06T13:14:41.117+0000][68][safepoint   ] Safepoint "Cleanup", Time since last: 2000776508 ns, Reaching safepoint: 296052 ns, At safepoint: 8790 ns, Total: 304842 ns
[2022-09-06T13:14:42.117+0000][68][safepoint   ] Safepoint "Cleanup", Time since last: 1000280053 ns, Reaching safepoint: 293519 ns, At safepoint: 8587 ns, Total: 302106 ns
[2022-09-06T13:14:44.118+0000][68][safepoint   ] Safepoint "Cleanup", Time since last: 2000632411 ns, Reaching safepoint: 196401 ns, At safepoint: 5491 ns, Total: 201892 ns
[2022-09-06T13:14:45.119+0000][68][safepoint   ] Safepoint "Cleanup", Time since last: 1000461793 ns, Reaching safepoint: 173640 ns, At safepoint: 4900 ns, Total: 178540 ns
[2022-09-06T13:14:47.120+0000][68][safepoint   ] Safepoint "Cleanup", Time since last: 2000671315 ns, Reaching safepoint: 373104 ns, At safepoint: 33974 ns, Total: 407078 ns
[2022-09-06T13:14:49.121+0000][68][safepoint   ] Safepoint "Cleanup", Time since last: 2000540254 ns, Reaching safepoint: 248195 ns, At safepoint: 7426 ns, Total: 255621 ns
[2022-09-06T13:14:50.121+0000][68][safepoint   ] Safepoint "Cleanup", Time since last: 1000413598 ns, Reaching safepoint: 297432 ns, At safepoint: 15385 ns, Total: 312817 ns
[2022-09-06T13:14:51.122+0000][68][safepoint   ] Safepoint "Cleanup", Time since last: 1000479483 ns, Reaching safepoint: 190562 ns, At safepoint: 5385 ns, Total: 195947 ns
[2022-09-06T13:14:53.123+0000][68][safepoint   ] Safepoint "Cleanup", Time since last: 2000452656 ns, Reaching safepoint: 197555 ns, At safepoint: 24331 ns, Total: 221886 ns
[2022-09-06T13:14:56.124+0000][68][safepoint   ] Safepoint "Cleanup", Time since last: 3000875641 ns, Reaching safepoint: 615266 ns, At safepoint: 32430 ns, Total: 647696 ns
[2022-09-06T13:14:57.125+0000][68][safepoint   ] Safepoint "Cleanup", Time since last: 1000401579 ns, Reaching safepoint: 258838 ns, At safepoint: 9294 ns, Total: 268132 ns
[2022-09-06T13:15:00.126+0000][68][safepoint   ] Safepoint "Cleanup", Time since last: 3000911214 ns, Reaching safepoint: 270547 ns, At safepoint: 45726 ns, Total: 316273 ns
[2022-09-06T13:15:01.127+0000][68][safepoint   ] Safepoint "Cleanup", Time since last: 1000213493 ns, Reaching safepoint: 147300 ns, At safepoint: 5448 ns, Total: 152748 ns
[2022-09-06T13:15:02.127+0000][68][safepoint   ] Safepoint "Cleanup", Time since last: 1000246196 ns, Reaching safepoint: 144339 ns, At safepoint: 5414 ns, Total: 149753 ns
[2022-09-06T13:15:05.128+0000][68][safepoint   ] Safepoint "Cleanup", Time since last: 3000838928 ns, Reaching safepoint: 360484 ns, At safepoint: 12542 ns, Total: 373026 ns
[2022-09-06T13:15:07.129+0000][68][safepoint   ] Safepoint "Cleanup", Time since last: 2000439451 ns, Reaching safepoint: 207537 ns, At safepoint: 8285 ns, Total: 215822 ns
[2022-09-06T13:15:08.129+0000][68][safepoint   ] Safepoint "Cleanup", Time since last: 1000305821 ns, Reaching safepoint: 170460 ns, At safepoint: 5278 ns, Total: 175738 ns
[2022-09-06T13:15:09.130+0000][68][safepoint   ] Safepoint "Cleanup", Time since last: 1000222469 ns, Reaching safepoint: 155832 ns, At safepoint: 6585 ns, Total: 162417 ns
[2022-09-06T13:15:11.131+0000][68][safepoint   ] Safepoint "Cleanup", Time since last: 2000590595 ns, Reaching safepoint: 143487 ns, At safepoint: 19249 ns, Total: 162736 ns
[2022-09-06T13:15:14.131+0000][68][safepoint   ] Safepoint "Cleanup", Time since last: 3000512360 ns, Reaching safepoint: 138352 ns, At safepoint: 3469 ns, Total: 141821 ns
[2022-09-06T13:15:15.132+0000][68][safepoint   ] Safepoint "Cleanup", Time since last: 1000142413 ns, Reaching safepoint: 132061 ns, At safepoint: 3729 ns, Total: 135790 ns
[2022-09-06T13:15:19.133+0000][68][safepoint   ] Safepoint "Cleanup", Time since last: 4001321192 ns, Reaching safepoint: 200900 ns, At safepoint: 7034 ns, Total: 207934 ns
[2022-09-06T13:15:20.133+0000][68][safepoint   ] Safepoint "Cleanup", Time since last: 1000172672 ns, Reaching safepoint: 165153 ns, At safepoint: 15696 ns, Total: 180849 ns
[2022-09-06T13:15:21.134+0000][68][safepoint   ] Safepoint "Cleanup", Time since last: 1000262380 ns, Reaching safepoint: 144449 ns, At safepoint: 6076 ns, Total: 150525 ns
[2022-09-06T13:15:23.134+0000][68][safepoint   ] Safepoint "Cleanup", Time since last: 2000292261 ns, Reaching safepoint: 174452 ns, At safepoint: 20058 ns, Total: 194510 ns
[2022-09-06T13:15:24.135+0000][68][safepoint   ] Safepoint "Cleanup", Time since last: 1000147526 ns, Reaching safepoint: 140964 ns, At safepoint: 4374 ns, Total: 145338 ns
[2022-09-06T13:15:26.135+0000][68][safepoint   ] Safepoint "Cleanup", Time since last: 2000626924 ns, Reaching safepoint: 143327 ns, At safepoint: 7288 ns, Total: 150615 ns
[2022-09-06T13:15:27.136+0000][68][safepoint   ] Safepoint "Cleanup", Time since last: 1000384680 ns, Reaching safepoint: 167888 ns, At safepoint: 4755 ns, Total: 172643 ns
[2022-09-06T13:15:29.137+0000][68][safepoint   ] Safepoint "Cleanup", Time since last: 2000609064 ns, Reaching safepoint: 392868 ns, At safepoint: 31459 ns, Total: 424327 ns
[2022-09-06T13:15:32.137+0000][68][safepoint   ] Safepoint "Cleanup", Time since last: 3000654253 ns, Reaching safepoint: 217680 ns, At safepoint: 7460 ns, Total: 225140 ns
[2022-09-06T13:15:35.139+0000][68][safepoint   ] Safepoint "Cleanup", Time since last: 3001117028 ns, Reaching safepoint: 136093 ns, At safepoint: 9731 ns, Total: 145824 ns
[2022-09-06T13:15:36.139+0000][68][safepoint   ] Safepoint "Cleanup", Time since last: 1000351352 ns, Reaching safepoint: 336752 ns, At safepoint: 16839 ns, Total: 353591 ns
[2022-09-06T13:15:38.140+0000][68][safepoint   ] Safepoint "Cleanup", Time since last: 2000431872 ns, Reaching safepoint: 168488 ns, At safepoint: 7600 ns, Total: 176088 ns
[2022-09-06T13:15:39.141+0000][68][safepoint   ] Safepoint "Cleanup", Time since last: 1000355574 ns, Reaching safepoint: 357417 ns, At safepoint: 14180 ns, Total: 371597 ns
[2022-09-06T13:15:41.142+0000][68][safepoint   ] Safepoint "Cleanup", Time since last: 2000719999 ns, Reaching safepoint: 448320 ns, At safepoint: 26186 ns, Total: 474506 ns
[2022-09-06T13:15:42.143+0000][68][safepoint   ] Safepoint "Cleanup", Time since last: 1000477582 ns, Reaching safepoint: 321394 ns, At safepoint: 10964 ns, Total: 332358 ns
[2022-09-06T13:15:44.144+0000][68][safepoint   ] Safepoint "Cleanup", Time since last: 2000737763 ns, Reaching safepoint: 170948 ns, At safepoint: 8064 ns, Total: 179012 ns
[2022-09-06T13:15:45.144+0000][68][safepoint   ] Safepoint "Cleanup", Time since last: 1000268704 ns, Reaching safepoint: 187344 ns, At safepoint: 7292 ns, Total: 194636 ns
[2022-09-06T13:15:47.145+0000][68][safepoint   ] Safepoint "Cleanup", Time since last: 2000526406 ns, Reaching safepoint: 213532 ns, At safepoint: 4554 ns, Total: 218086 ns
[2022-09-06T13:15:50.146+0000][68][safepoint   ] Safepoint "Cleanup", Time since last: 3001016751 ns, Reaching safepoint: 382479 ns, At safepoint: 11613 ns, Total: 394092 ns
[2022-09-06T13:15:53.148+0000][68][safepoint   ] Safepoint "Cleanup", Time since last: 3001021150 ns, Reaching safepoint: 203885 ns, At safepoint: 5995 ns, Total: 209880 ns
[2022-09-06T13:15:56.149+0000][68][safepoint   ] Safepoint "Cleanup", Time since last: 3000709236 ns, Reaching safepoint: 336686 ns, At safepoint: 42785 ns, Total: 379471 ns
[2022-09-06T13:15:57.149+0000][68][safepoint   ] Safepoint "Cleanup", Time since last: 1000424793 ns, Reaching safepoint: 334058 ns, At safepoint: 10596 ns, Total: 344654 ns
[2022-09-06T13:15:59.032+0000][68][gc,start    ] GC(14) Pause Young (Normal) (G1 Evacuation Pause)
[2022-09-06T13:15:59.032+0000][68][gc,task     ] GC(14) Using 8 workers of 8 for evacuation
[2022-09-06T13:15:59.032+0000][68][gc,age      ] GC(14) Desired survivor size 41943040 bytes, new threshold 15 (max threshold 15)
[2022-09-06T13:15:59.044+0000][68][gc,phases   ] GC(14)   Pre Evacuate Collection Set: 0.1ms
[2022-09-06T13:15:59.044+0000][68][gc,phases   ] GC(14)   Merge Heap Roots: 0.1ms
[2022-09-06T13:15:59.044+0000][68][gc,phases   ] GC(14)   Evacuate Collection Set: 9.7ms
[2022-09-06T13:15:59.044+0000][68][gc,phases   ] GC(14)   Post Evacuate Collection Set: 2.5ms
[2022-09-06T13:15:59.044+0000][68][gc,phases   ] GC(14)   Other: 0.2ms
[2022-09-06T13:15:59.044+0000][68][gc,age      ] GC(14) Age table with threshold 15 (max threshold 15)
[2022-09-06T13:15:59.044+0000][68][gc,age      ] GC(14) - age   1:    1408056 bytes,    1408056 total
[2022-09-06T13:15:59.044+0000][68][gc,age      ] GC(14) - age   2:     231808 bytes,    1639864 total
[2022-09-06T13:15:59.044+0000][68][gc,age      ] GC(14) - age   3:    2693080 bytes,    4332944 total
[2022-09-06T13:15:59.044+0000][68][gc,age      ] GC(14) - age   4:   21687232 bytes,   26020176 total
[2022-09-06T13:15:59.044+0000][68][gc,heap     ] GC(14) Eden regions: 145->0(145)
[2022-09-06T13:15:59.044+0000][68][gc,heap     ] GC(14) Survivor regions: 8->8(20)
[2022-09-06T13:15:59.044+0000][68][gc,heap     ] GC(14) Old regions: 18->18
[2022-09-06T13:15:59.044+0000][68][gc,heap     ] GC(14) Archive regions: 2->2
[2022-09-06T13:15:59.044+0000][68][gc,heap     ] GC(14) Humongous regions: 2->2
[2022-09-06T13:15:59.044+0000][68][gc,metaspace] GC(14) Metaspace: 128340K(131840K)->128340K(131840K) NonClass: 111412K(113216K)->111412K(113216K) Class: 16928K(18624K)->16928K(18624K)
[2022-09-06T13:15:59.044+0000][68][gc          ] GC(14) Pause Young (Normal) (G1 Evacuation Pause) 691M->110M(1024M) 12.930ms
[2022-09-06T13:15:59.045+0000][68][gc,cpu      ] GC(14) User=0.08s Sys=0.00s Real=0.01s
[2022-09-06T13:15:59.045+0000][68][safepoint   ] Safepoint "G1CollectForAllocation", Time since last: 1881550043 ns, Reaching safepoint: 139137 ns, At safepoint: 13073369 ns, Total: 13212506 ns
[2022-09-06T13:16:00.045+0000][68][safepoint   ] Safepoint "Cleanup", Time since last: 1000176800 ns, Reaching safepoint: 167826 ns, At safepoint: 6133 ns, Total: 173959 ns
[2022-09-06T13:16:02.046+0000][68][safepoint   ] Safepoint "Cleanup", Time since last: 2000362272 ns, Reaching safepoint: 191186 ns, At safepoint: 4632 ns, Total: 195818 ns
[2022-09-06T13:16:05.046+0000][68][safepoint   ] Safepoint "Cleanup", Time since last: 3000726275 ns, Reaching safepoint: 151382 ns, At safepoint: 4374 ns, Total: 155756 ns
[2022-09-06T13:16:06.047+0000][68][safepoint   ] Safepoint "Cleanup", Time since last: 1000447508 ns, Reaching safepoint: 432018 ns, At safepoint: 64824 ns, Total: 496842 ns
[2022-09-06T13:16:07.048+0000][68][safepoint   ] Safepoint "Cleanup", Time since last: 1000534236 ns, Reaching safepoint: 392877 ns, At safepoint: 51488 ns, Total: 444365 ns
[2022-09-06T13:16:08.049+0000][68][safepoint   ] Safepoint "Cleanup", Time since last: 1000471467 ns, Reaching safepoint: 175020 ns, At safepoint: 14967 ns, Total: 189987 ns
[2022-09-06T13:16:09.049+0000][68][safepoint   ] Safepoint "Cleanup", Time since last: 1000196498 ns, Reaching safepoint: 150037 ns, At safepoint: 14757 ns, Total: 164794 ns
[2022-09-06T13:16:11.050+0000][68][safepoint   ] Safepoint "Cleanup", Time since last: 2000361969 ns, Reaching safepoint: 253460 ns, At safepoint: 6543 ns, Total: 260003 ns
[2022-09-06T13:16:14.051+0000][68][safepoint   ] Safepoint "Cleanup", Time since last: 3000721130 ns, Reaching safepoint: 604811 ns, At safepoint: 31391 ns, Total: 636202 ns
[2022-09-06T13:16:15.053+0000][68][safepoint   ] Safepoint "Cleanup", Time since last: 1000903885 ns, Reaching safepoint: 446639 ns, At safepoint: 36554 ns, Total: 483193 ns
[2022-09-06T13:16:17.054+0000][68][safepoint   ] Safepoint "Cleanup", Time since last: 2000558982 ns, Reaching safepoint: 283292 ns, At safepoint: 26115 ns, Total: 309407 ns
[2022-09-06T13:16:19.054+0000][68][safepoint   ] Safepoint "Cleanup", Time since last: 2000286348 ns, Reaching safepoint: 312796 ns, At safepoint: 21082 ns, Total: 333878 ns
[2022-09-06T13:16:20.055+0000][68][safepoint   ] Safepoint "Cleanup", Time since last: 1000330897 ns, Reaching safepoint: 157956 ns, At safepoint: 27718 ns, Total: 185674 ns
[2022-09-06T13:16:21.055+0000][68][safepoint   ] Safepoint "Cleanup", Time since last: 1000262637 ns, Reaching safepoint: 343701 ns, At safepoint: 45646 ns, Total: 389347 ns
[2022-09-06T13:16:22.056+0000][68][safepoint   ] Safepoint "Cleanup", Time since last: 1000436881 ns, Reaching safepoint: 377411 ns, At safepoint: 43611 ns, Total: 421022 ns
[2022-09-06T13:16:23.057+0000][68][safepoint   ] Safepoint "Cleanup", Time since last: 1000469856 ns, Reaching safepoint: 162367 ns, At safepoint: 17363 ns, Total: 179730 ns
[2022-09-06T13:16:24.058+0000][68][safepoint   ] Safepoint "Cleanup", Time since last: 1000391240 ns, Reaching safepoint: 506867 ns, At safepoint: 77036 ns, Total: 583903 ns
[2022-09-06T13:16:25.059+0000][68][safepoint   ] Safepoint "Cleanup", Time since last: 1000396473 ns, Reaching safepoint: 372158 ns, At safepoint: 46761 ns, Total: 418919 ns
[2022-09-06T13:16:26.059+0000][68][safepoint   ] Safepoint "Cleanup", Time since last: 1000244795 ns, Reaching safepoint: 149368 ns, At safepoint: 16006 ns, Total: 165374 ns
[2022-09-06T13:16:27.060+0000][68][safepoint   ] Safepoint "Cleanup", Time since last: 1000452599 ns, Reaching safepoint: 216923 ns, At safepoint: 8719 ns, Total: 225642 ns
[2022-09-06T13:16:29.060+0000][68][safepoint   ] Safepoint "Cleanup", Time since last: 2000541787 ns, Reaching safepoint: 151099 ns, At safepoint: 4380 ns, Total: 155479 ns
[2022-09-06T13:16:30.061+0000][68][safepoint   ] Safepoint "Cleanup", Time since last: 1000334164 ns, Reaching safepoint: 171468 ns, At safepoint: 17127 ns, Total: 188595 ns
[2022-09-06T13:16:31.061+0000][68][safepoint   ] Safepoint "Cleanup", Time since last: 1000455381 ns, Reaching safepoint: 154196 ns, At safepoint: 4964 ns, Total: 159160 ns
[2022-09-06T13:16:32.062+0000][68][safepoint   ] Safepoint "Cleanup", Time since last: 1000226982 ns, Reaching safepoint: 170746 ns, At safepoint: 16264 ns, Total: 187010 ns
[2022-09-06T13:16:33.063+0000][68][safepoint   ] Safepoint "Cleanup", Time since last: 1000530246 ns, Reaching safepoint: 156859 ns, At safepoint: 4670 ns, Total: 161529 ns
[2022-09-06T13:16:38.064+0000][68][safepoint   ] Safepoint "Cleanup", Time since last: 5000987618 ns, Reaching safepoint: 155319 ns, At safepoint: 6197 ns, Total: 161516 ns
[2022-09-06T13:16:39.064+0000][68][safepoint   ] Safepoint "Cleanup", Time since last: 1000456703 ns, Reaching safepoint: 234634 ns, At safepoint: 46135 ns, Total: 280769 ns
[2022-09-06T13:16:41.065+0000][68][safepoint   ] Safepoint "Cleanup", Time since last: 2000505825 ns, Reaching safepoint: 213489 ns, At safepoint: 27318 ns, Total: 240807 ns
[2022-09-06T13:16:44.067+0000][68][safepoint   ] Safepoint "Cleanup", Time since last: 3000881693 ns, Reaching safepoint: 585290 ns, At safepoint: 34620 ns, Total: 619910 ns
[2022-09-06T13:16:45.067+0000][68][safepoint   ] Safepoint "Cleanup", Time since last: 1000424126 ns, Reaching safepoint: 227910 ns, At safepoint: 29253 ns, Total: 257163 ns
[2022-09-06T13:16:47.068+0000][68][safepoint   ] Safepoint "Cleanup", Time since last: 2000478905 ns, Reaching safepoint: 211240 ns, At safepoint: 21019 ns, Total: 232259 ns
[2022-09-06T13:16:48.068+0000][68][safepoint   ] Safepoint "Cleanup", Time since last: 1000182907 ns, Reaching safepoint: 171108 ns, At safepoint: 4733 ns, Total: 175841 ns
[2022-09-06T13:16:50.069+0000][68][safepoint   ] Safepoint "Cleanup", Time since last: 2000546563 ns, Reaching safepoint: 144646 ns, At safepoint: 4346 ns, Total: 148992 ns
[2022-09-06T13:16:56.071+0000][68][safepoint   ] Safepoint "Cleanup", Time since last: 6001675156 ns, Reaching safepoint: 162870 ns, At safepoint: 6887 ns, Total: 169757 ns
[2022-09-06T13:17:00.072+0000][68][safepoint   ] Safepoint "Cleanup", Time since last: 4000681341 ns, Reaching safepoint: 155103 ns, At safepoint: 5458 ns, Total: 160561 ns
[2022-09-06T13:17:01.072+0000][68][safepoint   ] Safepoint "Cleanup", Time since last: 1000304116 ns, Reaching safepoint: 181236 ns, At safepoint: 4476 ns, Total: 185712 ns
[2022-09-06T13:17:02.073+0000][68][safepoint   ] Safepoint "Cleanup", Time since last: 1000282487 ns, Reaching safepoint: 188184 ns, At safepoint: 7317 ns, Total: 195501 ns
[2022-09-06T13:17:05.074+0000][68][safepoint   ] Safepoint "Cleanup", Time since last: 3000593991 ns, Reaching safepoint: 168262 ns, At safepoint: 4086 ns, Total: 172348 ns
[2022-09-06T13:17:06.074+0000][68][safepoint   ] Safepoint "Cleanup", Time since last: 1000149773 ns, Reaching safepoint: 149911 ns, At safepoint: 3829 ns, Total: 153740 ns
[2022-09-06T13:17:07.074+0000][68][safepoint   ] Safepoint "Cleanup", Time since last: 1000377891 ns, Reaching safepoint: 173729 ns, At safepoint: 4828 ns, Total: 178557 ns
[2022-09-06T13:17:09.052+0000][68][safepoint   ] Safepoint "Cleanup", Time since last: 1977306294 ns, Reaching safepoint: 198742 ns, At safepoint: 7526 ns, Total: 206268 ns
[2022-09-06T13:17:11.053+0000][68][safepoint   ] Safepoint "Cleanup", Time since last: 2000512284 ns, Reaching safepoint: 355780 ns, At safepoint: 12417 ns, Total: 368197 ns
[2022-09-06T13:17:12.053+0000][68][safepoint   ] Safepoint "Cleanup", Time since last: 1000191747 ns, Reaching safepoint: 151787 ns, At safepoint: 4121 ns, Total: 155908 ns
[2022-09-06T13:17:14.054+0000][68][safepoint   ] Safepoint "Cleanup", Time since last: 2000560334 ns, Reaching safepoint: 188061 ns, At safepoint: 42324 ns, Total: 230385 ns
[2022-09-06T13:17:15.054+0000][68][safepoint   ] Safepoint "Cleanup", Time since last: 1000194198 ns, Reaching safepoint: 269868 ns, At safepoint: 17026 ns, Total: 286894 ns
[2022-09-06T13:17:19.055+0000][68][safepoint   ] Safepoint "Cleanup", Time since last: 4000838190 ns, Reaching safepoint: 171769 ns, At safepoint: 4737 ns, Total: 176506 ns
[2022-09-06T13:17:24.057+0000][68][safepoint   ] Safepoint "Cleanup", Time since last: 5001394200 ns, Reaching safepoint: 191606 ns, At safepoint: 6646 ns, Total: 198252 ns
[2022-09-06T13:17:26.058+0000][68][safepoint   ] Safepoint "Cleanup", Time since last: 2000533987 ns, Reaching safepoint: 209549 ns, At safepoint: 12463 ns, Total: 222012 ns
[2022-09-06T13:17:27.116+0000][68][safepoint   ] Safepoint "Cleanup", Time since last: 1057579656 ns, Reaching safepoint: 181101 ns, At safepoint: 7894 ns, Total: 188995 ns
[2022-09-06T13:17:32.117+0000][68][safepoint   ] Safepoint "Cleanup", Time since last: 5001086560 ns, Reaching safepoint: 162693 ns, At safepoint: 5323 ns, Total: 168016 ns
[2022-09-06T13:17:33.118+0000][68][safepoint   ] Safepoint "Cleanup", Time since last: 1000385793 ns, Reaching safepoint: 298408 ns, At safepoint: 5230 ns, Total: 303638 ns
[2022-09-06T13:17:34.118+0000][68][safepoint   ] Safepoint "Cleanup", Time since last: 1000271479 ns, Reaching safepoint: 159540 ns, At safepoint: 5289 ns, Total: 164829 ns
[2022-09-06T13:17:37.119+0000][68][safepoint   ] Safepoint "Cleanup", Time since last: 3000557348 ns, Reaching safepoint: 146953 ns, At safepoint: 4498 ns, Total: 151451 ns
[2022-09-06T13:17:39.120+0000][68][safepoint   ] Safepoint "Cleanup", Time since last: 2000398981 ns, Reaching safepoint: 183526 ns, At safepoint: 4871 ns, Total: 188397 ns
[2022-09-06T13:17:41.120+0000][68][safepoint   ] Safepoint "Cleanup", Time since last: 2000341505 ns, Reaching safepoint: 156636 ns, At safepoint: 4984 ns, Total: 161620 ns
[2022-09-06T13:17:42.121+0000][68][safepoint   ] Safepoint "Cleanup", Time since last: 1000233640 ns, Reaching safepoint: 147993 ns, At safepoint: 4676 ns, Total: 152669 ns
[2022-09-06T13:17:44.121+0000][68][safepoint   ] Safepoint "Cleanup", Time since last: 2000496323 ns, Reaching safepoint: 216598 ns, At safepoint: 20744 ns, Total: 237342 ns
[2022-09-06T13:17:45.122+0000][68][safepoint   ] Safepoint "Cleanup", Time since last: 1000291818 ns, Reaching safepoint: 268068 ns, At safepoint: 3458 ns, Total: 271526 ns
[2022-09-06T13:17:47.123+0000][68][safepoint   ] Safepoint "Cleanup", Time since last: 2000613579 ns, Reaching safepoint: 179425 ns, At safepoint: 3020 ns, Total: 182445 ns
[2022-09-06T13:17:50.124+0000][68][safepoint   ] Safepoint "Cleanup", Time since last: 3000865374 ns, Reaching safepoint: 162243 ns, At safepoint: 4687 ns, Total: 166930 ns
[2022-09-06T13:17:52.125+0000][68][safepoint   ] Safepoint "Cleanup", Time since last: 2000504353 ns, Reaching safepoint: 402949 ns, At safepoint: 32052 ns, Total: 435001 ns
[2022-09-06T13:17:56.126+0000][68][safepoint   ] Safepoint "Cleanup", Time since last: 4001078853 ns, Reaching safepoint: 141295 ns, At safepoint: 4117 ns, Total: 145412 ns
[2022-09-06T13:17:59.597+0000][68][gc,start    ] GC(15) Pause Young (Normal) (G1 Evacuation Pause)
[2022-09-06T13:17:59.597+0000][68][gc,task     ] GC(15) Using 8 workers of 8 for evacuation
[2022-09-06T13:17:59.597+0000][68][gc,age      ] GC(15) Desired survivor size 41943040 bytes, new threshold 15 (max threshold 15)
[2022-09-06T13:17:59.608+0000][68][gc,phases   ] GC(15)   Pre Evacuate Collection Set: 0.1ms
[2022-09-06T13:17:59.608+0000][68][gc,phases   ] GC(15)   Merge Heap Roots: 0.1ms
[2022-09-06T13:17:59.608+0000][68][gc,phases   ] GC(15)   Evacuate Collection Set: 8.4ms
[2022-09-06T13:17:59.608+0000][68][gc,phases   ] GC(15)   Post Evacuate Collection Set: 2.4ms
[2022-09-06T13:17:59.608+0000][68][gc,phases   ] GC(15)   Other: 0.1ms
[2022-09-06T13:17:59.608+0000][68][gc,age      ] GC(15) Age table with threshold 15 (max threshold 15)
[2022-09-06T13:17:59.608+0000][68][gc,age      ] GC(15) - age   1:    2493224 bytes,    2493224 total
[2022-09-06T13:17:59.608+0000][68][gc,age      ] GC(15) - age   2:     438712 bytes,    2931936 total
[2022-09-06T13:17:59.608+0000][68][gc,age      ] GC(15) - age   3:     228968 bytes,    3160904 total
[2022-09-06T13:17:59.608+0000][68][gc,age      ] GC(15) - age   4:    2684576 bytes,    5845480 total
[2022-09-06T13:17:59.608+0000][68][gc,age      ] GC(15) - age   5:   21686384 bytes,   27531864 total
[2022-09-06T13:17:59.608+0000][68][gc,heap     ] GC(15) Eden regions: 145->0(146)
[2022-09-06T13:17:59.608+0000][68][gc,heap     ] GC(15) Survivor regions: 8->7(20)
[2022-09-06T13:17:59.608+0000][68][gc,heap     ] GC(15) Old regions: 18->18
[2022-09-06T13:17:59.608+0000][68][gc,heap     ] GC(15) Archive regions: 2->2
[2022-09-06T13:17:59.608+0000][68][gc,heap     ] GC(15) Humongous regions: 2->2
[2022-09-06T13:17:59.608+0000][68][gc,metaspace] GC(15) Metaspace: 128987K(132544K)->128987K(132544K) NonClass: 112004K(113856K)->112004K(113856K) Class: 16983K(18688K)->16983K(18688K)
[2022-09-06T13:17:59.608+0000][68][gc          ] GC(15) Pause Young (Normal) (G1 Evacuation Pause) 690M->109M(1024M) 11.365ms
[2022-09-06T13:17:59.608+0000][68][gc,cpu      ] GC(15) User=0.06s Sys=0.00s Real=0.01s
[2022-09-06T13:17:59.608+0000][68][safepoint   ] Safepoint "G1CollectForAllocation", Time since last: 3471209338 ns, Reaching safepoint: 130287 ns, At safepoint: 11498228 ns, Total: 11628515 ns
[2022-09-06T13:18:07.610+0000][68][safepoint   ] Safepoint "Cleanup", Time since last: 8001424804 ns, Reaching safepoint: 149109 ns, At safepoint: 3942 ns, Total: 153051 ns
[2022-09-06T13:18:08.610+0000][68][safepoint   ] Safepoint "Cleanup", Time since last: 1000230704 ns, Reaching safepoint: 151698 ns, At safepoint: 4994 ns, Total: 156692 ns
[2022-09-06T13:18:09.637+0000][68][safepoint   ] Safepoint "Cleanup", Time since last: 1026341250 ns, Reaching safepoint: 336156 ns, At safepoint: 39290 ns, Total: 375446 ns
[2022-09-06T13:18:11.638+0000][68][safepoint   ] Safepoint "Cleanup", Time since last: 2000944121 ns, Reaching safepoint: 548943 ns, At safepoint: 35712 ns, Total: 584655 ns
[2022-09-06T13:18:14.640+0000][68][safepoint   ] Safepoint "Cleanup", Time since last: 3001027387 ns, Reaching safepoint: 210477 ns, At safepoint: 7043 ns, Total: 217520 ns
[2022-09-06T13:18:19.641+0000][68][safepoint   ] Safepoint "Cleanup", Time since last: 5001218925 ns, Reaching safepoint: 145274 ns, At safepoint: 4126 ns, Total: 149400 ns
[2022-09-06T13:18:20.642+0000][68][safepoint   ] Safepoint "Cleanup", Time since last: 1000258552 ns, Reaching safepoint: 151206 ns, At safepoint: 5220 ns, Total: 156426 ns
[2022-09-06T13:18:21.642+0000][68][safepoint   ] Safepoint "Cleanup", Time since last: 1000236772 ns, Reaching safepoint: 376173 ns, At safepoint: 10411 ns, Total: 386584 ns
[2022-09-06T13:18:22.643+0000][68][safepoint   ] Safepoint "Cleanup", Time since last: 1000427864 ns, Reaching safepoint: 505006 ns, At safepoint: 43324 ns, Total: 548330 ns
[2022-09-06T13:18:23.644+0000][68][safepoint   ] Safepoint "Cleanup", Time since last: 1000422394 ns, Reaching safepoint: 366691 ns, At safepoint: 12765 ns, Total: 379456 ns
[2022-09-06T13:18:24.644+0000][68][safepoint   ] Safepoint "Cleanup", Time since last: 1000242126 ns, Reaching safepoint: 139542 ns, At safepoint: 4184 ns, Total: 143726 ns
[2022-09-06T13:18:26.645+0000][68][safepoint   ] Safepoint "Cleanup", Time since last: 2000551725 ns, Reaching safepoint: 342345 ns, At safepoint: 9887 ns, Total: 352232 ns
[2022-09-06T13:18:27.646+0000][68][safepoint   ] Safepoint "Cleanup", Time since last: 1000450849 ns, Reaching safepoint: 382336 ns, At safepoint: 10552 ns, Total: 392888 ns
[2022-09-06T13:18:35.648+0000][68][safepoint   ] Safepoint "Cleanup", Time since last: 8002135362 ns, Reaching safepoint: 151047 ns, At safepoint: 3658 ns, Total: 154705 ns
[2022-09-06T13:18:38.650+0000][68][safepoint   ] Safepoint "Cleanup", Time since last: 3000732710 ns, Reaching safepoint: 461249 ns, At safepoint: 10808 ns, Total: 472057 ns
[2022-09-06T13:18:39.650+0000][68][safepoint   ] Safepoint "Cleanup", Time since last: 1000433818 ns, Reaching safepoint: 178052 ns, At safepoint: 4574 ns, Total: 182626 ns
[2022-09-06T13:18:41.651+0000][68][safepoint   ] Safepoint "Cleanup", Time since last: 2000702570 ns, Reaching safepoint: 373750 ns, At safepoint: 11353 ns, Total: 385103 ns
[2022-09-06T13:18:44.653+0000][68][safepoint   ] Safepoint "Cleanup", Time since last: 3000846744 ns, Reaching safepoint: 534622 ns, At safepoint: 26003 ns, Total: 560625 ns
[2022-09-06T13:18:45.654+0000][68][safepoint   ] Safepoint "Cleanup", Time since last: 1000611760 ns, Reaching safepoint: 387687 ns, At safepoint: 10597 ns, Total: 398284 ns
[2022-09-06T13:18:47.655+0000][68][safepoint   ] Safepoint "Cleanup", Time since last: 2000741858 ns, Reaching safepoint: 373867 ns, At safepoint: 11109 ns, Total: 384976 ns
[2022-09-06T13:18:50.656+0000][68][safepoint   ] Safepoint "Cleanup", Time since last: 3000992789 ns, Reaching safepoint: 563597 ns, At safepoint: 39162 ns, Total: 602759 ns
[2022-09-06T13:18:51.657+0000][68][safepoint   ] Safepoint "Cleanup", Time since last: 1000389646 ns, Reaching safepoint: 153342 ns, At safepoint: 6050 ns, Total: 159392 ns
[2022-09-06T13:18:56.658+0000][68][safepoint   ] Safepoint "Cleanup", Time since last: 5001109959 ns, Reaching safepoint: 192648 ns, At safepoint: 8419 ns, Total: 201067 ns
[2022-09-06T13:19:02.661+0000][68][safepoint   ] Safepoint "Cleanup", Time since last: 6001503793 ns, Reaching safepoint: 319221 ns, At safepoint: 9783 ns, Total: 329004 ns
[2022-09-06T13:19:11.663+0000][68][safepoint   ] Safepoint "Cleanup", Time since last: 9002022093 ns, Reaching safepoint: 185423 ns, At safepoint: 7366 ns, Total: 192789 ns
[2022-09-06T13:19:12.663+0000][68][safepoint   ] Safepoint "Cleanup", Time since last: 1000338471 ns, Reaching safepoint: 146039 ns, At safepoint: 7747 ns, Total: 153786 ns
[2022-09-06T13:19:14.665+0000][68][safepoint   ] Safepoint "Cleanup", Time since last: 2000666977 ns, Reaching safepoint: 598829 ns, At safepoint: 60998 ns, Total: 659827 ns
[2022-09-06T13:19:19.666+0000][68][safepoint   ] Safepoint "Cleanup", Time since last: 5001061637 ns, Reaching safepoint: 366500 ns, At safepoint: 10427 ns, Total: 376927 ns
[2022-09-06T13:19:22.667+0000][68][safepoint   ] Safepoint "Cleanup", Time since last: 3000649616 ns, Reaching safepoint: 208208 ns, At safepoint: 6788 ns, Total: 214996 ns
[2022-09-06T13:19:23.667+0000][68][safepoint   ] Safepoint "Cleanup", Time since last: 1000213573 ns, Reaching safepoint: 168349 ns, At safepoint: 4871 ns, Total: 173220 ns
[2022-09-06T13:19:24.668+0000][68][safepoint   ] Safepoint "Cleanup", Time since last: 1000226145 ns, Reaching safepoint: 207909 ns, At safepoint: 5203 ns, Total: 213112 ns
[2022-09-06T13:19:26.669+0000][68][safepoint   ] Safepoint "Cleanup", Time since last: 2000879236 ns, Reaching safepoint: 278236 ns, At safepoint: 15527 ns, Total: 293763 ns
[2022-09-06T13:19:29.669+0000][68][safepoint   ] Safepoint "Cleanup", Time since last: 3000803082 ns, Reaching safepoint: 305893 ns, At safepoint: 8730 ns, Total: 314623 ns
[2022-09-06T13:19:35.671+0000][68][safepoint   ] Safepoint "Cleanup", Time since last: 6001523270 ns, Reaching safepoint: 263643 ns, At safepoint: 10801 ns, Total: 274444 ns
[2022-09-06T13:19:38.672+0000][68][safepoint   ] Safepoint "Cleanup", Time since last: 3000819676 ns, Reaching safepoint: 378180 ns, At safepoint: 10217 ns, Total: 388397 ns
[2022-09-06T13:19:40.674+0000][68][safepoint   ] Safepoint "Cleanup", Time since last: 2000787115 ns, Reaching safepoint: 346095 ns, At safepoint: 8842 ns, Total: 354937 ns
[2022-09-06T13:19:41.675+0000][68][safepoint   ] Safepoint "Cleanup", Time since last: 1000545686 ns, Reaching safepoint: 358633 ns, At safepoint: 11828 ns, Total: 370461 ns
[2022-09-06T13:19:44.676+0000][68][safepoint   ] Safepoint "Cleanup", Time since last: 3000963092 ns, Reaching safepoint: 364433 ns, At safepoint: 11479 ns, Total: 375912 ns
[2022-09-06T13:19:45.677+0000][68][safepoint   ] Safepoint "Cleanup", Time since last: 1000515457 ns, Reaching safepoint: 386531 ns, At safepoint: 12517 ns, Total: 399048 ns
[2022-09-06T13:19:47.678+0000][68][safepoint   ] Safepoint "Cleanup", Time since last: 2000626640 ns, Reaching safepoint: 152161 ns, At safepoint: 5107 ns, Total: 157268 ns
[2022-09-06T13:19:48.678+0000][68][safepoint   ] Safepoint "Cleanup", Time since last: 1000421136 ns, Reaching safepoint: 389611 ns, At safepoint: 12168 ns, Total: 401779 ns
[2022-09-06T13:19:51.680+0000][68][safepoint   ] Safepoint "Cleanup", Time since last: 3001121303 ns, Reaching safepoint: 409199 ns, At safepoint: 11801 ns, Total: 421000 ns
[2022-09-06T13:19:53.681+0000][68][safepoint   ] Safepoint "Cleanup", Time since last: 2000689910 ns, Reaching safepoint: 447058 ns, At safepoint: 10953 ns, Total: 458011 ns
[2022-09-06T13:19:57.683+0000][68][safepoint   ] Safepoint "Cleanup", Time since last: 4001385430 ns, Reaching safepoint: 207770 ns, At safepoint: 8791 ns, Total: 216561 ns
[2022-09-06T13:19:59.684+0000][68][safepoint   ] Safepoint "Cleanup", Time since last: 2000421535 ns, Reaching safepoint: 534020 ns, At safepoint: 36848 ns, Total: 570868 ns
[2022-09-06T13:20:02.685+0000][68][safepoint   ] Safepoint "Cleanup", Time since last: 3000923568 ns, Reaching safepoint: 377584 ns, At safepoint: 9830 ns, Total: 387414 ns
[2022-09-06T13:20:08.687+0000][68][safepoint   ] Safepoint "Cleanup", Time since last: 6001938643 ns, Reaching safepoint: 364204 ns, At safepoint: 10515 ns, Total: 374719 ns
[2022-09-06T13:20:11.689+0000][68][safepoint   ] Safepoint "Cleanup", Time since last: 3000912169 ns, Reaching safepoint: 189361 ns, At safepoint: 17926 ns, Total: 207287 ns
[2022-09-06T13:20:11.980+0000][68][gc,start    ] GC(16) Pause Young (Normal) (G1 Evacuation Pause)
[2022-09-06T13:20:11.980+0000][68][gc,task     ] GC(16) Using 8 workers of 8 for evacuation
[2022-09-06T13:20:11.980+0000][68][gc,age      ] GC(16) Desired survivor size 41943040 bytes, new threshold 15 (max threshold 15)
[2022-09-06T13:20:11.992+0000][68][gc,phases   ] GC(16)   Pre Evacuate Collection Set: 0.2ms
[2022-09-06T13:20:11.992+0000][68][gc,phases   ] GC(16)   Merge Heap Roots: 0.1ms
[2022-09-06T13:20:11.992+0000][68][gc,phases   ] GC(16)   Evacuate Collection Set: 9.8ms
[2022-09-06T13:20:11.992+0000][68][gc,phases   ] GC(16)   Post Evacuate Collection Set: 2.3ms
[2022-09-06T13:20:11.992+0000][68][gc,phases   ] GC(16)   Other: 0.2ms
[2022-09-06T13:20:11.992+0000][68][gc,age      ] GC(16) Age table with threshold 15 (max threshold 15)
[2022-09-06T13:20:11.992+0000][68][gc,age      ] GC(16) - age   1:    2034800 bytes,    2034800 total
[2022-09-06T13:20:11.992+0000][68][gc,age      ] GC(16) - age   2:     426232 bytes,    2461032 total
[2022-09-06T13:20:11.992+0000][68][gc,age      ] GC(16) - age   3:     410024 bytes,    2871056 total
[2022-09-06T13:20:11.993+0000][68][gc,age      ] GC(16) - age   4:     228544 bytes,    3099600 total
[2022-09-06T13:20:11.993+0000][68][gc,age      ] GC(16) - age   5:    2683944 bytes,    5783544 total
[2022-09-06T13:20:11.993+0000][68][gc,age      ] GC(16) - age   6:   21668280 bytes,   27451824 total
[2022-09-06T13:20:11.993+0000][68][gc,heap     ] GC(16) Eden regions: 146->0(145)
[2022-09-06T13:20:11.993+0000][68][gc,heap     ] GC(16) Survivor regions: 7->8(20)
[2022-09-06T13:20:11.993+0000][68][gc,heap     ] GC(16) Old regions: 18->18
[2022-09-06T13:20:11.993+0000][68][gc,heap     ] GC(16) Archive regions: 2->2
[2022-09-06T13:20:11.993+0000][68][gc,heap     ] GC(16) Humongous regions: 2->2
[2022-09-06T13:20:11.993+0000][68][gc,metaspace] GC(16) Metaspace: 129427K(132928K)->129427K(132928K) NonClass: 112386K(114176K)->112386K(114176K) Class: 17040K(18752K)->17040K(18752K)
[2022-09-06T13:20:11.993+0000][68][gc          ] GC(16) Pause Young (Normal) (G1 Evacuation Pause) 693M->110M(1024M) 13.120ms
[2022-09-06T13:20:11.993+0000][68][gc,cpu      ] GC(16) User=0.07s Sys=0.02s Real=0.01s
[2022-09-06T13:20:11.993+0000][68][safepoint   ] Safepoint "G1CollectForAllocation", Time since last: 291001696 ns, Reaching safepoint: 168070 ns, At safepoint: 13701449 ns, Total: 13869519 ns
[2022-09-06T13:20:13.994+0000][68][safepoint   ] Safepoint "Cleanup", Time since last: 2000480907 ns, Reaching safepoint: 163392 ns, At safepoint: 7426 ns, Total: 170818 ns
[2022-09-06T13:20:14.995+0000][68][safepoint   ] Safepoint "Cleanup", Time since last: 1000353417 ns, Reaching safepoint: 354275 ns, At safepoint: 9709 ns, Total: 363984 ns
[2022-09-06T13:20:15.995+0000][68][safepoint   ] Safepoint "Cleanup", Time since last: 1000285185 ns, Reaching safepoint: 330047 ns, At safepoint: 7336 ns, Total: 337383 ns
[2022-09-06T13:20:17.996+0000][68][safepoint   ] Safepoint "Cleanup", Time since last: 2000855511 ns, Reaching safepoint: 222898 ns, At safepoint: 3860 ns, Total: 226758 ns
[2022-09-06T13:20:18.997+0000][68][safepoint   ] Safepoint "Cleanup", Time since last: 1000221358 ns, Reaching safepoint: 157674 ns, At safepoint: 19415 ns, Total: 177089 ns
[2022-09-06T13:20:19.997+0000][68][safepoint   ] Safepoint "Cleanup", Time since last: 1000207753 ns, Reaching safepoint: 183337 ns, At safepoint: 3698 ns, Total: 187035 ns
[2022-09-06T13:20:20.998+0000][68][safepoint   ] Safepoint "Cleanup", Time since last: 1000242894 ns, Reaching safepoint: 211465 ns, At safepoint: 10287 ns, Total: 221752 ns
[2022-09-06T13:20:23.999+0000][68][safepoint   ] Safepoint "Cleanup", Time since last: 3001156567 ns, Reaching safepoint: 232222 ns, At safepoint: 11567 ns, Total: 243789 ns
[2022-09-06T13:20:25.000+0000][68][safepoint   ] Safepoint "Cleanup", Time since last: 1000283539 ns, Reaching safepoint: 145719 ns, At safepoint: 5739 ns, Total: 151458 ns
[2022-09-06T13:20:27.000+0000][68][safepoint   ] Safepoint "Cleanup", Time since last: 2000514568 ns, Reaching safepoint: 138547 ns, At safepoint: 4219 ns, Total: 142766 ns
[2022-09-06T13:20:28.001+0000][68][safepoint   ] Safepoint "Cleanup", Time since last: 1000368238 ns, Reaching safepoint: 541101 ns, At safepoint: 34570 ns, Total: 575671 ns
[2022-09-06T13:20:33.002+0000][68][safepoint   ] Safepoint "Cleanup", Time since last: 5001163472 ns, Reaching safepoint: 184733 ns, At safepoint: 9453 ns, Total: 194186 ns
[2022-09-06T13:20:34.003+0000][68][safepoint   ] Safepoint "Cleanup", Time since last: 1000304067 ns, Reaching safepoint: 184265 ns, At safepoint: 17384 ns, Total: 201649 ns
[2022-09-06T13:20:35.004+0000][68][safepoint   ] Safepoint "Cleanup", Time since last: 1000496441 ns, Reaching safepoint: 385511 ns, At safepoint: 11971 ns, Total: 397482 ns
[2022-09-06T13:20:36.004+0000][68][safepoint   ] Safepoint "Cleanup", Time since last: 1000414210 ns, Reaching safepoint: 216689 ns, At safepoint: 9673 ns, Total: 226362 ns
[2022-09-06T13:20:37.005+0000][68][safepoint   ] Safepoint "Cleanup", Time since last: 1000165697 ns, Reaching safepoint: 140770 ns, At safepoint: 4981 ns, Total: 145751 ns
[2022-09-06T13:20:38.006+0000][68][safepoint   ] Safepoint "Cleanup", Time since last: 1000315672 ns, Reaching safepoint: 579901 ns, At safepoint: 35612 ns, Total: 615513 ns
[2022-09-06T13:20:39.007+0000][68][safepoint   ] Safepoint "Cleanup", Time since last: 1000482054 ns, Reaching safepoint: 705291 ns, At safepoint: 39941 ns, Total: 745232 ns
[2022-09-06T13:20:40.008+0000][68][safepoint   ] Safepoint "Cleanup", Time since last: 1000555734 ns, Reaching safepoint: 376454 ns, At safepoint: 11656 ns, Total: 388110 ns
[2022-09-06T13:20:44.010+0000][68][safepoint   ] Safepoint "Cleanup", Time since last: 4001319259 ns, Reaching safepoint: 512317 ns, At safepoint: 46457 ns, Total: 558774 ns
[2022-09-06T13:20:45.010+0000][68][safepoint   ] Safepoint "Cleanup", Time since last: 1000275711 ns, Reaching safepoint: 359240 ns, At safepoint: 10400 ns, Total: 369640 ns
[2022-09-06T13:20:46.011+0000][68][safepoint   ] Safepoint "Cleanup", Time since last: 1000294317 ns, Reaching safepoint: 148249 ns, At safepoint: 4464 ns, Total: 152713 ns
[2022-09-06T13:20:47.011+0000][68][safepoint   ] Safepoint "Cleanup", Time since last: 1000191992 ns, Reaching safepoint: 296292 ns, At safepoint: 38711 ns, Total: 335003 ns
[2022-09-06T13:20:48.012+0000][68][safepoint   ] Safepoint "Cleanup", Time since last: 1000401293 ns, Reaching safepoint: 194476 ns, At safepoint: 4312 ns, Total: 198788 ns
[2022-09-06T13:20:49.012+0000][68][safepoint   ] Safepoint "Cleanup", Time since last: 1000196335 ns, Reaching safepoint: 152719 ns, At safepoint: 3572 ns, Total: 156291 ns
[2022-09-06T13:20:51.013+0000][68][safepoint   ] Safepoint "Cleanup", Time since last: 2000384365 ns, Reaching safepoint: 168894 ns, At safepoint: 3616 ns, Total: 172510 ns
[2022-09-06T13:20:52.013+0000][68][safepoint   ] Safepoint "Cleanup", Time since last: 1000244971 ns, Reaching safepoint: 238560 ns, At safepoint: 19836 ns, Total: 258396 ns
[2022-09-06T13:20:54.014+0000][68][safepoint   ] Safepoint "Cleanup", Time since last: 2000432808 ns, Reaching safepoint: 184485 ns, At safepoint: 7386 ns, Total: 191871 ns
[2022-09-06T13:20:57.014+0000][68][safepoint   ] Safepoint "Cleanup", Time since last: 3000517154 ns, Reaching safepoint: 150913 ns, At safepoint: 6083 ns, Total: 156996 ns
[2022-09-06T13:21:00.016+0000][68][safepoint   ] Safepoint "Cleanup", Time since last: 3000689350 ns, Reaching safepoint: 172303 ns, At safepoint: 3503 ns, Total: 175806 ns
[2022-09-06T13:21:02.016+0000][68][safepoint   ] Safepoint "Cleanup", Time since last: 2000372916 ns, Reaching safepoint: 237368 ns, At safepoint: 30041 ns, Total: 267409 ns
[2022-09-06T13:21:03.017+0000][68][safepoint   ] Safepoint "Cleanup", Time since last: 1000227328 ns, Reaching safepoint: 135302 ns, At safepoint: 4116 ns, Total: 139418 ns
[2022-09-06T13:21:06.018+0000][68][safepoint   ] Safepoint "Cleanup", Time since last: 3000962043 ns, Reaching safepoint: 326928 ns, At safepoint: 10701 ns, Total: 337629 ns
[2022-09-06T13:21:09.020+0000][68][safepoint   ] Safepoint "Cleanup", Time since last: 3001041816 ns, Reaching safepoint: 557055 ns, At safepoint: 34670 ns, Total: 591725 ns
[2022-09-06T13:21:12.020+0000][68][safepoint   ] Safepoint "Cleanup", Time since last: 3000547279 ns, Reaching safepoint: 165020 ns, At safepoint: 5455 ns, Total: 170475 ns
[2022-09-06T13:21:17.022+0000][68][safepoint   ] Safepoint "Cleanup", Time since last: 5001115613 ns, Reaching safepoint: 136546 ns, At safepoint: 16514 ns, Total: 153060 ns
[2022-09-06T13:21:20.022+0000][68][safepoint   ] Safepoint "Cleanup", Time since last: 3000532521 ns, Reaching safepoint: 201627 ns, At safepoint: 8797 ns, Total: 210424 ns
[2022-09-06T13:21:21.023+0000][68][safepoint   ] Safepoint "Cleanup", Time since last: 1000201208 ns, Reaching safepoint: 397258 ns, At safepoint: 18652 ns, Total: 415910 ns
[2022-09-06T13:21:22.024+0000][68][safepoint   ] Safepoint "Cleanup", Time since last: 1000421630 ns, Reaching safepoint: 331489 ns, At safepoint: 11461 ns, Total: 342950 ns
[2022-09-06T13:21:23.024+0000][68][safepoint   ] Safepoint "Cleanup", Time since last: 1000396463 ns, Reaching safepoint: 339344 ns, At safepoint: 12375 ns, Total: 351719 ns
[2022-09-06T13:21:24.025+0000][68][safepoint   ] Safepoint "Cleanup", Time since last: 1000505324 ns, Reaching safepoint: 420157 ns, At safepoint: 18948 ns, Total: 439105 ns
[2022-09-06T13:21:27.027+0000][68][safepoint   ] Safepoint "Cleanup", Time since last: 3001072476 ns, Reaching safepoint: 281124 ns, At safepoint: 7385 ns, Total: 288509 ns
[2022-09-06T13:21:32.029+0000][68][safepoint   ] Safepoint "Cleanup", Time since last: 5001619688 ns, Reaching safepoint: 375409 ns, At safepoint: 41131 ns, Total: 416540 ns
[2022-09-06T13:21:33.029+0000][68][safepoint   ] Safepoint "Cleanup", Time since last: 1000203597 ns, Reaching safepoint: 150905 ns, At safepoint: 2936 ns, Total: 153841 ns
[2022-09-06T13:21:36.030+0000][68][safepoint   ] Safepoint "Cleanup", Time since last: 3000520747 ns, Reaching safepoint: 342469 ns, At safepoint: 10049 ns, Total: 352518 ns
[2022-09-06T13:21:38.031+0000][68][safepoint   ] Safepoint "Cleanup", Time since last: 2000715412 ns, Reaching safepoint: 224582 ns, At safepoint: 31039 ns, Total: 255621 ns
[2022-09-06T13:21:39.032+0000][68][safepoint   ] Safepoint "Cleanup", Time since last: 1000455810 ns, Reaching safepoint: 398222 ns, At safepoint: 13000 ns, Total: 411222 ns
[2022-09-06T13:21:44.033+0000][68][safepoint   ] Safepoint "Cleanup", Time since last: 5001624375 ns, Reaching safepoint: 111110 ns, At safepoint: 5631 ns, Total: 116741 ns
[2022-09-06T13:21:45.034+0000][68][safepoint   ] Safepoint "Cleanup", Time since last: 1000474724 ns, Reaching safepoint: 537560 ns, At safepoint: 31883 ns, Total: 569443 ns
[2022-09-06T13:21:46.035+0000][68][safepoint   ] Safepoint "Cleanup", Time since last: 1000576541 ns, Reaching safepoint: 399444 ns, At safepoint: 14276 ns, Total: 413720 ns
[2022-09-06T13:21:47.036+0000][68][safepoint   ] Safepoint "Cleanup", Time since last: 1000275170 ns, Reaching safepoint: 197182 ns, At safepoint: 24668 ns, Total: 221850 ns
[2022-09-06T13:21:48.037+0000][68][safepoint   ] Safepoint "Cleanup", Time since last: 1000425220 ns, Reaching safepoint: 366162 ns, At safepoint: 10446 ns, Total: 376608 ns
[2022-09-06T13:21:50.038+0000][68][safepoint   ] Safepoint "Cleanup", Time since last: 2000828363 ns, Reaching safepoint: 386364 ns, At safepoint: 25403 ns, Total: 411767 ns
[2022-09-06T13:22:00.041+0000][68][safepoint   ] Safepoint "Cleanup", Time since last: 10002289518 ns, Reaching safepoint: 426207 ns, At safepoint: 12676 ns, Total: 438883 ns
[2022-09-06T13:22:02.042+0000][68][safepoint   ] Safepoint "Cleanup", Time since last: 2000581860 ns, Reaching safepoint: 183560 ns, At safepoint: 33412 ns, Total: 216972 ns
[2022-09-06T13:22:03.042+0000][68][safepoint   ] Safepoint "Cleanup", Time since last: 1000474327 ns, Reaching safepoint: 361551 ns, At safepoint: 10102 ns, Total: 371653 ns
[2022-09-06T13:22:04.043+0000][68][safepoint   ] Safepoint "Cleanup", Time since last: 1000409282 ns, Reaching safepoint: 343536 ns, At safepoint: 10085 ns, Total: 353621 ns
[2022-09-06T13:22:05.044+0000][68][safepoint   ] Safepoint "Cleanup", Time since last: 1000378851 ns, Reaching safepoint: 150669 ns, At safepoint: 18150 ns, Total: 168819 ns
[2022-09-06T13:22:08.045+0000][68][safepoint   ] Safepoint "Cleanup", Time since last: 3000620234 ns, Reaching safepoint: 201407 ns, At safepoint: 4506 ns, Total: 205913 ns
[2022-09-06T13:22:09.045+0000][68][safepoint   ] Safepoint "Cleanup", Time since last: 1000350485 ns, Reaching safepoint: 404226 ns, At safepoint: 11545 ns, Total: 415771 ns
[2022-09-06T13:22:11.046+0000][68][safepoint   ] Safepoint "Cleanup", Time since last: 2000507136 ns, Reaching safepoint: 149427 ns, At safepoint: 17566 ns, Total: 166993 ns
[2022-09-06T13:22:12.046+0000][68][safepoint   ] Safepoint "Cleanup", Time since last: 1000171414 ns, Reaching safepoint: 152310 ns, At safepoint: 3096 ns, Total: 155406 ns
[2022-09-06T13:22:15.047+0000][68][safepoint   ] Safepoint "Cleanup", Time since last: 3000720151 ns, Reaching safepoint: 179354 ns, At safepoint: 7640 ns, Total: 186994 ns
[2022-09-06T13:22:20.109+0000][68][gc,start    ] GC(17) Pause Young (Normal) (G1 Evacuation Pause)
[2022-09-06T13:22:20.109+0000][68][gc,task     ] GC(17) Using 8 workers of 8 for evacuation
[2022-09-06T13:22:20.109+0000][68][gc,age      ] GC(17) Desired survivor size 41943040 bytes, new threshold 15 (max threshold 15)
[2022-09-06T13:22:20.121+0000][68][gc,phases   ] GC(17)   Pre Evacuate Collection Set: 0.3ms
[2022-09-06T13:22:20.122+0000][68][gc,phases   ] GC(17)   Merge Heap Roots: 0.2ms
[2022-09-06T13:22:20.122+0000][68][gc,phases   ] GC(17)   Evacuate Collection Set: 9.3ms
[2022-09-06T13:22:20.122+0000][68][gc,phases   ] GC(17)   Post Evacuate Collection Set: 2.7ms
[2022-09-06T13:22:20.122+0000][68][gc,phases   ] GC(17)   Other: 0.2ms
[2022-09-06T13:22:20.122+0000][68][gc,age      ] GC(17) Age table with threshold 15 (max threshold 15)
[2022-09-06T13:22:20.122+0000][68][gc,age      ] GC(17) - age   1:    1496264 bytes,    1496264 total
[2022-09-06T13:22:20.122+0000][68][gc,age      ] GC(17) - age   2:     588808 bytes,    2085072 total
[2022-09-06T13:22:20.122+0000][68][gc,age      ] GC(17) - age   3:     424568 bytes,    2509640 total
[2022-09-06T13:22:20.122+0000][68][gc,age      ] GC(17) - age   4:     410024 bytes,    2919664 total
[2022-09-06T13:22:20.122+0000][68][gc,age      ] GC(17) - age   5:     228544 bytes,    3148208 total
[2022-09-06T13:22:20.122+0000][68][gc,age      ] GC(17) - age   6:    2683928 bytes,    5832136 total
[2022-09-06T13:22:20.122+0000][68][gc,age      ] GC(17) - age   7:   21667776 bytes,   27499912 total
[2022-09-06T13:22:20.122+0000][68][gc,heap     ] GC(17) Eden regions: 145->0(145)
[2022-09-06T13:22:20.122+0000][68][gc,heap     ] GC(17) Survivor regions: 8->8(20)
[2022-09-06T13:22:20.122+0000][68][gc,heap     ] GC(17) Old regions: 18->18
[2022-09-06T13:22:20.122+0000][68][gc,heap     ] GC(17) Archive regions: 2->2
[2022-09-06T13:22:20.122+0000][68][gc,heap     ] GC(17) Humongous regions: 2->2
[2022-09-06T13:22:20.122+0000][68][gc,metaspace] GC(17) Metaspace: 129530K(133056K)->129530K(133056K) NonClass: 112490K(114304K)->112490K(114304K) Class: 17040K(18752K)->17040K(18752K)
[2022-09-06T13:22:20.122+0000][68][gc          ] GC(17) Pause Young (Normal) (G1 Evacuation Pause) 690M->110M(1024M) 12.968ms
[2022-09-06T13:22:20.122+0000][68][gc,cpu      ] GC(17) User=0.07s Sys=0.02s Real=0.02s
[2022-09-06T13:22:20.122+0000][68][safepoint   ] Safepoint "G1CollectForAllocation", Time since last: 5061018635 ns, Reaching safepoint: 351430 ns, At safepoint: 13163431 ns, Total: 13514861 ns
[2022-09-06T13:22:21.123+0000][68][safepoint   ] Safepoint "Cleanup", Time since last: 1000362102 ns, Reaching safepoint: 382458 ns, At safepoint: 52868 ns, Total: 435326 ns
[2022-09-06T13:22:22.510+0000][68][safepoint   ] Safepoint "Cleanup", Time since last: 1387052857 ns, Reaching safepoint: 172158 ns, At safepoint: 6631 ns, Total: 178789 ns
[2022-09-06T13:22:23.511+0000][68][safepoint   ] Safepoint "Cleanup", Time since last: 1000390744 ns, Reaching safepoint: 413696 ns, At safepoint: 13659 ns, Total: 427355 ns
[2022-09-06T13:22:24.512+0000][68][safepoint   ] Safepoint "Cleanup", Time since last: 1000599821 ns, Reaching safepoint: 579524 ns, At safepoint: 35466 ns, Total: 614990 ns
[2022-09-06T13:22:31.515+0000][68][safepoint   ] Safepoint "Cleanup", Time since last: 7002251353 ns, Reaching safepoint: 122685 ns, At safepoint: 4402 ns, Total: 127087 ns
[2022-09-06T13:22:32.515+0000][68][safepoint   ] Safepoint "Cleanup", Time since last: 1000361520 ns, Reaching safepoint: 165392 ns, At safepoint: 7912 ns, Total: 173304 ns
[2022-09-06T13:22:34.516+0000][68][safepoint   ] Safepoint "Cleanup", Time since last: 2000515415 ns, Reaching safepoint: 261765 ns, At safepoint: 4754 ns, Total: 266519 ns
[2022-09-06T13:22:35.516+0000][68][safepoint   ] Safepoint "Cleanup", Time since last: 1000185629 ns, Reaching safepoint: 206175 ns, At safepoint: 18969 ns, Total: 225144 ns
[2022-09-06T13:22:38.517+0000][68][safepoint   ] Safepoint "Cleanup", Time since last: 3000767319 ns, Reaching safepoint: 162979 ns, At safepoint: 3494 ns, Total: 166473 ns
[2022-09-06T13:22:44.520+0000][68][safepoint   ] Safepoint "Cleanup", Time since last: 6002092748 ns, Reaching safepoint: 632110 ns, At safepoint: 31844 ns, Total: 663954 ns
[2022-09-06T13:22:46.521+0000][68][safepoint   ] Safepoint "Cleanup", Time since last: 2000774794 ns, Reaching safepoint: 148535 ns, At safepoint: 6012 ns, Total: 154547 ns
[2022-09-06T13:22:50.522+0000][68][safepoint   ] Safepoint "Cleanup", Time since last: 4001185084 ns, Reaching safepoint: 185359 ns, At safepoint: 10643 ns, Total: 196002 ns
[2022-09-06T13:22:53.523+0000][68][safepoint   ] Safepoint "Cleanup", Time since last: 3000657438 ns, Reaching safepoint: 316140 ns, At safepoint: 11714 ns, Total: 327854 ns
[2022-09-06T13:22:56.524+0000][68][safepoint   ] Safepoint "Cleanup", Time since last: 3000782668 ns, Reaching safepoint: 155393 ns, At safepoint: 12395 ns, Total: 167788 ns
[2022-09-06T13:22:59.525+0000][68][safepoint   ] Safepoint "Cleanup", Time since last: 3000787231 ns, Reaching safepoint: 351899 ns, At safepoint: 44929 ns, Total: 396828 ns
[2022-09-06T13:23:02.526+0000][68][safepoint   ] Safepoint "Cleanup", Time since last: 3001143349 ns, Reaching safepoint: 353093 ns, At safepoint: 12828 ns, Total: 365921 ns
[2022-09-06T13:23:05.528+0000][68][safepoint   ] Safepoint "Cleanup", Time since last: 3001160771 ns, Reaching safepoint: 391536 ns, At safepoint: 12389 ns, Total: 403925 ns
[2022-09-06T13:23:06.529+0000][68][safepoint   ] Safepoint "Cleanup", Time since last: 1000371028 ns, Reaching safepoint: 297779 ns, At safepoint: 13729 ns, Total: 311508 ns
[2022-09-06T13:23:08.530+0000][68][safepoint   ] Safepoint "Cleanup", Time since last: 2000626301 ns, Reaching safepoint: 282959 ns, At safepoint: 22247 ns, Total: 305206 ns
[2022-09-06T13:23:11.531+0000][68][safepoint   ] Safepoint "Cleanup", Time since last: 3000748306 ns, Reaching safepoint: 397152 ns, At safepoint: 10143 ns, Total: 407295 ns
[2022-09-06T13:23:12.531+0000][68][safepoint   ] Safepoint "Cleanup", Time since last: 1000319410 ns, Reaching safepoint: 150807 ns, At safepoint: 7880 ns, Total: 158687 ns
[2022-09-06T13:23:13.532+0000][68][safepoint   ] Safepoint "Cleanup", Time since last: 1000494862 ns, Reaching safepoint: 378656 ns, At safepoint: 11382 ns, Total: 390038 ns
[2022-09-06T13:23:14.533+0000][68][safepoint   ] Safepoint "Cleanup", Time since last: 1000332096 ns, Reaching safepoint: 179478 ns, At safepoint: 20784 ns, Total: 200262 ns
[2022-09-06T13:23:16.534+0000][68][safepoint   ] Safepoint "Cleanup", Time since last: 2000503016 ns, Reaching safepoint: 418162 ns, At safepoint: 14029 ns, Total: 432191 ns
[2022-09-06T13:23:22.536+0000][68][safepoint   ] Safepoint "Cleanup", Time since last: 6001647320 ns, Reaching safepoint: 384669 ns, At safepoint: 11441 ns, Total: 396110 ns
[2022-09-06T13:23:26.538+0000][68][safepoint   ] Safepoint "Cleanup", Time since last: 4001714789 ns, Reaching safepoint: 424714 ns, At safepoint: 12139 ns, Total: 436853 ns
[2022-09-06T13:23:32.540+0000][68][safepoint   ] Safepoint "Cleanup", Time since last: 6001685679 ns, Reaching safepoint: 154106 ns, At safepoint: 4490 ns, Total: 158596 ns
[2022-09-06T13:23:35.541+0000][68][safepoint   ] Safepoint "Cleanup", Time since last: 3000963946 ns, Reaching safepoint: 384946 ns, At safepoint: 10955 ns, Total: 395901 ns
[2022-09-06T13:23:44.544+0000][68][safepoint   ] Safepoint "Cleanup", Time since last: 9002736060 ns, Reaching safepoint: 381471 ns, At safepoint: 12779 ns, Total: 394250 ns
[2022-09-06T13:23:45.545+0000][68][safepoint   ] Safepoint "Cleanup", Time since last: 1000481719 ns, Reaching safepoint: 370699 ns, At safepoint: 12798 ns, Total: 383497 ns
[2022-09-06T13:23:48.547+0000][68][safepoint   ] Safepoint "Cleanup", Time since last: 3001158863 ns, Reaching safepoint: 388669 ns, At safepoint: 12794 ns, Total: 401463 ns
[2022-09-06T13:23:50.548+0000][68][safepoint   ] Safepoint "Cleanup", Time since last: 2000838322 ns, Reaching safepoint: 397516 ns, At safepoint: 13737 ns, Total: 411253 ns
[2022-09-06T13:23:56.551+0000][68][safepoint   ] Safepoint "Cleanup", Time since last: 6002317207 ns, Reaching safepoint: 446667 ns, At safepoint: 12961 ns, Total: 459628 ns
[2022-09-06T13:24:02.553+0000][68][safepoint   ] Safepoint "Cleanup", Time since last: 6002107976 ns, Reaching safepoint: 483311 ns, At safepoint: 11540 ns, Total: 494851 ns
[2022-09-06T13:24:05.555+0000][68][safepoint   ] Safepoint "Cleanup", Time since last: 3001143638 ns, Reaching safepoint: 456184 ns, At safepoint: 16095 ns, Total: 472279 ns
[2022-09-06T13:24:08.557+0000][68][safepoint   ] Safepoint "Cleanup", Time since last: 3001085031 ns, Reaching safepoint: 555695 ns, At safepoint: 84029 ns, Total: 639724 ns
[2022-09-06T13:24:11.557+0000][68][safepoint   ] Safepoint "Cleanup", Time since last: 3000587969 ns, Reaching safepoint: 213603 ns, At safepoint: 8341 ns, Total: 221944 ns
[2022-09-06T13:24:14.558+0000][68][safepoint   ] Safepoint "Cleanup", Time since last: 3000637450 ns, Reaching safepoint: 139392 ns, At safepoint: 3903 ns, Total: 143295 ns
[2022-09-06T13:24:15.559+0000][68][safepoint   ] Safepoint "Cleanup", Time since last: 1000315793 ns, Reaching safepoint: 172721 ns, At safepoint: 9741 ns, Total: 182462 ns
[2022-09-06T13:24:22.561+0000][68][safepoint   ] Safepoint "Cleanup", Time since last: 7002383780 ns, Reaching safepoint: 273431 ns, At safepoint: 26722 ns, Total: 300153 ns
[2022-09-06T13:24:23.562+0000][68][safepoint   ] Safepoint "Cleanup", Time since last: 1000253006 ns, Reaching safepoint: 150909 ns, At safepoint: 3476 ns, Total: 154385 ns
[2022-09-06T13:24:24.563+0000][68][safepoint   ] Safepoint "Cleanup", Time since last: 1000504005 ns, Reaching safepoint: 341694 ns, At safepoint: 12056 ns, Total: 353750 ns
[2022-09-06T13:24:26.564+0000][68][safepoint   ] Safepoint "Cleanup", Time since last: 2000689604 ns, Reaching safepoint: 459153 ns, At safepoint: 10615 ns, Total: 469768 ns
[2022-09-06T13:24:27.565+0000][68][safepoint   ] Safepoint "Cleanup", Time since last: 1000443827 ns, Reaching safepoint: 400397 ns, At safepoint: 12009 ns, Total: 412406 ns
[2022-09-06T13:24:29.058+0000][68][gc,start    ] GC(18) Pause Young (Normal) (G1 Evacuation Pause)
[2022-09-06T13:24:29.058+0000][68][gc,task     ] GC(18) Using 8 workers of 8 for evacuation
[2022-09-06T13:24:29.058+0000][68][gc,age      ] GC(18) Desired survivor size 41943040 bytes, new threshold 15 (max threshold 15)
[2022-09-06T13:24:29.069+0000][68][gc,phases   ] GC(18)   Pre Evacuate Collection Set: 0.1ms
[2022-09-06T13:24:29.069+0000][68][gc,phases   ] GC(18)   Merge Heap Roots: 0.1ms
[2022-09-06T13:24:29.069+0000][68][gc,phases   ] GC(18)   Evacuate Collection Set: 8.7ms
[2022-09-06T13:24:29.069+0000][68][gc,phases   ] GC(18)   Post Evacuate Collection Set: 1.8ms
[2022-09-06T13:24:29.069+0000][68][gc,phases   ] GC(18)   Other: 0.1ms
[2022-09-06T13:24:29.069+0000][68][gc,age      ] GC(18) Age table with threshold 15 (max threshold 15)
[2022-09-06T13:24:29.069+0000][68][gc,age      ] GC(18) - age   1:    1183992 bytes,    1183992 total
[2022-09-06T13:24:29.069+0000][68][gc,age      ] GC(18) - age   2:      33144 bytes,    1217136 total
[2022-09-06T13:24:29.069+0000][68][gc,age      ] GC(18) - age   3:     447944 bytes,    1665080 total
[2022-09-06T13:24:29.069+0000][68][gc,age      ] GC(18) - age   4:     424192 bytes,    2089272 total
[2022-09-06T13:24:29.069+0000][68][gc,age      ] GC(18) - age   5:     409744 bytes,    2499016 total
[2022-09-06T13:24:29.069+0000][68][gc,age      ] GC(18) - age   6:     228512 bytes,    2727528 total
[2022-09-06T13:24:29.069+0000][68][gc,age      ] GC(18) - age   7:    2683120 bytes,    5410648 total
[2022-09-06T13:24:29.069+0000][68][gc,age      ] GC(18) - age   8:   21667776 bytes,   27078424 total
[2022-09-06T13:24:29.069+0000][68][gc,heap     ] GC(18) Eden regions: 145->0(146)
[2022-09-06T13:24:29.069+0000][68][gc,heap     ] GC(18) Survivor regions: 8->7(20)
[2022-09-06T13:24:29.069+0000][68][gc,heap     ] GC(18) Old regions: 18->18
[2022-09-06T13:24:29.069+0000][68][gc,heap     ] GC(18) Archive regions: 2->2
[2022-09-06T13:24:29.069+0000][68][gc,heap     ] GC(18) Humongous regions: 2->2
[2022-09-06T13:24:29.069+0000][68][gc,metaspace] GC(18) Metaspace: 129623K(133120K)->129623K(133120K) NonClass: 112583K(114368K)->112583K(114368K) Class: 17040K(18752K)->17040K(18752K)
[2022-09-06T13:24:29.069+0000][68][gc          ] GC(18) Pause Young (Normal) (G1 Evacuation Pause) 690M->109M(1024M) 11.112ms
[2022-09-06T13:24:29.069+0000][68][gc,cpu      ] GC(18) User=0.07s Sys=0.00s Real=0.01s
[2022-09-06T13:24:29.069+0000][68][safepoint   ] Safepoint "G1CollectForAllocation", Time since last: 1493071600 ns, Reaching safepoint: 158385 ns, At safepoint: 11294905 ns, Total: 11453290 ns
[2022-09-06T13:24:30.070+0000][68][safepoint   ] Safepoint "Cleanup", Time since last: 1000350144 ns, Reaching safepoint: 400032 ns, At safepoint: 74521 ns, Total: 474553 ns
[2022-09-06T13:24:32.071+0000][68][safepoint   ] Safepoint "Cleanup", Time since last: 2000663065 ns, Reaching safepoint: 215516 ns, At safepoint: 72098 ns, Total: 287614 ns
[2022-09-06T13:24:35.072+0000][68][safepoint   ] Safepoint "Cleanup", Time since last: 3000679839 ns, Reaching safepoint: 164670 ns, At safepoint: 21775 ns, Total: 186445 ns
[2022-09-06T13:24:44.074+0000][68][safepoint   ] Safepoint "Cleanup", Time since last: 9002284231 ns, Reaching safepoint: 155827 ns, At safepoint: 5738 ns, Total: 161565 ns
[2022-09-06T13:24:47.075+0000][68][safepoint   ] Safepoint "Cleanup", Time since last: 3000900382 ns, Reaching safepoint: 151909 ns, At safepoint: 15093 ns, Total: 167002 ns
[2022-09-06T13:24:52.077+0000][68][safepoint   ] Safepoint "Cleanup", Time since last: 5001445551 ns, Reaching safepoint: 337567 ns, At safepoint: 9913 ns, Total: 347480 ns
[2022-09-06T13:24:56.079+0000][68][safepoint   ] Safepoint "Cleanup", Time since last: 4001362640 ns, Reaching safepoint: 215195 ns, At safepoint: 8601 ns, Total: 223796 ns
[2022-09-06T13:25:02.080+0000][68][safepoint   ] Safepoint "Cleanup", Time since last: 6001346086 ns, Reaching safepoint: 258407 ns, At safepoint: 9057 ns, Total: 267464 ns
[2022-09-06T13:25:05.081+0000][68][safepoint   ] Safepoint "Cleanup", Time since last: 3000792170 ns, Reaching safepoint: 248031 ns, At safepoint: 15553 ns, Total: 263584 ns
[2022-09-06T13:25:22.085+0000][68][safepoint   ] Safepoint "Cleanup", Time since last: 17003676191 ns, Reaching safepoint: 359038 ns, At safepoint: 13608 ns, Total: 372646 ns
[2022-09-06T13:25:23.086+0000][68][safepoint   ] Safepoint "Cleanup", Time since last: 1000348952 ns, Reaching safepoint: 218619 ns, At safepoint: 21459 ns, Total: 240078 ns
[2022-09-06T13:25:24.087+0000][68][safepoint   ] Safepoint "Cleanup", Time since last: 1000470361 ns, Reaching safepoint: 199333 ns, At safepoint: 5562 ns, Total: 204895 ns
[2022-09-06T13:25:27.088+0000][68][safepoint   ] Safepoint "Cleanup", Time since last: 3000966786 ns, Reaching safepoint: 429170 ns, At safepoint: 9581 ns, Total: 438751 ns
[2022-09-06T13:25:30.089+0000][68][safepoint   ] Safepoint "Cleanup", Time since last: 3000530175 ns, Reaching safepoint: 150881 ns, At safepoint: 3745 ns, Total: 154626 ns
[2022-09-06T13:25:32.090+0000][68][safepoint   ] Safepoint "Cleanup", Time since last: 2000638305 ns, Reaching safepoint: 294948 ns, At safepoint: 15304 ns, Total: 310252 ns
[2022-09-06T13:25:33.091+0000][68][safepoint   ] Safepoint "Cleanup", Time since last: 1000496336 ns, Reaching safepoint: 366159 ns, At safepoint: 11289 ns, Total: 377448 ns
[2022-09-06T13:25:34.092+0000][68][safepoint   ] Safepoint "Cleanup", Time since last: 1000462709 ns, Reaching safepoint: 580291 ns, At safepoint: 64878 ns, Total: 645169 ns
[2022-09-06T13:25:42.094+0000][68][safepoint   ] Safepoint "Cleanup", Time since last: 8002162838 ns, Reaching safepoint: 354144 ns, At safepoint: 11352 ns, Total: 365496 ns
[2022-09-06T13:25:44.095+0000][68][safepoint   ] Safepoint "Cleanup", Time since last: 2000562957 ns, Reaching safepoint: 174120 ns, At safepoint: 5150 ns, Total: 179270 ns
[2022-09-06T13:25:45.096+0000][68][safepoint   ] Safepoint "Cleanup", Time since last: 1000485104 ns, Reaching safepoint: 579893 ns, At safepoint: 33604 ns, Total: 613497 ns
[2022-09-06T13:25:56.099+0000][68][safepoint   ] Safepoint "Cleanup", Time since last: 11002885231 ns, Reaching safepoint: 365602 ns, At safepoint: 16946 ns, Total: 382548 ns
[2022-09-06T13:25:57.100+0000][68][safepoint   ] Safepoint "Cleanup", Time since last: 1000325280 ns, Reaching safepoint: 288550 ns, At safepoint: 10108 ns, Total: 298658 ns
[2022-09-06T13:26:02.101+0000][68][safepoint   ] Safepoint "Cleanup", Time since last: 5001022826 ns, Reaching safepoint: 146883 ns, At safepoint: 4590 ns, Total: 151473 ns
[2022-09-06T13:26:03.102+0000][68][safepoint   ] Safepoint "Cleanup", Time since last: 1000382990 ns, Reaching safepoint: 196447 ns, At safepoint: 9875 ns, Total: 206322 ns
[2022-09-06T13:26:05.102+0000][68][safepoint   ] Safepoint "Cleanup", Time since last: 2000385506 ns, Reaching safepoint: 322731 ns, At safepoint: 8812 ns, Total: 331543 ns
[2022-09-06T13:26:08.103+0000][68][safepoint   ] Safepoint "Cleanup", Time since last: 3000733108 ns, Reaching safepoint: 150122 ns, At safepoint: 15343 ns, Total: 165465 ns
[2022-09-06T13:26:12.105+0000][68][safepoint   ] Safepoint "Cleanup", Time since last: 4000964549 ns, Reaching safepoint: 207676 ns, At safepoint: 10606 ns, Total: 218282 ns
[2022-09-06T13:26:14.105+0000][68][safepoint   ] Safepoint "Cleanup", Time since last: 2000324859 ns, Reaching safepoint: 95086 ns, At safepoint: 4648 ns, Total: 99734 ns
[2022-09-06T13:26:15.105+0000][68][safepoint   ] Safepoint "Cleanup", Time since last: 1000209111 ns, Reaching safepoint: 158239 ns, At safepoint: 4875 ns, Total: 163114 ns
[2022-09-06T13:26:20.107+0000][68][safepoint   ] Safepoint "Cleanup", Time since last: 5001084109 ns, Reaching safepoint: 226606 ns, At safepoint: 5785 ns, Total: 232391 ns
[2022-09-06T13:26:21.107+0000][68][safepoint   ] Safepoint "Cleanup", Time since last: 1000329304 ns, Reaching safepoint: 174561 ns, At safepoint: 13279 ns, Total: 187840 ns
[2022-09-06T13:26:23.108+0000][68][safepoint   ] Safepoint "Cleanup", Time since last: 2000602520 ns, Reaching safepoint: 159025 ns, At safepoint: 20904 ns, Total: 179929 ns
[2022-09-06T13:26:25.109+0000][68][safepoint   ] Safepoint "Cleanup", Time since last: 2000886502 ns, Reaching safepoint: 563495 ns, At safepoint: 31336 ns, Total: 594831 ns
[2022-09-06T13:26:27.110+0000][68][safepoint   ] Safepoint "Cleanup", Time since last: 2000542463 ns, Reaching safepoint: 179496 ns, At safepoint: 5310 ns, Total: 184806 ns
[2022-09-06T13:26:32.112+0000][68][safepoint   ] Safepoint "Cleanup", Time since last: 5001368622 ns, Reaching safepoint: 219063 ns, At safepoint: 8432 ns, Total: 227495 ns
[2022-09-06T13:26:34.113+0000][68][safepoint   ] Safepoint "Cleanup", Time since last: 2000829825 ns, Reaching safepoint: 506719 ns, At safepoint: 13993 ns, Total: 520712 ns
[2022-09-06T13:26:35.114+0000][68][safepoint   ] Safepoint "Cleanup", Time since last: 1000508703 ns, Reaching safepoint: 148450 ns, At safepoint: 4961 ns, Total: 153411 ns
[2022-09-06T13:26:38.089+0000][68][gc,start    ] GC(19) Pause Young (Normal) (G1 Evacuation Pause)
[2022-09-06T13:26:38.089+0000][68][gc,task     ] GC(19) Using 8 workers of 8 for evacuation
[2022-09-06T13:26:38.089+0000][68][gc,age      ] GC(19) Desired survivor size 41943040 bytes, new threshold 15 (max threshold 15)
[2022-09-06T13:26:38.100+0000][68][gc,phases   ] GC(19)   Pre Evacuate Collection Set: 0.1ms
[2022-09-06T13:26:38.100+0000][68][gc,phases   ] GC(19)   Merge Heap Roots: 0.1ms
[2022-09-06T13:26:38.100+0000][68][gc,phases   ] GC(19)   Evacuate Collection Set: 8.1ms
[2022-09-06T13:26:38.100+0000][68][gc,phases   ] GC(19)   Post Evacuate Collection Set: 2.0ms
[2022-09-06T13:26:38.100+0000][68][gc,phases   ] GC(19)   Other: 0.1ms
[2022-09-06T13:26:38.100+0000][68][gc,age      ] GC(19) Age table with threshold 15 (max threshold 15)
[2022-09-06T13:26:38.100+0000][68][gc,age      ] GC(19) - age   1:    2084712 bytes,    2084712 total
[2022-09-06T13:26:38.100+0000][68][gc,age      ] GC(19) - age   2:     363440 bytes,    2448152 total
[2022-09-06T13:26:38.100+0000][68][gc,age      ] GC(19) - age   3:      30416 bytes,    2478568 total
[2022-09-06T13:26:38.100+0000][68][gc,age      ] GC(19) - age   4:     441352 bytes,    2919920 total
[2022-09-06T13:26:38.100+0000][68][gc,age      ] GC(19) - age   5:     424008 bytes,    3343928 total
[2022-09-06T13:26:38.100+0000][68][gc,age      ] GC(19) - age   6:     409744 bytes,    3753672 total
[2022-09-06T13:26:38.100+0000][68][gc,age      ] GC(19) - age   7:     228512 bytes,    3982184 total
[2022-09-06T13:26:38.100+0000][68][gc,age      ] GC(19) - age   8:    2683024 bytes,    6665208 total
[2022-09-06T13:26:38.100+0000][68][gc,age      ] GC(19) - age   9:   21667328 bytes,   28332536 total
[2022-09-06T13:26:38.100+0000][68][gc,heap     ] GC(19) Eden regions: 146->0(145)
[2022-09-06T13:26:38.100+0000][68][gc,heap     ] GC(19) Survivor regions: 7->8(20)
[2022-09-06T13:26:38.100+0000][68][gc,heap     ] GC(19) Old regions: 18->18
[2022-09-06T13:26:38.100+0000][68][gc,heap     ] GC(19) Archive regions: 2->2
[2022-09-06T13:26:38.100+0000][68][gc,heap     ] GC(19) Humongous regions: 2->2
[2022-09-06T13:26:38.100+0000][68][gc,metaspace] GC(19) Metaspace: 129709K(133184K)->129709K(133184K) NonClass: 112666K(114432K)->112666K(114432K) Class: 17042K(18752K)->17042K(18752K)
[2022-09-06T13:26:38.100+0000][68][gc          ] GC(19) Pause Young (Normal) (G1 Evacuation Pause) 693M->110M(1024M) 10.664ms
[2022-09-06T13:26:38.100+0000][68][gc,cpu      ] GC(19) User=0.05s Sys=0.02s Real=0.01s
[2022-09-06T13:26:38.100+0000][68][safepoint   ] Safepoint "G1CollectForAllocation", Time since last: 2975225512 ns, Reaching safepoint: 176299 ns, At safepoint: 10815472 ns, Total: 10991771 ns
[2022-09-06T13:26:39.101+0000][68][safepoint   ] Safepoint "Cleanup", Time since last: 1000410629 ns, Reaching safepoint: 621038 ns, At safepoint: 112162 ns, Total: 733200 ns
[2022-09-06T13:26:44.103+0000][68][safepoint   ] Safepoint "Cleanup", Time since last: 5001356481 ns, Reaching safepoint: 328136 ns, At safepoint: 17254 ns, Total: 345390 ns
[2022-09-06T13:26:48.104+0000][68][safepoint   ] Safepoint "Cleanup", Time since last: 4000798920 ns, Reaching safepoint: 246306 ns, At safepoint: 7071 ns, Total: 253377 ns
[2022-09-06T13:26:50.105+0000][68][safepoint   ] Safepoint "Cleanup", Time since last: 2000722054 ns, Reaching safepoint: 141686 ns, At safepoint: 4793 ns, Total: 146479 ns
[2022-09-06T13:26:51.309+0000][68][safepoint   ] Safepoint "Cleanup", Time since last: 1203421241 ns, Reaching safepoint: 756753 ns, At safepoint: 48506 ns, Total: 805259 ns
[2022-09-06T13:26:56.311+0000][68][safepoint   ] Safepoint "Cleanup", Time since last: 5001545551 ns, Reaching safepoint: 188049 ns, At safepoint: 3718 ns, Total: 191767 ns
[2022-09-06T13:26:59.312+0000][68][safepoint   ] Safepoint "Cleanup", Time since last: 3001012304 ns, Reaching safepoint: 287853 ns, At safepoint: 7896 ns, Total: 295749 ns
[2022-09-06T13:27:08.315+0000][68][safepoint   ] Safepoint "Cleanup", Time since last: 9002748919 ns, Reaching safepoint: 158916 ns, At safepoint: 4745 ns, Total: 163661 ns
[2022-09-06T13:27:11.316+0000][68][safepoint   ] Safepoint "Cleanup", Time since last: 3000756065 ns, Reaching safepoint: 227115 ns, At safepoint: 34389 ns, Total: 261504 ns
[2022-09-06T13:27:20.319+0000][68][safepoint   ] Safepoint "Cleanup", Time since last: 9003246528 ns, Reaching safepoint: 303837 ns, At safepoint: 9042 ns, Total: 312879 ns
[2022-09-06T13:27:23.294+0000][68][safepoint   ] Safepoint "Cleanup", Time since last: 2974216044 ns, Reaching safepoint: 240643 ns, At safepoint: 51284 ns, Total: 291927 ns
[2022-09-06T13:27:24.294+0000][68][safepoint   ] Safepoint "Cleanup", Time since last: 1000324109 ns, Reaching safepoint: 228194 ns, At safepoint: 9327 ns, Total: 237521 ns
[2022-09-06T13:27:26.295+0000][68][safepoint   ] Safepoint "Cleanup", Time since last: 2000395448 ns, Reaching safepoint: 158903 ns, At safepoint: 5422 ns, Total: 164325 ns
[2022-09-06T13:27:36.298+0000][68][safepoint   ] Safepoint "Cleanup", Time since last: 10002351398 ns, Reaching safepoint: 212715 ns, At safepoint: 6180 ns, Total: 218895 ns
[2022-09-06T13:27:44.301+0000][68][safepoint   ] Safepoint "Cleanup", Time since last: 8002320983 ns, Reaching safepoint: 392779 ns, At safepoint: 43274 ns, Total: 436053 ns
[2022-09-06T13:27:45.302+0000][68][safepoint   ] Safepoint "Cleanup", Time since last: 1000593361 ns, Reaching safepoint: 373112 ns, At safepoint: 40520 ns, Total: 413632 ns
[2022-09-06T13:27:47.303+0000][68][safepoint   ] Safepoint "Cleanup", Time since last: 2000767074 ns, Reaching safepoint: 535005 ns, At safepoint: 86536 ns, Total: 621541 ns
[2022-09-06T13:28:02.306+0000][68][safepoint   ] Safepoint "Cleanup", Time since last: 15003028296 ns, Reaching safepoint: 218519 ns, At safepoint: 23891 ns, Total: 242410 ns
[2022-09-06T13:28:05.308+0000][68][safepoint   ] Safepoint "Cleanup", Time since last: 3001561666 ns, Reaching safepoint: 547862 ns, At safepoint: 41957 ns, Total: 589819 ns
[2022-09-06T13:28:06.309+0000][68][safepoint   ] Safepoint "Cleanup", Time since last: 1000549745 ns, Reaching safepoint: 265790 ns, At safepoint: 10565 ns, Total: 276355 ns
[2022-09-06T13:28:12.311+0000][68][safepoint   ] Safepoint "Cleanup", Time since last: 6001057256 ns, Reaching safepoint: 192665 ns, At safepoint: 9881 ns, Total: 202546 ns
[2022-09-06T13:28:15.464+0000][68][safepoint   ] Safepoint "Cleanup", Time since last: 3153610497 ns, Reaching safepoint: 165470 ns, At safepoint: 4413 ns, Total: 169883 ns
[2022-09-06T13:28:17.465+0000][68][safepoint   ] Safepoint "Cleanup", Time since last: 2000408043 ns, Reaching safepoint: 174735 ns, At safepoint: 4514 ns, Total: 179249 ns
[2022-09-06T13:28:20.466+0000][68][safepoint   ] Safepoint "Cleanup", Time since last: 3000780286 ns, Reaching safepoint: 173740 ns, At safepoint: 10916 ns, Total: 184656 ns
[2022-09-06T13:28:22.467+0000][68][safepoint   ] Safepoint "Cleanup", Time since last: 2000622305 ns, Reaching safepoint: 174374 ns, At safepoint: 4151 ns, Total: 178525 ns
[2022-09-06T13:28:23.467+0000][68][safepoint   ] Safepoint "Cleanup", Time since last: 1000308875 ns, Reaching safepoint: 242010 ns, At safepoint: 18543 ns, Total: 260553 ns
[2022-09-06T13:28:24.468+0000][68][safepoint   ] Safepoint "Cleanup", Time since last: 1000296619 ns, Reaching safepoint: 233182 ns, At safepoint: 8852 ns, Total: 242034 ns
[2022-09-06T13:28:26.468+0000][68][safepoint   ] Safepoint "Cleanup", Time since last: 2000416178 ns, Reaching safepoint: 237057 ns, At safepoint: 37241 ns, Total: 274298 ns
[2022-09-06T13:28:27.469+0000][68][safepoint   ] Safepoint "Cleanup", Time since last: 1000625714 ns, Reaching safepoint: 290145 ns, At safepoint: 21445 ns, Total: 311590 ns
[2022-09-06T13:28:32.471+0000][68][safepoint   ] Safepoint "Cleanup", Time since last: 5001183807 ns, Reaching safepoint: 147798 ns, At safepoint: 17438 ns, Total: 165236 ns
[2022-09-06T13:28:35.472+0000][68][safepoint   ] Safepoint "Cleanup", Time since last: 3000688890 ns, Reaching safepoint: 249756 ns, At safepoint: 35666 ns, Total: 285422 ns
[2022-09-06T13:28:37.472+0000][68][safepoint   ] Safepoint "Cleanup", Time since last: 2000487181 ns, Reaching safepoint: 155927 ns, At safepoint: 6012 ns, Total: 161939 ns
[2022-09-06T13:28:38.473+0000][68][safepoint   ] Safepoint "Cleanup", Time since last: 1000329998 ns, Reaching safepoint: 192317 ns, At safepoint: 3595 ns, Total: 195912 ns
[2022-09-06T13:28:41.474+0000][68][safepoint   ] Safepoint "Cleanup", Time since last: 3000857306 ns, Reaching safepoint: 271655 ns, At safepoint: 11223 ns, Total: 282878 ns
[2022-09-06T13:28:44.475+0000][68][safepoint   ] Safepoint "Cleanup", Time since last: 3000983640 ns, Reaching safepoint: 178595 ns, At safepoint: 14505 ns, Total: 193100 ns
[2022-09-06T13:28:47.477+0000][68][safepoint   ] Safepoint "Cleanup", Time since last: 3001039427 ns, Reaching safepoint: 370680 ns, At safepoint: 9317 ns, Total: 379997 ns
[2022-09-06T13:28:49.062+0000][68][gc,start    ] GC(20) Pause Young (Normal) (G1 Evacuation Pause)
[2022-09-06T13:28:49.062+0000][68][gc,task     ] GC(20) Using 8 workers of 8 for evacuation
[2022-09-06T13:28:49.062+0000][68][gc,age      ] GC(20) Desired survivor size 41943040 bytes, new threshold 15 (max threshold 15)
[2022-09-06T13:28:49.074+0000][68][gc,phases   ] GC(20)   Pre Evacuate Collection Set: 0.1ms
[2022-09-06T13:28:49.074+0000][68][gc,phases   ] GC(20)   Merge Heap Roots: 0.1ms
[2022-09-06T13:28:49.074+0000][68][gc,phases   ] GC(20)   Evacuate Collection Set: 9.2ms
[2022-09-06T13:28:49.074+0000][68][gc,phases   ] GC(20)   Post Evacuate Collection Set: 2.1ms
[2022-09-06T13:28:49.074+0000][68][gc,phases   ] GC(20)   Other: 0.1ms
[2022-09-06T13:28:49.074+0000][68][gc,age      ] GC(20) Age table with threshold 15 (max threshold 15)
[2022-09-06T13:28:49.074+0000][68][gc,age      ] GC(20) - age   1:    1428920 bytes,    1428920 total
[2022-09-06T13:28:49.074+0000][68][gc,age      ] GC(20) - age   2:      54320 bytes,    1483240 total
[2022-09-06T13:28:49.074+0000][68][gc,age      ] GC(20) - age   3:     361896 bytes,    1845136 total
[2022-09-06T13:28:49.074+0000][68][gc,age      ] GC(20) - age   4:      30288 bytes,    1875424 total
[2022-09-06T13:28:49.074+0000][68][gc,age      ] GC(20) - age   5:     441352 bytes,    2316776 total
[2022-09-06T13:28:49.074+0000][68][gc,age      ] GC(20) - age   6:     424008 bytes,    2740784 total
[2022-09-06T13:28:49.074+0000][68][gc,age      ] GC(20) - age   7:     409568 bytes,    3150352 total
[2022-09-06T13:28:49.074+0000][68][gc,age      ] GC(20) - age   8:     228296 bytes,    3378648 total
[2022-09-06T13:28:49.074+0000][68][gc,age      ] GC(20) - age   9:    2639608 bytes,    6018256 total
[2022-09-06T13:28:49.074+0000][68][gc,age      ] GC(20) - age  10:   21386520 bytes,   27404776 total
[2022-09-06T13:28:49.074+0000][68][gc,heap     ] GC(20) Eden regions: 145->0(145)
[2022-09-06T13:28:49.074+0000][68][gc,heap     ] GC(20) Survivor regions: 8->8(20)
[2022-09-06T13:28:49.074+0000][68][gc,heap     ] GC(20) Old regions: 18->18
[2022-09-06T13:28:49.074+0000][68][gc,heap     ] GC(20) Archive regions: 2->2
[2022-09-06T13:28:49.074+0000][68][gc,heap     ] GC(20) Humongous regions: 2->2
[2022-09-06T13:28:49.074+0000][68][gc,metaspace] GC(20) Metaspace: 129775K(133312K)->129775K(133312K) NonClass: 112732K(114560K)->112732K(114560K) Class: 17043K(18752K)->17043K(18752K)
[2022-09-06T13:28:49.074+0000][68][gc          ] GC(20) Pause Young (Normal) (G1 Evacuation Pause) 690M->109M(1024M) 12.042ms
[2022-09-06T13:28:49.074+0000][68][gc,cpu      ] GC(20) User=0.08s Sys=0.00s Real=0.01s
[2022-09-06T13:28:49.074+0000][68][safepoint   ] Safepoint "G1CollectForAllocation", Time since last: 1585016598 ns, Reaching safepoint: 240501 ns, At safepoint: 12253871 ns, Total: 12494372 ns
[2022-09-06T13:28:50.075+0000][68][safepoint   ] Safepoint "Cleanup", Time since last: 1000211983 ns, Reaching safepoint: 163878 ns, At safepoint: 17111 ns, Total: 180989 ns
[2022-09-06T13:28:51.075+0000][68][safepoint   ] Safepoint "Cleanup", Time since last: 1000413276 ns, Reaching safepoint: 202836 ns, At safepoint: 6443 ns, Total: 209279 ns
[2022-09-06T13:28:53.076+0000][68][safepoint   ] Safepoint "Cleanup", Time since last: 2000531541 ns, Reaching safepoint: 139645 ns, At safepoint: 7583 ns, Total: 147228 ns
[2022-09-06T13:28:55.077+0000][68][safepoint   ] Safepoint "Cleanup", Time since last: 2000509086 ns, Reaching safepoint: 232894 ns, At safepoint: 13258 ns, Total: 246152 ns
[2022-09-06T13:28:56.077+0000][68][safepoint   ] Safepoint "Cleanup", Time since last: 1000351245 ns, Reaching safepoint: 170944 ns, At safepoint: 8312 ns, Total: 179256 ns
[2022-09-06T13:28:57.078+0000][68][safepoint   ] Safepoint "Cleanup", Time since last: 1000181780 ns, Reaching safepoint: 231178 ns, At safepoint: 15345 ns, Total: 246523 ns
[2022-09-06T13:29:00.078+0000][68][safepoint   ] Safepoint "Cleanup", Time since last: 3000706141 ns, Reaching safepoint: 163517 ns, At safepoint: 5198 ns, Total: 168715 ns
[2022-09-06T13:29:05.080+0000][68][safepoint   ] Safepoint "Cleanup", Time since last: 5001079104 ns, Reaching safepoint: 169693 ns, At safepoint: 14652 ns, Total: 184345 ns
[2022-09-06T13:29:07.080+0000][68][safepoint   ] Safepoint "Cleanup", Time since last: 2000538296 ns, Reaching safepoint: 338742 ns, At safepoint: 33621 ns, Total: 372363 ns
[2022-09-06T13:29:09.081+0000][68][safepoint   ] Safepoint "Cleanup", Time since last: 2000585567 ns, Reaching safepoint: 167881 ns, At safepoint: 4073 ns, Total: 171954 ns
[2022-09-06T13:29:11.082+0000][68][safepoint   ] Safepoint "Cleanup", Time since last: 2000374870 ns, Reaching safepoint: 230895 ns, At safepoint: 29045 ns, Total: 259940 ns
[2022-09-06T13:29:12.082+0000][68][safepoint   ] Safepoint "Cleanup", Time since last: 1000223809 ns, Reaching safepoint: 169455 ns, At safepoint: 4574 ns, Total: 174029 ns
[2022-09-06T13:29:14.083+0000][68][safepoint   ] Safepoint "Cleanup", Time since last: 2000399810 ns, Reaching safepoint: 350773 ns, At safepoint: 32116 ns, Total: 382889 ns
[2022-09-06T13:29:15.084+0000][68][safepoint   ] Safepoint "Cleanup", Time since last: 1000311469 ns, Reaching safepoint: 177808 ns, At safepoint: 6452 ns, Total: 184260 ns
[2022-09-06T13:29:20.085+0000][68][safepoint   ] Safepoint "Cleanup", Time since last: 5000993701 ns, Reaching safepoint: 296383 ns, At safepoint: 38787 ns, Total: 335170 ns
[2022-09-06T13:29:21.085+0000][68][safepoint   ] Safepoint "Cleanup", Time since last: 1000305349 ns, Reaching safepoint: 151399 ns, At safepoint: 7397 ns, Total: 158796 ns
[2022-09-06T13:29:23.086+0000][68][safepoint   ] Safepoint "Cleanup", Time since last: 2000255859 ns, Reaching safepoint: 152708 ns, At safepoint: 20064 ns, Total: 172772 ns
[2022-09-06T13:29:27.087+0000][68][safepoint   ] Safepoint "Cleanup", Time since last: 4000764540 ns, Reaching safepoint: 184123 ns, At safepoint: 18779 ns, Total: 202902 ns
[2022-09-06T13:29:28.087+0000][68][safepoint   ] Safepoint "Cleanup", Time since last: 1000327955 ns, Reaching safepoint: 387948 ns, At safepoint: 9358 ns, Total: 397306 ns
[2022-09-06T13:29:36.090+0000][68][safepoint   ] Safepoint "Cleanup", Time since last: 8001988516 ns, Reaching safepoint: 177213 ns, At safepoint: 4888 ns, Total: 182101 ns
[2022-09-06T13:29:39.090+0000][68][safepoint   ] Safepoint "Cleanup", Time since last: 3000661901 ns, Reaching safepoint: 163655 ns, At safepoint: 4779 ns, Total: 168434 ns
[2022-09-06T13:29:41.091+0000][68][safepoint   ] Safepoint "Cleanup", Time since last: 2000494563 ns, Reaching safepoint: 178712 ns, At safepoint: 6489 ns, Total: 185201 ns
[2022-09-06T13:29:42.092+0000][68][safepoint   ] Safepoint "Cleanup", Time since last: 1000309478 ns, Reaching safepoint: 153121 ns, At safepoint: 5576 ns, Total: 158697 ns
[2022-09-06T13:29:44.092+0000][68][safepoint   ] Safepoint "Cleanup", Time since last: 2000547677 ns, Reaching safepoint: 302059 ns, At safepoint: 34094 ns, Total: 336153 ns
[2022-09-06T13:29:47.093+0000][68][safepoint   ] Safepoint "Cleanup", Time since last: 3000636030 ns, Reaching safepoint: 272010 ns, At safepoint: 9714 ns, Total: 281724 ns
[2022-09-06T13:29:50.094+0000][68][safepoint   ] Safepoint "Cleanup", Time since last: 3000773397 ns, Reaching safepoint: 102089 ns, At safepoint: 4735 ns, Total: 106824 ns
[2022-09-06T13:29:51.095+0000][68][safepoint   ] Safepoint "Cleanup", Time since last: 1000311922 ns, Reaching safepoint: 177296 ns, At safepoint: 3987 ns, Total: 181283 ns
[2022-09-06T13:29:52.095+0000][68][safepoint   ] Safepoint "Cleanup", Time since last: 1000251736 ns, Reaching safepoint: 185732 ns, At safepoint: 4077 ns, Total: 189809 ns
[2022-09-06T13:29:56.096+0000][68][safepoint   ] Safepoint "Cleanup", Time since last: 4000955159 ns, Reaching safepoint: 141323 ns, At safepoint: 19003 ns, Total: 160326 ns
[2022-09-06T13:29:57.097+0000][68][safepoint   ] Safepoint "Cleanup", Time since last: 1000376861 ns, Reaching safepoint: 251100 ns, At safepoint: 4451 ns, Total: 255551 ns
[2022-09-06T13:30:00.098+0000][68][safepoint   ] Safepoint "Cleanup", Time since last: 3000593153 ns, Reaching safepoint: 177398 ns, At safepoint: 4693 ns, Total: 182091 ns
[2022-09-06T13:30:07.099+0000][68][safepoint   ] Safepoint "Cleanup", Time since last: 7001510733 ns, Reaching safepoint: 316546 ns, At safepoint: 6457 ns, Total: 323003 ns
[2022-09-06T13:30:09.100+0000][68][safepoint   ] Safepoint "Cleanup", Time since last: 2000541386 ns, Reaching safepoint: 213885 ns, At safepoint: 12028 ns, Total: 225913 ns
[2022-09-06T13:30:15.102+0000][68][safepoint   ] Safepoint "Cleanup", Time since last: 6001085791 ns, Reaching safepoint: 263176 ns, At safepoint: 12464 ns, Total: 275640 ns
[2022-09-06T13:30:23.104+0000][68][safepoint   ] Safepoint "Cleanup", Time since last: 8002008264 ns, Reaching safepoint: 222348 ns, At safepoint: 24994 ns, Total: 247342 ns
[2022-09-06T13:30:33.106+0000][68][safepoint   ] Safepoint "Cleanup", Time since last: 10002070237 ns, Reaching safepoint: 175406 ns, At safepoint: 3332 ns, Total: 178738 ns
[2022-09-06T13:30:35.107+0000][68][safepoint   ] Safepoint "Cleanup", Time since last: 2000338903 ns, Reaching safepoint: 323971 ns, At safepoint: 34397 ns, Total: 358368 ns
[2022-09-06T13:30:38.108+0000][68][safepoint   ] Safepoint "Cleanup", Time since last: 3000781542 ns, Reaching safepoint: 279772 ns, At safepoint: 120841 ns, Total: 400613 ns
[2022-09-06T13:30:39.109+0000][68][safepoint   ] Safepoint "Cleanup", Time since last: 1000519673 ns, Reaching safepoint: 161220 ns, At safepoint: 7211 ns, Total: 168431 ns
[2022-09-06T13:30:44.110+0000][68][safepoint   ] Safepoint "Cleanup", Time since last: 5000695394 ns, Reaching safepoint: 150881 ns, At safepoint: 15243 ns, Total: 166124 ns
[2022-09-06T13:30:47.110+0000][68][safepoint   ] Safepoint "Cleanup", Time since last: 3000482185 ns, Reaching safepoint: 293451 ns, At safepoint: 19640 ns, Total: 313091 ns
[2022-09-06T13:30:50.111+0000][68][safepoint   ] Safepoint "Cleanup", Time since last: 3000748601 ns, Reaching safepoint: 129292 ns, At safepoint: 4401 ns, Total: 133693 ns
[2022-09-06T13:30:51.112+0000][68][safepoint   ] Safepoint "Cleanup", Time since last: 1000325483 ns, Reaching safepoint: 170940 ns, At safepoint: 5205 ns, Total: 176145 ns
[2022-09-06T13:30:52.112+0000][68][safepoint   ] Safepoint "Cleanup", Time since last: 1000281224 ns, Reaching safepoint: 180792 ns, At safepoint: 8467 ns, Total: 189259 ns
[2022-09-06T13:30:53.113+0000][68][safepoint   ] Safepoint "Cleanup", Time since last: 1000428107 ns, Reaching safepoint: 171923 ns, At safepoint: 14241 ns, Total: 186164 ns
[2022-09-06T13:30:59.111+0000][68][gc,start    ] GC(21) Pause Young (Normal) (G1 Evacuation Pause)
[2022-09-06T13:30:59.111+0000][68][gc,task     ] GC(21) Using 8 workers of 8 for evacuation
[2022-09-06T13:30:59.111+0000][68][gc,age      ] GC(21) Desired survivor size 41943040 bytes, new threshold 15 (max threshold 15)
[2022-09-06T13:30:59.125+0000][68][gc,phases   ] GC(21)   Pre Evacuate Collection Set: 0.2ms
[2022-09-06T13:30:59.125+0000][68][gc,phases   ] GC(21)   Merge Heap Roots: 0.2ms
[2022-09-06T13:30:59.125+0000][68][gc,phases   ] GC(21)   Evacuate Collection Set: 11.1ms
[2022-09-06T13:30:59.125+0000][68][gc,phases   ] GC(21)   Post Evacuate Collection Set: 2.7ms
[2022-09-06T13:30:59.125+0000][68][gc,phases   ] GC(21)   Other: 0.1ms
[2022-09-06T13:30:59.125+0000][68][gc,age      ] GC(21) Age table with threshold 15 (max threshold 15)
[2022-09-06T13:30:59.125+0000][68][gc,age      ] GC(21) - age   1:    1090064 bytes,    1090064 total
[2022-09-06T13:30:59.125+0000][68][gc,age      ] GC(21) - age   2:      31896 bytes,    1121960 total
[2022-09-06T13:30:59.125+0000][68][gc,age      ] GC(21) - age   3:      23392 bytes,    1145352 total
[2022-09-06T13:30:59.125+0000][68][gc,age      ] GC(21) - age   4:     117136 bytes,    1262488 total
[2022-09-06T13:30:59.125+0000][68][gc,age      ] GC(21) - age   5:      30288 bytes,    1292776 total
[2022-09-06T13:30:59.125+0000][68][gc,age      ] GC(21) - age   6:     434152 bytes,    1726928 total
[2022-09-06T13:30:59.125+0000][68][gc,age      ] GC(21) - age   7:     424008 bytes,    2150936 total
[2022-09-06T13:30:59.125+0000][68][gc,age      ] GC(21) - age   8:     409496 bytes,    2560432 total
[2022-09-06T13:30:59.125+0000][68][gc,age      ] GC(21) - age   9:     211592 bytes,    2772024 total
[2022-09-06T13:30:59.125+0000][68][gc,age      ] GC(21) - age  10:    2639080 bytes,    5411104 total
[2022-09-06T13:30:59.125+0000][68][gc,age      ] GC(21) - age  11:   21329560 bytes,   26740664 total
[2022-09-06T13:30:59.125+0000][68][gc,heap     ] GC(21) Eden regions: 145->0(146)
[2022-09-06T13:30:59.125+0000][68][gc,heap     ] GC(21) Survivor regions: 8->7(20)
[2022-09-06T13:30:59.126+0000][68][gc,heap     ] GC(21) Old regions: 18->18
[2022-09-06T13:30:59.126+0000][68][gc,heap     ] GC(21) Archive regions: 2->2
[2022-09-06T13:30:59.126+0000][68][gc,heap     ] GC(21) Humongous regions: 2->2
[2022-09-06T13:30:59.126+0000][68][gc,metaspace] GC(21) Metaspace: 129873K(133376K)->129873K(133376K) NonClass: 112818K(114624K)->112818K(114624K) Class: 17055K(18752K)->17055K(18752K)
[2022-09-06T13:30:59.126+0000][68][gc          ] GC(21) Pause Young (Normal) (G1 Evacuation Pause) 689M->108M(1024M) 14.695ms
[2022-09-06T13:30:59.126+0000][68][gc,cpu      ] GC(21) User=0.09s Sys=0.00s Real=0.01s
[2022-09-06T13:30:59.126+0000][68][safepoint   ] Safepoint "G1CollectForAllocation", Time since last: 5997962826 ns, Reaching safepoint: 157158 ns, At safepoint: 14845533 ns, Total: 15002691 ns
[2022-09-06T13:31:05.127+0000][68][safepoint   ] Safepoint "Cleanup", Time since last: 6001250998 ns, Reaching safepoint: 129300 ns, At safepoint: 3076 ns, Total: 132376 ns
[2022-09-06T13:31:11.128+0000][68][safepoint   ] Safepoint "Cleanup", Time since last: 6001141590 ns, Reaching safepoint: 128752 ns, At safepoint: 17441 ns, Total: 146193 ns
[2022-09-06T13:31:21.131+0000][68][safepoint   ] Safepoint "Cleanup", Time since last: 10002155832 ns, Reaching safepoint: 289871 ns, At safepoint: 11260 ns, Total: 301131 ns
[2022-09-06T13:31:24.132+0000][68][safepoint   ] Safepoint "Cleanup", Time since last: 3000630051 ns, Reaching safepoint: 169294 ns, At safepoint: 8510 ns, Total: 177804 ns
[2022-09-06T13:31:26.132+0000][68][safepoint   ] Safepoint "Cleanup", Time since last: 2000471932 ns, Reaching safepoint: 243530 ns, At safepoint: 10246 ns, Total: 253776 ns
[2022-09-06T13:31:35.134+0000][68][safepoint   ] Safepoint "Cleanup", Time since last: 9001486650 ns, Reaching safepoint: 165939 ns, At safepoint: 7006 ns, Total: 172945 ns
[2022-09-06T13:31:41.135+0000][68][safepoint   ] Safepoint "Cleanup", Time since last: 6001720196 ns, Reaching safepoint: 160874 ns, At safepoint: 4857 ns, Total: 165731 ns
[2022-09-06T13:31:44.137+0000][68][safepoint   ] Safepoint "Cleanup", Time since last: 3000836862 ns, Reaching safepoint: 205787 ns, At safepoint: 9421 ns, Total: 215208 ns
[2022-09-06T13:31:47.138+0000][68][safepoint   ] Safepoint "Cleanup", Time since last: 3000786538 ns, Reaching safepoint: 169613 ns, At safepoint: 6167 ns, Total: 175780 ns
[2022-09-06T13:31:48.138+0000][68][safepoint   ] Safepoint "Cleanup", Time since last: 1000196926 ns, Reaching safepoint: 163065 ns, At safepoint: 3343 ns, Total: 166408 ns
[2022-09-06T13:31:50.139+0000][68][safepoint   ] Safepoint "Cleanup", Time since last: 2000457661 ns, Reaching safepoint: 166395 ns, At safepoint: 15313 ns, Total: 181708 ns
[2022-09-06T13:31:57.140+0000][68][safepoint   ] Safepoint "Cleanup", Time since last: 7001612244 ns, Reaching safepoint: 353798 ns, At safepoint: 8694 ns, Total: 362492 ns
[2022-09-06T13:32:00.142+0000][68][safepoint   ] Safepoint "Cleanup", Time since last: 3000575038 ns, Reaching safepoint: 224006 ns, At safepoint: 5334 ns, Total: 229340 ns
[2022-09-06T13:32:03.143+0000][68][safepoint   ] Safepoint "Cleanup", Time since last: 3000626245 ns, Reaching safepoint: 173387 ns, At safepoint: 6118 ns, Total: 179505 ns
[2022-09-06T13:32:05.144+0000][68][safepoint   ] Safepoint "Cleanup", Time since last: 2000596853 ns, Reaching safepoint: 349611 ns, At safepoint: 14088 ns, Total: 363699 ns
[2022-09-06T13:32:08.145+0000][68][safepoint   ] Safepoint "Cleanup", Time since last: 3001117058 ns, Reaching safepoint: 160930 ns, At safepoint: 5194 ns, Total: 166124 ns
[2022-09-06T13:32:11.146+0000][68][safepoint   ] Safepoint "Cleanup", Time since last: 3000855453 ns, Reaching safepoint: 363841 ns, At safepoint: 46970 ns, Total: 410811 ns
[2022-09-06T13:32:21.124+0000][68][safepoint   ] Safepoint "Cleanup", Time since last: 9977802972 ns, Reaching safepoint: 200264 ns, At safepoint: 6459 ns, Total: 206723 ns
[2022-09-06T13:32:23.125+0000][68][safepoint   ] Safepoint "Cleanup", Time since last: 2000445043 ns, Reaching safepoint: 158914 ns, At safepoint: 30150 ns, Total: 189064 ns
[2022-09-06T13:32:39.128+0000][68][safepoint   ] Safepoint "Cleanup", Time since last: 16003340247 ns, Reaching safepoint: 157255 ns, At safepoint: 6551 ns, Total: 163806 ns
[2022-09-06T13:32:44.130+0000][68][safepoint   ] Safepoint "Cleanup", Time since last: 5001125655 ns, Reaching safepoint: 165042 ns, At safepoint: 6284 ns, Total: 171326 ns
[2022-09-06T13:32:50.132+0000][68][safepoint   ] Safepoint "Cleanup", Time since last: 6001606197 ns, Reaching safepoint: 311798 ns, At safepoint: 56805 ns, Total: 368603 ns
[2022-09-06T13:32:51.132+0000][68][safepoint   ] Safepoint "Cleanup", Time since last: 1000289760 ns, Reaching safepoint: 172006 ns, At safepoint: 6065 ns, Total: 178071 ns
[2022-09-06T13:32:56.133+0000][68][safepoint   ] Safepoint "Cleanup", Time since last: 5001238758 ns, Reaching safepoint: 134718 ns, At safepoint: 6703 ns, Total: 141421 ns
[2022-09-06T13:32:59.134+0000][68][safepoint   ] Safepoint "Cleanup", Time since last: 3000780887 ns, Reaching safepoint: 148615 ns, At safepoint: 4087 ns, Total: 152702 ns
[2022-09-06T13:33:05.136+0000][68][safepoint   ] Safepoint "Cleanup", Time since last: 6001709791 ns, Reaching safepoint: 94865 ns, At safepoint: 12119 ns, Total: 106984 ns
[2022-09-06T13:33:08.137+0000][68][safepoint   ] Safepoint "Cleanup", Time since last: 3000686459 ns, Reaching safepoint: 189890 ns, At safepoint: 4700 ns, Total: 194590 ns
[2022-09-06T13:33:12.081+0000][68][gc,start    ] GC(22) Pause Young (Normal) (G1 Evacuation Pause)
[2022-09-06T13:33:12.081+0000][68][gc,task     ] GC(22) Using 8 workers of 8 for evacuation
[2022-09-06T13:33:12.081+0000][68][gc,age      ] GC(22) Desired survivor size 41943040 bytes, new threshold 15 (max threshold 15)
[2022-09-06T13:33:12.095+0000][68][gc,phases   ] GC(22)   Pre Evacuate Collection Set: 0.2ms
[2022-09-06T13:33:12.095+0000][68][gc,phases   ] GC(22)   Merge Heap Roots: 0.2ms
[2022-09-06T13:33:12.095+0000][68][gc,phases   ] GC(22)   Evacuate Collection Set: 10.0ms
[2022-09-06T13:33:12.095+0000][68][gc,phases   ] GC(22)   Post Evacuate Collection Set: 3.3ms
[2022-09-06T13:33:12.095+0000][68][gc,phases   ] GC(22)   Other: 0.1ms
[2022-09-06T13:33:12.095+0000][68][gc,age      ] GC(22) Age table with threshold 15 (max threshold 15)
[2022-09-06T13:33:12.095+0000][68][gc,age      ] GC(22) - age   1:    1534456 bytes,    1534456 total
[2022-09-06T13:33:12.095+0000][68][gc,age      ] GC(22) - age   2:     253960 bytes,    1788416 total
[2022-09-06T13:33:12.095+0000][68][gc,age      ] GC(22) - age   3:      29752 bytes,    1818168 total
[2022-09-06T13:33:12.095+0000][68][gc,age      ] GC(22) - age   4:      23264 bytes,    1841432 total
[2022-09-06T13:33:12.095+0000][68][gc,age      ] GC(22) - age   5:     116816 bytes,    1958248 total
[2022-09-06T13:33:12.095+0000][68][gc,age      ] GC(22) - age   6:      30288 bytes,    1988536 total
[2022-09-06T13:33:12.095+0000][68][gc,age      ] GC(22) - age   7:     434152 bytes,    2422688 total
[2022-09-06T13:33:12.095+0000][68][gc,age      ] GC(22) - age   8:     424008 bytes,    2846696 total
[2022-09-06T13:33:12.095+0000][68][gc,age      ] GC(22) - age   9:     392928 bytes,    3239624 total
[2022-09-06T13:33:12.095+0000][68][gc,age      ] GC(22) - age  10:     211592 bytes,    3451216 total
[2022-09-06T13:33:12.095+0000][68][gc,age      ] GC(22) - age  11:    2639080 bytes,    6090296 total
[2022-09-06T13:33:12.095+0000][68][gc,age      ] GC(22) - age  12:   21329560 bytes,   27419856 total
[2022-09-06T13:33:12.095+0000][68][gc,heap     ] GC(22) Eden regions: 146->0(145)
[2022-09-06T13:33:12.095+0000][68][gc,heap     ] GC(22) Survivor regions: 7->8(20)
[2022-09-06T13:33:12.095+0000][68][gc,heap     ] GC(22) Old regions: 18->18
[2022-09-06T13:33:12.095+0000][68][gc,heap     ] GC(22) Archive regions: 2->2
[2022-09-06T13:33:12.095+0000][68][gc,heap     ] GC(22) Humongous regions: 2->2
[2022-09-06T13:33:12.095+0000][68][gc,metaspace] GC(22) Metaspace: 129913K(133440K)->129913K(133440K) NonClass: 112858K(114688K)->112858K(114688K) Class: 17055K(18752K)->17055K(18752K)
[2022-09-06T13:33:12.095+0000][68][gc          ] GC(22) Pause Young (Normal) (G1 Evacuation Pause) 692M->111M(1024M) 14.093ms
[2022-09-06T13:33:12.095+0000][68][gc,cpu      ] GC(22) User=0.08s Sys=0.00s Real=0.01s
[2022-09-06T13:33:12.095+0000][68][safepoint   ] Safepoint "G1CollectForAllocation", Time since last: 3943796162 ns, Reaching safepoint: 156976 ns, At safepoint: 14283354 ns, Total: 14440330 ns
[2022-09-06T13:33:21.097+0000][68][safepoint   ] Safepoint "Cleanup", Time since last: 9001751638 ns, Reaching safepoint: 267597 ns, At safepoint: 9104 ns, Total: 276701 ns
[2022-09-06T13:33:28.099+0000][68][safepoint   ] Safepoint "Cleanup", Time since last: 7001513954 ns, Reaching safepoint: 236866 ns, At safepoint: 6180 ns, Total: 243046 ns
[2022-09-06T13:33:32.100+0000][68][safepoint   ] Safepoint "Cleanup", Time since last: 4000937178 ns, Reaching safepoint: 177509 ns, At safepoint: 6123 ns, Total: 183632 ns
[2022-09-06T13:33:35.101+0000][68][safepoint   ] Safepoint "Cleanup", Time since last: 3000699791 ns, Reaching safepoint: 150842 ns, At safepoint: 25893 ns, Total: 176735 ns
[2022-09-06T13:33:39.102+0000][68][safepoint   ] Safepoint "Cleanup", Time since last: 4001123044 ns, Reaching safepoint: 164648 ns, At safepoint: 5555 ns, Total: 170203 ns
[2022-09-06T13:33:44.104+0000][68][safepoint   ] Safepoint "Cleanup", Time since last: 5001328475 ns, Reaching safepoint: 185493 ns, At safepoint: 7181 ns, Total: 192674 ns
[2022-09-06T13:33:57.107+0000][68][safepoint   ] Safepoint "Cleanup", Time since last: 13003031786 ns, Reaching safepoint: 391313 ns, At safepoint: 10247 ns, Total: 401560 ns
[2022-09-06T13:33:59.108+0000][68][safepoint   ] Safepoint "Cleanup", Time since last: 2000568438 ns, Reaching safepoint: 130842 ns, At safepoint: 16798 ns, Total: 147640 ns
[2022-09-06T13:34:00.109+0000][68][safepoint   ] Safepoint "Cleanup", Time since last: 1000223759 ns, Reaching safepoint: 288188 ns, At safepoint: 17900 ns, Total: 306088 ns
[2022-09-06T13:34:02.109+0000][68][safepoint   ] Safepoint "Cleanup", Time since last: 2000347405 ns, Reaching safepoint: 158441 ns, At safepoint: 54491 ns, Total: 212932 ns
[2022-09-06T13:34:03.110+0000][68][safepoint   ] Safepoint "Cleanup", Time since last: 1000195791 ns, Reaching safepoint: 213148 ns, At safepoint: 6905 ns, Total: 220053 ns
[2022-09-06T13:34:05.110+0000][68][safepoint   ] Safepoint "Cleanup", Time since last: 2000519681 ns, Reaching safepoint: 207153 ns, At safepoint: 16833 ns, Total: 223986 ns
[2022-09-06T13:34:08.111+0000][68][safepoint   ] Safepoint "Cleanup", Time since last: 3000918606 ns, Reaching safepoint: 162223 ns, At safepoint: 3711 ns, Total: 165934 ns
[2022-09-06T13:34:09.112+0000][68][safepoint   ] Safepoint "Cleanup", Time since last: 1000348308 ns, Reaching safepoint: 280597 ns, At safepoint: 10493 ns, Total: 291090 ns
[2022-09-06T13:34:12.113+0000][68][safepoint   ] Safepoint "Cleanup", Time since last: 3000855137 ns, Reaching safepoint: 163481 ns, At safepoint: 5582 ns, Total: 169063 ns
[2022-09-06T13:34:14.113+0000][68][safepoint   ] Safepoint "Cleanup", Time since last: 2000298134 ns, Reaching safepoint: 138026 ns, At safepoint: 19016 ns, Total: 157042 ns
[2022-09-06T13:34:23.116+0000][68][safepoint   ] Safepoint "Cleanup", Time since last: 9001779715 ns, Reaching safepoint: 264978 ns, At safepoint: 25100 ns, Total: 290078 ns
[2022-09-06T13:34:24.116+0000][68][safepoint   ] Safepoint "Cleanup", Time since last: 1000400988 ns, Reaching safepoint: 183265 ns, At safepoint: 9567 ns, Total: 192832 ns
[2022-09-06T13:34:32.118+0000][68][safepoint   ] Safepoint "Cleanup", Time since last: 8001706011 ns, Reaching safepoint: 249103 ns, At safepoint: 46664 ns, Total: 295767 ns
[2022-09-06T13:34:33.119+0000][68][safepoint   ] Safepoint "Cleanup", Time since last: 1000389756 ns, Reaching safepoint: 156622 ns, At safepoint: 3868 ns, Total: 160490 ns
[2022-09-06T13:34:36.120+0000][68][safepoint   ] Safepoint "Cleanup", Time since last: 3000633518 ns, Reaching safepoint: 189546 ns, At safepoint: 6631 ns, Total: 196177 ns
[2022-09-06T13:34:44.121+0000][68][safepoint   ] Safepoint "Cleanup", Time since last: 8001751515 ns, Reaching safepoint: 145279 ns, At safepoint: 5712 ns, Total: 150991 ns
[2022-09-06T13:34:48.122+0000][68][safepoint   ] Safepoint "Cleanup", Time since last: 4000669296 ns, Reaching safepoint: 152059 ns, At safepoint: 7707 ns, Total: 159766 ns
[2022-09-06T13:34:51.123+0000][68][safepoint   ] Safepoint "Cleanup", Time since last: 3000731017 ns, Reaching safepoint: 176090 ns, At safepoint: 5087 ns, Total: 181177 ns
[2022-09-06T13:35:05.126+0000][68][safepoint   ] Safepoint "Cleanup", Time since last: 14002469046 ns, Reaching safepoint: 127790 ns, At safepoint: 4473 ns, Total: 132263 ns
[2022-09-06T13:35:11.127+0000][68][safepoint   ] Safepoint "Cleanup", Time since last: 6001517626 ns, Reaching safepoint: 136736 ns, At safepoint: 13961 ns, Total: 150697 ns
[2022-09-06T13:35:12.128+0000][68][safepoint   ] Safepoint "Cleanup", Time since last: 1000324271 ns, Reaching safepoint: 343350 ns, At safepoint: 10523 ns, Total: 353873 ns
[2022-09-06T13:35:14.129+0000][68][safepoint   ] Safepoint "Cleanup", Time since last: 2000450058 ns, Reaching safepoint: 135093 ns, At safepoint: 3600 ns, Total: 138693 ns
[2022-09-06T13:35:23.126+0000][68][gc,start    ] GC(23) Pause Young (Normal) (G1 Evacuation Pause)
[2022-09-06T13:35:23.126+0000][68][gc,task     ] GC(23) Using 8 workers of 8 for evacuation
[2022-09-06T13:35:23.126+0000][68][gc,age      ] GC(23) Desired survivor size 41943040 bytes, new threshold 15 (max threshold 15)
[2022-09-06T13:35:23.138+0000][68][gc,phases   ] GC(23)   Pre Evacuate Collection Set: 0.1ms
[2022-09-06T13:35:23.138+0000][68][gc,phases   ] GC(23)   Merge Heap Roots: 0.1ms
[2022-09-06T13:35:23.138+0000][68][gc,phases   ] GC(23)   Evacuate Collection Set: 9.3ms
[2022-09-06T13:35:23.138+0000][68][gc,phases   ] GC(23)   Post Evacuate Collection Set: 2.2ms
[2022-09-06T13:35:23.138+0000][68][gc,phases   ] GC(23)   Other: 0.1ms
[2022-09-06T13:35:23.138+0000][68][gc,age      ] GC(23) Age table with threshold 15 (max threshold 15)
[2022-09-06T13:35:23.138+0000][68][gc,age      ] GC(23) - age   1:    1453792 bytes,    1453792 total
[2022-09-06T13:35:23.138+0000][68][gc,age      ] GC(23) - age   2:       9744 bytes,    1463536 total
[2022-09-06T13:35:23.138+0000][68][gc,age      ] GC(23) - age   3:     248600 bytes,    1712136 total
[2022-09-06T13:35:23.138+0000][68][gc,age      ] GC(23) - age   4:      16512 bytes,    1728648 total
[2022-09-06T13:35:23.138+0000][68][gc,age      ] GC(23) - age   5:      18928 bytes,    1747576 total
[2022-09-06T13:35:23.138+0000][68][gc,age      ] GC(23) - age   6:     108240 bytes,    1855816 total
[2022-09-06T13:35:23.138+0000][68][gc,age      ] GC(23) - age   7:      25984 bytes,    1881800 total
[2022-09-06T13:35:23.138+0000][68][gc,age      ] GC(23) - age   8:     429752 bytes,    2311552 total
[2022-09-06T13:35:23.138+0000][68][gc,age      ] GC(23) - age   9:     419456 bytes,    2731008 total
[2022-09-06T13:35:23.138+0000][68][gc,age      ] GC(23) - age  10:     388656 bytes,    3119664 total
[2022-09-06T13:35:23.138+0000][68][gc,age      ] GC(23) - age  11:     207384 bytes,    3327048 total
[2022-09-06T13:35:23.138+0000][68][gc,age      ] GC(23) - age  12:    2639064 bytes,    5966112 total
[2022-09-06T13:35:23.138+0000][68][gc,age      ] GC(23) - age  13:   21329320 bytes,   27295432 total
[2022-09-06T13:35:23.138+0000][68][gc,heap     ] GC(23) Eden regions: 145->0(145)
[2022-09-06T13:35:23.138+0000][68][gc,heap     ] GC(23) Survivor regions: 8->8(20)
[2022-09-06T13:35:23.138+0000][68][gc,heap     ] GC(23) Old regions: 18->18
[2022-09-06T13:35:23.138+0000][68][gc,heap     ] GC(23) Archive regions: 2->2
[2022-09-06T13:35:23.138+0000][68][gc,heap     ] GC(23) Humongous regions: 2->2
[2022-09-06T13:35:23.138+0000][68][gc,metaspace] GC(23) Metaspace: 129927K(133440K)->129927K(133440K) NonClass: 112872K(114688K)->112872K(114688K) Class: 17055K(18752K)->17055K(18752K)
[2022-09-06T13:35:23.138+0000][68][gc          ] GC(23) Pause Young (Normal) (G1 Evacuation Pause) 691M->109M(1024M) 12.155ms
[2022-09-06T13:35:23.138+0000][68][gc,cpu      ] GC(23) User=0.08s Sys=0.00s Real=0.01s
[2022-09-06T13:35:23.138+0000][68][safepoint   ] Safepoint "G1CollectForAllocation", Time since last: 8997120043 ns, Reaching safepoint: 131110 ns, At safepoint: 12285430 ns, Total: 12416540 ns
[2022-09-06T13:35:26.139+0000][68][safepoint   ] Safepoint "Cleanup", Time since last: 3000528609 ns, Reaching safepoint: 127954 ns, At safepoint: 15119 ns, Total: 143073 ns
[2022-09-06T13:35:33.140+0000][68][safepoint   ] Safepoint "Cleanup", Time since last: 7000945465 ns, Reaching safepoint: 149266 ns, At safepoint: 4208 ns, Total: 153474 ns
[2022-09-06T13:35:34.141+0000][68][safepoint   ] Safepoint "Cleanup", Time since last: 1000238823 ns, Reaching safepoint: 192249 ns, At safepoint: 8450 ns, Total: 200699 ns
[2022-09-06T13:35:35.141+0000][68][safepoint   ] Safepoint "Cleanup", Time since last: 1000234864 ns, Reaching safepoint: 137122 ns, At safepoint: 30862 ns, Total: 167984 ns
[2022-09-06T13:35:36.142+0000][68][safepoint   ] Safepoint "Cleanup", Time since last: 1000331702 ns, Reaching safepoint: 535970 ns, At safepoint: 54209 ns, Total: 590179 ns
[2022-09-06T13:35:38.143+0000][68][safepoint   ] Safepoint "Cleanup", Time since last: 2000571913 ns, Reaching safepoint: 292480 ns, At safepoint: 24951 ns, Total: 317431 ns
[2022-09-06T13:35:44.145+0000][68][safepoint   ] Safepoint "Cleanup", Time since last: 6001835378 ns, Reaching safepoint: 162932 ns, At safepoint: 4951 ns, Total: 167883 ns
[2022-09-06T13:36:00.149+0000][68][safepoint   ] Safepoint "Cleanup", Time since last: 16004020369 ns, Reaching safepoint: 365704 ns, At safepoint: 10109 ns, Total: 375813 ns
[2022-09-06T13:36:03.150+0000][68][safepoint   ] Safepoint "Cleanup", Time since last: 3000786938 ns, Reaching safepoint: 169990 ns, At safepoint: 7268 ns, Total: 177258 ns
[2022-09-06T13:36:09.152+0000][68][safepoint   ] Safepoint "Cleanup", Time since last: 6001582344 ns, Reaching safepoint: 179560 ns, At safepoint: 5304 ns, Total: 184864 ns
[2022-09-06T13:36:15.153+0000][68][safepoint   ] Safepoint "Cleanup", Time since last: 6001378722 ns, Reaching safepoint: 158960 ns, At safepoint: 4031 ns, Total: 162991 ns
[2022-09-06T13:36:17.154+0000][68][safepoint   ] Safepoint "Cleanup", Time since last: 2000765916 ns, Reaching safepoint: 176606 ns, At safepoint: 4314 ns, Total: 180920 ns
[2022-09-06T13:36:20.155+0000][68][safepoint   ] Safepoint "Cleanup", Time since last: 3000756595 ns, Reaching safepoint: 135654 ns, At safepoint: 16304 ns, Total: 151958 ns
[2022-09-06T13:36:21.156+0000][68][safepoint   ] Safepoint "Cleanup", Time since last: 1000308367 ns, Reaching safepoint: 270729 ns, At safepoint: 10084 ns, Total: 280813 ns
[2022-09-06T13:36:23.157+0000][68][safepoint   ] Safepoint "Cleanup", Time since last: 2000592634 ns, Reaching safepoint: 155486 ns, At safepoint: 6500 ns, Total: 161986 ns
[2022-09-06T13:36:24.157+0000][68][safepoint   ] Safepoint "Cleanup", Time since last: 1000276381 ns, Reaching safepoint: 174194 ns, At safepoint: 7683 ns, Total: 181877 ns
[2022-09-06T13:36:27.158+0000][68][safepoint   ] Safepoint "Cleanup", Time since last: 3000832820 ns, Reaching safepoint: 161900 ns, At safepoint: 8051 ns, Total: 169951 ns
[2022-09-06T13:36:32.159+0000][68][safepoint   ] Safepoint "Cleanup", Time since last: 5001156391 ns, Reaching safepoint: 151636 ns, At safepoint: 4403 ns, Total: 156039 ns
[2022-09-06T13:36:34.160+0000][68][safepoint   ] Safepoint "Cleanup", Time since last: 2000511934 ns, Reaching safepoint: 175060 ns, At safepoint: 7175 ns, Total: 182235 ns
[2022-09-06T13:36:44.162+0000][68][safepoint   ] Safepoint "Cleanup", Time since last: 10002305709 ns, Reaching safepoint: 188518 ns, At safepoint: 4228 ns, Total: 192746 ns
[2022-09-06T13:36:46.163+0000][68][safepoint   ] Safepoint "Cleanup", Time since last: 2000562355 ns, Reaching safepoint: 179243 ns, At safepoint: 16012 ns, Total: 195255 ns
[2022-09-06T13:36:47.164+0000][68][safepoint   ] Safepoint "Cleanup", Time since last: 1000467178 ns, Reaching safepoint: 175870 ns, At safepoint: 4165 ns, Total: 180035 ns
[2022-09-06T13:36:56.166+0000][68][safepoint   ] Safepoint "Cleanup", Time since last: 9002202719 ns, Reaching safepoint: 144176 ns, At safepoint: 6648 ns, Total: 150824 ns
[2022-09-06T13:36:59.167+0000][68][safepoint   ] Safepoint "Cleanup", Time since last: 3000809847 ns, Reaching safepoint: 261077 ns, At safepoint: 31552 ns, Total: 292629 ns
[2022-09-06T13:37:05.169+0000][68][safepoint   ] Safepoint "Cleanup", Time since last: 6001560881 ns, Reaching safepoint: 186558 ns, At safepoint: 8186 ns, Total: 194744 ns
[2022-09-06T13:37:09.170+0000][68][safepoint   ] Safepoint "Cleanup", Time since last: 4001115773 ns, Reaching safepoint: 168914 ns, At safepoint: 5205 ns, Total: 174119 ns
[2022-09-06T13:37:23.174+0000][68][safepoint   ] Safepoint "Cleanup", Time since last: 14003615899 ns, Reaching safepoint: 170867 ns, At safepoint: 4605 ns, Total: 175472 ns
[2022-09-06T13:37:35.118+0000][68][gc,start    ] GC(24) Pause Young (Normal) (G1 Evacuation Pause)
[2022-09-06T13:37:35.118+0000][68][gc,task     ] GC(24) Using 8 workers of 8 for evacuation
[2022-09-06T13:37:35.118+0000][68][gc,age      ] GC(24) Desired survivor size 41943040 bytes, new threshold 15 (max threshold 15)
[2022-09-06T13:37:35.130+0000][68][gc,phases   ] GC(24)   Pre Evacuate Collection Set: 0.2ms
[2022-09-06T13:37:35.130+0000][68][gc,phases   ] GC(24)   Merge Heap Roots: 0.1ms
[2022-09-06T13:37:35.130+0000][68][gc,phases   ] GC(24)   Evacuate Collection Set: 9.0ms
[2022-09-06T13:37:35.130+0000][68][gc,phases   ] GC(24)   Post Evacuate Collection Set: 2.5ms
[2022-09-06T13:37:35.130+0000][68][gc,phases   ] GC(24)   Other: 0.1ms
[2022-09-06T13:37:35.130+0000][68][gc,age      ] GC(24) Age table with threshold 15 (max threshold 15)
[2022-09-06T13:37:35.130+0000][68][gc,age      ] GC(24) - age   1:    1210624 bytes,    1210624 total
[2022-09-06T13:37:35.130+0000][68][gc,age      ] GC(24) - age   2:      13608 bytes,    1224232 total
[2022-09-06T13:37:35.130+0000][68][gc,age      ] GC(24) - age   3:       7664 bytes,    1231896 total
[2022-09-06T13:37:35.130+0000][68][gc,age      ] GC(24) - age   4:     248176 bytes,    1480072 total
[2022-09-06T13:37:35.130+0000][68][gc,age      ] GC(24) - age   5:      16512 bytes,    1496584 total
[2022-09-06T13:37:35.130+0000][68][gc,age      ] GC(24) - age   6:      18744 bytes,    1515328 total
[2022-09-06T13:37:35.130+0000][68][gc,age      ] GC(24) - age   7:     108056 bytes,    1623384 total
[2022-09-06T13:37:35.130+0000][68][gc,age      ] GC(24) - age   8:      25984 bytes,    1649368 total
[2022-09-06T13:37:35.130+0000][68][gc,age      ] GC(24) - age   9:     429752 bytes,    2079120 total
[2022-09-06T13:37:35.130+0000][68][gc,age      ] GC(24) - age  10:     419456 bytes,    2498576 total
[2022-09-06T13:37:35.130+0000][68][gc,age      ] GC(24) - age  11:     388656 bytes,    2887232 total
[2022-09-06T13:37:35.130+0000][68][gc,age      ] GC(24) - age  12:     207384 bytes,    3094616 total
[2022-09-06T13:37:35.130+0000][68][gc,age      ] GC(24) - age  13:    2638968 bytes,    5733584 total
[2022-09-06T13:37:35.130+0000][68][gc,age      ] GC(24) - age  14:   21329096 bytes,   27062680 total
[2022-09-06T13:37:35.130+0000][68][gc,heap     ] GC(24) Eden regions: 145->0(146)
[2022-09-06T13:37:35.130+0000][68][gc,heap     ] GC(24) Survivor regions: 8->7(20)
[2022-09-06T13:37:35.130+0000][68][gc,heap     ] GC(24) Old regions: 18->18
[2022-09-06T13:37:35.130+0000][68][gc,heap     ] GC(24) Archive regions: 2->2
[2022-09-06T13:37:35.130+0000][68][gc,heap     ] GC(24) Humongous regions: 2->2
[2022-09-06T13:37:35.130+0000][68][gc,metaspace] GC(24) Metaspace: 129996K(133504K)->129996K(133504K) NonClass: 112938K(114752K)->112938K(114752K) Class: 17057K(18752K)->17057K(18752K)
[2022-09-06T13:37:35.130+0000][68][gc          ] GC(24) Pause Young (Normal) (G1 Evacuation Pause) 689M->109M(1024M) 12.101ms
[2022-09-06T13:37:35.130+0000][68][gc,cpu      ] GC(24) User=0.07s Sys=0.00s Real=0.02s
[2022-09-06T13:37:35.130+0000][68][safepoint   ] Safepoint "G1CollectForAllocation", Time since last: 11943099360 ns, Reaching safepoint: 198466 ns, At safepoint: 12237160 ns, Total: 12435626 ns
[2022-09-06T13:37:37.131+0000][68][safepoint   ] Safepoint "Cleanup", Time since last: 2000493552 ns, Reaching safepoint: 174325 ns, At safepoint: 4107 ns, Total: 178432 ns
[2022-09-06T13:37:39.116+0000][68][safepoint   ] Safepoint "Cleanup", Time since last: 1984811012 ns, Reaching safepoint: 333311 ns, At safepoint: 28675 ns, Total: 361986 ns
[2022-09-06T13:37:44.117+0000][68][safepoint   ] Safepoint "Cleanup", Time since last: 5001378395 ns, Reaching safepoint: 148527 ns, At safepoint: 9400 ns, Total: 157927 ns
[2022-09-06T13:38:00.121+0000][68][safepoint   ] Safepoint "Cleanup", Time since last: 16003602428 ns, Reaching safepoint: 145580 ns, At safepoint: 7641 ns, Total: 153221 ns
[2022-09-06T13:38:06.122+0000][68][safepoint   ] Safepoint "Cleanup", Time since last: 6001203934 ns, Reaching safepoint: 169012 ns, At safepoint: 7825 ns, Total: 176837 ns
[2022-09-06T13:38:09.123+0000][68][safepoint   ] Safepoint "Cleanup", Time since last: 3000794017 ns, Reaching safepoint: 220008 ns, At safepoint: 5149 ns, Total: 225157 ns
[2022-09-06T13:38:14.124+0000][68][safepoint   ] Safepoint "Cleanup", Time since last: 5001114119 ns, Reaching safepoint: 148756 ns, At safepoint: 24504 ns, Total: 173260 ns
[2022-09-06T13:38:15.125+0000][68][safepoint   ] Safepoint "Cleanup", Time since last: 1000329715 ns, Reaching safepoint: 166748 ns, At safepoint: 7877 ns, Total: 174625 ns
[2022-09-06T13:38:17.126+0000][68][safepoint   ] Safepoint "Cleanup", Time since last: 2000528083 ns, Reaching safepoint: 248642 ns, At safepoint: 30769 ns, Total: 279411 ns
[2022-09-06T13:38:24.151+0000][68][safepoint   ] Safepoint "Cleanup", Time since last: 7025237971 ns, Reaching safepoint: 181907 ns, At safepoint: 10072 ns, Total: 191979 ns
[2022-09-06T13:38:35.153+0000][68][safepoint   ] Safepoint "Cleanup", Time since last: 11001741832 ns, Reaching safepoint: 206426 ns, At safepoint: 49888 ns, Total: 256314 ns
[2022-09-06T13:38:37.154+0000][68][safepoint   ] Safepoint "Cleanup", Time since last: 2000444543 ns, Reaching safepoint: 193534 ns, At safepoint: 23458 ns, Total: 216992 ns
[2022-09-06T13:38:44.155+0000][68][safepoint   ] Safepoint "Cleanup", Time since last: 7001432002 ns, Reaching safepoint: 173388 ns, At safepoint: 35163 ns, Total: 208551 ns
[2022-09-06T13:38:45.156+0000][68][safepoint   ] Safepoint "Cleanup", Time since last: 1000295556 ns, Reaching safepoint: 159988 ns, At safepoint: 4501 ns, Total: 164489 ns
[2022-09-06T13:38:51.158+0000][68][safepoint   ] Safepoint "Cleanup", Time since last: 6001478448 ns, Reaching safepoint: 236952 ns, At safepoint: 8288 ns, Total: 245240 ns
[2022-09-06T13:39:09.161+0000][68][safepoint   ] Safepoint "Cleanup", Time since last: 18003597227 ns, Reaching safepoint: 173463 ns, At safepoint: 4650 ns, Total: 178113 ns
[2022-09-06T13:39:20.164+0000][68][safepoint   ] Safepoint "Cleanup", Time since last: 11002530280 ns, Reaching safepoint: 186216 ns, At safepoint: 4675 ns, Total: 190891 ns
[2022-09-06T13:39:23.165+0000][68][safepoint   ] Safepoint "Cleanup", Time since last: 3000672346 ns, Reaching safepoint: 189450 ns, At safepoint: 10021 ns, Total: 199471 ns
[2022-09-06T13:39:36.168+0000][68][safepoint   ] Safepoint "Cleanup", Time since last: 13002746185 ns, Reaching safepoint: 170566 ns, At safepoint: 4351 ns, Total: 174917 ns
[2022-09-06T13:39:44.150+0000][68][gc,start    ] GC(25) Pause Young (Normal) (G1 Evacuation Pause)
[2022-09-06T13:39:44.151+0000][68][gc,task     ] GC(25) Using 8 workers of 8 for evacuation
[2022-09-06T13:39:44.151+0000][68][gc,age      ] GC(25) Desired survivor size 41943040 bytes, new threshold 15 (max threshold 15)
[2022-09-06T13:39:44.164+0000][68][gc,phases   ] GC(25)   Pre Evacuate Collection Set: 0.1ms
[2022-09-06T13:39:44.164+0000][68][gc,phases   ] GC(25)   Merge Heap Roots: 0.1ms
[2022-09-06T13:39:44.164+0000][68][gc,phases   ] GC(25)   Evacuate Collection Set: 10.9ms
[2022-09-06T13:39:44.164+0000][68][gc,phases   ] GC(25)   Post Evacuate Collection Set: 2.5ms
[2022-09-06T13:39:44.164+0000][68][gc,phases   ] GC(25)   Other: 0.1ms
[2022-09-06T13:39:44.164+0000][68][gc,age      ] GC(25) Age table with threshold 15 (max threshold 15)
[2022-09-06T13:39:44.164+0000][68][gc,age      ] GC(25) - age   1:    1490648 bytes,    1490648 total
[2022-09-06T13:39:44.164+0000][68][gc,age      ] GC(25) - age   2:      12112 bytes,    1502760 total
[2022-09-06T13:39:44.164+0000][68][gc,age      ] GC(25) - age   3:      11648 bytes,    1514408 total
[2022-09-06T13:39:44.164+0000][68][gc,age      ] GC(25) - age   4:       6928 bytes,    1521336 total
[2022-09-06T13:39:44.164+0000][68][gc,age      ] GC(25) - age   5:     241720 bytes,    1763056 total
[2022-09-06T13:39:44.164+0000][68][gc,age      ] GC(25) - age   6:      16424 bytes,    1779480 total
[2022-09-06T13:39:44.164+0000][68][gc,age      ] GC(25) - age   7:      18168 bytes,    1797648 total
[2022-09-06T13:39:44.164+0000][68][gc,age      ] GC(25) - age   8:     108056 bytes,    1905704 total
[2022-09-06T13:39:44.164+0000][68][gc,age      ] GC(25) - age   9:      25984 bytes,    1931688 total
[2022-09-06T13:39:44.164+0000][68][gc,age      ] GC(25) - age  10:     429752 bytes,    2361440 total
[2022-09-06T13:39:44.164+0000][68][gc,age      ] GC(25) - age  11:     419456 bytes,    2780896 total
[2022-09-06T13:39:44.164+0000][68][gc,age      ] GC(25) - age  12:     388656 bytes,    3169552 total
[2022-09-06T13:39:44.164+0000][68][gc,age      ] GC(25) - age  13:     207384 bytes,    3376936 total
[2022-09-06T13:39:44.164+0000][68][gc,age      ] GC(25) - age  14:    2638968 bytes,    6015904 total
[2022-09-06T13:39:44.164+0000][68][gc,age      ] GC(25) - age  15:   21329096 bytes,   27345000 total
[2022-09-06T13:39:44.164+0000][68][gc,heap     ] GC(25) Eden regions: 146->0(145)
[2022-09-06T13:39:44.164+0000][68][gc,heap     ] GC(25) Survivor regions: 7->8(20)
[2022-09-06T13:39:44.164+0000][68][gc,heap     ] GC(25) Old regions: 18->18
[2022-09-06T13:39:44.164+0000][68][gc,heap     ] GC(25) Archive regions: 2->2
[2022-09-06T13:39:44.164+0000][68][gc,heap     ] GC(25) Humongous regions: 2->2
[2022-09-06T13:39:44.164+0000][68][gc,metaspace] GC(25) Metaspace: 130027K(133568K)->130027K(133568K) NonClass: 112968K(114816K)->112968K(114816K) Class: 17058K(18752K)->17058K(18752K)
[2022-09-06T13:39:44.165+0000][68][gc          ] GC(25) Pause Young (Normal) (G1 Evacuation Pause) 693M->110M(1024M) 14.031ms
[2022-09-06T13:39:44.165+0000][68][gc,cpu      ] GC(25) User=0.07s Sys=0.00s Real=0.01s
[2022-09-06T13:39:44.165+0000][68][safepoint   ] Safepoint "G1CollectForAllocation", Time since last: 7982157084 ns, Reaching safepoint: 185724 ns, At safepoint: 14209949 ns, Total: 14395673 ns
[2022-09-06T13:39:47.165+0000][68][safepoint   ] Safepoint "Cleanup", Time since last: 3000382599 ns, Reaching safepoint: 90397 ns, At safepoint: 15801 ns, Total: 106198 ns
[2022-09-06T13:39:48.166+0000][68][safepoint   ] Safepoint "Cleanup", Time since last: 1000230106 ns, Reaching safepoint: 324909 ns, At safepoint: 8215 ns, Total: 333124 ns
[2022-09-06T13:40:02.169+0000][68][safepoint   ] Safepoint "Cleanup", Time since last: 14003443382 ns, Reaching safepoint: 143353 ns, At safepoint: 5038 ns, Total: 148391 ns
[2022-09-06T13:40:03.170+0000][68][safepoint   ] Safepoint "Cleanup", Time since last: 1000354478 ns, Reaching safepoint: 184600 ns, At safepoint: 5995 ns, Total: 190595 ns
[2022-09-06T13:40:08.171+0000][68][safepoint   ] Safepoint "Cleanup", Time since last: 5000991919 ns, Reaching safepoint: 285977 ns, At safepoint: 12107 ns, Total: 298084 ns
[2022-09-06T13:40:12.152+0000][68][safepoint   ] Safepoint "Cleanup", Time since last: 3981206720 ns, Reaching safepoint: 262361 ns, At safepoint: 28053 ns, Total: 290414 ns
[2022-09-06T13:40:21.154+0000][68][safepoint   ] Safepoint "Cleanup", Time since last: 9001817843 ns, Reaching safepoint: 173049 ns, At safepoint: 6172 ns, Total: 179221 ns
[2022-09-06T13:40:24.155+0000][68][safepoint   ] Safepoint "Cleanup", Time since last: 3000717421 ns, Reaching safepoint: 224345 ns, At safepoint: 11528 ns, Total: 235873 ns
[2022-09-06T13:40:38.159+0000][68][safepoint   ] Safepoint "Cleanup", Time since last: 14002820798 ns, Reaching safepoint: 327019 ns, At safepoint: 39543 ns, Total: 366562 ns
[2022-09-06T13:40:39.159+0000][68][safepoint   ] Safepoint "Cleanup", Time since last: 1000248303 ns, Reaching safepoint: 311526 ns, At safepoint: 34850 ns, Total: 346376 ns
[2022-09-06T13:40:44.161+0000][68][safepoint   ] Safepoint "Cleanup", Time since last: 5001002739 ns, Reaching safepoint: 134463 ns, At safepoint: 6034 ns, Total: 140497 ns
[2022-09-06T13:40:48.162+0000][68][safepoint   ] Safepoint "Cleanup", Time since last: 4000697170 ns, Reaching safepoint: 243595 ns, At safepoint: 8378 ns, Total: 251973 ns
[2022-09-06T13:40:50.162+0000][68][safepoint   ] Safepoint "Cleanup", Time since last: 2000492870 ns, Reaching safepoint: 258112 ns, At safepoint: 34584 ns, Total: 292696 ns
[2022-09-06T13:40:51.163+0000][68][safepoint   ] Safepoint "Cleanup", Time since last: 1000255692 ns, Reaching safepoint: 175112 ns, At safepoint: 9132 ns, Total: 184244 ns
[2022-09-06T13:40:56.164+0000][68][safepoint   ] Safepoint "Cleanup", Time since last: 5001289341 ns, Reaching safepoint: 157597 ns, At safepoint: 7711 ns, Total: 165308 ns
[2022-09-06T13:41:12.166+0000][68][safepoint   ] Safepoint "Cleanup", Time since last: 16002609758 ns, Reaching safepoint: 200716 ns, At safepoint: 6440 ns, Total: 207156 ns
[2022-09-06T13:41:15.167+0000][68][safepoint   ] Safepoint "Cleanup", Time since last: 3000735194 ns, Reaching safepoint: 214079 ns, At safepoint: 10351 ns, Total: 224430 ns
[2022-09-06T13:41:24.169+0000][68][safepoint   ] Safepoint "Cleanup", Time since last: 9001886809 ns, Reaching safepoint: 235848 ns, At safepoint: 7875 ns, Total: 243723 ns
[2022-09-06T13:41:32.172+0000][68][safepoint   ] Safepoint "Cleanup", Time since last: 8001687997 ns, Reaching safepoint: 168510 ns, At safepoint: 5665 ns, Total: 174175 ns
[2022-09-06T13:41:33.173+0000][68][safepoint   ] Safepoint "Cleanup", Time since last: 1000337142 ns, Reaching safepoint: 228329 ns, At safepoint: 4552 ns, Total: 232881 ns
[2022-09-06T13:41:37.174+0000][68][safepoint   ] Safepoint "Cleanup", Time since last: 4000799932 ns, Reaching safepoint: 230558 ns, At safepoint: 5140 ns, Total: 235698 ns
[2022-09-06T13:41:38.174+0000][68][safepoint   ] Safepoint "Cleanup", Time since last: 1000447990 ns, Reaching safepoint: 224515 ns, At safepoint: 10971 ns, Total: 235486 ns
[2022-09-06T13:41:39.175+0000][68][safepoint   ] Safepoint "Cleanup", Time since last: 1000288297 ns, Reaching safepoint: 171447 ns, At safepoint: 6025 ns, Total: 177472 ns
[2022-09-06T13:41:40.175+0000][68][safepoint   ] Safepoint "Cleanup", Time since last: 1000293735 ns, Reaching safepoint: 166904 ns, At safepoint: 5585 ns, Total: 172489 ns
[2022-09-06T13:41:44.176+0000][68][safepoint   ] Safepoint "Cleanup", Time since last: 4000986393 ns, Reaching safepoint: 148125 ns, At safepoint: 4439 ns, Total: 152564 ns
[2022-09-06T13:41:45.177+0000][68][safepoint   ] Safepoint "Cleanup", Time since last: 1000436157 ns, Reaching safepoint: 177429 ns, At safepoint: 5867 ns, Total: 183296 ns
[2022-09-06T13:41:51.179+0000][68][safepoint   ] Safepoint "Cleanup", Time since last: 6001504253 ns, Reaching safepoint: 173035 ns, At safepoint: 5186 ns, Total: 178221 ns
[2022-09-06T13:41:56.131+0000][68][gc,start    ] GC(26) Pause Young (Normal) (G1 Evacuation Pause)
[2022-09-06T13:41:56.131+0000][68][gc,task     ] GC(26) Using 8 workers of 8 for evacuation
[2022-09-06T13:41:56.131+0000][68][gc,age      ] GC(26) Desired survivor size 41943040 bytes, new threshold 15 (max threshold 15)
[2022-09-06T13:41:56.143+0000][68][gc,phases   ] GC(26)   Pre Evacuate Collection Set: 0.1ms
[2022-09-06T13:41:56.143+0000][68][gc,phases   ] GC(26)   Merge Heap Roots: 0.1ms
[2022-09-06T13:41:56.143+0000][68][gc,phases   ] GC(26)   Evacuate Collection Set: 9.5ms
[2022-09-06T13:41:56.143+0000][68][gc,phases   ] GC(26)   Post Evacuate Collection Set: 2.1ms
[2022-09-06T13:41:56.143+0000][68][gc,phases   ] GC(26)   Other: 0.1ms
[2022-09-06T13:41:56.143+0000][68][gc,age      ] GC(26) Age table with threshold 15 (max threshold 15)
[2022-09-06T13:41:56.143+0000][68][gc,age      ] GC(26) - age   1:    1264992 bytes,    1264992 total
[2022-09-06T13:41:56.143+0000][68][gc,age      ] GC(26) - age   2:      24952 bytes,    1289944 total
[2022-09-06T13:41:56.143+0000][68][gc,age      ] GC(26) - age   3:      10840 bytes,    1300784 total
[2022-09-06T13:41:56.143+0000][68][gc,age      ] GC(26) - age   4:      11360 bytes,    1312144 total
[2022-09-06T13:41:56.143+0000][68][gc,age      ] GC(26) - age   5:       6928 bytes,    1319072 total
[2022-09-06T13:41:56.143+0000][68][gc,age      ] GC(26) - age   6:     241720 bytes,    1560792 total
[2022-09-06T13:41:56.143+0000][68][gc,age      ] GC(26) - age   7:      16424 bytes,    1577216 total
[2022-09-06T13:41:56.143+0000][68][gc,age      ] GC(26) - age   8:      18168 bytes,    1595384 total
[2022-09-06T13:41:56.143+0000][68][gc,age      ] GC(26) - age   9:     108056 bytes,    1703440 total
[2022-09-06T13:41:56.143+0000][68][gc,age      ] GC(26) - age  10:      25800 bytes,    1729240 total
[2022-09-06T13:41:56.143+0000][68][gc,age      ] GC(26) - age  11:     429752 bytes,    2158992 total
[2022-09-06T13:41:56.143+0000][68][gc,age      ] GC(26) - age  12:     419456 bytes,    2578448 total
[2022-09-06T13:41:56.143+0000][68][gc,age      ] GC(26) - age  13:     388656 bytes,    2967104 total
[2022-09-06T13:41:56.143+0000][68][gc,age      ] GC(26) - age  14:     207384 bytes,    3174488 total
[2022-09-06T13:41:56.143+0000][68][gc,age      ] GC(26) - age  15:    2638968 bytes,    5813456 total
[2022-09-06T13:41:56.143+0000][68][gc,heap     ] GC(26) Eden regions: 145->0(151)
[2022-09-06T13:41:56.143+0000][68][gc,heap     ] GC(26) Survivor regions: 8->2(20)
[2022-09-06T13:41:56.143+0000][68][gc,heap     ] GC(26) Old regions: 18->23
[2022-09-06T13:41:56.143+0000][68][gc,heap     ] GC(26) Archive regions: 2->2
[2022-09-06T13:41:56.143+0000][68][gc,heap     ] GC(26) Humongous regions: 2->2
[2022-09-06T13:41:56.143+0000][68][gc,metaspace] GC(26) Metaspace: 130065K(133568K)->130065K(133568K) NonClass: 113006K(114816K)->113006K(114816K) Class: 17059K(18752K)->17059K(18752K)
[2022-09-06T13:41:56.143+0000][68][gc          ] GC(26) Pause Young (Normal) (G1 Evacuation Pause) 690M->109M(1024M) 12.357ms
[2022-09-06T13:41:56.143+0000][68][gc,cpu      ] GC(26) User=0.08s Sys=0.00s Real=0.01s
[2022-09-06T13:41:56.143+0000][68][safepoint   ] Safepoint "G1CollectForAllocation", Time since last: 4951804971 ns, Reaching safepoint: 154657 ns, At safepoint: 12487845 ns, Total: 12642502 ns
[2022-09-06T13:42:15.147+0000][68][safepoint   ] Safepoint "Cleanup", Time since last: 19004272288 ns, Reaching safepoint: 208265 ns, At safepoint: 4525 ns, Total: 212790 ns
[2022-09-06T13:42:17.148+0000][68][safepoint   ] Safepoint "Cleanup", Time since last: 2000598160 ns, Reaching safepoint: 156567 ns, At safepoint: 10073 ns, Total: 166640 ns
[2022-09-06T13:42:24.150+0000][68][safepoint   ] Safepoint "Cleanup", Time since last: 7001063737 ns, Reaching safepoint: 554823 ns, At safepoint: 50501 ns, Total: 605324 ns
[2022-09-06T13:42:27.150+0000][68][safepoint   ] Safepoint "Cleanup", Time since last: 3000471506 ns, Reaching safepoint: 183901 ns, At safepoint: 5601 ns, Total: 189502 ns
[2022-09-06T13:42:32.152+0000][68][safepoint   ] Safepoint "Cleanup", Time since last: 5000756453 ns, Reaching safepoint: 282570 ns, At safepoint: 61625 ns, Total: 344195 ns
[2022-09-06T13:42:36.152+0000][68][safepoint   ] Safepoint "Cleanup", Time since last: 4000721011 ns, Reaching safepoint: 135263 ns, At safepoint: 6116 ns, Total: 141379 ns
[2022-09-06T13:42:37.153+0000][68][safepoint   ] Safepoint "Cleanup", Time since last: 1000275507 ns, Reaching safepoint: 189002 ns, At safepoint: 8274 ns, Total: 197276 ns
[2022-09-06T13:42:39.154+0000][68][safepoint   ] Safepoint "Cleanup", Time since last: 2000600546 ns, Reaching safepoint: 157776 ns, At safepoint: 8418 ns, Total: 166194 ns
[2022-09-06T13:42:41.154+0000][68][safepoint   ] Safepoint "Cleanup", Time since last: 2000554242 ns, Reaching safepoint: 193953 ns, At safepoint: 12204 ns, Total: 206157 ns
[2022-09-06T13:42:42.155+0000][68][safepoint   ] Safepoint "Cleanup", Time since last: 1000325937 ns, Reaching safepoint: 353168 ns, At safepoint: 18522 ns, Total: 371690 ns
[2022-09-06T13:42:43.156+0000][68][safepoint   ] Safepoint "Cleanup", Time since last: 1000239835 ns, Reaching safepoint: 196306 ns, At safepoint: 6248 ns, Total: 202554 ns
[2022-09-06T13:42:44.156+0000][68][safepoint   ] Safepoint "Cleanup", Time since last: 1000258355 ns, Reaching safepoint: 151350 ns, At safepoint: 45629 ns, Total: 196979 ns
[2022-09-06T13:42:45.157+0000][68][safepoint   ] Safepoint "Cleanup", Time since last: 1000518003 ns, Reaching safepoint: 170450 ns, At safepoint: 13054 ns, Total: 183504 ns
[2022-09-06T13:42:48.158+0000][68][safepoint   ] Safepoint "Cleanup", Time since last: 3000846210 ns, Reaching safepoint: 216523 ns, At safepoint: 8566 ns, Total: 225089 ns
[2022-09-06T13:42:50.158+0000][68][safepoint   ] Safepoint "Cleanup", Time since last: 2000477991 ns, Reaching safepoint: 136144 ns, At safepoint: 3848 ns, Total: 139992 ns
[2022-09-06T13:42:51.159+0000][68][safepoint   ] Safepoint "Cleanup", Time since last: 1000305977 ns, Reaching safepoint: 237341 ns, At safepoint: 4827 ns, Total: 242168 ns
[2022-09-06T13:42:53.160+0000][68][safepoint   ] Safepoint "Cleanup", Time since last: 2000749360 ns, Reaching safepoint: 172661 ns, At safepoint: 4057 ns, Total: 176718 ns
[2022-09-06T13:42:57.161+0000][68][safepoint   ] Safepoint "Cleanup", Time since last: 4001181715 ns, Reaching safepoint: 172853 ns, At safepoint: 4178 ns, Total: 177031 ns
[2022-09-06T13:43:24.167+0000][68][safepoint   ] Safepoint "Cleanup", Time since last: 27005703320 ns, Reaching safepoint: 172856 ns, At safepoint: 3679 ns, Total: 176535 ns
[2022-09-06T13:43:38.170+0000][68][safepoint   ] Safepoint "Cleanup", Time since last: 14002787461 ns, Reaching safepoint: 315086 ns, At safepoint: 8310 ns, Total: 323396 ns
[2022-09-06T13:43:39.171+0000][68][safepoint   ] Safepoint "Cleanup", Time since last: 1000558246 ns, Reaching safepoint: 198140 ns, At safepoint: 8750 ns, Total: 206890 ns
[2022-09-06T13:43:45.173+0000][68][safepoint   ] Safepoint "Cleanup", Time since last: 6001381424 ns, Reaching safepoint: 307578 ns, At safepoint: 10140 ns, Total: 317718 ns
[2022-09-06T13:43:48.174+0000][68][safepoint   ] Safepoint "Cleanup", Time since last: 3001154628 ns, Reaching safepoint: 202123 ns, At safepoint: 10867 ns, Total: 212990 ns
[2022-09-06T13:43:59.177+0000][68][safepoint   ] Safepoint "Cleanup", Time since last: 11002185223 ns, Reaching safepoint: 212257 ns, At safepoint: 18705 ns, Total: 230962 ns
[2022-09-06T13:43:59.188+0000][68][gc,start    ] GC(27) Pause Young (Normal) (G1 Evacuation Pause)
[2022-09-06T13:43:59.188+0000][68][gc,task     ] GC(27) Using 8 workers of 8 for evacuation
[2022-09-06T13:43:59.188+0000][68][gc,age      ] GC(27) Desired survivor size 41943040 bytes, new threshold 15 (max threshold 15)
[2022-09-06T13:43:59.194+0000][68][gc,phases   ] GC(27)   Pre Evacuate Collection Set: 0.1ms
[2022-09-06T13:43:59.194+0000][68][gc,phases   ] GC(27)   Merge Heap Roots: 0.1ms
[2022-09-06T13:43:59.194+0000][68][gc,phases   ] GC(27)   Evacuate Collection Set: 4.4ms
[2022-09-06T13:43:59.194+0000][68][gc,phases   ] GC(27)   Post Evacuate Collection Set: 1.2ms
[2022-09-06T13:43:59.194+0000][68][gc,phases   ] GC(27)   Other: 0.1ms
[2022-09-06T13:43:59.194+0000][68][gc,age      ] GC(27) Age table with threshold 15 (max threshold 15)
[2022-09-06T13:43:59.194+0000][68][gc,age      ] GC(27) - age   1:    2197976 bytes,    2197976 total
[2022-09-06T13:43:59.194+0000][68][gc,age      ] GC(27) - age   2:      10488 bytes,    2208464 total
[2022-09-06T13:43:59.194+0000][68][gc,age      ] GC(27) - age   3:      23128 bytes,    2231592 total
[2022-09-06T13:43:59.194+0000][68][gc,age      ] GC(27) - age   4:      10480 bytes,    2242072 total
[2022-09-06T13:43:59.194+0000][68][gc,age      ] GC(27) - age   5:      11296 bytes,    2253368 total
[2022-09-06T13:43:59.194+0000][68][gc,age      ] GC(27) - age   6:       6728 bytes,    2260096 total
[2022-09-06T13:43:59.194+0000][68][gc,age      ] GC(27) - age   7:      62792 bytes,    2322888 total
[2022-09-06T13:43:59.194+0000][68][gc,age      ] GC(27) - age   8:      16424 bytes,    2339312 total
[2022-09-06T13:43:59.194+0000][68][gc,age      ] GC(27) - age   9:      18168 bytes,    2357480 total
[2022-09-06T13:43:59.194+0000][68][gc,age      ] GC(27) - age  10:      90216 bytes,    2447696 total
[2022-09-06T13:43:59.194+0000][68][gc,age      ] GC(27) - age  11:      25800 bytes,    2473496 total
[2022-09-06T13:43:59.194+0000][68][gc,age      ] GC(27) - age  12:     429568 bytes,    2903064 total
[2022-09-06T13:43:59.194+0000][68][gc,age      ] GC(27) - age  13:     213608 bytes,    3116672 total
[2022-09-06T13:43:59.194+0000][68][gc,age      ] GC(27) - age  14:     387904 bytes,    3504576 total
[2022-09-06T13:43:59.194+0000][68][gc,age      ] GC(27) - age  15:     207384 bytes,    3711960 total
[2022-09-06T13:43:59.194+0000][68][gc,heap     ] GC(27) Eden regions: 151->0(151)
[2022-09-06T13:43:59.194+0000][68][gc,heap     ] GC(27) Survivor regions: 2->2(20)
[2022-09-06T13:43:59.194+0000][68][gc,heap     ] GC(27) Old regions: 23->24
[2022-09-06T13:43:59.194+0000][68][gc,heap     ] GC(27) Archive regions: 2->2
[2022-09-06T13:43:59.194+0000][68][gc,heap     ] GC(27) Humongous regions: 2->2
[2022-09-06T13:43:59.194+0000][68][gc,metaspace] GC(27) Metaspace: 130116K(133632K)->130116K(133632K) NonClass: 113056K(114880K)->113056K(114880K) Class: 17059K(18752K)->17059K(18752K)
[2022-09-06T13:43:59.194+0000][68][gc          ] GC(27) Pause Young (Normal) (G1 Evacuation Pause) 713M->109M(1024M) 6.179ms
[2022-09-06T13:43:59.194+0000][68][gc,cpu      ] GC(27) User=0.02s Sys=0.00s Real=0.01s
[2022-09-06T13:43:59.194+0000][68][safepoint   ] Safepoint "G1CollectForAllocation", Time since last: 10971612 ns, Reaching safepoint: 151833 ns, At safepoint: 6321731 ns, Total: 6473564 ns
[2022-09-06T13:44:05.196+0000][68][safepoint   ] Safepoint "Cleanup", Time since last: 6001421664 ns, Reaching safepoint: 186630 ns, At safepoint: 7255 ns, Total: 193885 ns
[2022-09-06T13:44:08.197+0000][68][safepoint   ] Safepoint "Cleanup", Time since last: 3000839463 ns, Reaching safepoint: 153875 ns, At safepoint: 4998 ns, Total: 158873 ns
[2022-09-06T13:44:09.197+0000][68][safepoint   ] Safepoint "Cleanup", Time since last: 1000290897 ns, Reaching safepoint: 220019 ns, At safepoint: 6548 ns, Total: 226567 ns
[2022-09-06T13:44:23.200+0000][68][safepoint   ] Safepoint "Cleanup", Time since last: 14002678273 ns, Reaching safepoint: 145089 ns, At safepoint: 7555 ns, Total: 152644 ns
[2022-09-06T13:44:56.207+0000][68][safepoint   ] Safepoint "Cleanup", Time since last: 33007103193 ns, Reaching safepoint: 198652 ns, At safepoint: 4282 ns, Total: 202934 ns
[2022-09-06T13:44:57.208+0000][68][safepoint   ] Safepoint "Cleanup", Time since last: 1000301557 ns, Reaching safepoint: 207104 ns, At safepoint: 13073 ns, Total: 220177 ns
[2022-09-06T13:45:00.209+0000][68][safepoint   ] Safepoint "Cleanup", Time since last: 3000813305 ns, Reaching safepoint: 241856 ns, At safepoint: 7051 ns, Total: 248907 ns
[2022-09-06T13:45:02.209+0000][68][safepoint   ] Safepoint "Cleanup", Time since last: 2000537857 ns, Reaching safepoint: 154465 ns, At safepoint: 5059 ns, Total: 159524 ns
[2022-09-06T13:45:15.212+0000][68][safepoint   ] Safepoint "Cleanup", Time since last: 13002741666 ns, Reaching safepoint: 189044 ns, At safepoint: 6314 ns, Total: 195358 ns
[2022-09-06T13:45:24.215+0000][68][safepoint   ] Safepoint "Cleanup", Time since last: 9002219791 ns, Reaching safepoint: 201063 ns, At safepoint: 10654 ns, Total: 211717 ns
[2022-09-06T13:45:44.220+0000][68][safepoint   ] Safepoint "Cleanup", Time since last: 20004573087 ns, Reaching safepoint: 407992 ns, At safepoint: 9639 ns, Total: 417631 ns
[2022-09-06T13:45:49.221+0000][68][safepoint   ] Safepoint "Cleanup", Time since last: 5001371553 ns, Reaching safepoint: 202877 ns, At safepoint: 9027 ns, Total: 211904 ns
[2022-09-06T13:45:50.222+0000][68][safepoint   ] Safepoint "Cleanup", Time since last: 1000302175 ns, Reaching safepoint: 166723 ns, At safepoint: 6308 ns, Total: 173031 ns
[2022-09-06T13:46:02.225+0000][68][safepoint   ] Safepoint "Cleanup", Time since last: 12002671976 ns, Reaching safepoint: 193020 ns, At safepoint: 5622 ns, Total: 198642 ns
[2022-09-06T13:46:14.228+0000][68][safepoint   ] Safepoint "Cleanup", Time since last: 12002748187 ns, Reaching safepoint: 219301 ns, At safepoint: 12228 ns, Total: 231529 ns
[2022-09-06T13:46:14.244+0000][68][gc,start    ] GC(28) Pause Young (Normal) (G1 Evacuation Pause)
[2022-09-06T13:46:14.244+0000][68][gc,task     ] GC(28) Using 8 workers of 8 for evacuation
[2022-09-06T13:46:14.244+0000][68][gc,age      ] GC(28) Desired survivor size 41943040 bytes, new threshold 15 (max threshold 15)
[2022-09-06T13:46:14.249+0000][68][gc,phases   ] GC(28)   Pre Evacuate Collection Set: 0.1ms
[2022-09-06T13:46:14.249+0000][68][gc,phases   ] GC(28)   Merge Heap Roots: 0.1ms
[2022-09-06T13:46:14.249+0000][68][gc,phases   ] GC(28)   Evacuate Collection Set: 2.4ms
[2022-09-06T13:46:14.249+0000][68][gc,phases   ] GC(28)   Post Evacuate Collection Set: 1.4ms
[2022-09-06T13:46:14.249+0000][68][gc,phases   ] GC(28)   Other: 0.1ms
[2022-09-06T13:46:14.249+0000][68][gc,age      ] GC(28) Age table with threshold 15 (max threshold 15)
[2022-09-06T13:46:14.249+0000][68][gc,age      ] GC(28) - age   1:    1055408 bytes,    1055408 total
[2022-09-06T13:46:14.249+0000][68][gc,age      ] GC(28) - age   2:     844280 bytes,    1899688 total
[2022-09-06T13:46:14.249+0000][68][gc,age      ] GC(28) - age   3:       9208 bytes,    1908896 total
[2022-09-06T13:46:14.249+0000][68][gc,age      ] GC(28) - age   4:      22584 bytes,    1931480 total
[2022-09-06T13:46:14.249+0000][68][gc,age      ] GC(28) - age   5:      10416 bytes,    1941896 total
[2022-09-06T13:46:14.249+0000][68][gc,age      ] GC(28) - age   6:      11296 bytes,    1953192 total
[2022-09-06T13:46:14.249+0000][68][gc,age      ] GC(28) - age   7:       6728 bytes,    1959920 total
[2022-09-06T13:46:14.249+0000][68][gc,age      ] GC(28) - age   8:      62536 bytes,    2022456 total
[2022-09-06T13:46:14.249+0000][68][gc,age      ] GC(28) - age   9:      16424 bytes,    2038880 total
[2022-09-06T13:46:14.249+0000][68][gc,age      ] GC(28) - age  10:      18168 bytes,    2057048 total
[2022-09-06T13:46:14.249+0000][68][gc,age      ] GC(28) - age  11:      90216 bytes,    2147264 total
[2022-09-06T13:46:14.249+0000][68][gc,age      ] GC(28) - age  12:      25800 bytes,    2173064 total
[2022-09-06T13:46:14.249+0000][68][gc,age      ] GC(28) - age  13:     429568 bytes,    2602632 total
[2022-09-06T13:46:14.249+0000][68][gc,age      ] GC(28) - age  14:     213608 bytes,    2816240 total
[2022-09-06T13:46:14.249+0000][68][gc,age      ] GC(28) - age  15:     387904 bytes,    3204144 total
[2022-09-06T13:46:14.249+0000][68][gc,heap     ] GC(28) Eden regions: 151->0(152)
[2022-09-06T13:46:14.249+0000][68][gc,heap     ] GC(28) Survivor regions: 2->1(20)
[2022-09-06T13:46:14.249+0000][68][gc,heap     ] GC(28) Old regions: 24->24
[2022-09-06T13:46:14.249+0000][68][gc,heap     ] GC(28) Archive regions: 2->2
[2022-09-06T13:46:14.249+0000][68][gc,heap     ] GC(28) Humongous regions: 2->2
[2022-09-06T13:46:14.249+0000][68][gc,metaspace] GC(28) Metaspace: 130148K(133632K)->130148K(133632K) NonClass: 113088K(114880K)->113088K(114880K) Class: 17059K(18752K)->17059K(18752K)
[2022-09-06T13:46:14.249+0000][68][gc          ] GC(28) Pause Young (Normal) (G1 Evacuation Pause) 713M->109M(1024M) 4.501ms
[2022-09-06T13:46:14.249+0000][68][gc,cpu      ] GC(28) User=0.02s Sys=0.00s Real=0.00s
[2022-09-06T13:46:14.249+0000][68][safepoint   ] Safepoint "G1CollectForAllocation", Time since last: 16360316 ns, Reaching safepoint: 151314 ns, At safepoint: 4629008 ns, Total: 4780322 ns
[2022-09-06T13:46:20.250+0000][68][safepoint   ] Safepoint "Cleanup", Time since last: 6001337840 ns, Reaching safepoint: 133901 ns, At safepoint: 6982 ns, Total: 140883 ns
[2022-09-06T13:46:21.251+0000][68][safepoint   ] Safepoint "Cleanup", Time since last: 1000251226 ns, Reaching safepoint: 143635 ns, At safepoint: 3989 ns, Total: 147624 ns
[2022-09-06T13:46:23.251+0000][68][safepoint   ] Safepoint "Cleanup", Time since last: 2000342617 ns, Reaching safepoint: 190590 ns, At safepoint: 10878 ns, Total: 201468 ns
[2022-09-06T13:46:24.252+0000][68][safepoint   ] Safepoint "Cleanup", Time since last: 1000289502 ns, Reaching safepoint: 336472 ns, At safepoint: 25561 ns, Total: 362033 ns
[2022-09-06T13:46:26.253+0000][68][safepoint   ] Safepoint "Cleanup", Time since last: 2000343451 ns, Reaching safepoint: 178151 ns, At safepoint: 7334 ns, Total: 185485 ns
[2022-09-06T13:46:35.255+0000][68][safepoint   ] Safepoint "Cleanup", Time since last: 9002051617 ns, Reaching safepoint: 200969 ns, At safepoint: 5812 ns, Total: 206781 ns
[2022-09-06T13:46:36.255+0000][68][safepoint   ] Safepoint "Cleanup", Time since last: 1000186165 ns, Reaching safepoint: 166139 ns, At safepoint: 7126 ns, Total: 173265 ns
[2022-09-06T13:46:38.256+0000][68][safepoint   ] Safepoint "Cleanup", Time since last: 2000388215 ns, Reaching safepoint: 266722 ns, At safepoint: 15247 ns, Total: 281969 ns
[2022-09-06T13:46:44.257+0000][68][safepoint   ] Safepoint "Cleanup", Time since last: 6001402383 ns, Reaching safepoint: 139661 ns, At safepoint: 9146 ns, Total: 148807 ns
[2022-09-06T13:47:00.180+0000][68][safepoint   ] Safepoint "Cleanup", Time since last: 15922959067 ns, Reaching safepoint: 149852 ns, At safepoint: 4549 ns, Total: 154401 ns
[2022-09-06T13:47:19.185+0000][68][safepoint   ] Safepoint "Cleanup", Time since last: 19004226145 ns, Reaching safepoint: 147846 ns, At safepoint: 8913 ns, Total: 156759 ns
[2022-09-06T13:47:24.186+0000][68][safepoint   ] Safepoint "Cleanup", Time since last: 5000782216 ns, Reaching safepoint: 176326 ns, At safepoint: 4211 ns, Total: 180537 ns
[2022-09-06T13:47:27.187+0000][68][safepoint   ] Safepoint "Cleanup", Time since last: 3000608875 ns, Reaching safepoint: 267270 ns, At safepoint: 10900 ns, Total: 278170 ns
[2022-09-06T13:47:33.188+0000][68][safepoint   ] Safepoint "Cleanup", Time since last: 6001409076 ns, Reaching safepoint: 152040 ns, At safepoint: 3532 ns, Total: 155572 ns
[2022-09-06T13:47:35.189+0000][68][safepoint   ] Safepoint "Cleanup", Time since last: 2000469970 ns, Reaching safepoint: 163725 ns, At safepoint: 5249 ns, Total: 168974 ns
[2022-09-06T13:47:38.190+0000][68][safepoint   ] Safepoint "Cleanup", Time since last: 3000656282 ns, Reaching safepoint: 131367 ns, At safepoint: 36750 ns, Total: 168117 ns
[2022-09-06T13:47:44.191+0000][68][safepoint   ] Safepoint "Cleanup", Time since last: 6001187801 ns, Reaching safepoint: 153581 ns, At safepoint: 18731 ns, Total: 172312 ns
[2022-09-06T13:47:45.191+0000][68][safepoint   ] Safepoint "Cleanup", Time since last: 1000201008 ns, Reaching safepoint: 215272 ns, At safepoint: 12558 ns, Total: 227830 ns
[2022-09-06T13:47:47.192+0000][68][safepoint   ] Safepoint "Cleanup", Time since last: 2000457426 ns, Reaching safepoint: 237061 ns, At safepoint: 23986 ns, Total: 261047 ns
[2022-09-06T13:47:48.192+0000][68][safepoint   ] Safepoint "Cleanup", Time since last: 1000162136 ns, Reaching safepoint: 125270 ns, At safepoint: 4235 ns, Total: 129505 ns
[2022-09-06T13:47:56.194+0000][68][safepoint   ] Safepoint "Cleanup", Time since last: 8001540217 ns, Reaching safepoint: 138383 ns, At safepoint: 14399 ns, Total: 152782 ns
[2022-09-06T13:48:08.196+0000][68][safepoint   ] Safepoint "Cleanup", Time since last: 12002612307 ns, Reaching safepoint: 151890 ns, At safepoint: 27174 ns, Total: 179064 ns
[2022-09-06T13:48:17.198+0000][68][safepoint   ] Safepoint "Cleanup", Time since last: 9002060101 ns, Reaching safepoint: 158969 ns, At safepoint: 17719 ns, Total: 176688 ns
[2022-09-06T13:48:18.199+0000][68][safepoint   ] Safepoint "Cleanup", Time since last: 1000340850 ns, Reaching safepoint: 203777 ns, At safepoint: 5658 ns, Total: 209435 ns
[2022-09-06T13:48:20.200+0000][68][safepoint   ] Safepoint "Cleanup", Time since last: 2000486755 ns, Reaching safepoint: 128166 ns, At safepoint: 5889 ns, Total: 134055 ns
[2022-09-06T13:48:23.200+0000][68][safepoint   ] Safepoint "Cleanup", Time since last: 3000529911 ns, Reaching safepoint: 131365 ns, At safepoint: 29159 ns, Total: 160524 ns
[2022-09-06T13:48:24.201+0000][68][safepoint   ] Safepoint "Cleanup", Time since last: 1000160151 ns, Reaching safepoint: 128859 ns, At safepoint: 4258 ns, Total: 133117 ns
[2022-09-06T13:48:26.319+0000][68][gc,start    ] GC(29) Pause Young (Normal) (G1 Evacuation Pause)
[2022-09-06T13:48:26.319+0000][68][gc,task     ] GC(29) Using 8 workers of 8 for evacuation
[2022-09-06T13:48:26.319+0000][68][gc,age      ] GC(29) Desired survivor size 41943040 bytes, new threshold 15 (max threshold 15)
[2022-09-06T13:48:26.323+0000][68][gc,phases   ] GC(29)   Pre Evacuate Collection Set: 0.2ms
[2022-09-06T13:48:26.323+0000][68][gc,phases   ] GC(29)   Merge Heap Roots: 0.2ms
[2022-09-06T13:48:26.323+0000][68][gc,phases   ] GC(29)   Evacuate Collection Set: 2.1ms
[2022-09-06T13:48:26.323+0000][68][gc,phases   ] GC(29)   Post Evacuate Collection Set: 1.0ms
[2022-09-06T13:48:26.323+0000][68][gc,phases   ] GC(29)   Other: 0.1ms
[2022-09-06T13:48:26.323+0000][68][gc,age      ] GC(29) Age table with threshold 15 (max threshold 15)
[2022-09-06T13:48:26.323+0000][68][gc,age      ] GC(29) - age   1:    1563704 bytes,    1563704 total
[2022-09-06T13:48:26.323+0000][68][gc,age      ] GC(29) - age   2:      10264 bytes,    1573968 total
[2022-09-06T13:48:26.323+0000][68][gc,age      ] GC(29) - age   3:     413024 bytes,    1986992 total
[2022-09-06T13:48:26.323+0000][68][gc,age      ] GC(29) - age   4:       9080 bytes,    1996072 total
[2022-09-06T13:48:26.323+0000][68][gc,age      ] GC(29) - age   5:      22416 bytes,    2018488 total
[2022-09-06T13:48:26.323+0000][68][gc,age      ] GC(29) - age   6:      10416 bytes,    2028904 total
[2022-09-06T13:48:26.323+0000][68][gc,age      ] GC(29) - age   7:      11112 bytes,    2040016 total
[2022-09-06T13:48:26.323+0000][68][gc,age      ] GC(29) - age   8:       6728 bytes,    2046744 total
[2022-09-06T13:48:26.323+0000][68][gc,age      ] GC(29) - age   9:      61664 bytes,    2108408 total
[2022-09-06T13:48:26.323+0000][68][gc,age      ] GC(29) - age  10:      15976 bytes,    2124384 total
[2022-09-06T13:48:26.323+0000][68][gc,age      ] GC(29) - age  11:      18168 bytes,    2142552 total
[2022-09-06T13:48:26.323+0000][68][gc,age      ] GC(29) - age  12:      17056 bytes,    2159608 total
[2022-09-06T13:48:26.323+0000][68][gc,age      ] GC(29) - age  13:      25800 bytes,    2185408 total
[2022-09-06T13:48:26.323+0000][68][gc,age      ] GC(29) - age  14:     429432 bytes,    2614840 total
[2022-09-06T13:48:26.323+0000][68][gc,age      ] GC(29) - age  15:     213608 bytes,    2828448 total
[2022-09-06T13:48:26.323+0000][68][gc,heap     ] GC(29) Eden regions: 152->0(152)
[2022-09-06T13:48:26.323+0000][68][gc,heap     ] GC(29) Survivor regions: 1->1(20)
[2022-09-06T13:48:26.323+0000][68][gc,heap     ] GC(29) Old regions: 24->24
[2022-09-06T13:48:26.323+0000][68][gc,heap     ] GC(29) Archive regions: 2->2
[2022-09-06T13:48:26.323+0000][68][gc,heap     ] GC(29) Humongous regions: 2->2
[2022-09-06T13:48:26.323+0000][68][gc,metaspace] GC(29) Metaspace: 130209K(133696K)->130209K(133696K) NonClass: 113146K(114944K)->113146K(114944K) Class: 17062K(18752K)->17062K(18752K)
[2022-09-06T13:48:26.323+0000][68][gc          ] GC(29) Pause Young (Normal) (G1 Evacuation Pause) 717M->109M(1024M) 3.859ms
[2022-09-06T13:48:26.323+0000][68][gc,cpu      ] GC(29) User=0.02s Sys=0.00s Real=0.00s
[2022-09-06T13:48:26.323+0000][68][safepoint   ] Safepoint "G1CollectForAllocation", Time since last: 2118287601 ns, Reaching safepoint: 161090 ns, At safepoint: 3997532 ns, Total: 4158622 ns
[2022-09-06T13:48:32.325+0000][68][safepoint   ] Safepoint "Cleanup", Time since last: 6001321131 ns, Reaching safepoint: 254920 ns, At safepoint: 14239 ns, Total: 269159 ns
[2022-09-06T13:48:44.328+0000][68][safepoint   ] Safepoint "Cleanup", Time since last: 12002449622 ns, Reaching safepoint: 162078 ns, At safepoint: 3903 ns, Total: 165981 ns
[2022-09-06T13:49:06.333+0000][68][safepoint   ] Safepoint "Cleanup", Time since last: 22004684565 ns, Reaching safepoint: 232044 ns, At safepoint: 6962 ns, Total: 239006 ns
[2022-09-06T13:49:11.334+0000][68][safepoint   ] Safepoint "Cleanup", Time since last: 5001112784 ns, Reaching safepoint: 124089 ns, At safepoint: 4445 ns, Total: 128534 ns
[2022-09-06T13:49:14.335+0000][68][safepoint   ] Safepoint "Cleanup", Time since last: 3000691577 ns, Reaching safepoint: 142549 ns, At safepoint: 8176 ns, Total: 150725 ns
[2022-09-06T13:49:26.337+0000][68][safepoint   ] Safepoint "Cleanup", Time since last: 12002398280 ns, Reaching safepoint: 147157 ns, At safepoint: 21875 ns, Total: 169032 ns
[2022-09-06T13:49:32.339+0000][68][safepoint   ] Safepoint "Cleanup", Time since last: 6000942387 ns, Reaching safepoint: 199939 ns, At safepoint: 9487 ns, Total: 209426 ns
[2022-09-06T13:49:35.340+0000][68][safepoint   ] Safepoint "Cleanup", Time since last: 3000722584 ns, Reaching safepoint: 709899 ns, At safepoint: 22553 ns, Total: 732452 ns
[2022-09-06T13:49:44.342+0000][68][safepoint   ] Safepoint "Cleanup", Time since last: 9002077071 ns, Reaching safepoint: 289385 ns, At safepoint: 19870 ns, Total: 309255 ns
[2022-09-06T13:50:02.346+0000][68][safepoint   ] Safepoint "Cleanup", Time since last: 18003006533 ns, Reaching safepoint: 246924 ns, At safepoint: 5465 ns, Total: 252389 ns
[2022-09-06T13:50:41.196+0000][68][gc,start    ] GC(30) Pause Young (Normal) (G1 Evacuation Pause)
[2022-09-06T13:50:41.196+0000][68][gc,task     ] GC(30) Using 8 workers of 8 for evacuation
[2022-09-06T13:50:41.196+0000][68][gc,age      ] GC(30) Desired survivor size 41943040 bytes, new threshold 15 (max threshold 15)
[2022-09-06T13:50:41.199+0000][68][gc,phases   ] GC(30)   Pre Evacuate Collection Set: 0.2ms
[2022-09-06T13:50:41.199+0000][68][gc,phases   ] GC(30)   Merge Heap Roots: 0.2ms
[2022-09-06T13:50:41.199+0000][68][gc,phases   ] GC(30)   Evacuate Collection Set: 1.9ms
[2022-09-06T13:50:41.199+0000][68][gc,phases   ] GC(30)   Post Evacuate Collection Set: 1.0ms
[2022-09-06T13:50:41.199+0000][68][gc,phases   ] GC(30)   Other: 0.1ms
[2022-09-06T13:50:41.199+0000][68][gc,age      ] GC(30) Age table with threshold 15 (max threshold 15)
[2022-09-06T13:50:41.199+0000][68][gc,age      ] GC(30) - age   1:    1108856 bytes,    1108856 total
[2022-09-06T13:50:41.199+0000][68][gc,age      ] GC(30) - age   2:     464560 bytes,    1573416 total
[2022-09-06T13:50:41.199+0000][68][gc,age      ] GC(30) - age   3:       8368 bytes,    1581784 total
[2022-09-06T13:50:41.199+0000][68][gc,age      ] GC(30) - age   4:     412512 bytes,    1994296 total
[2022-09-06T13:50:41.199+0000][68][gc,age      ] GC(30) - age   5:       8768 bytes,    2003064 total
[2022-09-06T13:50:41.199+0000][68][gc,age      ] GC(30) - age   6:      16312 bytes,    2019376 total
[2022-09-06T13:50:41.199+0000][68][gc,age      ] GC(30) - age   7:      10416 bytes,    2029792 total
[2022-09-06T13:50:41.199+0000][68][gc,age      ] GC(30) - age   8:      11112 bytes,    2040904 total
[2022-09-06T13:50:41.199+0000][68][gc,age      ] GC(30) - age   9:       6728 bytes,    2047632 total
[2022-09-06T13:50:41.199+0000][68][gc,age      ] GC(30) - age  10:      61632 bytes,    2109264 total
[2022-09-06T13:50:41.199+0000][68][gc,age      ] GC(30) - age  11:      15976 bytes,    2125240 total
[2022-09-06T13:50:41.199+0000][68][gc,age      ] GC(30) - age  12:      18168 bytes,    2143408 total
[2022-09-06T13:50:41.199+0000][68][gc,age      ] GC(30) - age  13:      17056 bytes,    2160464 total
[2022-09-06T13:50:41.199+0000][68][gc,age      ] GC(30) - age  14:      25800 bytes,    2186264 total
[2022-09-06T13:50:41.199+0000][68][gc,age      ] GC(30) - age  15:     429432 bytes,    2615696 total
[2022-09-06T13:50:41.199+0000][68][gc,heap     ] GC(30) Eden regions: 152->0(152)
[2022-09-06T13:50:41.199+0000][68][gc,heap     ] GC(30) Survivor regions: 1->1(20)
[2022-09-06T13:50:41.199+0000][68][gc,heap     ] GC(30) Old regions: 24->24
[2022-09-06T13:50:41.199+0000][68][gc,heap     ] GC(30) Archive regions: 2->2
[2022-09-06T13:50:41.199+0000][68][gc,heap     ] GC(30) Humongous regions: 2->2
[2022-09-06T13:50:41.199+0000][68][gc,metaspace] GC(30) Metaspace: 130233K(133696K)->130233K(133696K) NonClass: 113170K(114944K)->113170K(114944K) Class: 17063K(18752K)->17063K(18752K)
[2022-09-06T13:50:41.199+0000][68][gc          ] GC(30) Pause Young (Normal) (G1 Evacuation Pause) 717M->109M(1024M) 3.613ms
[2022-09-06T13:50:41.200+0000][68][gc,cpu      ] GC(30) User=0.01s Sys=0.01s Real=0.01s
[2022-09-06T13:50:41.200+0000][68][safepoint   ] Safepoint "G1CollectForAllocation", Time since last: 38849708569 ns, Reaching safepoint: 175484 ns, At safepoint: 3750283 ns, Total: 3925767 ns
[2022-09-06T13:50:44.200+0000][68][safepoint   ] Safepoint "Cleanup", Time since last: 3000684027 ns, Reaching safepoint: 163248 ns, At safepoint: 23098 ns, Total: 186346 ns
[2022-09-06T13:51:21.208+0000][68][safepoint   ] Safepoint "Cleanup", Time since last: 37007108237 ns, Reaching safepoint: 176177 ns, At safepoint: 9156 ns, Total: 185333 ns
[2022-09-06T13:51:27.209+0000][68][safepoint   ] Safepoint "Cleanup", Time since last: 6001160356 ns, Reaching safepoint: 183909 ns, At safepoint: 5449 ns, Total: 189358 ns
[2022-09-06T13:51:32.210+0000][68][safepoint   ] Safepoint "Cleanup", Time since last: 5000884125 ns, Reaching safepoint: 208492 ns, At safepoint: 6054 ns, Total: 214546 ns
[2022-09-06T13:51:35.211+0000][68][safepoint   ] Safepoint "Cleanup", Time since last: 3000845490 ns, Reaching safepoint: 155157 ns, At safepoint: 24250 ns, Total: 179407 ns
[2022-09-06T13:51:44.213+0000][68][safepoint   ] Safepoint "Cleanup", Time since last: 9001633051 ns, Reaching safepoint: 143685 ns, At safepoint: 16204 ns, Total: 159889 ns
[2022-09-06T13:51:50.215+0000][68][safepoint   ] Safepoint "Cleanup", Time since last: 6001500482 ns, Reaching safepoint: 185796 ns, At safepoint: 8731 ns, Total: 194527 ns
[2022-09-06T13:51:57.216+0000][68][safepoint   ] Safepoint "Cleanup", Time since last: 7001452008 ns, Reaching safepoint: 181482 ns, At safepoint: 5855 ns, Total: 187337 ns
[2022-09-06T13:51:59.217+0000][68][safepoint   ] Safepoint "Cleanup", Time since last: 2000372791 ns, Reaching safepoint: 156260 ns, At safepoint: 12819 ns, Total: 169079 ns
[2022-09-06T13:52:07.219+0000][68][safepoint   ] Safepoint "Cleanup", Time since last: 8001825635 ns, Reaching safepoint: 169398 ns, At safepoint: 4460 ns, Total: 173858 ns
[2022-09-06T13:52:24.223+0000][68][safepoint   ] Safepoint "Cleanup", Time since last: 17003516099 ns, Reaching safepoint: 164583 ns, At safepoint: 4486 ns, Total: 169069 ns
[2022-09-06T13:52:50.228+0000][68][safepoint   ] Safepoint "Cleanup", Time since last: 26005401258 ns, Reaching safepoint: 127865 ns, At safepoint: 18802 ns, Total: 146667 ns
[2022-09-06T13:52:56.203+0000][68][gc,start    ] GC(31) Pause Young (Normal) (G1 Evacuation Pause)
[2022-09-06T13:52:56.203+0000][68][gc,task     ] GC(31) Using 8 workers of 8 for evacuation
[2022-09-06T13:52:56.203+0000][68][gc,age      ] GC(31) Desired survivor size 41943040 bytes, new threshold 15 (max threshold 15)
[2022-09-06T13:52:56.207+0000][68][gc,phases   ] GC(31)   Pre Evacuate Collection Set: 0.2ms
[2022-09-06T13:52:56.207+0000][68][gc,phases   ] GC(31)   Merge Heap Roots: 0.2ms
[2022-09-06T13:52:56.207+0000][68][gc,phases   ] GC(31)   Evacuate Collection Set: 1.6ms
[2022-09-06T13:52:56.207+0000][68][gc,phases   ] GC(31)   Post Evacuate Collection Set: 1.0ms
[2022-09-06T13:52:56.207+0000][68][gc,phases   ] GC(31)   Other: 0.1ms
[2022-09-06T13:52:56.207+0000][68][gc,age      ] GC(31) Age table with threshold 15 (max threshold 15)
[2022-09-06T13:52:56.207+0000][68][gc,age      ] GC(31) - age   1:    1034608 bytes,    1034608 total
[2022-09-06T13:52:56.207+0000][68][gc,age      ] GC(31) - age   2:      17496 bytes,    1052104 total
[2022-09-06T13:52:56.207+0000][68][gc,age      ] GC(31) - age   3:     163728 bytes,    1215832 total
[2022-09-06T13:52:56.207+0000][68][gc,age      ] GC(31) - age   4:       8056 bytes,    1223888 total
[2022-09-06T13:52:56.207+0000][68][gc,age      ] GC(31) - age   5:     411976 bytes,    1635864 total
[2022-09-06T13:52:56.207+0000][68][gc,age      ] GC(31) - age   6:       8768 bytes,    1644632 total
[2022-09-06T13:52:56.207+0000][68][gc,age      ] GC(31) - age   7:      16312 bytes,    1660944 total
[2022-09-06T13:52:56.207+0000][68][gc,age      ] GC(31) - age   8:      10416 bytes,    1671360 total
[2022-09-06T13:52:56.207+0000][68][gc,age      ] GC(31) - age   9:      11112 bytes,    1682472 total
[2022-09-06T13:52:56.207+0000][68][gc,age      ] GC(31) - age  10:       6728 bytes,    1689200 total
[2022-09-06T13:52:56.207+0000][68][gc,age      ] GC(31) - age  11:      41024 bytes,    1730224 total
[2022-09-06T13:52:56.207+0000][68][gc,age      ] GC(31) - age  12:      15976 bytes,    1746200 total
[2022-09-06T13:52:56.207+0000][68][gc,age      ] GC(31) - age  13:      18168 bytes,    1764368 total
[2022-09-06T13:52:56.207+0000][68][gc,age      ] GC(31) - age  14:      13808 bytes,    1778176 total
[2022-09-06T13:52:56.207+0000][68][gc,age      ] GC(31) - age  15:      25800 bytes,    1803976 total
[2022-09-06T13:52:56.207+0000][68][gc,heap     ] GC(31) Eden regions: 152->0(152)
[2022-09-06T13:52:56.207+0000][68][gc,heap     ] GC(31) Survivor regions: 1->1(20)
[2022-09-06T13:52:56.207+0000][68][gc,heap     ] GC(31) Old regions: 24->24
[2022-09-06T13:52:56.207+0000][68][gc,heap     ] GC(31) Archive regions: 2->2
[2022-09-06T13:52:56.207+0000][68][gc,heap     ] GC(31) Humongous regions: 2->2
[2022-09-06T13:52:56.207+0000][68][gc,metaspace] GC(31) Metaspace: 130267K(133760K)->130267K(133760K) NonClass: 113203K(115008K)->113203K(115008K) Class: 17063K(18752K)->17063K(18752K)
[2022-09-06T13:52:56.207+0000][68][gc          ] GC(31) Pause Young (Normal) (G1 Evacuation Pause) 717M->109M(1024M) 3.418ms
[2022-09-06T13:52:56.207+0000][68][gc,cpu      ] GC(31) User=0.02s Sys=0.00s Real=0.00s
[2022-09-06T13:52:56.207+0000][68][safepoint   ] Safepoint "G1CollectForAllocation", Time since last: 5975107812 ns, Reaching safepoint: 159710 ns, At safepoint: 3540783 ns, Total: 3700493 ns
[2022-09-06T13:53:08.209+0000][68][safepoint   ] Safepoint "Cleanup", Time since last: 12002404683 ns, Reaching safepoint: 200906 ns, At safepoint: 19703 ns, Total: 220609 ns
[2022-09-06T13:53:09.210+0000][68][safepoint   ] Safepoint "Cleanup", Time since last: 1000286930 ns, Reaching safepoint: 253828 ns, At safepoint: 16573 ns, Total: 270401 ns
[2022-09-06T13:53:11.211+0000][68][safepoint   ] Safepoint "Cleanup", Time since last: 2000436980 ns, Reaching safepoint: 217831 ns, At safepoint: 25702 ns, Total: 243533 ns
[2022-09-06T13:53:12.211+0000][68][safepoint   ] Safepoint "Cleanup", Time since last: 1000347186 ns, Reaching safepoint: 306131 ns, At safepoint: 20609 ns, Total: 326740 ns
[2022-09-06T13:53:14.212+0000][68][safepoint   ] Safepoint "Cleanup", Time since last: 2000489636 ns, Reaching safepoint: 310185 ns, At safepoint: 15976 ns, Total: 326161 ns
[2022-09-06T13:53:18.213+0000][68][safepoint   ] Safepoint "Cleanup", Time since last: 4000833087 ns, Reaching safepoint: 212213 ns, At safepoint: 13007 ns, Total: 225220 ns
[2022-09-06T13:53:20.214+0000][68][safepoint   ] Safepoint "Cleanup", Time since last: 2000355204 ns, Reaching safepoint: 159646 ns, At safepoint: 22203 ns, Total: 181849 ns
[2022-09-06T13:53:21.214+0000][68][safepoint   ] Safepoint "Cleanup", Time since last: 1000192845 ns, Reaching safepoint: 134496 ns, At safepoint: 4362 ns, Total: 138858 ns
[2022-09-06T13:53:26.215+0000][68][safepoint   ] Safepoint "Cleanup", Time since last: 5000759296 ns, Reaching safepoint: 127882 ns, At safepoint: 4244 ns, Total: 132126 ns
[2022-09-06T13:53:32.216+0000][68][safepoint   ] Safepoint "Cleanup", Time since last: 6000969775 ns, Reaching safepoint: 131341 ns, At safepoint: 14180 ns, Total: 145521 ns
[2022-09-06T13:53:35.217+0000][68][safepoint   ] Safepoint "Cleanup", Time since last: 3000475145 ns, Reaching safepoint: 211330 ns, At safepoint: 19016 ns, Total: 230346 ns
[2022-09-06T13:53:44.219+0000][68][safepoint   ] Safepoint "Cleanup", Time since last: 9001649609 ns, Reaching safepoint: 159986 ns, At safepoint: 4311 ns, Total: 164297 ns
[2022-09-06T13:53:46.219+0000][68][safepoint   ] Safepoint "Cleanup", Time since last: 2000434057 ns, Reaching safepoint: 134163 ns, At safepoint: 6375 ns, Total: 140538 ns
[2022-09-06T13:54:20.227+0000][68][safepoint   ] Safepoint "Cleanup", Time since last: 34007591092 ns, Reaching safepoint: 181148 ns, At safepoint: 20872 ns, Total: 202020 ns
[2022-09-06T13:54:24.228+0000][68][safepoint   ] Safepoint "Cleanup", Time since last: 4000930186 ns, Reaching safepoint: 179167 ns, At safepoint: 4011 ns, Total: 183178 ns
[2022-09-06T13:54:44.233+0000][68][safepoint   ] Safepoint "Cleanup", Time since last: 20004483708 ns, Reaching safepoint: 163292 ns, At safepoint: 9022 ns, Total: 172314 ns
[2022-09-06T13:54:45.233+0000][68][safepoint   ] Safepoint "Cleanup", Time since last: 1000181151 ns, Reaching safepoint: 195077 ns, At safepoint: 7348 ns, Total: 202425 ns
[2022-09-06T13:54:51.235+0000][68][safepoint   ] Safepoint "Cleanup", Time since last: 6001416137 ns, Reaching safepoint: 155279 ns, At safepoint: 3428 ns, Total: 158707 ns
[2022-09-06T13:55:00.237+0000][68][safepoint   ] Safepoint "Cleanup", Time since last: 9001931057 ns, Reaching safepoint: 167649 ns, At safepoint: 3969 ns, Total: 171618 ns
[2022-09-06T13:55:03.238+0000][68][safepoint   ] Safepoint "Cleanup", Time since last: 3000822633 ns, Reaching safepoint: 176794 ns, At safepoint: 4121 ns, Total: 180915 ns
[2022-09-06T13:55:04.226+0000][68][gc,start    ] GC(32) Pause Young (Normal) (G1 Evacuation Pause)
[2022-09-06T13:55:04.226+0000][68][gc,task     ] GC(32) Using 8 workers of 8 for evacuation
[2022-09-06T13:55:04.226+0000][68][gc,age      ] GC(32) Desired survivor size 41943040 bytes, new threshold 15 (max threshold 15)
[2022-09-06T13:55:04.229+0000][68][gc,phases   ] GC(32)   Pre Evacuate Collection Set: 0.2ms
[2022-09-06T13:55:04.229+0000][68][gc,phases   ] GC(32)   Merge Heap Roots: 0.1ms
[2022-09-06T13:55:04.229+0000][68][gc,phases   ] GC(32)   Evacuate Collection Set: 1.3ms
[2022-09-06T13:55:04.229+0000][68][gc,phases   ] GC(32)   Post Evacuate Collection Set: 1.1ms
[2022-09-06T13:55:04.229+0000][68][gc,phases   ] GC(32)   Other: 0.1ms
[2022-09-06T13:55:04.229+0000][68][gc,age      ] GC(32) Age table with threshold 15 (max threshold 15)
[2022-09-06T13:55:04.229+0000][68][gc,age      ] GC(32) - age   1:    1063136 bytes,    1063136 total
[2022-09-06T13:55:04.229+0000][68][gc,age      ] GC(32) - age   2:      44032 bytes,    1107168 total
[2022-09-06T13:55:04.229+0000][68][gc,age      ] GC(32) - age   3:      15080 bytes,    1122248 total
[2022-09-06T13:55:04.229+0000][68][gc,age      ] GC(32) - age   4:      89128 bytes,    1211376 total
[2022-09-06T13:55:04.229+0000][68][gc,age      ] GC(32) - age   5:       8056 bytes,    1219432 total
[2022-09-06T13:55:04.229+0000][68][gc,age      ] GC(32) - age   6:     411976 bytes,    1631408 total
[2022-09-06T13:55:04.229+0000][68][gc,age      ] GC(32) - age   7:       8768 bytes,    1640176 total
[2022-09-06T13:55:04.229+0000][68][gc,age      ] GC(32) - age   8:      15736 bytes,    1655912 total
[2022-09-06T13:55:04.229+0000][68][gc,age      ] GC(32) - age   9:      10416 bytes,    1666328 total
[2022-09-06T13:55:04.229+0000][68][gc,age      ] GC(32) - age  10:      11112 bytes,    1677440 total
[2022-09-06T13:55:04.229+0000][68][gc,age      ] GC(32) - age  11:       6728 bytes,    1684168 total
[2022-09-06T13:55:04.229+0000][68][gc,age      ] GC(32) - age  12:      41024 bytes,    1725192 total
[2022-09-06T13:55:04.229+0000][68][gc,age      ] GC(32) - age  13:      15976 bytes,    1741168 total
[2022-09-06T13:55:04.229+0000][68][gc,age      ] GC(32) - age  14:      18168 bytes,    1759336 total
[2022-09-06T13:55:04.229+0000][68][gc,age      ] GC(32) - age  15:      13808 bytes,    1773144 total
[2022-09-06T13:55:04.229+0000][68][gc,heap     ] GC(32) Eden regions: 152->0(152)
[2022-09-06T13:55:04.229+0000][68][gc,heap     ] GC(32) Survivor regions: 1->1(20)
[2022-09-06T13:55:04.229+0000][68][gc,heap     ] GC(32) Old regions: 24->24
[2022-09-06T13:55:04.229+0000][68][gc,heap     ] GC(32) Archive regions: 2->2
[2022-09-06T13:55:04.229+0000][68][gc,heap     ] GC(32) Humongous regions: 2->2
[2022-09-06T13:55:04.229+0000][68][gc,metaspace] GC(32) Metaspace: 130290K(133760K)->130290K(133760K) NonClass: 113226K(115008K)->113226K(115008K) Class: 17063K(18752K)->17063K(18752K)
[2022-09-06T13:55:04.229+0000][68][gc          ] GC(32) Pause Young (Normal) (G1 Evacuation Pause) 717M->109M(1024M) 2.909ms
[2022-09-06T13:55:04.229+0000][68][gc,cpu      ] GC(32) User=0.01s Sys=0.00s Real=0.00s
[2022-09-06T13:55:04.229+0000][68][safepoint   ] Safepoint "G1CollectForAllocation", Time since last: 987687237 ns, Reaching safepoint: 147421 ns, At safepoint: 3012405 ns, Total: 3159826 ns
[2022-09-06T13:55:27.233+0000][68][safepoint   ] Safepoint "Cleanup", Time since last: 23004539590 ns, Reaching safepoint: 158478 ns, At safepoint: 6805 ns, Total: 165283 ns
[2022-09-06T13:55:36.236+0000][68][safepoint   ] Safepoint "Cleanup", Time since last: 9002437780 ns, Reaching safepoint: 177000 ns, At safepoint: 4794 ns, Total: 181794 ns
[2022-09-06T13:55:44.238+0000][68][safepoint   ] Safepoint "Cleanup", Time since last: 8001931536 ns, Reaching safepoint: 143792 ns, At safepoint: 6656 ns, Total: 150448 ns
[2022-09-06T13:55:51.240+0000][68][safepoint   ] Safepoint "Cleanup", Time since last: 7001625442 ns, Reaching safepoint: 160970 ns, At safepoint: 4929 ns, Total: 165899 ns
[2022-09-06T13:55:58.241+0000][68][safepoint   ] Safepoint "Cleanup", Time since last: 7001292550 ns, Reaching safepoint: 170049 ns, At safepoint: 4572 ns, Total: 174621 ns
[2022-09-06T13:56:09.244+0000][68][safepoint   ] Safepoint "Cleanup", Time since last: 11002512634 ns, Reaching safepoint: 268176 ns, At safepoint: 8318 ns, Total: 276494 ns
[2022-09-06T13:57:10.258+0000][68][safepoint   ] Safepoint "Cleanup", Time since last: 61013914092 ns, Reaching safepoint: 191104 ns, At safepoint: 27237 ns, Total: 218341 ns
[2022-09-06T13:57:23.291+0000][68][gc,start    ] GC(33) Pause Young (Normal) (G1 Evacuation Pause)
[2022-09-06T13:57:23.291+0000][68][gc,task     ] GC(33) Using 8 workers of 8 for evacuation
[2022-09-06T13:57:23.291+0000][68][gc,age      ] GC(33) Desired survivor size 41943040 bytes, new threshold 15 (max threshold 15)
[2022-09-06T13:57:23.294+0000][68][gc,phases   ] GC(33)   Pre Evacuate Collection Set: 0.2ms
[2022-09-06T13:57:23.294+0000][68][gc,phases   ] GC(33)   Merge Heap Roots: 0.1ms
[2022-09-06T13:57:23.294+0000][68][gc,phases   ] GC(33)   Evacuate Collection Set: 1.2ms
[2022-09-06T13:57:23.294+0000][68][gc,phases   ] GC(33)   Post Evacuate Collection Set: 1.1ms
[2022-09-06T13:57:23.294+0000][68][gc,phases   ] GC(33)   Other: 0.1ms
[2022-09-06T13:57:23.294+0000][68][gc,age      ] GC(33) Age table with threshold 15 (max threshold 15)
[2022-09-06T13:57:23.294+0000][68][gc,age      ] GC(33) - age   1:     626304 bytes,     626304 total
[2022-09-06T13:57:23.294+0000][68][gc,age      ] GC(33) - age   2:     516048 bytes,    1142352 total
[2022-09-06T13:57:23.294+0000][68][gc,age      ] GC(33) - age   3:      42752 bytes,    1185104 total
[2022-09-06T13:57:23.294+0000][68][gc,age      ] GC(33) - age   4:      14728 bytes,    1199832 total
[2022-09-06T13:57:23.294+0000][68][gc,age      ] GC(33) - age   5:      88688 bytes,    1288520 total
[2022-09-06T13:57:23.294+0000][68][gc,age      ] GC(33) - age   6:       8056 bytes,    1296576 total
[2022-09-06T13:57:23.294+0000][68][gc,age      ] GC(33) - age   7:     411976 bytes,    1708552 total
[2022-09-06T13:57:23.294+0000][68][gc,age      ] GC(33) - age   8:       8768 bytes,    1717320 total
[2022-09-06T13:57:23.294+0000][68][gc,age      ] GC(33) - age   9:      15736 bytes,    1733056 total
[2022-09-06T13:57:23.294+0000][68][gc,age      ] GC(33) - age  10:      10416 bytes,    1743472 total
[2022-09-06T13:57:23.294+0000][68][gc,age      ] GC(33) - age  11:      11112 bytes,    1754584 total
[2022-09-06T13:57:23.294+0000][68][gc,age      ] GC(33) - age  12:       6728 bytes,    1761312 total
[2022-09-06T13:57:23.294+0000][68][gc,age      ] GC(33) - age  13:      41024 bytes,    1802336 total
[2022-09-06T13:57:23.294+0000][68][gc,age      ] GC(33) - age  14:      15976 bytes,    1818312 total
[2022-09-06T13:57:23.294+0000][68][gc,age      ] GC(33) - age  15:      18168 bytes,    1836480 total
[2022-09-06T13:57:23.294+0000][68][gc,heap     ] GC(33) Eden regions: 152->0(152)
[2022-09-06T13:57:23.294+0000][68][gc,heap     ] GC(33) Survivor regions: 1->1(20)
[2022-09-06T13:57:23.294+0000][68][gc,heap     ] GC(33) Old regions: 24->24
[2022-09-06T13:57:23.294+0000][68][gc,heap     ] GC(33) Archive regions: 2->2
[2022-09-06T13:57:23.294+0000][68][gc,heap     ] GC(33) Humongous regions: 2->2
[2022-09-06T13:57:23.294+0000][68][gc,metaspace] GC(33) Metaspace: 130312K(133824K)->130312K(133824K) NonClass: 113248K(115072K)->113248K(115072K) Class: 17063K(18752K)->17063K(18752K)
[2022-09-06T13:57:23.294+0000][68][gc          ] GC(33) Pause Young (Normal) (G1 Evacuation Pause) 717M->109M(1024M) 3.009ms
[2022-09-06T13:57:23.294+0000][68][gc,cpu      ] GC(33) User=0.01s Sys=0.01s Real=0.00s
[2022-09-06T13:57:23.294+0000][68][safepoint   ] Safepoint "G1CollectForAllocation", Time since last: 13032496325 ns, Reaching safepoint: 184072 ns, At safepoint: 3161163 ns, Total: 3345235 ns
[2022-09-06T13:57:35.297+0000][68][safepoint   ] Safepoint "Cleanup", Time since last: 12002653048 ns, Reaching safepoint: 177204 ns, At safepoint: 5970 ns, Total: 183174 ns
[2022-09-06T13:57:40.431+0000][68][safepoint   ] Safepoint "Cleanup", Time since last: 5133410944 ns, Reaching safepoint: 202852 ns, At safepoint: 4512 ns, Total: 207364 ns
[2022-09-06T13:57:44.432+0000][68][safepoint   ] Safepoint "Cleanup", Time since last: 4000869884 ns, Reaching safepoint: 166812 ns, At safepoint: 16937 ns, Total: 183749 ns
[2022-09-06T13:58:02.435+0000][68][safepoint   ] Safepoint "Cleanup", Time since last: 18003787795 ns, Reaching safepoint: 149480 ns, At safepoint: 7894 ns, Total: 157374 ns
[2022-09-06T13:58:05.437+0000][68][safepoint   ] Safepoint "Cleanup", Time since last: 3000898838 ns, Reaching safepoint: 182471 ns, At safepoint: 6593 ns, Total: 189064 ns
[2022-09-06T13:58:08.438+0000][68][safepoint   ] Safepoint "Cleanup", Time since last: 3000844396 ns, Reaching safepoint: 154746 ns, At safepoint: 5693 ns, Total: 160439 ns
[2022-09-06T13:58:23.442+0000][68][safepoint   ] Safepoint "Cleanup", Time since last: 15003925622 ns, Reaching safepoint: 353788 ns, At safepoint: 9017 ns, Total: 362805 ns
[2022-09-06T13:58:44.446+0000][68][safepoint   ] Safepoint "Cleanup", Time since last: 21004395184 ns, Reaching safepoint: 140921 ns, At safepoint: 3895 ns, Total: 144816 ns
[2022-09-06T13:58:57.553+0000][68][safepoint   ] Safepoint "Cleanup", Time since last: 13107679159 ns, Reaching safepoint: 146834 ns, At safepoint: 6103 ns, Total: 152937 ns
[2022-09-06T13:59:00.555+0000][68][safepoint   ] Safepoint "Cleanup", Time since last: 3000550890 ns, Reaching safepoint: 155974 ns, At safepoint: 7627 ns, Total: 163601 ns
[2022-09-06T13:59:05.556+0000][68][safepoint   ] Safepoint "Cleanup", Time since last: 5000799352 ns, Reaching safepoint: 156262 ns, At safepoint: 7257 ns, Total: 163519 ns
[2022-09-06T13:59:07.557+0000][68][safepoint   ] Safepoint "Cleanup", Time since last: 2000377911 ns, Reaching safepoint: 225117 ns, At safepoint: 13058 ns, Total: 238175 ns
[2022-09-06T13:59:11.558+0000][68][safepoint   ] Safepoint "Cleanup", Time since last: 4000763486 ns, Reaching safepoint: 211954 ns, At safepoint: 7460 ns, Total: 219414 ns
[2022-09-06T13:59:24.560+0000][68][safepoint   ] Safepoint "Cleanup", Time since last: 13002047584 ns, Reaching safepoint: 122047 ns, At safepoint: 4031 ns, Total: 126078 ns
[2022-09-06T13:59:27.560+0000][68][safepoint   ] Safepoint "Cleanup", Time since last: 3000328728 ns, Reaching safepoint: 153396 ns, At safepoint: 4598 ns, Total: 157994 ns
[2022-09-06T13:59:35.670+0000][68][gc,start    ] GC(34) Pause Young (Normal) (G1 Evacuation Pause)
[2022-09-06T13:59:35.670+0000][68][gc,task     ] GC(34) Using 8 workers of 8 for evacuation
[2022-09-06T13:59:35.670+0000][68][gc,age      ] GC(34) Desired survivor size 41943040 bytes, new threshold 15 (max threshold 15)
[2022-09-06T13:59:35.672+0000][68][gc,phases   ] GC(34)   Pre Evacuate Collection Set: 0.1ms
[2022-09-06T13:59:35.672+0000][68][gc,phases   ] GC(34)   Merge Heap Roots: 0.1ms
[2022-09-06T13:59:35.672+0000][68][gc,phases   ] GC(34)   Evacuate Collection Set: 1.3ms
[2022-09-06T13:59:35.672+0000][68][gc,phases   ] GC(34)   Post Evacuate Collection Set: 0.8ms
[2022-09-06T13:59:35.672+0000][68][gc,phases   ] GC(34)   Other: 0.1ms
[2022-09-06T13:59:35.672+0000][68][gc,age      ] GC(34) Age table with threshold 15 (max threshold 15)
[2022-09-06T13:59:35.672+0000][68][gc,age      ] GC(34) - age   1:    1180880 bytes,    1180880 total
[2022-09-06T13:59:35.672+0000][68][gc,age      ] GC(34) - age   2:      13128 bytes,    1194008 total
[2022-09-06T13:59:35.672+0000][68][gc,age      ] GC(34) - age   3:     275424 bytes,    1469432 total
[2022-09-06T13:59:35.672+0000][68][gc,age      ] GC(34) - age   4:       4112 bytes,    1473544 total
[2022-09-06T13:59:35.673+0000][68][gc,age      ] GC(34) - age   5:      10056 bytes,    1483600 total
[2022-09-06T13:59:35.673+0000][68][gc,age      ] GC(34) - age   6:      77216 bytes,    1560816 total
[2022-09-06T13:59:35.673+0000][68][gc,age      ] GC(34) - age   7:       3784 bytes,    1564600 total
[2022-09-06T13:59:35.673+0000][68][gc,age      ] GC(34) - age   8:     407136 bytes,    1971736 total
[2022-09-06T13:59:35.673+0000][68][gc,age      ] GC(34) - age   9:       4312 bytes,    1976048 total
[2022-09-06T13:59:35.673+0000][68][gc,age      ] GC(34) - age  10:      11432 bytes,    1987480 total
[2022-09-06T13:59:35.673+0000][68][gc,age      ] GC(34) - age  11:       6144 bytes,    1993624 total
[2022-09-06T13:59:35.673+0000][68][gc,age      ] GC(34) - age  12:      11112 bytes,    2004736 total
[2022-09-06T13:59:35.673+0000][68][gc,age      ] GC(34) - age  13:       6728 bytes,    2011464 total
[2022-09-06T13:59:35.673+0000][68][gc,age      ] GC(34) - age  14:      41024 bytes,    2052488 total
[2022-09-06T13:59:35.673+0000][68][gc,age      ] GC(34) - age  15:      15976 bytes,    2068464 total
[2022-09-06T13:59:35.673+0000][68][gc,heap     ] GC(34) Eden regions: 152->0(152)
[2022-09-06T13:59:35.673+0000][68][gc,heap     ] GC(34) Survivor regions: 1->1(20)
[2022-09-06T13:59:35.673+0000][68][gc,heap     ] GC(34) Old regions: 24->24
[2022-09-06T13:59:35.673+0000][68][gc,heap     ] GC(34) Archive regions: 2->2
[2022-09-06T13:59:35.673+0000][68][gc,heap     ] GC(34) Humongous regions: 2->2
[2022-09-06T13:59:35.673+0000][68][gc,metaspace] GC(34) Metaspace: 130334K(133824K)->130334K(133824K) NonClass: 113270K(115072K)->113270K(115072K) Class: 17064K(18752K)->17064K(18752K)
[2022-09-06T13:59:35.673+0000][68][gc          ] GC(34) Pause Young (Normal) (G1 Evacuation Pause) 717M->109M(1024M) 2.780ms
[2022-09-06T13:59:35.673+0000][68][gc,cpu      ] GC(34) User=0.02s Sys=0.01s Real=0.00s
[2022-09-06T13:59:35.673+0000][68][safepoint   ] Safepoint "G1CollectForAllocation", Time since last: 8109134746 ns, Reaching safepoint: 163548 ns, At safepoint: 2927600 ns, Total: 3091148 ns
[2022-09-06T13:59:38.673+0000][68][safepoint   ] Safepoint "Cleanup", Time since last: 3000478253 ns, Reaching safepoint: 175505 ns, At safepoint: 3753 ns, Total: 179258 ns
[2022-09-06T13:59:44.675+0000][68][safepoint   ] Safepoint "Cleanup", Time since last: 6001469592 ns, Reaching safepoint: 222303 ns, At safepoint: 6281 ns, Total: 228584 ns
[2022-09-06T13:59:47.676+0000][68][safepoint   ] Safepoint "Cleanup", Time since last: 3000728021 ns, Reaching safepoint: 168166 ns, At safepoint: 5931 ns, Total: 174097 ns
[2022-09-06T13:59:50.677+0000][68][safepoint   ] Safepoint "Cleanup", Time since last: 3000889562 ns, Reaching safepoint: 332831 ns, At safepoint: 8245 ns, Total: 341076 ns
[2022-09-06T13:59:59.679+0000][68][safepoint   ] Safepoint "Cleanup", Time since last: 9002025440 ns, Reaching safepoint: 98612 ns, At safepoint: 4152 ns, Total: 102764 ns
[2022-09-06T14:00:03.680+0000][68][safepoint   ] Safepoint "Cleanup", Time since last: 4000720396 ns, Reaching safepoint: 141584 ns, At safepoint: 6362 ns, Total: 147946 ns
[2022-09-06T14:00:44.262+0000][68][safepoint   ] Safepoint "Cleanup", Time since last: 40582323321 ns, Reaching safepoint: 202405 ns, At safepoint: 9620 ns, Total: 212025 ns
[2022-09-06T14:00:45.263+0000][68][safepoint   ] Safepoint "Cleanup", Time since last: 1000639684 ns, Reaching safepoint: 207262 ns, At safepoint: 9851 ns, Total: 217113 ns
[2022-09-06T14:00:48.264+0000][68][safepoint   ] Safepoint "Cleanup", Time since last: 3000852514 ns, Reaching safepoint: 179163 ns, At safepoint: 8704 ns, Total: 187867 ns
[2022-09-06T14:00:51.265+0000][68][safepoint   ] Safepoint "Cleanup", Time since last: 3000620837 ns, Reaching safepoint: 295319 ns, At safepoint: 15936 ns, Total: 311255 ns
[2022-09-06T14:00:53.266+0000][68][safepoint   ] Safepoint "Cleanup", Time since last: 2000631806 ns, Reaching safepoint: 153689 ns, At safepoint: 7513 ns, Total: 161202 ns
[2022-09-06T14:01:05.268+0000][68][safepoint   ] Safepoint "Cleanup", Time since last: 12002062201 ns, Reaching safepoint: 216744 ns, At safepoint: 10698 ns, Total: 227442 ns
[2022-09-06T14:01:11.270+0000][68][safepoint   ] Safepoint "Cleanup", Time since last: 6000994590 ns, Reaching safepoint: 242964 ns, At safepoint: 46985 ns, Total: 289949 ns
[2022-09-06T14:01:25.273+0000][68][safepoint   ] Safepoint "Cleanup", Time since last: 14003334448 ns, Reaching safepoint: 167630 ns, At safepoint: 4888 ns, Total: 172518 ns
[2022-09-06T14:01:35.275+0000][68][safepoint   ] Safepoint "Cleanup", Time since last: 10001916616 ns, Reaching safepoint: 152899 ns, At safepoint: 16573 ns, Total: 169472 ns
[2022-09-06T14:01:45.277+0000][68][safepoint   ] Safepoint "Cleanup", Time since last: 10002372742 ns, Reaching safepoint: 188577 ns, At safepoint: 6546 ns, Total: 195123 ns
[2022-09-06T14:01:50.278+0000][68][safepoint   ] Safepoint "Cleanup", Time since last: 5000982954 ns, Reaching safepoint: 202336 ns, At safepoint: 5793 ns, Total: 208129 ns
[2022-09-06T14:01:52.563+0000][68][gc,start    ] GC(35) Pause Young (Normal) (G1 Evacuation Pause)
[2022-09-06T14:01:52.564+0000][68][gc,task     ] GC(35) Using 8 workers of 8 for evacuation
[2022-09-06T14:01:52.564+0000][68][gc,age      ] GC(35) Desired survivor size 41943040 bytes, new threshold 15 (max threshold 15)
[2022-09-06T14:01:52.567+0000][68][gc,phases   ] GC(35)   Pre Evacuate Collection Set: 0.1ms
[2022-09-06T14:01:52.567+0000][68][gc,phases   ] GC(35)   Merge Heap Roots: 0.1ms
[2022-09-06T14:01:52.567+0000][68][gc,phases   ] GC(35)   Evacuate Collection Set: 2.1ms
[2022-09-06T14:01:52.567+0000][68][gc,phases   ] GC(35)   Post Evacuate Collection Set: 0.9ms
[2022-09-06T14:01:52.567+0000][68][gc,phases   ] GC(35)   Other: 0.1ms
[2022-09-06T14:01:52.567+0000][68][gc,age      ] GC(35) Age table with threshold 15 (max threshold 15)
[2022-09-06T14:01:52.567+0000][68][gc,age      ] GC(35) - age   1:    1483896 bytes,    1483896 total
[2022-09-06T14:01:52.567+0000][68][gc,age      ] GC(35) - age   2:     126144 bytes,    1610040 total
[2022-09-06T14:01:52.567+0000][68][gc,age      ] GC(35) - age   3:       3768 bytes,    1613808 total
[2022-09-06T14:01:52.567+0000][68][gc,age      ] GC(35) - age   4:     274520 bytes,    1888328 total
[2022-09-06T14:01:52.567+0000][68][gc,age      ] GC(35) - age   5:       4112 bytes,    1892440 total
[2022-09-06T14:01:52.567+0000][68][gc,age      ] GC(35) - age   6:       4104 bytes,    1896544 total
[2022-09-06T14:01:52.567+0000][68][gc,age      ] GC(35) - age   7:      77216 bytes,    1973760 total
[2022-09-06T14:01:52.567+0000][68][gc,age      ] GC(35) - age   8:       3784 bytes,    1977544 total
[2022-09-06T14:01:52.567+0000][68][gc,age      ] GC(35) - age   9:     407136 bytes,    2384680 total
[2022-09-06T14:01:52.567+0000][68][gc,age      ] GC(35) - age  10:       4312 bytes,    2388992 total
[2022-09-06T14:01:52.567+0000][68][gc,age      ] GC(35) - age  11:      11432 bytes,    2400424 total
[2022-09-06T14:01:52.567+0000][68][gc,age      ] GC(35) - age  12:       6144 bytes,    2406568 total
[2022-09-06T14:01:52.567+0000][68][gc,age      ] GC(35) - age  13:      11112 bytes,    2417680 total
[2022-09-06T14:01:52.567+0000][68][gc,age      ] GC(35) - age  14:       6728 bytes,    2424408 total
[2022-09-06T14:01:52.567+0000][68][gc,age      ] GC(35) - age  15:      41024 bytes,    2465432 total
[2022-09-06T14:01:52.567+0000][68][gc,heap     ] GC(35) Eden regions: 152->0(152)
[2022-09-06T14:01:52.567+0000][68][gc,heap     ] GC(35) Survivor regions: 1->1(20)
[2022-09-06T14:01:52.567+0000][68][gc,heap     ] GC(35) Old regions: 24->24
[2022-09-06T14:01:52.567+0000][68][gc,heap     ] GC(35) Archive regions: 2->2
[2022-09-06T14:01:52.567+0000][68][gc,heap     ] GC(35) Humongous regions: 2->2
[2022-09-06T14:01:52.567+0000][68][gc,metaspace] GC(35) Metaspace: 130348K(133888K)->130348K(133888K) NonClass: 113284K(115136K)->113284K(115136K) Class: 17064K(18752K)->17064K(18752K)
[2022-09-06T14:01:52.567+0000][68][gc          ] GC(35) Pause Young (Normal) (G1 Evacuation Pause) 717M->109M(1024M) 3.659ms
[2022-09-06T14:01:52.567+0000][68][gc,cpu      ] GC(35) User=0.01s Sys=0.00s Real=0.00s
[2022-09-06T14:01:52.567+0000][68][safepoint   ] Safepoint "G1CollectForAllocation", Time since last: 2284770023 ns, Reaching safepoint: 203990 ns, At safepoint: 3794997 ns, Total: 3998987 ns
[2022-09-06T14:01:59.570+0000][68][safepoint   ] Safepoint "Cleanup", Time since last: 7001743190 ns, Reaching safepoint: 350688 ns, At safepoint: 10247 ns, Total: 360935 ns
[2022-09-06T14:02:11.573+0000][68][safepoint   ] Safepoint "Cleanup", Time since last: 12002677906 ns, Reaching safepoint: 162207 ns, At safepoint: 9386 ns, Total: 171593 ns
[2022-09-06T14:02:20.575+0000][68][safepoint   ] Safepoint "Cleanup", Time since last: 9001854738 ns, Reaching safepoint: 279115 ns, At safepoint: 6429 ns, Total: 285544 ns
[2022-09-06T14:02:24.576+0000][68][safepoint   ] Safepoint "Cleanup", Time since last: 4001167004 ns, Reaching safepoint: 155385 ns, At safepoint: 5644 ns, Total: 161029 ns
[2022-09-06T14:02:35.578+0000][68][safepoint   ] Safepoint "Cleanup", Time since last: 11002229938 ns, Reaching safepoint: 201374 ns, At safepoint: 6296 ns, Total: 207670 ns
[2022-09-06T14:02:44.581+0000][68][safepoint   ] Safepoint "Cleanup", Time since last: 9001948045 ns, Reaching safepoint: 204783 ns, At safepoint: 6548 ns, Total: 211331 ns
[2022-09-06T14:02:53.583+0000][68][safepoint   ] Safepoint "Cleanup", Time since last: 9001995352 ns, Reaching safepoint: 255038 ns, At safepoint: 17354 ns, Total: 272392 ns
[2022-09-06T14:02:56.584+0000][68][safepoint   ] Safepoint "Cleanup", Time since last: 3000508344 ns, Reaching safepoint: 157844 ns, At safepoint: 6942 ns, Total: 164786 ns
[2022-09-06T14:03:00.585+0000][68][safepoint   ] Safepoint "Cleanup", Time since last: 4000898732 ns, Reaching safepoint: 159054 ns, At safepoint: 7018 ns, Total: 166072 ns
[2022-09-06T14:03:04.586+0000][68][safepoint   ] Safepoint "Cleanup", Time since last: 4000844677 ns, Reaching safepoint: 156579 ns, At safepoint: 5168 ns, Total: 161747 ns
[2022-09-06T14:03:08.587+0000][68][safepoint   ] Safepoint "Cleanup", Time since last: 4001201373 ns, Reaching safepoint: 343277 ns, At safepoint: 18556 ns, Total: 361833 ns
[2022-09-06T14:03:17.590+0000][68][safepoint   ] Safepoint "Cleanup", Time since last: 9002066280 ns, Reaching safepoint: 286599 ns, At safepoint: 15308 ns, Total: 301907 ns
[2022-09-06T14:03:25.592+0000][68][safepoint   ] Safepoint "Cleanup", Time since last: 8001733519 ns, Reaching safepoint: 195911 ns, At safepoint: 10367 ns, Total: 206278 ns
[2022-09-06T14:03:35.594+0000][68][safepoint   ] Safepoint "Cleanup", Time since last: 10002231779 ns, Reaching safepoint: 247358 ns, At safepoint: 9367 ns, Total: 256725 ns
[2022-09-06T14:03:44.597+0000][68][safepoint   ] Safepoint "Cleanup", Time since last: 9002542459 ns, Reaching safepoint: 177857 ns, At safepoint: 18711 ns, Total: 196568 ns
[2022-09-06T14:04:05.261+0000][68][gc,start    ] GC(36) Pause Young (Normal) (G1 Evacuation Pause)
[2022-09-06T14:04:05.261+0000][68][gc,task     ] GC(36) Using 8 workers of 8 for evacuation
[2022-09-06T14:04:05.261+0000][68][gc,age      ] GC(36) Desired survivor size 41943040 bytes, new threshold 15 (max threshold 15)
[2022-09-06T14:04:05.264+0000][68][gc,phases   ] GC(36)   Pre Evacuate Collection Set: 0.2ms
[2022-09-06T14:04:05.264+0000][68][gc,phases   ] GC(36)   Merge Heap Roots: 0.1ms
[2022-09-06T14:04:05.264+0000][68][gc,phases   ] GC(36)   Evacuate Collection Set: 1.6ms
[2022-09-06T14:04:05.264+0000][68][gc,phases   ] GC(36)   Post Evacuate Collection Set: 0.9ms
[2022-09-06T14:04:05.264+0000][68][gc,phases   ] GC(36)   Other: 0.1ms
[2022-09-06T14:04:05.264+0000][68][gc,age      ] GC(36) Age table with threshold 15 (max threshold 15)
[2022-09-06T14:04:05.264+0000][68][gc,age      ] GC(36) - age   1:    1550344 bytes,    1550344 total
[2022-09-06T14:04:05.264+0000][68][gc,age      ] GC(36) - age   2:      15848 bytes,    1566192 total
[2022-09-06T14:04:05.264+0000][68][gc,age      ] GC(36) - age   3:      39304 bytes,    1605496 total
[2022-09-06T14:04:05.264+0000][68][gc,age      ] GC(36) - age   4:       3384 bytes,    1608880 total
[2022-09-06T14:04:05.264+0000][68][gc,age      ] GC(36) - age   5:      39464 bytes,    1648344 total
[2022-09-06T14:04:05.264+0000][68][gc,age      ] GC(36) - age   6:       4112 bytes,    1652456 total
[2022-09-06T14:04:05.264+0000][68][gc,age      ] GC(36) - age   7:       4104 bytes,    1656560 total
[2022-09-06T14:04:05.264+0000][68][gc,age      ] GC(36) - age   8:      77216 bytes,    1733776 total
[2022-09-06T14:04:05.264+0000][68][gc,age      ] GC(36) - age   9:       3784 bytes,    1737560 total
[2022-09-06T14:04:05.264+0000][68][gc,age      ] GC(36) - age  10:     241480 bytes,    1979040 total
[2022-09-06T14:04:05.264+0000][68][gc,age      ] GC(36) - age  11:       4312 bytes,    1983352 total
[2022-09-06T14:04:05.264+0000][68][gc,age      ] GC(36) - age  12:      11432 bytes,    1994784 total
[2022-09-06T14:04:05.264+0000][68][gc,age      ] GC(36) - age  13:       6144 bytes,    2000928 total
[2022-09-06T14:04:05.264+0000][68][gc,age      ] GC(36) - age  14:      11112 bytes,    2012040 total
[2022-09-06T14:04:05.264+0000][68][gc,age      ] GC(36) - age  15:       6728 bytes,    2018768 total
[2022-09-06T14:04:05.264+0000][68][gc,heap     ] GC(36) Eden regions: 152->0(152)
[2022-09-06T14:04:05.264+0000][68][gc,heap     ] GC(36) Survivor regions: 1->1(20)
[2022-09-06T14:04:05.264+0000][68][gc,heap     ] GC(36) Old regions: 24->24
[2022-09-06T14:04:05.264+0000][68][gc,heap     ] GC(36) Archive regions: 2->2
[2022-09-06T14:04:05.264+0000][68][gc,heap     ] GC(36) Humongous regions: 2->2
[2022-09-06T14:04:05.264+0000][68][gc,metaspace] GC(36) Metaspace: 130365K(133888K)->130365K(133888K) NonClass: 113301K(115136K)->113301K(115136K) Class: 17064K(18752K)->17064K(18752K)
[2022-09-06T14:04:05.264+0000][68][gc          ] GC(36) Pause Young (Normal) (G1 Evacuation Pause) 717M->109M(1024M) 3.174ms
[2022-09-06T14:04:05.264+0000][68][gc,cpu      ] GC(36) User=0.02s Sys=0.00s Real=0.00s
[2022-09-06T14:04:05.264+0000][68][safepoint   ] Safepoint "G1CollectForAllocation", Time since last: 20663996677 ns, Reaching safepoint: 271993 ns, At safepoint: 3301963 ns, Total: 3573956 ns
[2022-09-06T14:04:20.267+0000][68][safepoint   ] Safepoint "Cleanup", Time since last: 15002907442 ns, Reaching safepoint: 181722 ns, At safepoint: 27181 ns, Total: 208903 ns
[2022-09-06T14:04:25.269+0000][68][safepoint   ] Safepoint "Cleanup", Time since last: 5001431717 ns, Reaching safepoint: 333925 ns, At safepoint: 19440 ns, Total: 353365 ns
[2022-09-06T14:04:44.274+0000][68][safepoint   ] Safepoint "Cleanup", Time since last: 19004250330 ns, Reaching safepoint: 217698 ns, At safepoint: 5460 ns, Total: 223158 ns
[2022-09-06T14:04:46.275+0000][68][safepoint   ] Safepoint "Cleanup", Time since last: 2000743394 ns, Reaching safepoint: 362293 ns, At safepoint: 19600 ns, Total: 381893 ns
[2022-09-06T14:04:57.277+0000][68][safepoint   ] Safepoint "Cleanup", Time since last: 11002121868 ns, Reaching safepoint: 183234 ns, At safepoint: 38966 ns, Total: 222200 ns
[2022-09-06T14:04:58.279+0000][68][safepoint   ] Safepoint "Cleanup", Time since last: 1000421045 ns, Reaching safepoint: 607520 ns, At safepoint: 105144 ns, Total: 712664 ns
[2022-09-06T14:05:09.282+0000][68][safepoint   ] Safepoint "Cleanup", Time since last: 11002450146 ns, Reaching safepoint: 634701 ns, At safepoint: 39445 ns, Total: 674146 ns
[2022-09-06T14:05:14.283+0000][68][safepoint   ] Safepoint "Cleanup", Time since last: 5001404952 ns, Reaching safepoint: 154140 ns, At safepoint: 18611 ns, Total: 172751 ns
[2022-09-06T14:05:35.288+0000][68][safepoint   ] Safepoint "Cleanup", Time since last: 21004743642 ns, Reaching safepoint: 120871 ns, At safepoint: 16157 ns, Total: 137028 ns
[2022-09-06T14:05:36.289+0000][68][safepoint   ] Safepoint "Cleanup", Time since last: 1000406061 ns, Reaching safepoint: 184494 ns, At safepoint: 5314 ns, Total: 189808 ns
[2022-09-06T14:05:39.290+0000][68][safepoint   ] Safepoint "Cleanup", Time since last: 3000833020 ns, Reaching safepoint: 172739 ns, At safepoint: 5486 ns, Total: 178225 ns
[2022-09-06T14:05:44.292+0000][68][safepoint   ] Safepoint "Cleanup", Time since last: 5001346684 ns, Reaching safepoint: 600132 ns, At safepoint: 10636 ns, Total: 610768 ns
[2022-09-06T14:05:50.293+0000][68][safepoint   ] Safepoint "Cleanup", Time since last: 6001191002 ns, Reaching safepoint: 146115 ns, At safepoint: 8872 ns, Total: 154987 ns
[2022-09-06T14:05:56.295+0000][68][safepoint   ] Safepoint "Cleanup", Time since last: 6001365422 ns, Reaching safepoint: 159327 ns, At safepoint: 4863 ns, Total: 164190 ns
[2022-09-06T14:05:57.295+0000][68][safepoint   ] Safepoint "Cleanup", Time since last: 1000371264 ns, Reaching safepoint: 165031 ns, At safepoint: 8439 ns, Total: 173470 ns
[2022-09-06T14:06:00.296+0000][68][safepoint   ] Safepoint "Cleanup", Time since last: 3000667152 ns, Reaching safepoint: 159919 ns, At safepoint: 7186 ns, Total: 167105 ns
[2022-09-06T14:06:02.296+0000][68][safepoint   ] Safepoint "Cleanup", Time since last: 2000385334 ns, Reaching safepoint: 178126 ns, At safepoint: 6483 ns, Total: 184609 ns
[2022-09-06T14:06:23.307+0000][68][gc,start    ] GC(37) Pause Young (Normal) (G1 Evacuation Pause)
[2022-09-06T14:06:23.307+0000][68][gc,task     ] GC(37) Using 8 workers of 8 for evacuation
[2022-09-06T14:06:23.307+0000][68][gc,age      ] GC(37) Desired survivor size 41943040 bytes, new threshold 15 (max threshold 15)
[2022-09-06T14:06:23.310+0000][68][gc,phases   ] GC(37)   Pre Evacuate Collection Set: 0.2ms
[2022-09-06T14:06:23.310+0000][68][gc,phases   ] GC(37)   Merge Heap Roots: 0.1ms
[2022-09-06T14:06:23.310+0000][68][gc,phases   ] GC(37)   Evacuate Collection Set: 1.4ms
[2022-09-06T14:06:23.310+0000][68][gc,phases   ] GC(37)   Post Evacuate Collection Set: 1.4ms
[2022-09-06T14:06:23.310+0000][68][gc,phases   ] GC(37)   Other: 0.1ms
[2022-09-06T14:06:23.310+0000][68][gc,age      ] GC(37) Age table with threshold 15 (max threshold 15)
[2022-09-06T14:06:23.310+0000][68][gc,age      ] GC(37) - age   1:    1500840 bytes,    1500840 total
[2022-09-06T14:06:23.310+0000][68][gc,age      ] GC(37) - age   2:     246424 bytes,    1747264 total
[2022-09-06T14:06:23.310+0000][68][gc,age      ] GC(37) - age   3:      14608 bytes,    1761872 total
[2022-09-06T14:06:23.310+0000][68][gc,age      ] GC(37) - age   4:      38984 bytes,    1800856 total
[2022-09-06T14:06:23.310+0000][68][gc,age      ] GC(37) - age   5:       3352 bytes,    1804208 total
[2022-09-06T14:06:23.310+0000][68][gc,age      ] GC(37) - age   6:      39280 bytes,    1843488 total
[2022-09-06T14:06:23.310+0000][68][gc,age      ] GC(37) - age   7:       4112 bytes,    1847600 total
[2022-09-06T14:06:23.310+0000][68][gc,age      ] GC(37) - age   8:       4104 bytes,    1851704 total
[2022-09-06T14:06:23.310+0000][68][gc,age      ] GC(37) - age   9:      77216 bytes,    1928920 total
[2022-09-06T14:06:23.310+0000][68][gc,age      ] GC(37) - age  10:       3784 bytes,    1932704 total
[2022-09-06T14:06:23.310+0000][68][gc,age      ] GC(37) - age  11:     241480 bytes,    2174184 total
[2022-09-06T14:06:23.310+0000][68][gc,age      ] GC(37) - age  12:       4312 bytes,    2178496 total
[2022-09-06T14:06:23.310+0000][68][gc,age      ] GC(37) - age  13:      11432 bytes,    2189928 total
[2022-09-06T14:06:23.310+0000][68][gc,age      ] GC(37) - age  14:       6144 bytes,    2196072 total
[2022-09-06T14:06:23.310+0000][68][gc,age      ] GC(37) - age  15:      11112 bytes,    2207184 total
[2022-09-06T14:06:23.310+0000][68][gc,heap     ] GC(37) Eden regions: 152->0(152)
[2022-09-06T14:06:23.310+0000][68][gc,heap     ] GC(37) Survivor regions: 1->1(20)
[2022-09-06T14:06:23.310+0000][68][gc,heap     ] GC(37) Old regions: 24->24
[2022-09-06T14:06:23.310+0000][68][gc,heap     ] GC(37) Archive regions: 2->2
[2022-09-06T14:06:23.310+0000][68][gc,heap     ] GC(37) Humongous regions: 2->2
[2022-09-06T14:06:23.310+0000][68][gc,metaspace] GC(37) Metaspace: 130376K(133888K)->130376K(133888K) NonClass: 113312K(115136K)->113312K(115136K) Class: 17064K(18752K)->17064K(18752K)
[2022-09-06T14:06:23.311+0000][68][gc          ] GC(37) Pause Young (Normal) (G1 Evacuation Pause) 717M->109M(1024M) 3.460ms
[2022-09-06T14:06:23.311+0000][68][gc,cpu      ] GC(37) User=0.00s Sys=0.01s Real=0.01s
[2022-09-06T14:06:23.311+0000][68][safepoint   ] Safepoint "G1CollectForAllocation", Time since last: 21010456687 ns, Reaching safepoint: 139289 ns, At safepoint: 3583217 ns, Total: 3722506 ns
[2022-09-06T14:06:30.312+0000][68][safepoint   ] Safepoint "Cleanup", Time since last: 7001289842 ns, Reaching safepoint: 137739 ns, At safepoint: 6041 ns, Total: 143780 ns
[2022-09-06T14:06:44.315+0000][68][safepoint   ] Safepoint "Cleanup", Time since last: 14002883955 ns, Reaching safepoint: 127528 ns, At safepoint: 25180 ns, Total: 152708 ns
[2022-09-06T14:06:46.316+0000][68][safepoint   ] Safepoint "Cleanup", Time since last: 2000449789 ns, Reaching safepoint: 170772 ns, At safepoint: 5584 ns, Total: 176356 ns
[2022-09-06T14:07:25.324+0000][68][safepoint   ] Safepoint "Cleanup", Time since last: 39008468023 ns, Reaching safepoint: 169100 ns, At safepoint: 5839 ns, Total: 174939 ns
[2022-09-06T14:07:34.328+0000][68][safepoint   ] Safepoint "Cleanup", Time since last: 9002551502 ns, Reaching safepoint: 349493 ns, At safepoint: 10498 ns, Total: 359991 ns
[2022-09-06T14:07:35.328+0000][68][safepoint   ] Safepoint "Cleanup", Time since last: 1000231120 ns, Reaching safepoint: 156833 ns, At safepoint: 3821 ns, Total: 160654 ns
[2022-09-06T14:07:36.329+0000][68][safepoint   ] Safepoint "Cleanup", Time since last: 1000310412 ns, Reaching safepoint: 330871 ns, At safepoint: 8733 ns, Total: 339604 ns
[2022-09-06T14:07:44.331+0000][68][safepoint   ] Safepoint "Cleanup", Time since last: 8002482318 ns, Reaching safepoint: 143699 ns, At safepoint: 4902 ns, Total: 148601 ns
[2022-09-06T14:08:14.339+0000][68][safepoint   ] Safepoint "Cleanup", Time since last: 30007448948 ns, Reaching safepoint: 229411 ns, At safepoint: 6885 ns, Total: 236296 ns
[2022-09-06T14:08:22.341+0000][68][safepoint   ] Safepoint "Cleanup", Time since last: 8001873366 ns, Reaching safepoint: 350039 ns, At safepoint: 10393 ns, Total: 360432 ns
[2022-09-06T14:08:44.304+0000][68][gc,start    ] GC(38) Pause Young (Normal) (G1 Evacuation Pause)
[2022-09-06T14:08:44.304+0000][68][gc,task     ] GC(38) Using 8 workers of 8 for evacuation
[2022-09-06T14:08:44.304+0000][68][gc,age      ] GC(38) Desired survivor size 41943040 bytes, new threshold 15 (max threshold 15)
[2022-09-06T14:08:44.308+0000][68][gc,phases   ] GC(38)   Pre Evacuate Collection Set: 0.1ms
[2022-09-06T14:08:44.308+0000][68][gc,phases   ] GC(38)   Merge Heap Roots: 0.1ms
[2022-09-06T14:08:44.308+0000][68][gc,phases   ] GC(38)   Evacuate Collection Set: 2.6ms
[2022-09-06T14:08:44.308+0000][68][gc,phases   ] GC(38)   Post Evacuate Collection Set: 0.9ms
[2022-09-06T14:08:44.308+0000][68][gc,phases   ] GC(38)   Other: 0.1ms
[2022-09-06T14:08:44.308+0000][68][gc,age      ] GC(38) Age table with threshold 15 (max threshold 15)
[2022-09-06T14:08:44.308+0000][68][gc,age      ] GC(38) - age   1:     908176 bytes,     908176 total
[2022-09-06T14:08:44.308+0000][68][gc,age      ] GC(38) - age   2:     164776 bytes,    1072952 total
[2022-09-06T14:08:44.308+0000][68][gc,age      ] GC(38) - age   3:     118592 bytes,    1191544 total
[2022-09-06T14:08:44.308+0000][68][gc,age      ] GC(38) - age   4:      14000 bytes,    1205544 total
[2022-09-06T14:08:44.308+0000][68][gc,age      ] GC(38) - age   5:      10600 bytes,    1216144 total
[2022-09-06T14:08:44.308+0000][68][gc,age      ] GC(38) - age   6:       3352 bytes,    1219496 total
[2022-09-06T14:08:44.308+0000][68][gc,age      ] GC(38) - age   7:      35296 bytes,    1254792 total
[2022-09-06T14:08:44.308+0000][68][gc,age      ] GC(38) - age   8:       4080 bytes,    1258872 total
[2022-09-06T14:08:44.308+0000][68][gc,age      ] GC(38) - age   9:       4104 bytes,    1262976 total
[2022-09-06T14:08:44.308+0000][68][gc,age      ] GC(38) - age  10:      76768 bytes,    1339744 total
[2022-09-06T14:08:44.308+0000][68][gc,age      ] GC(38) - age  11:       3784 bytes,    1343528 total
[2022-09-06T14:08:44.308+0000][68][gc,age      ] GC(38) - age  12:     238768 bytes,    1582296 total
[2022-09-06T14:08:44.308+0000][68][gc,age      ] GC(38) - age  13:       4312 bytes,    1586608 total
[2022-09-06T14:08:44.308+0000][68][gc,age      ] GC(38) - age  14:      11432 bytes,    1598040 total
[2022-09-06T14:08:44.308+0000][68][gc,age      ] GC(38) - age  15:       6144 bytes,    1604184 total
[2022-09-06T14:08:44.308+0000][68][gc,heap     ] GC(38) Eden regions: 152->0(152)
[2022-09-06T14:08:44.308+0000][68][gc,heap     ] GC(38) Survivor regions: 1->1(20)
[2022-09-06T14:08:44.308+0000][68][gc,heap     ] GC(38) Old regions: 24->24
[2022-09-06T14:08:44.308+0000][68][gc,heap     ] GC(38) Archive regions: 2->2
[2022-09-06T14:08:44.308+0000][68][gc,heap     ] GC(38) Humongous regions: 2->2
[2022-09-06T14:08:44.308+0000][68][gc,metaspace] GC(38) Metaspace: 130388K(133888K)->130388K(133888K) NonClass: 113324K(115136K)->113324K(115136K) Class: 17064K(18752K)->17064K(18752K)
[2022-09-06T14:08:44.308+0000][68][gc          ] GC(38) Pause Young (Normal) (G1 Evacuation Pause) 717M->108M(1024M) 4.252ms
[2022-09-06T14:08:44.308+0000][68][gc,cpu      ] GC(38) User=0.01s Sys=0.00s Real=0.00s
[2022-09-06T14:08:44.308+0000][68][safepoint   ] Safepoint "G1CollectForAllocation", Time since last: 21962893471 ns, Reaching safepoint: 147513 ns, At safepoint: 4358415 ns, Total: 4505928 ns
[2022-09-06T14:08:50.310+0000][68][safepoint   ] Safepoint "Cleanup", Time since last: 6001341416 ns, Reaching safepoint: 151945 ns, At safepoint: 13654 ns, Total: 165599 ns
[2022-09-06T14:08:51.310+0000][68][safepoint   ] Safepoint "Cleanup", Time since last: 1000289975 ns, Reaching safepoint: 186612 ns, At safepoint: 5376 ns, Total: 191988 ns
[2022-09-06T14:08:56.312+0000][68][safepoint   ] Safepoint "Cleanup", Time since last: 5001132544 ns, Reaching safepoint: 267668 ns, At safepoint: 23435 ns, Total: 291103 ns
[2022-09-06T14:09:00.313+0000][68][safepoint   ] Safepoint "Cleanup", Time since last: 4000955437 ns, Reaching safepoint: 160552 ns, At safepoint: 6910 ns, Total: 167462 ns
[2022-09-06T14:09:04.314+0000][68][safepoint   ] Safepoint "Cleanup", Time since last: 4000911238 ns, Reaching safepoint: 210555 ns, At safepoint: 10269 ns, Total: 220824 ns
[2022-09-06T14:09:14.316+0000][68][safepoint   ] Safepoint "Cleanup", Time since last: 10001837143 ns, Reaching safepoint: 174621 ns, At safepoint: 34784 ns, Total: 209405 ns
[2022-09-06T14:09:15.316+0000][68][safepoint   ] Safepoint "Cleanup", Time since last: 1000342871 ns, Reaching safepoint: 197265 ns, At safepoint: 7764 ns, Total: 205029 ns
[2022-09-06T14:09:36.321+0000][68][safepoint   ] Safepoint "Cleanup", Time since last: 21004279617 ns, Reaching safepoint: 215643 ns, At safepoint: 5227 ns, Total: 220870 ns
[2022-09-06T14:09:38.322+0000][68][safepoint   ] Safepoint "Cleanup", Time since last: 2000374337 ns, Reaching safepoint: 142134 ns, At safepoint: 3351 ns, Total: 145485 ns
[2022-09-06T14:09:39.322+0000][68][safepoint   ] Safepoint "Cleanup", Time since last: 1000353835 ns, Reaching safepoint: 153831 ns, At safepoint: 6834 ns, Total: 160665 ns
[2022-09-06T14:09:45.323+0000][68][safepoint   ] Safepoint "Cleanup", Time since last: 6001178607 ns, Reaching safepoint: 181733 ns, At safepoint: 5158 ns, Total: 186891 ns
[2022-09-06T14:09:48.324+0000][68][safepoint   ] Safepoint "Cleanup", Time since last: 3000435663 ns, Reaching safepoint: 147139 ns, At safepoint: 5869 ns, Total: 153008 ns
[2022-09-06T14:10:01.328+0000][68][safepoint   ] Safepoint "Cleanup", Time since last: 13003408231 ns, Reaching safepoint: 215194 ns, At safepoint: 11461 ns, Total: 226655 ns
[2022-09-06T14:10:25.333+0000][68][safepoint   ] Safepoint "Cleanup", Time since last: 24005328739 ns, Reaching safepoint: 157576 ns, At safepoint: 3261 ns, Total: 160837 ns
[2022-09-06T14:10:26.334+0000][68][safepoint   ] Safepoint "Cleanup", Time since last: 1000206640 ns, Reaching safepoint: 150736 ns, At safepoint: 4615 ns, Total: 155351 ns
[2022-09-06T14:10:31.335+0000][68][safepoint   ] Safepoint "Cleanup", Time since last: 5001041439 ns, Reaching safepoint: 249514 ns, At safepoint: 3841 ns, Total: 253355 ns
[2022-09-06T14:10:32.336+0000][68][safepoint   ] Safepoint "Cleanup", Time since last: 1000355361 ns, Reaching safepoint: 428114 ns, At safepoint: 36529 ns, Total: 464643 ns
[2022-09-06T14:10:35.336+0000][68][safepoint   ] Safepoint "Cleanup", Time since last: 3000730716 ns, Reaching safepoint: 166901 ns, At safepoint: 4329 ns, Total: 171230 ns
[2022-09-06T14:10:41.338+0000][68][safepoint   ] Safepoint "Cleanup", Time since last: 6001512493 ns, Reaching safepoint: 144978 ns, At safepoint: 3548 ns, Total: 148526 ns
[2022-09-06T14:10:44.339+0000][68][safepoint   ] Safepoint "Cleanup", Time since last: 3000894252 ns, Reaching safepoint: 113389 ns, At safepoint: 4728 ns, Total: 118117 ns
[2022-09-06T14:10:57.343+0000][68][safepoint   ] Safepoint "Cleanup", Time since last: 13003653894 ns, Reaching safepoint: 241584 ns, At safepoint: 11102 ns, Total: 252686 ns
[2022-09-06T14:11:02.283+0000][68][gc,start    ] GC(39) Pause Young (Normal) (G1 Evacuation Pause)
[2022-09-06T14:11:02.283+0000][68][gc,task     ] GC(39) Using 8 workers of 8 for evacuation
[2022-09-06T14:11:02.283+0000][68][gc,age      ] GC(39) Desired survivor size 41943040 bytes, new threshold 15 (max threshold 15)
[2022-09-06T14:11:02.285+0000][68][gc,phases   ] GC(39)   Pre Evacuate Collection Set: 0.2ms
[2022-09-06T14:11:02.285+0000][68][gc,phases   ] GC(39)   Merge Heap Roots: 0.1ms
[2022-09-06T14:11:02.285+0000][68][gc,phases   ] GC(39)   Evacuate Collection Set: 1.3ms
[2022-09-06T14:11:02.285+0000][68][gc,phases   ] GC(39)   Post Evacuate Collection Set: 0.9ms
[2022-09-06T14:11:02.285+0000][68][gc,phases   ] GC(39)   Other: 0.1ms
[2022-09-06T14:11:02.285+0000][68][gc,age      ] GC(39) Age table with threshold 15 (max threshold 15)
[2022-09-06T14:11:02.286+0000][68][gc,age      ] GC(39) - age   1:     925016 bytes,     925016 total
[2022-09-06T14:11:02.286+0000][68][gc,age      ] GC(39) - age   2:      41048 bytes,     966064 total
[2022-09-06T14:11:02.286+0000][68][gc,age      ] GC(39) - age   3:     138384 bytes,    1104448 total
[2022-09-06T14:11:02.286+0000][68][gc,age      ] GC(39) - age   4:     117208 bytes,    1221656 total
[2022-09-06T14:11:02.286+0000][68][gc,age      ] GC(39) - age   5:       8048 bytes,    1229704 total
[2022-09-06T14:11:02.286+0000][68][gc,age      ] GC(39) - age   6:      10416 bytes,    1240120 total
[2022-09-06T14:11:02.286+0000][68][gc,age      ] GC(39) - age   7:       3352 bytes,    1243472 total
[2022-09-06T14:11:02.286+0000][68][gc,age      ] GC(39) - age   8:      34272 bytes,    1277744 total
[2022-09-06T14:11:02.286+0000][68][gc,age      ] GC(39) - age   9:       4080 bytes,    1281824 total
[2022-09-06T14:11:02.286+0000][68][gc,age      ] GC(39) - age  10:       4104 bytes,    1285928 total
[2022-09-06T14:11:02.286+0000][68][gc,age      ] GC(39) - age  11:      76768 bytes,    1362696 total
[2022-09-06T14:11:02.286+0000][68][gc,age      ] GC(39) - age  12:       3784 bytes,    1366480 total
[2022-09-06T14:11:02.286+0000][68][gc,age      ] GC(39) - age  13:     238704 bytes,    1605184 total
[2022-09-06T14:11:02.286+0000][68][gc,age      ] GC(39) - age  14:       4312 bytes,    1609496 total
[2022-09-06T14:11:02.286+0000][68][gc,age      ] GC(39) - age  15:      11432 bytes,    1620928 total
[2022-09-06T14:11:02.286+0000][68][gc,heap     ] GC(39) Eden regions: 152->0(152)
[2022-09-06T14:11:02.286+0000][68][gc,heap     ] GC(39) Survivor regions: 1->1(20)
[2022-09-06T14:11:02.286+0000][68][gc,heap     ] GC(39) Old regions: 24->24
[2022-09-06T14:11:02.286+0000][68][gc,heap     ] GC(39) Archive regions: 2->2
[2022-09-06T14:11:02.286+0000][68][gc,heap     ] GC(39) Humongous regions: 2->2
[2022-09-06T14:11:02.286+0000][68][gc,metaspace] GC(39) Metaspace: 130413K(133952K)->130413K(133952K) NonClass: 113348K(115200K)->113348K(115200K) Class: 17064K(18752K)->17064K(18752K)
[2022-09-06T14:11:02.286+0000][68][gc          ] GC(39) Pause Young (Normal) (G1 Evacuation Pause) 716M->109M(1024M) 2.877ms
[2022-09-06T14:11:02.286+0000][68][gc,cpu      ] GC(39) User=0.01s Sys=0.00s Real=0.00s
[2022-09-06T14:11:02.286+0000][68][safepoint   ] Safepoint "G1CollectForAllocation", Time since last: 4939606980 ns, Reaching safepoint: 138922 ns, At safepoint: 3003388 ns, Total: 3142310 ns
[2022-09-06T14:11:06.287+0000][68][safepoint   ] Safepoint "Cleanup", Time since last: 4000849700 ns, Reaching safepoint: 144154 ns, At safepoint: 4031 ns, Total: 148185 ns
[2022-09-06T14:11:15.289+0000][68][safepoint   ] Safepoint "Cleanup", Time since last: 9001961489 ns, Reaching safepoint: 155481 ns, At safepoint: 3846 ns, Total: 159327 ns
[2022-09-06T14:11:21.290+0000][68][safepoint   ] Safepoint "Cleanup", Time since last: 6001372297 ns, Reaching safepoint: 171392 ns, At safepoint: 4847 ns, Total: 176239 ns
[2022-09-06T14:11:36.294+0000][68][safepoint   ] Safepoint "Cleanup", Time since last: 15002918929 ns, Reaching safepoint: 177488 ns, At safepoint: 8206 ns, Total: 185694 ns
[2022-09-06T14:11:44.295+0000][68][safepoint   ] Safepoint "Cleanup", Time since last: 8001443121 ns, Reaching safepoint: 153399 ns, At safepoint: 4645 ns, Total: 158044 ns
[2022-09-06T14:11:57.436+0000][68][safepoint   ] Safepoint "Cleanup", Time since last: 13140770113 ns, Reaching safepoint: 155719 ns, At safepoint: 4622 ns, Total: 160341 ns
[2022-09-06T14:12:03.438+0000][68][safepoint   ] Safepoint "Cleanup", Time since last: 6001218498 ns, Reaching safepoint: 159629 ns, At safepoint: 4011 ns, Total: 163640 ns
[2022-09-06T14:12:14.440+0000][68][safepoint   ] Safepoint "Cleanup", Time since last: 11002106972 ns, Reaching safepoint: 190740 ns, At safepoint: 4182 ns, Total: 194922 ns
[2022-09-06T14:12:44.447+0000][68][safepoint   ] Safepoint "Cleanup", Time since last: 30006951168 ns, Reaching safepoint: 221068 ns, At safepoint: 19383 ns, Total: 240451 ns
[2022-09-06T14:12:47.448+0000][68][safepoint   ] Safepoint "Cleanup", Time since last: 3000814670 ns, Reaching safepoint: 161219 ns, At safepoint: 3801 ns, Total: 165020 ns
[2022-09-06T14:12:51.449+0000][68][safepoint   ] Safepoint "Cleanup", Time since last: 4001080377 ns, Reaching safepoint: 173949 ns, At safepoint: 25173 ns, Total: 199122 ns
[2022-09-06T14:13:08.452+0000][68][safepoint   ] Safepoint "Cleanup", Time since last: 17003585540 ns, Reaching safepoint: 245733 ns, At safepoint: 28577 ns, Total: 274310 ns
[2022-09-06T14:13:11.454+0000][68][safepoint   ] Safepoint "Cleanup", Time since last: 3001126112 ns, Reaching safepoint: 192504 ns, At safepoint: 5173 ns, Total: 197677 ns
[2022-09-06T14:13:23.318+0000][68][gc,start    ] GC(40) Pause Young (Normal) (G1 Evacuation Pause)
[2022-09-06T14:13:23.318+0000][68][gc,task     ] GC(40) Using 8 workers of 8 for evacuation
[2022-09-06T14:13:23.318+0000][68][gc,age      ] GC(40) Desired survivor size 41943040 bytes, new threshold 15 (max threshold 15)
[2022-09-06T14:13:23.322+0000][68][gc,phases   ] GC(40)   Pre Evacuate Collection Set: 0.2ms
[2022-09-06T14:13:23.322+0000][68][gc,phases   ] GC(40)   Merge Heap Roots: 0.2ms
[2022-09-06T14:13:23.322+0000][68][gc,phases   ] GC(40)   Evacuate Collection Set: 2.2ms
[2022-09-06T14:13:23.322+0000][68][gc,phases   ] GC(40)   Post Evacuate Collection Set: 1.1ms
[2022-09-06T14:13:23.322+0000][68][gc,phases   ] GC(40)   Other: 0.1ms
[2022-09-06T14:13:23.322+0000][68][gc,age      ] GC(40) Age table with threshold 15 (max threshold 15)
[2022-09-06T14:13:23.322+0000][68][gc,age      ] GC(40) - age   1:    1402240 bytes,    1402240 total
[2022-09-06T14:13:23.322+0000][68][gc,age      ] GC(40) - age   2:     416760 bytes,    1819000 total
[2022-09-06T14:13:23.322+0000][68][gc,age      ] GC(40) - age   3:      39952 bytes,    1858952 total
[2022-09-06T14:13:23.322+0000][68][gc,age      ] GC(40) - age   4:     137800 bytes,    1996752 total
[2022-09-06T14:13:23.322+0000][68][gc,age      ] GC(40) - age   5:     117008 bytes,    2113760 total
[2022-09-06T14:13:23.322+0000][68][gc,age      ] GC(40) - age   6:       8048 bytes,    2121808 total
[2022-09-06T14:13:23.322+0000][68][gc,age      ] GC(40) - age   7:      10232 bytes,    2132040 total
[2022-09-06T14:13:23.322+0000][68][gc,age      ] GC(40) - age   8:       3352 bytes,    2135392 total
[2022-09-06T14:13:23.322+0000][68][gc,age      ] GC(40) - age   9:      34272 bytes,    2169664 total
[2022-09-06T14:13:23.322+0000][68][gc,age      ] GC(40) - age  10:       4080 bytes,    2173744 total
[2022-09-06T14:13:23.322+0000][68][gc,age      ] GC(40) - age  11:       4104 bytes,    2177848 total
[2022-09-06T14:13:23.322+0000][68][gc,age      ] GC(40) - age  12:      76768 bytes,    2254616 total
[2022-09-06T14:13:23.322+0000][68][gc,age      ] GC(40) - age  13:       3784 bytes,    2258400 total
[2022-09-06T14:13:23.322+0000][68][gc,age      ] GC(40) - age  14:     238704 bytes,    2497104 total
[2022-09-06T14:13:23.322+0000][68][gc,age      ] GC(40) - age  15:       4312 bytes,    2501416 total
[2022-09-06T14:13:23.322+0000][68][gc,heap     ] GC(40) Eden regions: 152->0(152)
[2022-09-06T14:13:23.322+0000][68][gc,heap     ] GC(40) Survivor regions: 1->1(20)
[2022-09-06T14:13:23.322+0000][68][gc,heap     ] GC(40) Old regions: 24->24
[2022-09-06T14:13:23.322+0000][68][gc,heap     ] GC(40) Archive regions: 2->2
[2022-09-06T14:13:23.322+0000][68][gc,heap     ] GC(40) Humongous regions: 2->2
[2022-09-06T14:13:23.322+0000][68][gc,metaspace] GC(40) Metaspace: 130445K(133952K)->130445K(133952K) NonClass: 113380K(115200K)->113380K(115200K) Class: 17064K(18752K)->17064K(18752K)
[2022-09-06T14:13:23.322+0000][68][gc          ] GC(40) Pause Young (Normal) (G1 Evacuation Pause) 717M->109M(1024M) 4.102ms
[2022-09-06T14:13:23.322+0000][68][gc,cpu      ] GC(40) User=0.02s Sys=0.00s Real=0.01s
[2022-09-06T14:13:23.322+0000][68][safepoint   ] Safepoint "G1CollectForAllocation", Time since last: 11864103152 ns, Reaching safepoint: 208079 ns, At safepoint: 4251145 ns, Total: 4459224 ns
[2022-09-06T14:13:26.323+0000][68][safepoint   ] Safepoint "Cleanup", Time since last: 3000829031 ns, Reaching safepoint: 122444 ns, At safepoint: 24546 ns, Total: 146990 ns
[2022-09-06T14:13:44.328+0000][68][safepoint   ] Safepoint "Cleanup", Time since last: 18003783779 ns, Reaching safepoint: 271007 ns, At safepoint: 30022 ns, Total: 301029 ns
[2022-09-06T14:14:06.332+0000][68][safepoint   ] Safepoint "Cleanup", Time since last: 22003923422 ns, Reaching safepoint: 142495 ns, At safepoint: 5592 ns, Total: 148087 ns
[2022-09-06T14:14:36.338+0000][68][safepoint   ] Safepoint "Cleanup", Time since last: 30005881228 ns, Reaching safepoint: 499104 ns, At safepoint: 4549 ns, Total: 503653 ns
[2022-09-06T14:14:44.340+0000][68][safepoint   ] Safepoint "Cleanup", Time since last: 8001493135 ns, Reaching safepoint: 175242 ns, At safepoint: 5706 ns, Total: 180948 ns
[2022-09-06T14:14:54.343+0000][68][safepoint   ] Safepoint "Cleanup", Time since last: 10002034023 ns, Reaching safepoint: 510764 ns, At safepoint: 88252 ns, Total: 599016 ns
[2022-09-06T14:14:56.344+0000][68][safepoint   ] Safepoint "Cleanup", Time since last: 2001102728 ns, Reaching safepoint: 157804 ns, At safepoint: 7942 ns, Total: 165746 ns
[2022-09-06T14:15:38.342+0000][68][gc,start    ] GC(41) Pause Young (Normal) (G1 Evacuation Pause)
[2022-09-06T14:15:38.343+0000][68][gc,task     ] GC(41) Using 8 workers of 8 for evacuation
[2022-09-06T14:15:38.343+0000][68][gc,age      ] GC(41) Desired survivor size 41943040 bytes, new threshold 15 (max threshold 15)
[2022-09-06T14:15:38.345+0000][68][gc,phases   ] GC(41)   Pre Evacuate Collection Set: 0.1ms
[2022-09-06T14:15:38.345+0000][68][gc,phases   ] GC(41)   Merge Heap Roots: 0.1ms
[2022-09-06T14:15:38.345+0000][68][gc,phases   ] GC(41)   Evacuate Collection Set: 1.3ms
[2022-09-06T14:15:38.345+0000][68][gc,phases   ] GC(41)   Post Evacuate Collection Set: 0.7ms
[2022-09-06T14:15:38.345+0000][68][gc,phases   ] GC(41)   Other: 0.1ms
[2022-09-06T14:15:38.345+0000][68][gc,age      ] GC(41) Age table with threshold 15 (max threshold 15)
[2022-09-06T14:15:38.345+0000][68][gc,age      ] GC(41) - age   1:    1173768 bytes,    1173768 total
[2022-09-06T14:15:38.345+0000][68][gc,age      ] GC(41) - age   2:      46600 bytes,    1220368 total
[2022-09-06T14:15:38.345+0000][68][gc,age      ] GC(41) - age   3:     415936 bytes,    1636304 total
[2022-09-06T14:15:38.345+0000][68][gc,age      ] GC(41) - age   4:      39304 bytes,    1675608 total
[2022-09-06T14:15:38.345+0000][68][gc,age      ] GC(41) - age   5:     137800 bytes,    1813408 total
[2022-09-06T14:15:38.345+0000][68][gc,age      ] GC(41) - age   6:     116824 bytes,    1930232 total
[2022-09-06T14:15:38.345+0000][68][gc,age      ] GC(41) - age   7:       8048 bytes,    1938280 total
[2022-09-06T14:15:38.345+0000][68][gc,age      ] GC(41) - age   8:      10232 bytes,    1948512 total
[2022-09-06T14:15:38.345+0000][68][gc,age      ] GC(41) - age   9:       3352 bytes,    1951864 total
[2022-09-06T14:15:38.345+0000][68][gc,age      ] GC(41) - age  10:      34272 bytes,    1986136 total
[2022-09-06T14:15:38.345+0000][68][gc,age      ] GC(41) - age  11:       4080 bytes,    1990216 total
[2022-09-06T14:15:38.345+0000][68][gc,age      ] GC(41) - age  12:       4104 bytes,    1994320 total
[2022-09-06T14:15:38.345+0000][68][gc,age      ] GC(41) - age  13:      76768 bytes,    2071088 total
[2022-09-06T14:15:38.345+0000][68][gc,age      ] GC(41) - age  14:       3784 bytes,    2074872 total
[2022-09-06T14:15:38.345+0000][68][gc,age      ] GC(41) - age  15:     238704 bytes,    2313576 total
[2022-09-06T14:15:38.345+0000][68][gc,heap     ] GC(41) Eden regions: 152->0(152)
[2022-09-06T14:15:38.345+0000][68][gc,heap     ] GC(41) Survivor regions: 1->1(20)
[2022-09-06T14:15:38.345+0000][68][gc,heap     ] GC(41) Old regions: 24->24
[2022-09-06T14:15:38.345+0000][68][gc,heap     ] GC(41) Archive regions: 2->2
[2022-09-06T14:15:38.345+0000][68][gc,heap     ] GC(41) Humongous regions: 2->2
[2022-09-06T14:15:38.345+0000][68][gc,metaspace] GC(41) Metaspace: 130477K(133952K)->130477K(133952K) NonClass: 113412K(115200K)->113412K(115200K) Class: 17064K(18752K)->17064K(18752K)
[2022-09-06T14:15:38.345+0000][68][gc          ] GC(41) Pause Young (Normal) (G1 Evacuation Pause) 717M->109M(1024M) 2.550ms
[2022-09-06T14:15:38.345+0000][68][gc,cpu      ] GC(41) User=0.01s Sys=0.00s Real=0.00s
[2022-09-06T14:15:38.345+0000][68][safepoint   ] Safepoint "G1CollectForAllocation", Time since last: 41998687448 ns, Reaching safepoint: 140549 ns, At safepoint: 2703474 ns, Total: 2844023 ns
[2022-09-06T14:15:44.347+0000][68][safepoint   ] Safepoint "Cleanup", Time since last: 6001739617 ns, Reaching safepoint: 204911 ns, At safepoint: 23556 ns, Total: 228467 ns
[2022-09-06T14:16:15.355+0000][68][safepoint   ] Safepoint "Cleanup", Time since last: 31007218118 ns, Reaching safepoint: 314973 ns, At safepoint: 91224 ns, Total: 406197 ns
[2022-09-06T14:16:44.361+0000][68][safepoint   ] Safepoint "Cleanup", Time since last: 29005479696 ns, Reaching safepoint: 160969 ns, At safepoint: 8122 ns, Total: 169091 ns
[2022-09-06T14:17:02.365+0000][68][safepoint   ] Safepoint "Cleanup", Time since last: 18004311921 ns, Reaching safepoint: 130997 ns, At safepoint: 3871 ns, Total: 134868 ns
[2022-09-06T14:17:03.365+0000][68][safepoint   ] Safepoint "Cleanup", Time since last: 1000202898 ns, Reaching safepoint: 180897 ns, At safepoint: 6249 ns, Total: 187146 ns
[2022-09-06T14:17:06.366+0000][68][safepoint   ] Safepoint "Cleanup", Time since last: 3000794526 ns, Reaching safepoint: 151728 ns, At safepoint: 4021 ns, Total: 155749 ns
[2022-09-06T14:17:08.367+0000][68][safepoint   ] Safepoint "Cleanup", Time since last: 2000577419 ns, Reaching safepoint: 170097 ns, At safepoint: 6428 ns, Total: 176525 ns
[2022-09-06T14:17:14.369+0000][68][safepoint   ] Safepoint "Cleanup", Time since last: 6001163366 ns, Reaching safepoint: 289067 ns, At safepoint: 23890 ns, Total: 312957 ns
[2022-09-06T14:17:24.371+0000][68][safepoint   ] Safepoint "Cleanup", Time since last: 10002331788 ns, Reaching safepoint: 199009 ns, At safepoint: 3712 ns, Total: 202721 ns
[2022-09-06T14:17:28.372+0000][68][safepoint   ] Safepoint "Cleanup", Time since last: 4000675164 ns, Reaching safepoint: 145537 ns, At safepoint: 4382 ns, Total: 149919 ns
[2022-09-06T14:17:36.373+0000][68][safepoint   ] Safepoint "Cleanup", Time since last: 8001230855 ns, Reaching safepoint: 165501 ns, At safepoint: 7797 ns, Total: 173298 ns
[2022-09-06T14:17:47.376+0000][68][safepoint   ] Safepoint "Cleanup", Time since last: 11001996848 ns, Reaching safepoint: 231546 ns, At safepoint: 72775 ns, Total: 304321 ns
[2022-09-06T14:17:56.353+0000][68][gc,start    ] GC(42) Pause Young (Normal) (G1 Evacuation Pause)
[2022-09-06T14:17:56.353+0000][68][gc,task     ] GC(42) Using 8 workers of 8 for evacuation
[2022-09-06T14:17:56.353+0000][68][gc,age      ] GC(42) Desired survivor size 41943040 bytes, new threshold 15 (max threshold 15)
[2022-09-06T14:17:56.357+0000][68][gc,phases   ] GC(42)   Pre Evacuate Collection Set: 0.2ms
[2022-09-06T14:17:56.357+0000][68][gc,phases   ] GC(42)   Merge Heap Roots: 0.1ms
[2022-09-06T14:17:56.357+0000][68][gc,phases   ] GC(42)   Evacuate Collection Set: 1.7ms
[2022-09-06T14:17:56.357+0000][68][gc,phases   ] GC(42)   Post Evacuate Collection Set: 1.2ms
[2022-09-06T14:17:56.357+0000][68][gc,phases   ] GC(42)   Other: 0.2ms
[2022-09-06T14:17:56.357+0000][68][gc,age      ] GC(42) Age table with threshold 15 (max threshold 15)
[2022-09-06T14:17:56.357+0000][68][gc,age      ] GC(42) - age   1:    1138576 bytes,    1138576 total
[2022-09-06T14:17:56.357+0000][68][gc,age      ] GC(42) - age   2:       8920 bytes,    1147496 total
[2022-09-06T14:17:56.357+0000][68][gc,age      ] GC(42) - age   3:       7192 bytes,    1154688 total
[2022-09-06T14:17:56.357+0000][68][gc,age      ] GC(42) - age   4:     303792 bytes,    1458480 total
[2022-09-06T14:17:56.357+0000][68][gc,age      ] GC(42) - age   5:      28176 bytes,    1486656 total
[2022-09-06T14:17:56.357+0000][68][gc,age      ] GC(42) - age   6:     137616 bytes,    1624272 total
[2022-09-06T14:17:56.357+0000][68][gc,age      ] GC(42) - age   7:     116824 bytes,    1741096 total
[2022-09-06T14:17:56.357+0000][68][gc,age      ] GC(42) - age   8:       8048 bytes,    1749144 total
[2022-09-06T14:17:56.357+0000][68][gc,age      ] GC(42) - age   9:      10200 bytes,    1759344 total
[2022-09-06T14:17:56.357+0000][68][gc,age      ] GC(42) - age  10:       3352 bytes,    1762696 total
[2022-09-06T14:17:56.357+0000][68][gc,age      ] GC(42) - age  11:      34272 bytes,    1796968 total
[2022-09-06T14:17:56.357+0000][68][gc,age      ] GC(42) - age  12:       4040 bytes,    1801008 total
[2022-09-06T14:17:56.357+0000][68][gc,age      ] GC(42) - age  13:       4104 bytes,    1805112 total
[2022-09-06T14:17:56.357+0000][68][gc,age      ] GC(42) - age  14:      76768 bytes,    1881880 total
[2022-09-06T14:17:56.357+0000][68][gc,age      ] GC(42) - age  15:       3784 bytes,    1885664 total
[2022-09-06T14:17:56.357+0000][68][gc,heap     ] GC(42) Eden regions: 152->0(152)
[2022-09-06T14:17:56.357+0000][68][gc,heap     ] GC(42) Survivor regions: 1->1(20)
[2022-09-06T14:17:56.357+0000][68][gc,heap     ] GC(42) Old regions: 24->24
[2022-09-06T14:17:56.357+0000][68][gc,heap     ] GC(42) Archive regions: 2->2
[2022-09-06T14:17:56.357+0000][68][gc,heap     ] GC(42) Humongous regions: 2->2
[2022-09-06T14:17:56.357+0000][68][gc,metaspace] GC(42) Metaspace: 130490K(133952K)->130490K(133952K) NonClass: 113425K(115200K)->113425K(115200K) Class: 17064K(18752K)->17064K(18752K)
[2022-09-06T14:17:56.357+0000][68][gc          ] GC(42) Pause Young (Normal) (G1 Evacuation Pause) 717M->109M(1024M) 3.739ms
[2022-09-06T14:17:56.357+0000][68][gc,cpu      ] GC(42) User=0.01s Sys=0.00s Real=0.00s
[2022-09-06T14:17:56.357+0000][68][safepoint   ] Safepoint "G1CollectForAllocation", Time since last: 8977498257 ns, Reaching safepoint: 184472 ns, At safepoint: 3901229 ns, Total: 4085701 ns
[2022-09-06T14:18:12.360+0000][68][safepoint   ] Safepoint "Cleanup", Time since last: 16002457541 ns, Reaching safepoint: 161570 ns, At safepoint: 6813 ns, Total: 168383 ns
[2022-09-06T14:18:34.364+0000][68][safepoint   ] Safepoint "Cleanup", Time since last: 22003414808 ns, Reaching safepoint: 167073 ns, At safepoint: 10628 ns, Total: 177701 ns
[2022-09-06T14:18:39.365+0000][68][safepoint   ] Safepoint "Cleanup", Time since last: 5000862548 ns, Reaching safepoint: 164357 ns, At safepoint: 8087 ns, Total: 172444 ns
[2022-09-06T14:18:44.366+0000][68][safepoint   ] Safepoint "Cleanup", Time since last: 5000941661 ns, Reaching safepoint: 282719 ns, At safepoint: 16041 ns, Total: 298760 ns
[2022-09-06T14:18:50.367+0000][68][safepoint   ] Safepoint "Cleanup", Time since last: 6001074874 ns, Reaching safepoint: 154520 ns, At safepoint: 3361 ns, Total: 157881 ns
[2022-09-06T14:18:52.368+0000][68][safepoint   ] Safepoint "Cleanup", Time since last: 2000272020 ns, Reaching safepoint: 130017 ns, At safepoint: 16797 ns, Total: 146814 ns
[2022-09-06T14:18:54.368+0000][68][safepoint   ] Safepoint "Cleanup", Time since last: 2000526177 ns, Reaching safepoint: 191190 ns, At safepoint: 8420 ns, Total: 199610 ns
[2022-09-06T14:20:08.382+0000][68][safepoint   ] Safepoint "Cleanup", Time since last: 74013692702 ns, Reaching safepoint: 158959 ns, At safepoint: 3378 ns, Total: 162337 ns
[2022-09-06T14:20:08.414+0000][68][gc,start    ] GC(43) Pause Young (Normal) (G1 Evacuation Pause)
[2022-09-06T14:20:08.414+0000][68][gc,task     ] GC(43) Using 8 workers of 8 for evacuation
[2022-09-06T14:20:08.414+0000][68][gc,age      ] GC(43) Desired survivor size 41943040 bytes, new threshold 15 (max threshold 15)
[2022-09-06T14:20:08.418+0000][68][gc,phases   ] GC(43)   Pre Evacuate Collection Set: 0.2ms
[2022-09-06T14:20:08.418+0000][68][gc,phases   ] GC(43)   Merge Heap Roots: 0.1ms
[2022-09-06T14:20:08.418+0000][68][gc,phases   ] GC(43)   Evacuate Collection Set: 1.5ms
[2022-09-06T14:20:08.418+0000][68][gc,phases   ] GC(43)   Post Evacuate Collection Set: 1.1ms
[2022-09-06T14:20:08.418+0000][68][gc,phases   ] GC(43)   Other: 0.2ms
[2022-09-06T14:20:08.418+0000][68][gc,age      ] GC(43) Age table with threshold 15 (max threshold 15)
[2022-09-06T14:20:08.418+0000][68][gc,age      ] GC(43) - age   1:    1513424 bytes,    1513424 total
[2022-09-06T14:20:08.418+0000][68][gc,age      ] GC(43) - age   2:      24936 bytes,    1538360 total
[2022-09-06T14:20:08.418+0000][68][gc,age      ] GC(43) - age   3:       6600 bytes,    1544960 total
[2022-09-06T14:20:08.418+0000][68][gc,age      ] GC(43) - age   4:       6768 bytes,    1551728 total
[2022-09-06T14:20:08.418+0000][68][gc,age      ] GC(43) - age   5:     272208 bytes,    1823936 total
[2022-09-06T14:20:08.418+0000][68][gc,age      ] GC(43) - age   6:      28176 bytes,    1852112 total
[2022-09-06T14:20:08.418+0000][68][gc,age      ] GC(43) - age   7:     137616 bytes,    1989728 total
[2022-09-06T14:20:08.418+0000][68][gc,age      ] GC(43) - age   8:     116800 bytes,    2106528 total
[2022-09-06T14:20:08.418+0000][68][gc,age      ] GC(43) - age   9:       8048 bytes,    2114576 total
[2022-09-06T14:20:08.418+0000][68][gc,age      ] GC(43) - age  10:      10168 bytes,    2124744 total
[2022-09-06T14:20:08.418+0000][68][gc,age      ] GC(43) - age  11:       3352 bytes,    2128096 total
[2022-09-06T14:20:08.418+0000][68][gc,age      ] GC(43) - age  12:      34248 bytes,    2162344 total
[2022-09-06T14:20:08.418+0000][68][gc,age      ] GC(43) - age  13:       4040 bytes,    2166384 total
[2022-09-06T14:20:08.418+0000][68][gc,age      ] GC(43) - age  14:       4104 bytes,    2170488 total
[2022-09-06T14:20:08.418+0000][68][gc,age      ] GC(43) - age  15:      76768 bytes,    2247256 total
[2022-09-06T14:20:08.418+0000][68][gc,heap     ] GC(43) Eden regions: 152->0(152)
[2022-09-06T14:20:08.418+0000][68][gc,heap     ] GC(43) Survivor regions: 1->1(20)
[2022-09-06T14:20:08.418+0000][68][gc,heap     ] GC(43) Old regions: 24->24
[2022-09-06T14:20:08.418+0000][68][gc,heap     ] GC(43) Archive regions: 2->2
[2022-09-06T14:20:08.418+0000][68][gc,heap     ] GC(43) Humongous regions: 2->2
[2022-09-06T14:20:08.418+0000][68][gc,metaspace] GC(43) Metaspace: 130500K(133952K)->130500K(133952K) NonClass: 113435K(115200K)->113435K(115200K) Class: 17064K(18752K)->17064K(18752K)
[2022-09-06T14:20:08.418+0000][68][gc          ] GC(43) Pause Young (Normal) (G1 Evacuation Pause) 717M->109M(1024M) 3.436ms
[2022-09-06T14:20:08.418+0000][68][gc,cpu      ] GC(43) User=0.01s Sys=0.00s Real=0.00s
[2022-09-06T14:20:08.418+0000][68][safepoint   ] Safepoint "G1CollectForAllocation", Time since last: 32001139 ns, Reaching safepoint: 217054 ns, At safepoint: 3596773 ns, Total: 3813827 ns
[2022-09-06T14:20:09.418+0000][68][safepoint   ] Safepoint "Cleanup", Time since last: 1000185191 ns, Reaching safepoint: 131991 ns, At safepoint: 3178 ns, Total: 135169 ns
[2022-09-06T14:20:26.422+0000][68][safepoint   ] Safepoint "Cleanup", Time since last: 17003006014 ns, Reaching safepoint: 355248 ns, At safepoint: 34447 ns, Total: 389695 ns
[2022-09-06T14:20:44.426+0000][68][safepoint   ] Safepoint "Cleanup", Time since last: 18003739124 ns, Reaching safepoint: 144446 ns, At safepoint: 7312 ns, Total: 151758 ns
[2022-09-06T14:20:45.426+0000][68][safepoint   ] Safepoint "Cleanup", Time since last: 1000370829 ns, Reaching safepoint: 153714 ns, At safepoint: 4740 ns, Total: 158454 ns
[2022-09-06T14:21:02.429+0000][68][safepoint   ] Safepoint "Cleanup", Time since last: 17003070545 ns, Reaching safepoint: 144231 ns, At safepoint: 17593 ns, Total: 161824 ns
[2022-09-06T14:21:26.434+0000][68][safepoint   ] Safepoint "Cleanup", Time since last: 24004360548 ns, Reaching safepoint: 167235 ns, At safepoint: 8334 ns, Total: 175569 ns
[2022-09-06T14:21:32.436+0000][68][safepoint   ] Safepoint "Cleanup", Time since last: 6001496192 ns, Reaching safepoint: 268695 ns, At safepoint: 14714 ns, Total: 283409 ns
[2022-09-06T14:21:37.437+0000][68][safepoint   ] Safepoint "Cleanup", Time since last: 5000934542 ns, Reaching safepoint: 258172 ns, At safepoint: 10944 ns, Total: 269116 ns
[2022-09-06T14:21:44.439+0000][68][safepoint   ] Safepoint "Cleanup", Time since last: 7001345610 ns, Reaching safepoint: 237351 ns, At safepoint: 18653 ns, Total: 256004 ns
[2022-09-06T14:21:57.442+0000][68][safepoint   ] Safepoint "Cleanup", Time since last: 13002978679 ns, Reaching safepoint: 165758 ns, At safepoint: 8509 ns, Total: 174267 ns
[2022-09-06T14:22:15.446+0000][68][safepoint   ] Safepoint "Cleanup", Time since last: 18003882006 ns, Reaching safepoint: 168015 ns, At safepoint: 8340 ns, Total: 176355 ns
[2022-09-06T14:22:23.448+0000][68][safepoint   ] Safepoint "Cleanup", Time since last: 8001740666 ns, Reaching safepoint: 621271 ns, At safepoint: 11936 ns, Total: 633207 ns
[2022-09-06T14:22:26.387+0000][68][gc,start    ] GC(44) Pause Young (Normal) (G1 Evacuation Pause)
[2022-09-06T14:22:26.387+0000][68][gc,task     ] GC(44) Using 8 workers of 8 for evacuation
[2022-09-06T14:22:26.387+0000][68][gc,age      ] GC(44) Desired survivor size 41943040 bytes, new threshold 15 (max threshold 15)
[2022-09-06T14:22:26.389+0000][68][gc,phases   ] GC(44)   Pre Evacuate Collection Set: 0.2ms
[2022-09-06T14:22:26.389+0000][68][gc,phases   ] GC(44)   Merge Heap Roots: 0.1ms
[2022-09-06T14:22:26.389+0000][68][gc,phases   ] GC(44)   Evacuate Collection Set: 1.3ms
[2022-09-06T14:22:26.389+0000][68][gc,phases   ] GC(44)   Post Evacuate Collection Set: 1.0ms
[2022-09-06T14:22:26.389+0000][68][gc,phases   ] GC(44)   Other: 0.2ms
[2022-09-06T14:22:26.389+0000][68][gc,age      ] GC(44) Age table with threshold 15 (max threshold 15)
[2022-09-06T14:22:26.389+0000][68][gc,age      ] GC(44) - age   1:    1226728 bytes,    1226728 total
[2022-09-06T14:22:26.389+0000][68][gc,age      ] GC(44) - age   2:     794608 bytes,    2021336 total
[2022-09-06T14:22:26.389+0000][68][gc,age      ] GC(44) - age   3:      19640 bytes,    2040976 total
[2022-09-06T14:22:26.390+0000][68][gc,age      ] GC(44) - age   4:       2200 bytes,    2043176 total
[2022-09-06T14:22:26.390+0000][68][gc,age      ] GC(44) - age   5:       2496 bytes,    2045672 total
[2022-09-06T14:22:26.390+0000][68][gc,age      ] GC(44) - age   6:     267936 bytes,    2313608 total
[2022-09-06T14:22:26.390+0000][68][gc,age      ] GC(44) - age   7:      19632 bytes,    2333240 total
[2022-09-06T14:22:26.390+0000][68][gc,age      ] GC(44) - age   8:     133344 bytes,    2466584 total
[2022-09-06T14:22:26.390+0000][68][gc,age      ] GC(44) - age   9:     112528 bytes,    2579112 total
[2022-09-06T14:22:26.390+0000][68][gc,age      ] GC(44) - age  10:       3776 bytes,    2582888 total
[2022-09-06T14:22:26.390+0000][68][gc,age      ] GC(44) - age  11:      10168 bytes,    2593056 total
[2022-09-06T14:22:26.390+0000][68][gc,age      ] GC(44) - age  12:       3352 bytes,    2596408 total
[2022-09-06T14:22:26.390+0000][68][gc,age      ] GC(44) - age  13:      34248 bytes,    2630656 total
[2022-09-06T14:22:26.390+0000][68][gc,age      ] GC(44) - age  14:       4040 bytes,    2634696 total
[2022-09-06T14:22:26.390+0000][68][gc,age      ] GC(44) - age  15:       4104 bytes,    2638800 total
[2022-09-06T14:22:26.390+0000][68][gc,heap     ] GC(44) Eden regions: 152->0(152)
[2022-09-06T14:22:26.390+0000][68][gc,heap     ] GC(44) Survivor regions: 1->1(20)
[2022-09-06T14:22:26.390+0000][68][gc,heap     ] GC(44) Old regions: 24->24
[2022-09-06T14:22:26.390+0000][68][gc,heap     ] GC(44) Archive regions: 2->2
[2022-09-06T14:22:26.390+0000][68][gc,heap     ] GC(44) Humongous regions: 2->2
[2022-09-06T14:22:26.390+0000][68][gc,metaspace] GC(44) Metaspace: 130535K(134016K)->130535K(134016K) NonClass: 113470K(115264K)->113470K(115264K) Class: 17064K(18752K)->17064K(18752K)
[2022-09-06T14:22:26.390+0000][68][gc          ] GC(44) Pause Young (Normal) (G1 Evacuation Pause) 717M->110M(1024M) 3.133ms
[2022-09-06T14:22:26.390+0000][68][gc,cpu      ] GC(44) User=0.01s Sys=0.01s Real=0.01s
[2022-09-06T14:22:26.390+0000][68][safepoint   ] Safepoint "G1CollectForAllocation", Time since last: 2938464866 ns, Reaching safepoint: 142317 ns, At safepoint: 3288016 ns, Total: 3430333 ns
[2022-09-06T14:22:33.392+0000][68][safepoint   ] Safepoint "Cleanup", Time since last: 7001503310 ns, Reaching safepoint: 253574 ns, At safepoint: 14497 ns, Total: 268071 ns
[2022-09-06T14:22:36.392+0000][68][safepoint   ] Safepoint "Cleanup", Time since last: 3000452685 ns, Reaching safepoint: 163590 ns, At safepoint: 9648 ns, Total: 173238 ns
[2022-09-06T14:22:44.394+0000][68][safepoint   ] Safepoint "Cleanup", Time since last: 8001468365 ns, Reaching safepoint: 228202 ns, At safepoint: 28711 ns, Total: 256913 ns
[2022-09-06T14:23:20.401+0000][68][safepoint   ] Safepoint "Cleanup", Time since last: 36007092384 ns, Reaching safepoint: 106988 ns, At safepoint: 4807 ns, Total: 111795 ns
[2022-09-06T14:23:23.401+0000][68][safepoint   ] Safepoint "Cleanup", Time since last: 3000506438 ns, Reaching safepoint: 173511 ns, At safepoint: 8780 ns, Total: 182291 ns
[2022-09-06T14:23:33.404+0000][68][safepoint   ] Safepoint "Cleanup", Time since last: 10001787545 ns, Reaching safepoint: 324066 ns, At safepoint: 55249 ns, Total: 379315 ns
[2022-09-06T14:23:39.406+0000][68][safepoint   ] Safepoint "Cleanup", Time since last: 6001345337 ns, Reaching safepoint: 275234 ns, At safepoint: 7871 ns, Total: 283105 ns
[2022-09-06T14:23:44.408+0000][68][safepoint   ] Safepoint "Cleanup", Time since last: 5001507673 ns, Reaching safepoint: 226522 ns, At safepoint: 9623 ns, Total: 236145 ns
[2022-09-06T14:24:26.418+0000][68][safepoint   ] Safepoint "Cleanup", Time since last: 42010070672 ns, Reaching safepoint: 169417 ns, At safepoint: 6999 ns, Total: 176416 ns
[2022-09-06T14:24:35.420+0000][68][safepoint   ] Safepoint "Cleanup", Time since last: 9001820642 ns, Reaching safepoint: 283627 ns, At safepoint: 12330 ns, Total: 295957 ns
[2022-09-06T14:24:36.420+0000][68][safepoint   ] Safepoint "Cleanup", Time since last: 1000217022 ns, Reaching safepoint: 169529 ns, At safepoint: 4306 ns, Total: 173835 ns
[2022-09-06T14:24:39.156+0000][68][gc,start    ] GC(45) Pause Young (Normal) (G1 Evacuation Pause)
[2022-09-06T14:24:39.156+0000][68][gc,task     ] GC(45) Using 8 workers of 8 for evacuation
[2022-09-06T14:24:39.156+0000][68][gc,age      ] GC(45) Desired survivor size 41943040 bytes, new threshold 15 (max threshold 15)
[2022-09-06T14:24:39.160+0000][68][gc,phases   ] GC(45)   Pre Evacuate Collection Set: 0.1ms
[2022-09-06T14:24:39.160+0000][68][gc,phases   ] GC(45)   Merge Heap Roots: 0.1ms
[2022-09-06T14:24:39.160+0000][68][gc,phases   ] GC(45)   Evacuate Collection Set: 1.6ms
[2022-09-06T14:24:39.160+0000][68][gc,phases   ] GC(45)   Post Evacuate Collection Set: 1.4ms
[2022-09-06T14:24:39.160+0000][68][gc,phases   ] GC(45)   Other: 0.1ms
[2022-09-06T14:24:39.160+0000][68][gc,age      ] GC(45) Age table with threshold 15 (max threshold 15)
[2022-09-06T14:24:39.160+0000][68][gc,age      ] GC(45) - age   1:    1438536 bytes,    1438536 total
[2022-09-06T14:24:39.160+0000][68][gc,age      ] GC(45) - age   2:       6296 bytes,    1444832 total
[2022-09-06T14:24:39.160+0000][68][gc,age      ] GC(45) - age   3:     578752 bytes,    2023584 total
[2022-09-06T14:24:39.160+0000][68][gc,age      ] GC(45) - age   4:       4712 bytes,    2028296 total
[2022-09-06T14:24:39.160+0000][68][gc,age      ] GC(45) - age   5:       2200 bytes,    2030496 total
[2022-09-06T14:24:39.160+0000][68][gc,age      ] GC(45) - age   6:       2312 bytes,    2032808 total
[2022-09-06T14:24:39.160+0000][68][gc,age      ] GC(45) - age   7:     267008 bytes,    2299816 total
[2022-09-06T14:24:39.160+0000][68][gc,age      ] GC(45) - age   8:      19600 bytes,    2319416 total
[2022-09-06T14:24:39.160+0000][68][gc,age      ] GC(45) - age   9:     133344 bytes,    2452760 total
[2022-09-06T14:24:39.160+0000][68][gc,age      ] GC(45) - age  10:     112528 bytes,    2565288 total
[2022-09-06T14:24:39.160+0000][68][gc,age      ] GC(45) - age  11:       3776 bytes,    2569064 total
[2022-09-06T14:24:39.160+0000][68][gc,age      ] GC(45) - age  12:       7448 bytes,    2576512 total
[2022-09-06T14:24:39.160+0000][68][gc,age      ] GC(45) - age  13:       3352 bytes,    2579864 total
[2022-09-06T14:24:39.160+0000][68][gc,age      ] GC(45) - age  14:      34248 bytes,    2614112 total
[2022-09-06T14:24:39.160+0000][68][gc,age      ] GC(45) - age  15:       4040 bytes,    2618152 total
[2022-09-06T14:24:39.160+0000][68][gc,heap     ] GC(45) Eden regions: 152->0(152)
[2022-09-06T14:24:39.160+0000][68][gc,heap     ] GC(45) Survivor regions: 1->1(20)
[2022-09-06T14:24:39.160+0000][68][gc,heap     ] GC(45) Old regions: 24->24
[2022-09-06T14:24:39.160+0000][68][gc,heap     ] GC(45) Archive regions: 2->2
[2022-09-06T14:24:39.160+0000][68][gc,heap     ] GC(45) Humongous regions: 2->2
[2022-09-06T14:24:39.160+0000][68][gc,metaspace] GC(45) Metaspace: 130540K(134016K)->130540K(134016K) NonClass: 113475K(115264K)->113475K(115264K) Class: 17064K(18752K)->17064K(18752K)
[2022-09-06T14:24:39.160+0000][68][gc          ] GC(45) Pause Young (Normal) (G1 Evacuation Pause) 718M->110M(1024M) 3.768ms
[2022-09-06T14:24:39.160+0000][68][gc,cpu      ] GC(45) User=0.02s Sys=0.01s Real=0.01s
[2022-09-06T14:24:39.160+0000][68][safepoint   ] Safepoint "G1CollectForAllocation", Time since last: 2735610378 ns, Reaching safepoint: 253113 ns, At safepoint: 3901237 ns, Total: 4154350 ns
[2022-09-06T14:24:44.161+0000][68][safepoint   ] Safepoint "Cleanup", Time since last: 5000949842 ns, Reaching safepoint: 181969 ns, At safepoint: 5433 ns, Total: 187402 ns
[2022-09-06T14:25:40.172+0000][68][safepoint   ] Safepoint "Cleanup", Time since last: 56010736215 ns, Reaching safepoint: 186649 ns, At safepoint: 5692 ns, Total: 192341 ns
[2022-09-06T14:25:44.173+0000][68][safepoint   ] Safepoint "Cleanup", Time since last: 4000842830 ns, Reaching safepoint: 217810 ns, At safepoint: 8992 ns, Total: 226802 ns
[2022-09-06T14:26:12.179+0000][68][safepoint   ] Safepoint "Cleanup", Time since last: 28005282949 ns, Reaching safepoint: 161047 ns, At safepoint: 8716 ns, Total: 169763 ns
[2022-09-06T14:26:13.179+0000][68][safepoint   ] Safepoint "Cleanup", Time since last: 1000189847 ns, Reaching safepoint: 288106 ns, At safepoint: 27554 ns, Total: 315660 ns
[2022-09-06T14:26:25.181+0000][68][safepoint   ] Safepoint "Cleanup", Time since last: 12001760286 ns, Reaching safepoint: 200851 ns, At safepoint: 4048 ns, Total: 204899 ns
[2022-09-06T14:26:36.184+0000][68][safepoint   ] Safepoint "Cleanup", Time since last: 11002860035 ns, Reaching safepoint: 188781 ns, At safepoint: 12460 ns, Total: 201241 ns
[2022-09-06T14:26:59.455+0000][68][gc,start    ] GC(46) Pause Young (Normal) (G1 Evacuation Pause)
[2022-09-06T14:26:59.455+0000][68][gc,task     ] GC(46) Using 8 workers of 8 for evacuation
[2022-09-06T14:26:59.455+0000][68][gc,age      ] GC(46) Desired survivor size 41943040 bytes, new threshold 15 (max threshold 15)
[2022-09-06T14:26:59.458+0000][68][gc,phases   ] GC(46)   Pre Evacuate Collection Set: 0.1ms
[2022-09-06T14:26:59.458+0000][68][gc,phases   ] GC(46)   Merge Heap Roots: 0.1ms
[2022-09-06T14:26:59.458+0000][68][gc,phases   ] GC(46)   Evacuate Collection Set: 1.9ms
[2022-09-06T14:26:59.458+0000][68][gc,phases   ] GC(46)   Post Evacuate Collection Set: 1.0ms
[2022-09-06T14:26:59.458+0000][68][gc,phases   ] GC(46)   Other: 0.1ms
[2022-09-06T14:26:59.458+0000][68][gc,age      ] GC(46) Age table with threshold 15 (max threshold 15)
[2022-09-06T14:26:59.458+0000][68][gc,age      ] GC(46) - age   1:    1092264 bytes,    1092264 total
[2022-09-06T14:26:59.458+0000][68][gc,age      ] GC(46) - age   2:     192200 bytes,    1284464 total
[2022-09-06T14:26:59.458+0000][68][gc,age      ] GC(46) - age   3:       4392 bytes,    1288856 total
[2022-09-06T14:26:59.458+0000][68][gc,age      ] GC(46) - age   4:     577584 bytes,    1866440 total
[2022-09-06T14:26:59.458+0000][68][gc,age      ] GC(46) - age   5:       4712 bytes,    1871152 total
[2022-09-06T14:26:59.458+0000][68][gc,age      ] GC(46) - age   6:       2016 bytes,    1873168 total
[2022-09-06T14:26:59.458+0000][68][gc,age      ] GC(46) - age   7:       2312 bytes,    1875480 total
[2022-09-06T14:26:59.458+0000][68][gc,age      ] GC(46) - age   8:     267008 bytes,    2142488 total
[2022-09-06T14:26:59.458+0000][68][gc,age      ] GC(46) - age   9:      19152 bytes,    2161640 total
[2022-09-06T14:26:59.458+0000][68][gc,age      ] GC(46) - age  10:     133344 bytes,    2294984 total
[2022-09-06T14:26:59.458+0000][68][gc,age      ] GC(46) - age  11:     112528 bytes,    2407512 total
[2022-09-06T14:26:59.458+0000][68][gc,age      ] GC(46) - age  12:       3776 bytes,    2411288 total
[2022-09-06T14:26:59.458+0000][68][gc,age      ] GC(46) - age  13:       7448 bytes,    2418736 total
[2022-09-06T14:26:59.458+0000][68][gc,age      ] GC(46) - age  14:       3352 bytes,    2422088 total
[2022-09-06T14:26:59.458+0000][68][gc,age      ] GC(46) - age  15:      34248 bytes,    2456336 total
[2022-09-06T14:26:59.458+0000][68][gc,heap     ] GC(46) Eden regions: 152->0(152)
[2022-09-06T14:26:59.458+0000][68][gc,heap     ] GC(46) Survivor regions: 1->1(20)
[2022-09-06T14:26:59.458+0000][68][gc,heap     ] GC(46) Old regions: 24->24
[2022-09-06T14:26:59.458+0000][68][gc,heap     ] GC(46) Archive regions: 2->2
[2022-09-06T14:26:59.458+0000][68][gc,heap     ] GC(46) Humongous regions: 2->2
[2022-09-06T14:26:59.458+0000][68][gc,metaspace] GC(46) Metaspace: 130548K(134016K)->130548K(134016K) NonClass: 113484K(115264K)->113484K(115264K) Class: 17064K(18752K)->17064K(18752K)
[2022-09-06T14:26:59.458+0000][68][gc          ] GC(46) Pause Young (Normal) (G1 Evacuation Pause) 718M->110M(1024M) 3.524ms
[2022-09-06T14:26:59.458+0000][68][gc,cpu      ] GC(46) User=0.02s Sys=0.01s Real=0.00s
[2022-09-06T14:26:59.459+0000][68][safepoint   ] Safepoint "G1CollectForAllocation", Time since last: 23270464227 ns, Reaching safepoint: 213998 ns, At safepoint: 3698962 ns, Total: 3912960 ns
[2022-09-06T14:27:03.459+0000][68][safepoint   ] Safepoint "Cleanup", Time since last: 4000730816 ns, Reaching safepoint: 168011 ns, At safepoint: 9449 ns, Total: 177460 ns
[2022-09-06T14:27:13.462+0000][68][safepoint   ] Safepoint "Cleanup", Time since last: 10001875235 ns, Reaching safepoint: 220933 ns, At safepoint: 4205 ns, Total: 225138 ns
[2022-09-06T14:27:16.462+0000][68][safepoint   ] Safepoint "Cleanup", Time since last: 3000360749 ns, Reaching safepoint: 187092 ns, At safepoint: 15463 ns, Total: 202555 ns
[2022-09-06T14:27:27.464+0000][68][safepoint   ] Safepoint "Cleanup", Time since last: 11001738172 ns, Reaching safepoint: 230780 ns, At safepoint: 11023 ns, Total: 241803 ns
[2022-09-06T14:27:44.467+0000][68][safepoint   ] Safepoint "Cleanup", Time since last: 17002711780 ns, Reaching safepoint: 188814 ns, At safepoint: 19033 ns, Total: 207847 ns
[2022-09-06T14:28:12.473+0000][68][safepoint   ] Safepoint "Cleanup", Time since last: 28005891545 ns, Reaching safepoint: 176817 ns, At safepoint: 6246 ns, Total: 183063 ns
[2022-09-06T14:28:30.476+0000][68][safepoint   ] Safepoint "Cleanup", Time since last: 18003351859 ns, Reaching safepoint: 198237 ns, At safepoint: 7993 ns, Total: 206230 ns
[2022-09-06T14:28:44.480+0000][68][safepoint   ] Safepoint "Cleanup", Time since last: 14003639568 ns, Reaching safepoint: 206951 ns, At safepoint: 7330 ns, Total: 214281 ns
[2022-09-06T14:29:11.819+0000][68][gc,start    ] GC(47) Pause Young (Normal) (G1 Evacuation Pause)
[2022-09-06T14:29:11.819+0000][68][gc,task     ] GC(47) Using 8 workers of 8 for evacuation
[2022-09-06T14:29:11.819+0000][68][gc,age      ] GC(47) Desired survivor size 41943040 bytes, new threshold 15 (max threshold 15)
[2022-09-06T14:29:11.822+0000][68][gc,phases   ] GC(47)   Pre Evacuate Collection Set: 0.1ms
[2022-09-06T14:29:11.822+0000][68][gc,phases   ] GC(47)   Merge Heap Roots: 0.1ms
[2022-09-06T14:29:11.822+0000][68][gc,phases   ] GC(47)   Evacuate Collection Set: 1.7ms
[2022-09-06T14:29:11.822+0000][68][gc,phases   ] GC(47)   Post Evacuate Collection Set: 1.2ms
[2022-09-06T14:29:11.822+0000][68][gc,phases   ] GC(47)   Other: 0.1ms
[2022-09-06T14:29:11.822+0000][68][gc,age      ] GC(47) Age table with threshold 15 (max threshold 15)
[2022-09-06T14:29:11.822+0000][68][gc,age      ] GC(47) - age   1:    1743688 bytes,    1743688 total
[2022-09-06T14:29:11.822+0000][68][gc,age      ] GC(47) - age   2:      76064 bytes,    1819752 total
[2022-09-06T14:29:11.822+0000][68][gc,age      ] GC(47) - age   3:     190696 bytes,    2010448 total
[2022-09-06T14:29:11.822+0000][68][gc,age      ] GC(47) - age   4:       4016 bytes,    2014464 total
[2022-09-06T14:29:11.822+0000][68][gc,age      ] GC(47) - age   5:     577584 bytes,    2592048 total
[2022-09-06T14:29:11.822+0000][68][gc,age      ] GC(47) - age   6:       4712 bytes,    2596760 total
[2022-09-06T14:29:11.822+0000][68][gc,age      ] GC(47) - age   7:       2016 bytes,    2598776 total
[2022-09-06T14:29:11.822+0000][68][gc,age      ] GC(47) - age   8:       2312 bytes,    2601088 total
[2022-09-06T14:29:11.822+0000][68][gc,age      ] GC(47) - age   9:     267008 bytes,    2868096 total
[2022-09-06T14:29:11.822+0000][68][gc,age      ] GC(47) - age  10:      19152 bytes,    2887248 total
[2022-09-06T14:29:11.822+0000][68][gc,age      ] GC(47) - age  11:     133344 bytes,    3020592 total
[2022-09-06T14:29:11.822+0000][68][gc,age      ] GC(47) - age  12:     112528 bytes,    3133120 total
[2022-09-06T14:29:11.822+0000][68][gc,age      ] GC(47) - age  13:       3776 bytes,    3136896 total
[2022-09-06T14:29:11.822+0000][68][gc,age      ] GC(47) - age  14:       7448 bytes,    3144344 total
[2022-09-06T14:29:11.822+0000][68][gc,age      ] GC(47) - age  15:       3352 bytes,    3147696 total
[2022-09-06T14:29:11.822+0000][68][gc,heap     ] GC(47) Eden regions: 152->0(152)
[2022-09-06T14:29:11.822+0000][68][gc,heap     ] GC(47) Survivor regions: 1->1(20)
[2022-09-06T14:29:11.822+0000][68][gc,heap     ] GC(47) Old regions: 24->24
[2022-09-06T14:29:11.822+0000][68][gc,heap     ] GC(47) Archive regions: 2->2
[2022-09-06T14:29:11.822+0000][68][gc,heap     ] GC(47) Humongous regions: 2->2
[2022-09-06T14:29:11.822+0000][68][gc,metaspace] GC(47) Metaspace: 130558K(134016K)->130558K(134016K) NonClass: 113494K(115264K)->113494K(115264K) Class: 17064K(18752K)->17064K(18752K)
[2022-09-06T14:29:11.822+0000][68][gc          ] GC(47) Pause Young (Normal) (G1 Evacuation Pause) 718M->111M(1024M) 3.551ms
[2022-09-06T14:29:11.822+0000][68][gc,cpu      ] GC(47) User=0.02s Sys=0.00s Real=0.00s
[2022-09-06T14:29:11.822+0000][68][safepoint   ] Safepoint "G1CollectForAllocation", Time since last: 27338417649 ns, Reaching safepoint: 137873 ns, At safepoint: 3666227 ns, Total: 3804100 ns
[2022-09-06T14:29:32.827+0000][68][safepoint   ] Safepoint "Cleanup", Time since last: 21004467045 ns, Reaching safepoint: 320831 ns, At safepoint: 14237 ns, Total: 335068 ns
[2022-09-06T14:29:48.831+0000][68][safepoint   ] Safepoint "Cleanup", Time since last: 16003521439 ns, Reaching safepoint: 194234 ns, At safepoint: 7090 ns, Total: 201324 ns
[2022-09-06T14:30:26.839+0000][68][safepoint   ] Safepoint "Cleanup", Time since last: 38007756748 ns, Reaching safepoint: 228096 ns, At safepoint: 21962 ns, Total: 250058 ns
[2022-09-06T14:30:32.841+0000][68][safepoint   ] Safepoint "Cleanup", Time since last: 6001613501 ns, Reaching safepoint: 182025 ns, At safepoint: 7368 ns, Total: 189393 ns
[2022-09-06T14:30:44.843+0000][68][safepoint   ] Safepoint "Cleanup", Time since last: 12001913345 ns, Reaching safepoint: 151146 ns, At safepoint: 5921 ns, Total: 157067 ns
[2022-09-06T14:31:05.848+0000][68][safepoint   ] Safepoint "Cleanup", Time since last: 21005000471 ns, Reaching safepoint: 233753 ns, At safepoint: 19079 ns, Total: 252832 ns
[2022-09-06T14:31:20.851+0000][68][safepoint   ] Safepoint "Cleanup", Time since last: 15003032670 ns, Reaching safepoint: 263481 ns, At safepoint: 9350 ns, Total: 272831 ns
[2022-09-06T14:31:35.405+0000][68][gc,start    ] GC(48) Pause Young (Normal) (G1 Evacuation Pause)
[2022-09-06T14:31:35.405+0000][68][gc,task     ] GC(48) Using 8 workers of 8 for evacuation
[2022-09-06T14:31:35.405+0000][68][gc,age      ] GC(48) Desired survivor size 41943040 bytes, new threshold 15 (max threshold 15)
[2022-09-06T14:31:35.408+0000][68][gc,phases   ] GC(48)   Pre Evacuate Collection Set: 0.2ms
[2022-09-06T14:31:35.408+0000][68][gc,phases   ] GC(48)   Merge Heap Roots: 0.1ms
[2022-09-06T14:31:35.408+0000][68][gc,phases   ] GC(48)   Evacuate Collection Set: 1.4ms
[2022-09-06T14:31:35.408+0000][68][gc,phases   ] GC(48)   Post Evacuate Collection Set: 0.9ms
[2022-09-06T14:31:35.408+0000][68][gc,phases   ] GC(48)   Other: 0.1ms
[2022-09-06T14:31:35.408+0000][68][gc,age      ] GC(48) Age table with threshold 15 (max threshold 15)
[2022-09-06T14:31:35.408+0000][68][gc,age      ] GC(48) - age   1:    1311016 bytes,    1311016 total
[2022-09-06T14:31:35.408+0000][68][gc,age      ] GC(48) - age   2:       7776 bytes,    1318792 total
[2022-09-06T14:31:35.408+0000][68][gc,age      ] GC(48) - age   3:      75008 bytes,    1393800 total
[2022-09-06T14:31:35.408+0000][68][gc,age      ] GC(48) - age   4:     190568 bytes,    1584368 total
[2022-09-06T14:31:35.408+0000][68][gc,age      ] GC(48) - age   5:       3656 bytes,    1588024 total
[2022-09-06T14:31:35.408+0000][68][gc,age      ] GC(48) - age   6:     571480 bytes,    2159504 total
[2022-09-06T14:31:35.408+0000][68][gc,age      ] GC(48) - age   7:       4712 bytes,    2164216 total
[2022-09-06T14:31:35.408+0000][68][gc,age      ] GC(48) - age   8:       2016 bytes,    2166232 total
[2022-09-06T14:31:35.408+0000][68][gc,age      ] GC(48) - age   9:       2312 bytes,    2168544 total
[2022-09-06T14:31:35.408+0000][68][gc,age      ] GC(48) - age  10:     266976 bytes,    2435520 total
[2022-09-06T14:31:35.408+0000][68][gc,age      ] GC(48) - age  11:      19152 bytes,    2454672 total
[2022-09-06T14:31:35.408+0000][68][gc,age      ] GC(48) - age  12:     133344 bytes,    2588016 total
[2022-09-06T14:31:35.408+0000][68][gc,age      ] GC(48) - age  13:     112528 bytes,    2700544 total
[2022-09-06T14:31:35.408+0000][68][gc,age      ] GC(48) - age  14:       3776 bytes,    2704320 total
[2022-09-06T14:31:35.408+0000][68][gc,age      ] GC(48) - age  15:       7448 bytes,    2711768 total
[2022-09-06T14:31:35.408+0000][68][gc,heap     ] GC(48) Eden regions: 152->0(152)
[2022-09-06T14:31:35.408+0000][68][gc,heap     ] GC(48) Survivor regions: 1->1(20)
[2022-09-06T14:31:35.408+0000][68][gc,heap     ] GC(48) Old regions: 24->24
[2022-09-06T14:31:35.408+0000][68][gc,heap     ] GC(48) Archive regions: 2->2
[2022-09-06T14:31:35.408+0000][68][gc,heap     ] GC(48) Humongous regions: 2->2
[2022-09-06T14:31:35.408+0000][68][gc,metaspace] GC(48) Metaspace: 130569K(134016K)->130569K(134016K) NonClass: 113505K(115264K)->113505K(115264K) Class: 17064K(18752K)->17064K(18752K)
[2022-09-06T14:31:35.408+0000][68][gc          ] GC(48) Pause Young (Normal) (G1 Evacuation Pause) 719M->110M(1024M) 2.899ms
[2022-09-06T14:31:35.408+0000][68][gc,cpu      ] GC(48) User=0.01s Sys=0.00s Real=0.00s
[2022-09-06T14:31:35.408+0000][68][safepoint   ] Safepoint "G1CollectForAllocation", Time since last: 14553313583 ns, Reaching safepoint: 136603 ns, At safepoint: 3048937 ns, Total: 3185540 ns
[2022-09-06T14:31:44.410+0000][68][safepoint   ] Safepoint "Cleanup", Time since last: 9001504862 ns, Reaching safepoint: 264279 ns, At safepoint: 18684 ns, Total: 282963 ns
[2022-09-06T14:32:27.420+0000][68][safepoint   ] Safepoint "Cleanup", Time since last: 43009975777 ns, Reaching safepoint: 179686 ns, At safepoint: 7396 ns, Total: 187082 ns
[2022-09-06T14:33:33.433+0000][68][safepoint   ] Safepoint "Cleanup", Time since last: 66012760648 ns, Reaching safepoint: 158948 ns, At safepoint: 3927 ns, Total: 162875 ns
[2022-09-06T14:33:44.430+0000][68][gc,start    ] GC(49) Pause Young (Normal) (G1 Evacuation Pause)
[2022-09-06T14:33:44.430+0000][68][gc,task     ] GC(49) Using 8 workers of 8 for evacuation
[2022-09-06T14:33:44.430+0000][68][gc,age      ] GC(49) Desired survivor size 41943040 bytes, new threshold 15 (max threshold 15)
[2022-09-06T14:33:44.433+0000][68][gc,phases   ] GC(49)   Pre Evacuate Collection Set: 0.2ms
[2022-09-06T14:33:44.433+0000][68][gc,phases   ] GC(49)   Merge Heap Roots: 0.2ms
[2022-09-06T14:33:44.433+0000][68][gc,phases   ] GC(49)   Evacuate Collection Set: 1.5ms
[2022-09-06T14:33:44.433+0000][68][gc,phases   ] GC(49)   Post Evacuate Collection Set: 1.2ms
[2022-09-06T14:33:44.433+0000][68][gc,phases   ] GC(49)   Other: 0.1ms
[2022-09-06T14:33:44.433+0000][68][gc,age      ] GC(49) Age table with threshold 15 (max threshold 15)
[2022-09-06T14:33:44.433+0000][68][gc,age      ] GC(49) - age   1:    1265168 bytes,    1265168 total
[2022-09-06T14:33:44.433+0000][68][gc,age      ] GC(49) - age   2:      15832 bytes,    1281000 total
[2022-09-06T14:33:44.433+0000][68][gc,age      ] GC(49) - age   3:       5888 bytes,    1286888 total
[2022-09-06T14:33:44.433+0000][68][gc,age      ] GC(49) - age   4:      74880 bytes,    1361768 total
[2022-09-06T14:33:44.433+0000][68][gc,age      ] GC(49) - age   5:     190568 bytes,    1552336 total
[2022-09-06T14:33:44.433+0000][68][gc,age      ] GC(49) - age   6:       3360 bytes,    1555696 total
[2022-09-06T14:33:44.433+0000][68][gc,age      ] GC(49) - age   7:     571288 bytes,    2126984 total
[2022-09-06T14:33:44.433+0000][68][gc,age      ] GC(49) - age   8:       4712 bytes,    2131696 total
[2022-09-06T14:33:44.433+0000][68][gc,age      ] GC(49) - age   9:       2016 bytes,    2133712 total
[2022-09-06T14:33:44.433+0000][68][gc,age      ] GC(49) - age  10:       2312 bytes,    2136024 total
[2022-09-06T14:33:44.433+0000][68][gc,age      ] GC(49) - age  11:     266976 bytes,    2403000 total
[2022-09-06T14:33:44.433+0000][68][gc,age      ] GC(49) - age  12:      19152 bytes,    2422152 total
[2022-09-06T14:33:44.433+0000][68][gc,age      ] GC(49) - age  13:     133344 bytes,    2555496 total
[2022-09-06T14:33:44.433+0000][68][gc,age      ] GC(49) - age  14:     112528 bytes,    2668024 total
[2022-09-06T14:33:44.433+0000][68][gc,age      ] GC(49) - age  15:       3776 bytes,    2671800 total
[2022-09-06T14:33:44.433+0000][68][gc,heap     ] GC(49) Eden regions: 152->0(152)
[2022-09-06T14:33:44.433+0000][68][gc,heap     ] GC(49) Survivor regions: 1->1(20)
[2022-09-06T14:33:44.433+0000][68][gc,heap     ] GC(49) Old regions: 24->24
[2022-09-06T14:33:44.433+0000][68][gc,heap     ] GC(49) Archive regions: 2->2
[2022-09-06T14:33:44.433+0000][68][gc,heap     ] GC(49) Humongous regions: 2->2
[2022-09-06T14:33:44.433+0000][68][gc,metaspace] GC(49) Metaspace: 130579K(134080K)->130579K(134080K) NonClass: 113515K(115328K)->113515K(115328K) Class: 17064K(18752K)->17064K(18752K)
[2022-09-06T14:33:44.433+0000][68][gc          ] GC(49) Pause Young (Normal) (G1 Evacuation Pause) 718M->110M(1024M) 3.550ms
[2022-09-06T14:33:44.433+0000][68][gc,cpu      ] GC(49) User=0.01s Sys=0.00s Real=0.00s
[2022-09-06T14:33:44.433+0000][68][safepoint   ] Safepoint "G1CollectForAllocation", Time since last: 10996778556 ns, Reaching safepoint: 171878 ns, At safepoint: 3675676 ns, Total: 3847554 ns
[2022-09-06T14:33:48.434+0000][68][safepoint   ] Safepoint "Cleanup", Time since last: 4000787279 ns, Reaching safepoint: 215991 ns, At safepoint: 6769 ns, Total: 222760 ns
[2022-09-06T14:34:27.443+0000][68][safepoint   ] Safepoint "Cleanup", Time since last: 39007895575 ns, Reaching safepoint: 197955 ns, At safepoint: 5645 ns, Total: 203600 ns
[2022-09-06T14:34:35.444+0000][68][safepoint   ] Safepoint "Cleanup", Time since last: 8001678318 ns, Reaching safepoint: 243847 ns, At safepoint: 8731 ns, Total: 252578 ns
[2022-09-06T14:35:24.455+0000][68][safepoint   ] Safepoint "Cleanup", Time since last: 49009656451 ns, Reaching safepoint: 139076 ns, At safepoint: 3214 ns, Total: 142290 ns
[2022-09-06T14:35:42.460+0000][68][safepoint   ] Safepoint "Cleanup", Time since last: 18004289428 ns, Reaching safepoint: 881327 ns, At safepoint: 534434 ns, Total: 1415761 ns
[2022-09-06T14:35:44.461+0000][68][safepoint   ] Safepoint "Cleanup", Time since last: 2000609899 ns, Reaching safepoint: 168058 ns, At safepoint: 4393 ns, Total: 172451 ns
[2022-09-06T14:35:56.825+0000][68][gc,start    ] GC(50) Pause Young (Normal) (G1 Evacuation Pause)
[2022-09-06T14:35:56.825+0000][68][gc,task     ] GC(50) Using 8 workers of 8 for evacuation
[2022-09-06T14:35:56.825+0000][68][gc,age      ] GC(50) Desired survivor size 41943040 bytes, new threshold 15 (max threshold 15)
[2022-09-06T14:35:56.828+0000][68][gc,phases   ] GC(50)   Pre Evacuate Collection Set: 0.1ms
[2022-09-06T14:35:56.828+0000][68][gc,phases   ] GC(50)   Merge Heap Roots: 0.1ms
[2022-09-06T14:35:56.828+0000][68][gc,phases   ] GC(50)   Evacuate Collection Set: 1.4ms
[2022-09-06T14:35:56.828+0000][68][gc,phases   ] GC(50)   Post Evacuate Collection Set: 1.1ms
[2022-09-06T14:35:56.828+0000][68][gc,phases   ] GC(50)   Other: 0.1ms
[2022-09-06T14:35:56.828+0000][68][gc,age      ] GC(50) Age table with threshold 15 (max threshold 15)
[2022-09-06T14:35:56.828+0000][68][gc,age      ] GC(50) - age   1:    1587152 bytes,    1587152 total
[2022-09-06T14:35:56.828+0000][68][gc,age      ] GC(50) - age   2:       8088 bytes,    1595240 total
[2022-09-06T14:35:56.828+0000][68][gc,age      ] GC(50) - age   3:      14000 bytes,    1609240 total
[2022-09-06T14:35:56.828+0000][68][gc,age      ] GC(50) - age   4:       5760 bytes,    1615000 total
[2022-09-06T14:35:56.828+0000][68][gc,age      ] GC(50) - age   5:      74880 bytes,    1689880 total
[2022-09-06T14:35:56.828+0000][68][gc,age      ] GC(50) - age   6:     190568 bytes,    1880448 total
[2022-09-06T14:35:56.828+0000][68][gc,age      ] GC(50) - age   7:       3360 bytes,    1883808 total
[2022-09-06T14:35:56.828+0000][68][gc,age      ] GC(50) - age   8:     571288 bytes,    2455096 total
[2022-09-06T14:35:56.828+0000][68][gc,age      ] GC(50) - age   9:       4528 bytes,    2459624 total
[2022-09-06T14:35:56.828+0000][68][gc,age      ] GC(50) - age  10:       2016 bytes,    2461640 total
[2022-09-06T14:35:56.828+0000][68][gc,age      ] GC(50) - age  11:       2312 bytes,    2463952 total
[2022-09-06T14:35:56.828+0000][68][gc,age      ] GC(50) - age  12:     266976 bytes,    2730928 total
[2022-09-06T14:35:56.828+0000][68][gc,age      ] GC(50) - age  13:      19152 bytes,    2750080 total
[2022-09-06T14:35:56.828+0000][68][gc,age      ] GC(50) - age  14:     133344 bytes,    2883424 total
[2022-09-06T14:35:56.828+0000][68][gc,age      ] GC(50) - age  15:     112528 bytes,    2995952 total
[2022-09-06T14:35:56.828+0000][68][gc,heap     ] GC(50) Eden regions: 152->0(152)
[2022-09-06T14:35:56.828+0000][68][gc,heap     ] GC(50) Survivor regions: 1->1(20)
[2022-09-06T14:35:56.828+0000][68][gc,heap     ] GC(50) Old regions: 24->24
[2022-09-06T14:35:56.828+0000][68][gc,heap     ] GC(50) Archive regions: 2->2
[2022-09-06T14:35:56.828+0000][68][gc,heap     ] GC(50) Humongous regions: 2->2
[2022-09-06T14:35:56.828+0000][68][gc,metaspace] GC(50) Metaspace: 130614K(134080K)->130614K(134080K) NonClass: 113549K(115328K)->113549K(115328K) Class: 17064K(18752K)->17064K(18752K)
[2022-09-06T14:35:56.828+0000][68][gc          ] GC(50) Pause Young (Normal) (G1 Evacuation Pause) 718M->110M(1024M) 3.103ms
[2022-09-06T14:35:56.828+0000][68][gc,cpu      ] GC(50) User=0.01s Sys=0.00s Real=0.00s
[2022-09-06T14:35:56.828+0000][68][safepoint   ] Safepoint "G1CollectForAllocation", Time since last: 12364168063 ns, Reaching safepoint: 174275 ns, At safepoint: 3282707 ns, Total: 3456982 ns
[2022-09-06T14:36:23.834+0000][68][safepoint   ] Safepoint "Cleanup", Time since last: 27005771437 ns, Reaching safepoint: 227996 ns, At safepoint: 17122 ns, Total: 245118 ns
[2022-09-06T14:36:27.836+0000][68][safepoint   ] Safepoint "Cleanup", Time since last: 4001075428 ns, Reaching safepoint: 174763 ns, At safepoint: 5251 ns, Total: 180014 ns
[2022-09-06T14:36:35.838+0000][68][safepoint   ] Safepoint "Cleanup", Time since last: 8002069985 ns, Reaching safepoint: 330991 ns, At safepoint: 6787 ns, Total: 337778 ns
[2022-09-06T14:36:44.840+0000][68][safepoint   ] Safepoint "Cleanup", Time since last: 9001892150 ns, Reaching safepoint: 205226 ns, At safepoint: 5115 ns, Total: 210341 ns
[2022-09-06T14:37:44.853+0000][68][safepoint   ] Safepoint "Cleanup", Time since last: 60012613181 ns, Reaching safepoint: 197127 ns, At safepoint: 6138 ns, Total: 203265 ns
[2022-09-06T14:37:50.855+0000][68][safepoint   ] Safepoint "Cleanup", Time since last: 6001136863 ns, Reaching safepoint: 214300 ns, At safepoint: 11228 ns, Total: 225528 ns
[2022-09-06T14:38:08.859+0000][68][safepoint   ] Safepoint "Cleanup", Time since last: 18004055193 ns, Reaching safepoint: 284523 ns, At safepoint: 10741 ns, Total: 295264 ns
[2022-09-06T14:38:14.441+0000][68][gc,start    ] GC(51) Pause Young (Normal) (G1 Evacuation Pause)
[2022-09-06T14:38:14.441+0000][68][gc,task     ] GC(51) Using 8 workers of 8 for evacuation
[2022-09-06T14:38:14.441+0000][68][gc,age      ] GC(51) Desired survivor size 41943040 bytes, new threshold 15 (max threshold 15)
[2022-09-06T14:38:14.445+0000][68][gc,phases   ] GC(51)   Pre Evacuate Collection Set: 0.2ms
[2022-09-06T14:38:14.445+0000][68][gc,phases   ] GC(51)   Merge Heap Roots: 0.2ms
[2022-09-06T14:38:14.445+0000][68][gc,phases   ] GC(51)   Evacuate Collection Set: 2.6ms
[2022-09-06T14:38:14.445+0000][68][gc,phases   ] GC(51)   Post Evacuate Collection Set: 1.1ms
[2022-09-06T14:38:14.445+0000][68][gc,phases   ] GC(51)   Other: 0.1ms
[2022-09-06T14:38:14.445+0000][68][gc,age      ] GC(51) Age table with threshold 15 (max threshold 15)
[2022-09-06T14:38:14.445+0000][68][gc,age      ] GC(51) - age   1:    1218328 bytes,    1218328 total
[2022-09-06T14:38:14.445+0000][68][gc,age      ] GC(51) - age   2:       8096 bytes,    1226424 total
[2022-09-06T14:38:14.445+0000][68][gc,age      ] GC(51) - age   3:       6840 bytes,    1233264 total
[2022-09-06T14:38:14.445+0000][68][gc,age      ] GC(51) - age   4:      13624 bytes,    1246888 total
[2022-09-06T14:38:14.445+0000][68][gc,age      ] GC(51) - age   5:       5760 bytes,    1252648 total
[2022-09-06T14:38:14.445+0000][68][gc,age      ] GC(51) - age   6:      74880 bytes,    1327528 total
[2022-09-06T14:38:14.445+0000][68][gc,age      ] GC(51) - age   7:     182552 bytes,    1510080 total
[2022-09-06T14:38:14.445+0000][68][gc,age      ] GC(51) - age   8:       3360 bytes,    1513440 total
[2022-09-06T14:38:14.445+0000][68][gc,age      ] GC(51) - age   9:     571288 bytes,    2084728 total
[2022-09-06T14:38:14.445+0000][68][gc,age      ] GC(51) - age  10:       4528 bytes,    2089256 total
[2022-09-06T14:38:14.445+0000][68][gc,age      ] GC(51) - age  11:       2016 bytes,    2091272 total
[2022-09-06T14:38:14.445+0000][68][gc,age      ] GC(51) - age  12:       2312 bytes,    2093584 total
[2022-09-06T14:38:14.445+0000][68][gc,age      ] GC(51) - age  13:     266976 bytes,    2360560 total
[2022-09-06T14:38:14.445+0000][68][gc,age      ] GC(51) - age  14:      19152 bytes,    2379712 total
[2022-09-06T14:38:14.445+0000][68][gc,age      ] GC(51) - age  15:     133344 bytes,    2513056 total
[2022-09-06T14:38:14.445+0000][68][gc,heap     ] GC(51) Eden regions: 152->0(152)
[2022-09-06T14:38:14.445+0000][68][gc,heap     ] GC(51) Survivor regions: 1->1(20)
[2022-09-06T14:38:14.445+0000][68][gc,heap     ] GC(51) Old regions: 24->24
[2022-09-06T14:38:14.445+0000][68][gc,heap     ] GC(51) Archive regions: 2->2
[2022-09-06T14:38:14.445+0000][68][gc,heap     ] GC(51) Humongous regions: 2->2
[2022-09-06T14:38:14.445+0000][68][gc,metaspace] GC(51) Metaspace: 130625K(134144K)->130625K(134144K) NonClass: 113560K(115392K)->113560K(115392K) Class: 17064K(18752K)->17064K(18752K)
[2022-09-06T14:38:14.445+0000][68][gc          ] GC(51) Pause Young (Normal) (G1 Evacuation Pause) 718M->110M(1024M) 4.443ms
[2022-09-06T14:38:14.445+0000][68][gc,cpu      ] GC(51) User=0.02s Sys=0.00s Real=0.00s
[2022-09-06T14:38:14.445+0000][68][safepoint   ] Safepoint "G1CollectForAllocation", Time since last: 5581697216 ns, Reaching safepoint: 274483 ns, At safepoint: 4560154 ns, Total: 4834637 ns
[2022-09-06T14:38:37.450+0000][68][safepoint   ] Safepoint "Cleanup", Time since last: 23004669668 ns, Reaching safepoint: 268181 ns, At safepoint: 25007 ns, Total: 293188 ns
[2022-09-06T14:39:03.649+0000][68][safepoint   ] Safepoint "Cleanup", Time since last: 26198278926 ns, Reaching safepoint: 186556 ns, At safepoint: 5959 ns, Total: 192515 ns
[2022-09-06T14:39:36.654+0000][68][safepoint   ] Safepoint "Cleanup", Time since last: 33005504608 ns, Reaching safepoint: 359123 ns, At safepoint: 89154 ns, Total: 448277 ns
[2022-09-06T14:39:47.477+0000][68][safepoint   ] Safepoint "Cleanup", Time since last: 10822985880 ns, Reaching safepoint: 129237 ns, At safepoint: 58815 ns, Total: 188052 ns
[2022-09-06T14:39:48.478+0000][68][safepoint   ] Safepoint "Cleanup", Time since last: 1000299458 ns, Reaching safepoint: 245743 ns, At safepoint: 37543 ns, Total: 283286 ns
[2022-09-06T14:39:50.478+0000][68][safepoint   ] Safepoint "Cleanup", Time since last: 2000346682 ns, Reaching safepoint: 138188 ns, At safepoint: 3853 ns, Total: 142041 ns
[2022-09-06T14:40:05.482+0000][68][safepoint   ] Safepoint "Cleanup", Time since last: 15002675318 ns, Reaching safepoint: 592347 ns, At safepoint: 49143 ns, Total: 641490 ns
[2022-09-06T14:40:26.486+0000][68][safepoint   ] Safepoint "Cleanup", Time since last: 21003787959 ns, Reaching safepoint: 151222 ns, At safepoint: 15463 ns, Total: 166685 ns
[2022-09-06T14:40:27.486+0000][68][safepoint   ] Safepoint "Cleanup", Time since last: 1000276274 ns, Reaching safepoint: 195071 ns, At safepoint: 20633 ns, Total: 215704 ns
[2022-09-06T14:40:32.472+0000][68][gc,start    ] GC(52) Pause Young (Normal) (G1 Evacuation Pause)
[2022-09-06T14:40:32.472+0000][68][gc,task     ] GC(52) Using 8 workers of 8 for evacuation
[2022-09-06T14:40:32.472+0000][68][gc,age      ] GC(52) Desired survivor size 41943040 bytes, new threshold 15 (max threshold 15)
[2022-09-06T14:40:32.475+0000][68][gc,phases   ] GC(52)   Pre Evacuate Collection Set: 0.2ms
[2022-09-06T14:40:32.475+0000][68][gc,phases   ] GC(52)   Merge Heap Roots: 0.2ms
[2022-09-06T14:40:32.475+0000][68][gc,phases   ] GC(52)   Evacuate Collection Set: 1.4ms
[2022-09-06T14:40:32.475+0000][68][gc,phases   ] GC(52)   Post Evacuate Collection Set: 1.0ms
[2022-09-06T14:40:32.475+0000][68][gc,phases   ] GC(52)   Other: 0.1ms
[2022-09-06T14:40:32.475+0000][68][gc,age      ] GC(52) Age table with threshold 15 (max threshold 15)
[2022-09-06T14:40:32.475+0000][68][gc,age      ] GC(52) - age   1:    1248616 bytes,    1248616 total
[2022-09-06T14:40:32.475+0000][68][gc,age      ] GC(52) - age   2:       7728 bytes,    1256344 total
[2022-09-06T14:40:32.475+0000][68][gc,age      ] GC(52) - age   3:       6056 bytes,    1262400 total
[2022-09-06T14:40:32.475+0000][68][gc,age      ] GC(52) - age   4:       5952 bytes,    1268352 total
[2022-09-06T14:40:32.475+0000][68][gc,age      ] GC(52) - age   5:       7432 bytes,    1275784 total
[2022-09-06T14:40:32.475+0000][68][gc,age      ] GC(52) - age   6:       5760 bytes,    1281544 total
[2022-09-06T14:40:32.475+0000][68][gc,age      ] GC(52) - age   7:      74880 bytes,    1356424 total
[2022-09-06T14:40:32.475+0000][68][gc,age      ] GC(52) - age   8:     181976 bytes,    1538400 total
[2022-09-06T14:40:32.475+0000][68][gc,age      ] GC(52) - age   9:       3360 bytes,    1541760 total
[2022-09-06T14:40:32.475+0000][68][gc,age      ] GC(52) - age  10:     571256 bytes,    2113016 total
[2022-09-06T14:40:32.475+0000][68][gc,age      ] GC(52) - age  11:       4528 bytes,    2117544 total
[2022-09-06T14:40:32.475+0000][68][gc,age      ] GC(52) - age  12:       2016 bytes,    2119560 total
[2022-09-06T14:40:32.475+0000][68][gc,age      ] GC(52) - age  13:       2312 bytes,    2121872 total
[2022-09-06T14:40:32.475+0000][68][gc,age      ] GC(52) - age  14:     250144 bytes,    2372016 total
[2022-09-06T14:40:32.475+0000][68][gc,age      ] GC(52) - age  15:      19152 bytes,    2391168 total
[2022-09-06T14:40:32.475+0000][68][gc,heap     ] GC(52) Eden regions: 152->0(152)
[2022-09-06T14:40:32.475+0000][68][gc,heap     ] GC(52) Survivor regions: 1->1(20)
[2022-09-06T14:40:32.475+0000][68][gc,heap     ] GC(52) Old regions: 24->25
[2022-09-06T14:40:32.475+0000][68][gc,heap     ] GC(52) Archive regions: 2->2
[2022-09-06T14:40:32.475+0000][68][gc,heap     ] GC(52) Humongous regions: 2->2
[2022-09-06T14:40:32.475+0000][68][gc,metaspace] GC(52) Metaspace: 130636K(134144K)->130636K(134144K) NonClass: 113571K(115392K)->113571K(115392K) Class: 17064K(18752K)->17064K(18752K)
[2022-09-06T14:40:32.475+0000][68][gc          ] GC(52) Pause Young (Normal) (G1 Evacuation Pause) 718M->110M(1024M) 3.240ms
[2022-09-06T14:40:32.475+0000][68][gc,cpu      ] GC(52) User=0.01s Sys=0.00s Real=0.00s
[2022-09-06T14:40:32.475+0000][68][safepoint   ] Safepoint "G1CollectForAllocation", Time since last: 4984903828 ns, Reaching safepoint: 195011 ns, At safepoint: 3421642 ns, Total: 3616653 ns
[2022-09-06T14:40:47.479+0000][68][safepoint   ] Safepoint "Cleanup", Time since last: 15003051214 ns, Reaching safepoint: 329118 ns, At safepoint: 6951 ns, Total: 336069 ns
[2022-09-06T14:41:01.482+0000][68][safepoint   ] Safepoint "Cleanup", Time since last: 14002743614 ns, Reaching safepoint: 179017 ns, At safepoint: 5967 ns, Total: 184984 ns
[2022-09-06T14:41:02.482+0000][68][safepoint   ] Safepoint "Cleanup", Time since last: 1000321560 ns, Reaching safepoint: 139288 ns, At safepoint: 8524 ns, Total: 147812 ns
[2022-09-06T14:41:21.486+0000][68][safepoint   ] Safepoint "Cleanup", Time since last: 19003999342 ns, Reaching safepoint: 150252 ns, At safepoint: 4355 ns, Total: 154607 ns
[2022-09-06T14:41:22.487+0000][68][safepoint   ] Safepoint "Cleanup", Time since last: 1000203899 ns, Reaching safepoint: 170795 ns, At safepoint: 4786 ns, Total: 175581 ns
[2022-09-06T14:41:51.492+0000][68][safepoint   ] Safepoint "Cleanup", Time since last: 29005183511 ns, Reaching safepoint: 267487 ns, At safepoint: 6191 ns, Total: 273678 ns
[2022-09-06T14:41:56.493+0000][68][safepoint   ] Safepoint "Cleanup", Time since last: 5000928296 ns, Reaching safepoint: 168606 ns, At safepoint: 7253 ns, Total: 175859 ns
[2022-09-06T14:42:09.495+0000][68][safepoint   ] Safepoint "Cleanup", Time since last: 13002308112 ns, Reaching safepoint: 158096 ns, At safepoint: 7671 ns, Total: 165767 ns
[2022-09-06T14:42:41.501+0000][68][safepoint   ] Safepoint "Cleanup", Time since last: 32005247319 ns, Reaching safepoint: 266315 ns, At safepoint: 31286 ns, Total: 297601 ns
[2022-09-06T14:42:42.502+0000][68][safepoint   ] Safepoint "Cleanup", Time since last: 1000256576 ns, Reaching safepoint: 193488 ns, At safepoint: 10148 ns, Total: 203636 ns
[2022-09-06T14:42:44.502+0000][68][safepoint   ] Safepoint "Cleanup", Time since last: 2000416890 ns, Reaching safepoint: 134879 ns, At safepoint: 6280 ns, Total: 141159 ns
[2022-09-06T14:42:47.485+0000][68][gc,start    ] GC(53) Pause Young (Normal) (G1 Evacuation Pause)
[2022-09-06T14:42:47.485+0000][68][gc,task     ] GC(53) Using 8 workers of 8 for evacuation
[2022-09-06T14:42:47.485+0000][68][gc,age      ] GC(53) Desired survivor size 41943040 bytes, new threshold 15 (max threshold 15)
[2022-09-06T14:42:47.489+0000][68][gc,phases   ] GC(53)   Pre Evacuate Collection Set: 0.2ms
[2022-09-06T14:42:47.489+0000][68][gc,phases   ] GC(53)   Merge Heap Roots: 0.1ms
[2022-09-06T14:42:47.489+0000][68][gc,phases   ] GC(53)   Evacuate Collection Set: 1.7ms
[2022-09-06T14:42:47.489+0000][68][gc,phases   ] GC(53)   Post Evacuate Collection Set: 1.2ms
[2022-09-06T14:42:47.489+0000][68][gc,phases   ] GC(53)   Other: 0.1ms
[2022-09-06T14:42:47.489+0000][68][gc,age      ] GC(53) Age table with threshold 15 (max threshold 15)
[2022-09-06T14:42:47.489+0000][68][gc,age      ] GC(53) - age   1:    1026240 bytes,    1026240 total
[2022-09-06T14:42:47.489+0000][68][gc,age      ] GC(53) - age   2:     201304 bytes,    1227544 total
[2022-09-06T14:42:47.489+0000][68][gc,age      ] GC(53) - age   3:       5960 bytes,    1233504 total
[2022-09-06T14:42:47.489+0000][68][gc,age      ] GC(53) - age   4:       5800 bytes,    1239304 total
[2022-09-06T14:42:47.489+0000][68][gc,age      ] GC(53) - age   5:       5952 bytes,    1245256 total
[2022-09-06T14:42:47.489+0000][68][gc,age      ] GC(53) - age   6:       7248 bytes,    1252504 total
[2022-09-06T14:42:47.489+0000][68][gc,age      ] GC(53) - age   7:       5744 bytes,    1258248 total
[2022-09-06T14:42:47.489+0000][68][gc,age      ] GC(53) - age   8:       6480 bytes,    1264728 total
[2022-09-06T14:42:47.489+0000][68][gc,age      ] GC(53) - age   9:      37808 bytes,    1302536 total
[2022-09-06T14:42:47.489+0000][68][gc,age      ] GC(53) - age  10:       3360 bytes,    1305896 total
[2022-09-06T14:42:47.489+0000][68][gc,age      ] GC(53) - age  11:      37568 bytes,    1343464 total
[2022-09-06T14:42:47.489+0000][68][gc,age      ] GC(53) - age  12:       4528 bytes,    1347992 total
[2022-09-06T14:42:47.489+0000][68][gc,age      ] GC(53) - age  13:       2016 bytes,    1350008 total
[2022-09-06T14:42:47.489+0000][68][gc,age      ] GC(53) - age  14:       2312 bytes,    1352320 total
[2022-09-06T14:42:47.489+0000][68][gc,age      ] GC(53) - age  15:     177000 bytes,    1529320 total
[2022-09-06T14:42:47.489+0000][68][gc,heap     ] GC(53) Eden regions: 152->0(152)
[2022-09-06T14:42:47.489+0000][68][gc,heap     ] GC(53) Survivor regions: 1->1(20)
[2022-09-06T14:42:47.489+0000][68][gc,heap     ] GC(53) Old regions: 25->25
[2022-09-06T14:42:47.489+0000][68][gc,heap     ] GC(53) Archive regions: 2->2
[2022-09-06T14:42:47.489+0000][68][gc,heap     ] GC(53) Humongous regions: 2->2
[2022-09-06T14:42:47.489+0000][68][gc,metaspace] GC(53) Metaspace: 130649K(134144K)->130649K(134144K) NonClass: 113584K(115392K)->113584K(115392K) Class: 17064K(18752K)->17064K(18752K)
[2022-09-06T14:42:47.489+0000][68][gc          ] GC(53) Pause Young (Normal) (G1 Evacuation Pause) 718M->109M(1024M) 3.629ms
[2022-09-06T14:42:47.489+0000][68][gc,cpu      ] GC(53) User=0.01s Sys=0.01s Real=0.01s
[2022-09-06T14:42:47.489+0000][68][safepoint   ] Safepoint "G1CollectForAllocation", Time since last: 2983021702 ns, Reaching safepoint: 179811 ns, At safepoint: 3771179 ns, Total: 3950990 ns
[2022-09-06T14:43:05.492+0000][68][safepoint   ] Safepoint "Cleanup", Time since last: 18003061226 ns, Reaching safepoint: 172058 ns, At safepoint: 4414 ns, Total: 176472 ns
[2022-09-06T14:43:12.494+0000][68][safepoint   ] Safepoint "Cleanup", Time since last: 7001516293 ns, Reaching safepoint: 334713 ns, At safepoint: 45728 ns, Total: 380441 ns
[2022-09-06T14:43:15.561+0000][68][safepoint   ] Safepoint "Cleanup", Time since last: 3066421962 ns, Reaching safepoint: 166916 ns, At safepoint: 8480 ns, Total: 175396 ns
[2022-09-06T14:44:27.574+0000][68][safepoint   ] Safepoint "Cleanup", Time since last: 72012536938 ns, Reaching safepoint: 369773 ns, At safepoint: 17327 ns, Total: 387100 ns
[2022-09-06T14:44:50.580+0000][68][safepoint   ] Safepoint "Cleanup", Time since last: 23005897695 ns, Reaching safepoint: 226005 ns, At safepoint: 22345 ns, Total: 248350 ns
[2022-09-06T14:45:02.583+0000][68][safepoint   ] Safepoint "Cleanup", Time since last: 12002591356 ns, Reaching safepoint: 164632 ns, At safepoint: 4978 ns, Total: 169610 ns
[2022-09-06T14:45:05.483+0000][68][gc,start    ] GC(54) Pause Young (Normal) (G1 Evacuation Pause)
[2022-09-06T14:45:05.483+0000][68][gc,task     ] GC(54) Using 8 workers of 8 for evacuation
[2022-09-06T14:45:05.483+0000][68][gc,age      ] GC(54) Desired survivor size 41943040 bytes, new threshold 15 (max threshold 15)
[2022-09-06T14:45:05.488+0000][68][gc,phases   ] GC(54)   Pre Evacuate Collection Set: 0.2ms
[2022-09-06T14:45:05.488+0000][68][gc,phases   ] GC(54)   Merge Heap Roots: 0.1ms
[2022-09-06T14:45:05.488+0000][68][gc,phases   ] GC(54)   Evacuate Collection Set: 2.0ms
[2022-09-06T14:45:05.488+0000][68][gc,phases   ] GC(54)   Post Evacuate Collection Set: 2.5ms
[2022-09-06T14:45:05.488+0000][68][gc,phases   ] GC(54)   Other: 0.2ms
[2022-09-06T14:45:05.488+0000][68][gc,age      ] GC(54) Age table with threshold 15 (max threshold 15)
[2022-09-06T14:45:05.488+0000][68][gc,age      ] GC(54) - age   1:     761816 bytes,     761816 total
[2022-09-06T14:45:05.488+0000][68][gc,age      ] GC(54) - age   2:     196656 bytes,     958472 total
[2022-09-06T14:45:05.488+0000][68][gc,age      ] GC(54) - age   3:     199296 bytes,    1157768 total
[2022-09-06T14:45:05.488+0000][68][gc,age      ] GC(54) - age   4:       5768 bytes,    1163536 total
[2022-09-06T14:45:05.488+0000][68][gc,age      ] GC(54) - age   5:       5800 bytes,    1169336 total
[2022-09-06T14:45:05.488+0000][68][gc,age      ] GC(54) - age   6:       5952 bytes,    1175288 total
[2022-09-06T14:45:05.488+0000][68][gc,age      ] GC(54) - age   7:       7248 bytes,    1182536 total
[2022-09-06T14:45:05.488+0000][68][gc,age      ] GC(54) - age   8:       5744 bytes,    1188280 total
[2022-09-06T14:45:05.488+0000][68][gc,age      ] GC(54) - age   9:       6352 bytes,    1194632 total
[2022-09-06T14:45:05.488+0000][68][gc,age      ] GC(54) - age  10:      37648 bytes,    1232280 total
[2022-09-06T14:45:05.488+0000][68][gc,age      ] GC(54) - age  11:       3360 bytes,    1235640 total
[2022-09-06T14:45:05.488+0000][68][gc,age      ] GC(54) - age  12:      37368 bytes,    1273008 total
[2022-09-06T14:45:05.488+0000][68][gc,age      ] GC(54) - age  13:       4528 bytes,    1277536 total
[2022-09-06T14:45:05.488+0000][68][gc,age      ] GC(54) - age  14:       2016 bytes,    1279552 total
[2022-09-06T14:45:05.488+0000][68][gc,age      ] GC(54) - age  15:       2312 bytes,    1281864 total
[2022-09-06T14:45:05.488+0000][68][gc,heap     ] GC(54) Eden regions: 152->0(152)
[2022-09-06T14:45:05.488+0000][68][gc,heap     ] GC(54) Survivor regions: 1->1(20)
[2022-09-06T14:45:05.488+0000][68][gc,heap     ] GC(54) Old regions: 25->25
[2022-09-06T14:45:05.488+0000][68][gc,heap     ] GC(54) Archive regions: 2->2
[2022-09-06T14:45:05.488+0000][68][gc,heap     ] GC(54) Humongous regions: 2->2
[2022-09-06T14:45:05.488+0000][68][gc,metaspace] GC(54) Metaspace: 130664K(134208K)->130664K(134208K) NonClass: 113600K(115456K)->113600K(115456K) Class: 17064K(18752K)->17064K(18752K)
[2022-09-06T14:45:05.489+0000][68][gc          ] GC(54) Pause Young (Normal) (G1 Evacuation Pause) 717M->109M(1024M) 5.277ms
[2022-09-06T14:45:05.489+0000][68][gc,cpu      ] GC(54) User=0.02s Sys=0.00s Real=0.01s
[2022-09-06T14:45:05.489+0000][68][safepoint   ] Safepoint "G1CollectForAllocation", Time since last: 2900589561 ns, Reaching safepoint: 134745 ns, At safepoint: 5465428 ns, Total: 5600173 ns
[2022-09-06T14:45:12.490+0000][68][safepoint   ] Safepoint "Cleanup", Time since last: 7001073234 ns, Reaching safepoint: 231962 ns, At safepoint: 6171 ns, Total: 238133 ns
[2022-09-06T14:45:26.492+0000][68][safepoint   ] Safepoint "Cleanup", Time since last: 14001963607 ns, Reaching safepoint: 253891 ns, At safepoint: 44248 ns, Total: 298139 ns
[2022-09-06T14:45:44.497+0000][68][safepoint   ] Safepoint "Cleanup", Time since last: 18004098319 ns, Reaching safepoint: 532083 ns, At safepoint: 55188 ns, Total: 587271 ns
[2022-09-06T14:46:24.505+0000][68][safepoint   ] Safepoint "Cleanup", Time since last: 40007679606 ns, Reaching safepoint: 164238 ns, At safepoint: 4229 ns, Total: 168467 ns
[2022-09-06T14:46:26.505+0000][68][safepoint   ] Safepoint "Cleanup", Time since last: 2000325821 ns, Reaching safepoint: 171441 ns, At safepoint: 9946 ns, Total: 181387 ns
[2022-09-06T14:46:44.509+0000][68][safepoint   ] Safepoint "Cleanup", Time since last: 18003254174 ns, Reaching safepoint: 173079 ns, At safepoint: 17049 ns, Total: 190128 ns
[2022-09-06T14:46:45.509+0000][68][safepoint   ] Safepoint "Cleanup", Time since last: 1000298361 ns, Reaching safepoint: 149662 ns, At safepoint: 5127 ns, Total: 154789 ns
[2022-09-06T14:46:53.511+0000][68][safepoint   ] Safepoint "Cleanup", Time since last: 8001621103 ns, Reaching safepoint: 195815 ns, At safepoint: 10221 ns, Total: 206036 ns
[2022-09-06T14:47:26.487+0000][68][gc,start    ] GC(55) Pause Young (Normal) (G1 Evacuation Pause)
[2022-09-06T14:47:26.487+0000][68][gc,task     ] GC(55) Using 8 workers of 8 for evacuation
[2022-09-06T14:47:26.487+0000][68][gc,age      ] GC(55) Desired survivor size 41943040 bytes, new threshold 15 (max threshold 15)
[2022-09-06T14:47:26.490+0000][68][gc,phases   ] GC(55)   Pre Evacuate Collection Set: 0.2ms
[2022-09-06T14:47:26.490+0000][68][gc,phases   ] GC(55)   Merge Heap Roots: 0.1ms
[2022-09-06T14:47:26.490+0000][68][gc,phases   ] GC(55)   Evacuate Collection Set: 0.9ms
[2022-09-06T14:47:26.490+0000][68][gc,phases   ] GC(55)   Post Evacuate Collection Set: 1.0ms
[2022-09-06T14:47:26.490+0000][68][gc,phases   ] GC(55)   Other: 0.1ms
[2022-09-06T14:47:26.490+0000][68][gc,age      ] GC(55) Age table with threshold 15 (max threshold 15)
[2022-09-06T14:47:26.490+0000][68][gc,age      ] GC(55) - age   1:     705136 bytes,     705136 total
[2022-09-06T14:47:26.490+0000][68][gc,age      ] GC(55) - age   2:      74776 bytes,     779912 total
[2022-09-06T14:47:26.490+0000][68][gc,age      ] GC(55) - age   3:     195336 bytes,     975248 total
[2022-09-06T14:47:26.490+0000][68][gc,age      ] GC(55) - age   4:     199168 bytes,    1174416 total
[2022-09-06T14:47:26.490+0000][68][gc,age      ] GC(55) - age   5:       5768 bytes,    1180184 total
[2022-09-06T14:47:26.490+0000][68][gc,age      ] GC(55) - age   6:       5800 bytes,    1185984 total
[2022-09-06T14:47:26.490+0000][68][gc,age      ] GC(55) - age   7:       5952 bytes,    1191936 total
[2022-09-06T14:47:26.490+0000][68][gc,age      ] GC(55) - age   8:       7248 bytes,    1199184 total
[2022-09-06T14:47:26.490+0000][68][gc,age      ] GC(55) - age   9:       5744 bytes,    1204928 total
[2022-09-06T14:47:26.490+0000][68][gc,age      ] GC(55) - age  10:       5904 bytes,    1210832 total
[2022-09-06T14:47:26.490+0000][68][gc,age      ] GC(55) - age  11:      37464 bytes,    1248296 total
[2022-09-06T14:47:26.490+0000][68][gc,age      ] GC(55) - age  12:       3360 bytes,    1251656 total
[2022-09-06T14:47:26.490+0000][68][gc,age      ] GC(55) - age  13:      37368 bytes,    1289024 total
[2022-09-06T14:47:26.490+0000][68][gc,age      ] GC(55) - age  14:       4528 bytes,    1293552 total
[2022-09-06T14:47:26.490+0000][68][gc,age      ] GC(55) - age  15:       2016 bytes,    1295568 total
[2022-09-06T14:47:26.490+0000][68][gc,heap     ] GC(55) Eden regions: 152->0(152)
[2022-09-06T14:47:26.490+0000][68][gc,heap     ] GC(55) Survivor regions: 1->1(20)
[2022-09-06T14:47:26.490+0000][68][gc,heap     ] GC(55) Old regions: 25->25
[2022-09-06T14:47:26.490+0000][68][gc,heap     ] GC(55) Archive regions: 2->2
[2022-09-06T14:47:26.490+0000][68][gc,heap     ] GC(55) Humongous regions: 2->2
[2022-09-06T14:47:26.490+0000][68][gc,metaspace] GC(55) Metaspace: 130679K(134208K)->130679K(134208K) NonClass: 113614K(115456K)->113614K(115456K) Class: 17064K(18752K)->17064K(18752K)
[2022-09-06T14:47:26.490+0000][68][gc          ] GC(55) Pause Young (Normal) (G1 Evacuation Pause) 717M->109M(1024M) 2.552ms
[2022-09-06T14:47:26.490+0000][68][gc,cpu      ] GC(55) User=0.01s Sys=0.00s Real=0.01s
[2022-09-06T14:47:26.490+0000][68][safepoint   ] Safepoint "G1CollectForAllocation", Time since last: 32975854441 ns, Reaching safepoint: 141263 ns, At safepoint: 2632709 ns, Total: 2773972 ns
[2022-09-06T14:47:42.493+0000][68][safepoint   ] Safepoint "Cleanup", Time since last: 16002722994 ns, Reaching safepoint: 559109 ns, At safepoint: 10746 ns, Total: 569855 ns
[2022-09-06T14:47:44.494+0000][68][safepoint   ] Safepoint "Cleanup", Time since last: 2000478315 ns, Reaching safepoint: 220714 ns, At safepoint: 11776 ns, Total: 232490 ns
[2022-09-06T14:47:47.495+0000][68][safepoint   ] Safepoint "Cleanup", Time since last: 3000390415 ns, Reaching safepoint: 264654 ns, At safepoint: 35953 ns, Total: 300607 ns
[2022-09-06T14:48:06.498+0000][68][safepoint   ] Safepoint "Cleanup", Time since last: 19003504911 ns, Reaching safepoint: 237270 ns, At safepoint: 13825 ns, Total: 251095 ns
[2022-09-06T14:48:36.505+0000][68][safepoint   ] Safepoint "Cleanup", Time since last: 30006009097 ns, Reaching safepoint: 421318 ns, At safepoint: 28405 ns, Total: 449723 ns
[2022-09-06T14:48:56.509+0000][68][safepoint   ] Safepoint "Cleanup", Time since last: 20004113636 ns, Reaching safepoint: 174938 ns, At safepoint: 6582 ns, Total: 181520 ns
[2022-09-06T14:49:08.512+0000][68][safepoint   ] Safepoint "Cleanup", Time since last: 12002844450 ns, Reaching safepoint: 322523 ns, At safepoint: 27865 ns, Total: 350388 ns
[2022-09-06T14:49:09.513+0000][68][safepoint   ] Safepoint "Cleanup", Time since last: 1000328879 ns, Reaching safepoint: 220561 ns, At safepoint: 10156 ns, Total: 230717 ns
[2022-09-06T14:49:27.516+0000][68][safepoint   ] Safepoint "Cleanup", Time since last: 18003512984 ns, Reaching safepoint: 191126 ns, At safepoint: 4883 ns, Total: 196009 ns
[2022-09-06T14:49:35.519+0000][68][safepoint   ] Safepoint "Cleanup", Time since last: 8001963240 ns, Reaching safepoint: 287395 ns, At safepoint: 27905 ns, Total: 315300 ns
[2022-09-06T14:49:44.492+0000][68][gc,start    ] GC(56) Pause Young (Normal) (G1 Evacuation Pause)
[2022-09-06T14:49:44.492+0000][68][gc,task     ] GC(56) Using 8 workers of 8 for evacuation
[2022-09-06T14:49:44.492+0000][68][gc,age      ] GC(56) Desired survivor size 41943040 bytes, new threshold 15 (max threshold 15)
[2022-09-06T14:49:44.495+0000][68][gc,phases   ] GC(56)   Pre Evacuate Collection Set: 0.2ms
[2022-09-06T14:49:44.495+0000][68][gc,phases   ] GC(56)   Merge Heap Roots: 0.1ms
[2022-09-06T14:49:44.495+0000][68][gc,phases   ] GC(56)   Evacuate Collection Set: 1.4ms
[2022-09-06T14:49:44.495+0000][68][gc,phases   ] GC(56)   Post Evacuate Collection Set: 1.2ms
[2022-09-06T14:49:44.495+0000][68][gc,phases   ] GC(56)   Other: 0.1ms
[2022-09-06T14:49:44.495+0000][68][gc,age      ] GC(56) Age table with threshold 15 (max threshold 15)
[2022-09-06T14:49:44.495+0000][68][gc,age      ] GC(56) - age   1:    1330392 bytes,    1330392 total
[2022-09-06T14:49:44.495+0000][68][gc,age      ] GC(56) - age   2:       8544 bytes,    1338936 total
[2022-09-06T14:49:44.495+0000][68][gc,age      ] GC(56) - age   3:      18752 bytes,    1357688 total
[2022-09-06T14:49:44.495+0000][68][gc,age      ] GC(56) - age   4:     114952 bytes,    1472640 total
[2022-09-06T14:49:44.495+0000][68][gc,age      ] GC(56) - age   5:     184368 bytes,    1657008 total
[2022-09-06T14:49:44.495+0000][68][gc,age      ] GC(56) - age   6:       1496 bytes,    1658504 total
[2022-09-06T14:49:44.495+0000][68][gc,age      ] GC(56) - age   7:       1528 bytes,    1660032 total
[2022-09-06T14:49:44.495+0000][68][gc,age      ] GC(56) - age   8:       1496 bytes,    1661528 total
[2022-09-06T14:49:44.495+0000][68][gc,age      ] GC(56) - age   9:       2944 bytes,    1664472 total
[2022-09-06T14:49:44.495+0000][68][gc,age      ] GC(56) - age  10:       1472 bytes,    1665944 total
[2022-09-06T14:49:44.495+0000][68][gc,age      ] GC(56) - age  11:       1632 bytes,    1667576 total
[2022-09-06T14:49:44.495+0000][68][gc,age      ] GC(56) - age  12:       5792 bytes,    1673368 total
[2022-09-06T14:49:44.495+0000][68][gc,age      ] GC(56) - age  13:       3360 bytes,    1676728 total
[2022-09-06T14:49:44.495+0000][68][gc,age      ] GC(56) - age  14:      28184 bytes,    1704912 total
[2022-09-06T14:49:44.495+0000][68][gc,age      ] GC(56) - age  15:       4456 bytes,    1709368 total
[2022-09-06T14:49:44.495+0000][68][gc,heap     ] GC(56) Eden regions: 152->0(152)
[2022-09-06T14:49:44.495+0000][68][gc,heap     ] GC(56) Survivor regions: 1->1(20)
[2022-09-06T14:49:44.495+0000][68][gc,heap     ] GC(56) Old regions: 25->25
[2022-09-06T14:49:44.495+0000][68][gc,heap     ] GC(56) Archive regions: 2->2
[2022-09-06T14:49:44.495+0000][68][gc,heap     ] GC(56) Humongous regions: 2->2
[2022-09-06T14:49:44.495+0000][68][gc,metaspace] GC(56) Metaspace: 130692K(134208K)->130692K(134208K) NonClass: 113627K(115456K)->113627K(115456K) Class: 17064K(18752K)->17064K(18752K)
[2022-09-06T14:49:44.495+0000][68][gc          ] GC(56) Pause Young (Normal) (G1 Evacuation Pause) 717M->109M(1024M) 3.235ms
[2022-09-06T14:49:44.495+0000][68][gc,cpu      ] GC(56) User=0.01s Sys=0.01s Real=0.00s
[2022-09-06T14:49:44.495+0000][68][safepoint   ] Safepoint "G1CollectForAllocation", Time since last: 8972859949 ns, Reaching safepoint: 252499 ns, At safepoint: 3374255 ns, Total: 3626754 ns
[2022-09-06T14:49:56.498+0000][68][safepoint   ] Safepoint "Cleanup", Time since last: 12002750372 ns, Reaching safepoint: 306596 ns, At safepoint: 13152 ns, Total: 319748 ns
[2022-09-06T14:50:03.500+0000][68][safepoint   ] Safepoint "Cleanup", Time since last: 7001298004 ns, Reaching safepoint: 167805 ns, At safepoint: 4356 ns, Total: 172161 ns
[2022-09-06T14:50:21.504+0000][68][safepoint   ] Safepoint "Cleanup", Time since last: 18004002348 ns, Reaching safepoint: 174361 ns, At safepoint: 5900 ns, Total: 180261 ns
[2022-09-06T14:50:44.508+0000][68][safepoint   ] Safepoint "Cleanup", Time since last: 23004038004 ns, Reaching safepoint: 181288 ns, At safepoint: 26847 ns, Total: 208135 ns
[2022-09-06T14:51:44.522+0000][68][safepoint   ] Safepoint "Cleanup", Time since last: 60013419475 ns, Reaching safepoint: 226363 ns, At safepoint: 7274 ns, Total: 233637 ns
[2022-09-06T14:51:46.523+0000][68][safepoint   ] Safepoint "Cleanup", Time since last: 2000547963 ns, Reaching safepoint: 222109 ns, At safepoint: 7110 ns, Total: 229219 ns
[2022-09-06T14:51:59.560+0000][68][gc,start    ] GC(57) Pause Young (Normal) (G1 Evacuation Pause)
[2022-09-06T14:51:59.560+0000][68][gc,task     ] GC(57) Using 8 workers of 8 for evacuation
[2022-09-06T14:51:59.560+0000][68][gc,age      ] GC(57) Desired survivor size 41943040 bytes, new threshold 15 (max threshold 15)
[2022-09-06T14:51:59.563+0000][68][gc,phases   ] GC(57)   Pre Evacuate Collection Set: 0.1ms
[2022-09-06T14:51:59.563+0000][68][gc,phases   ] GC(57)   Merge Heap Roots: 0.1ms
[2022-09-06T14:51:59.563+0000][68][gc,phases   ] GC(57)   Evacuate Collection Set: 1.7ms
[2022-09-06T14:51:59.563+0000][68][gc,phases   ] GC(57)   Post Evacuate Collection Set: 1.1ms
[2022-09-06T14:51:59.563+0000][68][gc,phases   ] GC(57)   Other: 0.1ms
[2022-09-06T14:51:59.563+0000][68][gc,age      ] GC(57) Age table with threshold 15 (max threshold 15)
[2022-09-06T14:51:59.563+0000][68][gc,age      ] GC(57) - age   1:    1010632 bytes,    1010632 total
[2022-09-06T14:51:59.563+0000][68][gc,age      ] GC(57) - age   2:     152408 bytes,    1163040 total
[2022-09-06T14:51:59.563+0000][68][gc,age      ] GC(57) - age   3:       7464 bytes,    1170504 total
[2022-09-06T14:51:59.563+0000][68][gc,age      ] GC(57) - age   4:      18432 bytes,    1188936 total
[2022-09-06T14:51:59.563+0000][68][gc,age      ] GC(57) - age   5:     114888 bytes,    1303824 total
[2022-09-06T14:51:59.563+0000][68][gc,age      ] GC(57) - age   6:     176352 bytes,    1480176 total
[2022-09-06T14:51:59.563+0000][68][gc,age      ] GC(57) - age   7:       1200 bytes,    1481376 total
[2022-09-06T14:51:59.563+0000][68][gc,age      ] GC(57) - age   8:       1528 bytes,    1482904 total
[2022-09-06T14:51:59.563+0000][68][gc,age      ] GC(57) - age   9:       1496 bytes,    1484400 total
[2022-09-06T14:51:59.563+0000][68][gc,age      ] GC(57) - age  10:       2944 bytes,    1487344 total
[2022-09-06T14:51:59.563+0000][68][gc,age      ] GC(57) - age  11:       1472 bytes,    1488816 total
[2022-09-06T14:51:59.563+0000][68][gc,age      ] GC(57) - age  12:       1632 bytes,    1490448 total
[2022-09-06T14:51:59.563+0000][68][gc,age      ] GC(57) - age  13:       5792 bytes,    1496240 total
[2022-09-06T14:51:59.563+0000][68][gc,age      ] GC(57) - age  14:       3360 bytes,    1499600 total
[2022-09-06T14:51:59.563+0000][68][gc,age      ] GC(57) - age  15:      28184 bytes,    1527784 total
[2022-09-06T14:51:59.563+0000][68][gc,heap     ] GC(57) Eden regions: 152->0(152)
[2022-09-06T14:51:59.563+0000][68][gc,heap     ] GC(57) Survivor regions: 1->1(20)
[2022-09-06T14:51:59.563+0000][68][gc,heap     ] GC(57) Old regions: 25->25
[2022-09-06T14:51:59.563+0000][68][gc,heap     ] GC(57) Archive regions: 2->2
[2022-09-06T14:51:59.563+0000][68][gc,heap     ] GC(57) Humongous regions: 2->2
[2022-09-06T14:51:59.563+0000][68][gc,metaspace] GC(57) Metaspace: 130698K(134208K)->130698K(134208K) NonClass: 113633K(115456K)->113633K(115456K) Class: 17065K(18752K)->17065K(18752K)
[2022-09-06T14:51:59.563+0000][68][gc          ] GC(57) Pause Young (Normal) (G1 Evacuation Pause) 717M->109M(1024M) 3.396ms
[2022-09-06T14:51:59.563+0000][68][gc,cpu      ] GC(57) User=0.01s Sys=0.00s Real=0.00s
[2022-09-06T14:51:59.563+0000][68][safepoint   ] Safepoint "G1CollectForAllocation", Time since last: 13037027810 ns, Reaching safepoint: 144165 ns, At safepoint: 3484148 ns, Total: 3628313 ns
[2022-09-06T14:52:44.573+0000][68][safepoint   ] Safepoint "Cleanup", Time since last: 45009951059 ns, Reaching safepoint: 182378 ns, At safepoint: 5879 ns, Total: 188257 ns
[2022-09-06T14:52:58.576+0000][68][safepoint   ] Safepoint "Cleanup", Time since last: 14002557730 ns, Reaching safepoint: 139131 ns, At safepoint: 26231 ns, Total: 165362 ns
[2022-09-06T14:53:32.584+0000][68][safepoint   ] Safepoint "Cleanup", Time since last: 34007613812 ns, Reaching safepoint: 172778 ns, At safepoint: 9603 ns, Total: 182381 ns
[2022-09-06T14:53:44.587+0000][68][safepoint   ] Safepoint "Cleanup", Time since last: 12002738739 ns, Reaching safepoint: 187295 ns, At safepoint: 11303 ns, Total: 198598 ns
[2022-09-06T14:54:17.528+0000][68][gc,start    ] GC(58) Pause Young (Normal) (G1 Evacuation Pause)
[2022-09-06T14:54:17.528+0000][68][gc,task     ] GC(58) Using 8 workers of 8 for evacuation
[2022-09-06T14:54:17.528+0000][68][gc,age      ] GC(58) Desired survivor size 41943040 bytes, new threshold 15 (max threshold 15)
[2022-09-06T14:54:17.531+0000][68][gc,phases   ] GC(58)   Pre Evacuate Collection Set: 0.1ms
[2022-09-06T14:54:17.531+0000][68][gc,phases   ] GC(58)   Merge Heap Roots: 0.1ms
[2022-09-06T14:54:17.531+0000][68][gc,phases   ] GC(58)   Evacuate Collection Set: 1.7ms
[2022-09-06T14:54:17.531+0000][68][gc,phases   ] GC(58)   Post Evacuate Collection Set: 0.9ms
[2022-09-06T14:54:17.531+0000][68][gc,phases   ] GC(58)   Other: 0.1ms
[2022-09-06T14:54:17.531+0000][68][gc,age      ] GC(58) Age table with threshold 15 (max threshold 15)
[2022-09-06T14:54:17.531+0000][68][gc,age      ] GC(58) - age   1:    1071152 bytes,    1071152 total
[2022-09-06T14:54:17.531+0000][68][gc,age      ] GC(58) - age   2:      16536 bytes,    1087688 total
[2022-09-06T14:54:17.531+0000][68][gc,age      ] GC(58) - age   3:     150824 bytes,    1238512 total
[2022-09-06T14:54:17.531+0000][68][gc,age      ] GC(58) - age   4:       7336 bytes,    1245848 total
[2022-09-06T14:54:17.531+0000][68][gc,age      ] GC(58) - age   5:      18432 bytes,    1264280 total
[2022-09-06T14:54:17.531+0000][68][gc,age      ] GC(58) - age   6:     114888 bytes,    1379168 total
[2022-09-06T14:54:17.531+0000][68][gc,age      ] GC(58) - age   7:     176352 bytes,    1555520 total
[2022-09-06T14:54:17.531+0000][68][gc,age      ] GC(58) - age   8:       1200 bytes,    1556720 total
[2022-09-06T14:54:17.531+0000][68][gc,age      ] GC(58) - age   9:       1528 bytes,    1558248 total
[2022-09-06T14:54:17.531+0000][68][gc,age      ] GC(58) - age  10:       1496 bytes,    1559744 total
[2022-09-06T14:54:17.531+0000][68][gc,age      ] GC(58) - age  11:       2944 bytes,    1562688 total
[2022-09-06T14:54:17.531+0000][68][gc,age      ] GC(58) - age  12:       1472 bytes,    1564160 total
[2022-09-06T14:54:17.531+0000][68][gc,age      ] GC(58) - age  13:       1632 bytes,    1565792 total
[2022-09-06T14:54:17.531+0000][68][gc,age      ] GC(58) - age  14:       5792 bytes,    1571584 total
[2022-09-06T14:54:17.531+0000][68][gc,age      ] GC(58) - age  15:       3360 bytes,    1574944 total
[2022-09-06T14:54:17.531+0000][68][gc,heap     ] GC(58) Eden regions: 152->0(152)
[2022-09-06T14:54:17.531+0000][68][gc,heap     ] GC(58) Survivor regions: 1->1(20)
[2022-09-06T14:54:17.531+0000][68][gc,heap     ] GC(58) Old regions: 25->25
[2022-09-06T14:54:17.531+0000][68][gc,heap     ] GC(58) Archive regions: 2->2
[2022-09-06T14:54:17.531+0000][68][gc,heap     ] GC(58) Humongous regions: 2->2
[2022-09-06T14:54:17.531+0000][68][gc,metaspace] GC(58) Metaspace: 130705K(134208K)->130705K(134208K) NonClass: 113640K(115456K)->113640K(115456K) Class: 17065K(18752K)->17065K(18752K)
[2022-09-06T14:54:17.531+0000][68][gc          ] GC(58) Pause Young (Normal) (G1 Evacuation Pause) 717M->109M(1024M) 3.180ms
[2022-09-06T14:54:17.531+0000][68][gc,cpu      ] GC(58) User=0.00s Sys=0.01s Real=0.01s
[2022-09-06T14:54:17.531+0000][68][safepoint   ] Safepoint "G1CollectForAllocation", Time since last: 32939800579 ns, Reaching safepoint: 133856 ns, At safepoint: 3272866 ns, Total: 3406722 ns
[2022-09-06T14:54:28.533+0000][68][safepoint   ] Safepoint "Cleanup", Time since last: 11002390238 ns, Reaching safepoint: 184296 ns, At safepoint: 5817 ns, Total: 190113 ns
[2022-09-06T14:54:32.534+0000][68][safepoint   ] Safepoint "Cleanup", Time since last: 4001003762 ns, Reaching safepoint: 175594 ns, At safepoint: 22203 ns, Total: 197797 ns
[2022-09-06T14:54:39.535+0000][68][safepoint   ] Safepoint "Cleanup", Time since last: 7001430525 ns, Reaching safepoint: 193379 ns, At safepoint: 14310 ns, Total: 207689 ns
[2022-09-06T14:54:54.539+0000][68][safepoint   ] Safepoint "Cleanup", Time since last: 15003045958 ns, Reaching safepoint: 321569 ns, At safepoint: 19978 ns, Total: 341547 ns
[2022-09-06T14:55:05.541+0000][68][safepoint   ] Safepoint "Cleanup", Time since last: 11002373943 ns, Reaching safepoint: 167949 ns, At safepoint: 7830 ns, Total: 175779 ns
[2022-09-06T14:56:28.557+0000][68][safepoint   ] Safepoint "Cleanup", Time since last: 83015365361 ns, Reaching safepoint: 157697 ns, At safepoint: 5758 ns, Total: 163455 ns
[2022-09-06T14:56:38.545+0000][68][gc,start    ] GC(59) Pause Young (Normal) (G1 Evacuation Pause)
[2022-09-06T14:56:38.545+0000][68][gc,task     ] GC(59) Using 8 workers of 8 for evacuation
[2022-09-06T14:56:38.545+0000][68][gc,age      ] GC(59) Desired survivor size 41943040 bytes, new threshold 15 (max threshold 15)
[2022-09-06T14:56:38.550+0000][68][gc,phases   ] GC(59)   Pre Evacuate Collection Set: 0.2ms
[2022-09-06T14:56:38.550+0000][68][gc,phases   ] GC(59)   Merge Heap Roots: 0.1ms
[2022-09-06T14:56:38.550+0000][68][gc,phases   ] GC(59)   Evacuate Collection Set: 1.5ms
[2022-09-06T14:56:38.550+0000][68][gc,phases   ] GC(59)   Post Evacuate Collection Set: 2.6ms
[2022-09-06T14:56:38.550+0000][68][gc,phases   ] GC(59)   Other: 0.1ms
[2022-09-06T14:56:38.550+0000][68][gc,age      ] GC(59) Age table with threshold 15 (max threshold 15)
[2022-09-06T14:56:38.550+0000][68][gc,age      ] GC(59) - age   1:    1089184 bytes,    1089184 total
[2022-09-06T14:56:38.550+0000][68][gc,age      ] GC(59) - age   2:       7440 bytes,    1096624 total
[2022-09-06T14:56:38.550+0000][68][gc,age      ] GC(59) - age   3:      14752 bytes,    1111376 total
[2022-09-06T14:56:38.550+0000][68][gc,age      ] GC(59) - age   4:     150568 bytes,    1261944 total
[2022-09-06T14:56:38.550+0000][68][gc,age      ] GC(59) - age   5:       7336 bytes,    1269280 total
[2022-09-06T14:56:38.550+0000][68][gc,age      ] GC(59) - age   6:      18432 bytes,    1287712 total
[2022-09-06T14:56:38.550+0000][68][gc,age      ] GC(59) - age   7:     114888 bytes,    1402600 total
[2022-09-06T14:56:38.550+0000][68][gc,age      ] GC(59) - age   8:     175776 bytes,    1578376 total
[2022-09-06T14:56:38.550+0000][68][gc,age      ] GC(59) - age   9:       1200 bytes,    1579576 total
[2022-09-06T14:56:38.550+0000][68][gc,age      ] GC(59) - age  10:       1528 bytes,    1581104 total
[2022-09-06T14:56:38.550+0000][68][gc,age      ] GC(59) - age  11:       1496 bytes,    1582600 total
[2022-09-06T14:56:38.550+0000][68][gc,age      ] GC(59) - age  12:       2944 bytes,    1585544 total
[2022-09-06T14:56:38.550+0000][68][gc,age      ] GC(59) - age  13:       1472 bytes,    1587016 total
[2022-09-06T14:56:38.550+0000][68][gc,age      ] GC(59) - age  14:       1632 bytes,    1588648 total
[2022-09-06T14:56:38.550+0000][68][gc,age      ] GC(59) - age  15:       5792 bytes,    1594440 total
[2022-09-06T14:56:38.550+0000][68][gc,heap     ] GC(59) Eden regions: 152->0(152)
[2022-09-06T14:56:38.550+0000][68][gc,heap     ] GC(59) Survivor regions: 1->1(20)
[2022-09-06T14:56:38.550+0000][68][gc,heap     ] GC(59) Old regions: 25->25
[2022-09-06T14:56:38.550+0000][68][gc,heap     ] GC(59) Archive regions: 2->2
[2022-09-06T14:56:38.550+0000][68][gc,heap     ] GC(59) Humongous regions: 2->2
[2022-09-06T14:56:38.550+0000][68][gc,metaspace] GC(59) Metaspace: 130755K(134272K)->130755K(134272K) NonClass: 113689K(115520K)->113689K(115520K) Class: 17065K(18752K)->17065K(18752K)
[2022-09-06T14:56:38.550+0000][68][gc          ] GC(59) Pause Young (Normal) (G1 Evacuation Pause) 717M->109M(1024M) 4.664ms
[2022-09-06T14:56:38.550+0000][68][gc,cpu      ] GC(59) User=0.02s Sys=0.00s Real=0.01s
[2022-09-06T14:56:38.550+0000][68][safepoint   ] Safepoint "G1CollectForAllocation", Time since last: 9988001757 ns, Reaching safepoint: 182408 ns, At safepoint: 4781908 ns, Total: 4964316 ns
[2022-09-06T14:56:44.551+0000][68][safepoint   ] Safepoint "Cleanup", Time since last: 6001071831 ns, Reaching safepoint: 249311 ns, At safepoint: 66873 ns, Total: 316184 ns
[2022-09-06T14:56:45.552+0000][68][safepoint   ] Safepoint "Cleanup", Time since last: 1000211931 ns, Reaching safepoint: 243284 ns, At safepoint: 46905 ns, Total: 290189 ns
[2022-09-06T14:56:57.555+0000][68][safepoint   ] Safepoint "Cleanup", Time since last: 12002363300 ns, Reaching safepoint: 351735 ns, At safepoint: 46696 ns, Total: 398431 ns
[2022-09-06T14:58:03.567+0000][68][safepoint   ] Safepoint "Cleanup", Time since last: 66012549915 ns, Reaching safepoint: 142456 ns, At safepoint: 38720 ns, Total: 181176 ns
[2022-09-06T14:58:39.575+0000][68][safepoint   ] Safepoint "Cleanup", Time since last: 36007342010 ns, Reaching safepoint: 133927 ns, At safepoint: 17594 ns, Total: 151521 ns
[2022-09-06T14:58:44.576+0000][68][safepoint   ] Safepoint "Cleanup", Time since last: 5001211035 ns, Reaching safepoint: 255710 ns, At safepoint: 22955 ns, Total: 278665 ns
[2022-09-06T14:58:47.774+0000][68][gc,start    ] GC(60) Pause Young (Normal) (G1 Evacuation Pause)
[2022-09-06T14:58:47.774+0000][68][gc,task     ] GC(60) Using 8 workers of 8 for evacuation
[2022-09-06T14:58:47.774+0000][68][gc,age      ] GC(60) Desired survivor size 41943040 bytes, new threshold 15 (max threshold 15)
[2022-09-06T14:58:47.776+0000][68][gc,phases   ] GC(60)   Pre Evacuate Collection Set: 0.2ms
[2022-09-06T14:58:47.776+0000][68][gc,phases   ] GC(60)   Merge Heap Roots: 0.1ms
[2022-09-06T14:58:47.776+0000][68][gc,phases   ] GC(60)   Evacuate Collection Set: 1.0ms
[2022-09-06T14:58:47.776+0000][68][gc,phases   ] GC(60)   Post Evacuate Collection Set: 0.8ms
[2022-09-06T14:58:47.776+0000][68][gc,phases   ] GC(60)   Other: 0.1ms
[2022-09-06T14:58:47.776+0000][68][gc,age      ] GC(60) Age table with threshold 15 (max threshold 15)
[2022-09-06T14:58:47.776+0000][68][gc,age      ] GC(60) - age   1:     717504 bytes,     717504 total
[2022-09-06T14:58:47.776+0000][68][gc,age      ] GC(60) - age   2:      18296 bytes,     735800 total
[2022-09-06T14:58:47.776+0000][68][gc,age      ] GC(60) - age   3:       6072 bytes,     741872 total
[2022-09-06T14:58:47.776+0000][68][gc,age      ] GC(60) - age   4:      14216 bytes,     756088 total
[2022-09-06T14:58:47.776+0000][68][gc,age      ] GC(60) - age   5:     150536 bytes,     906624 total
[2022-09-06T14:58:47.776+0000][68][gc,age      ] GC(60) - age   6:       7336 bytes,     913960 total
[2022-09-06T14:58:47.776+0000][68][gc,age      ] GC(60) - age   7:      18248 bytes,     932208 total
[2022-09-06T14:58:47.776+0000][68][gc,age      ] GC(60) - age   8:     114888 bytes,    1047096 total
[2022-09-06T14:58:47.776+0000][68][gc,age      ] GC(60) - age   9:     175776 bytes,    1222872 total
[2022-09-06T14:58:47.776+0000][68][gc,age      ] GC(60) - age  10:       1200 bytes,    1224072 total
[2022-09-06T14:58:47.776+0000][68][gc,age      ] GC(60) - age  11:       1528 bytes,    1225600 total
[2022-09-06T14:58:47.776+0000][68][gc,age      ] GC(60) - age  12:       1496 bytes,    1227096 total
[2022-09-06T14:58:47.776+0000][68][gc,age      ] GC(60) - age  13:       2944 bytes,    1230040 total
[2022-09-06T14:58:47.777+0000][68][gc,age      ] GC(60) - age  14:       1472 bytes,    1231512 total
[2022-09-06T14:58:47.777+0000][68][gc,age      ] GC(60) - age  15:       1632 bytes,    1233144 total
[2022-09-06T14:58:47.777+0000][68][gc,heap     ] GC(60) Eden regions: 152->0(152)
[2022-09-06T14:58:47.777+0000][68][gc,heap     ] GC(60) Survivor regions: 1->1(20)
[2022-09-06T14:58:47.777+0000][68][gc,heap     ] GC(60) Old regions: 25->25
[2022-09-06T14:58:47.777+0000][68][gc,heap     ] GC(60) Archive regions: 2->2
[2022-09-06T14:58:47.777+0000][68][gc,heap     ] GC(60) Humongous regions: 2->2
[2022-09-06T14:58:47.777+0000][68][gc,metaspace] GC(60) Metaspace: 130757K(134272K)->130757K(134272K) NonClass: 113692K(115520K)->113692K(115520K) Class: 17065K(18752K)->17065K(18752K)
[2022-09-06T14:58:47.777+0000][68][gc          ] GC(60) Pause Young (Normal) (G1 Evacuation Pause) 717M->109M(1024M) 2.593ms
[2022-09-06T14:58:47.777+0000][68][gc,cpu      ] GC(60) User=0.01s Sys=0.00s Real=0.00s
[2022-09-06T14:58:47.777+0000][68][safepoint   ] Safepoint "G1CollectForAllocation", Time since last: 3197647439 ns, Reaching safepoint: 163453 ns, At safepoint: 2714775 ns, Total: 2878228 ns
[2022-09-06T14:59:08.783+0000][68][safepoint   ] Safepoint "Cleanup", Time since last: 21005555591 ns, Reaching safepoint: 265388 ns, At safepoint: 3923 ns, Total: 269311 ns
[2022-09-06T14:59:17.785+0000][68][safepoint   ] Safepoint "Cleanup", Time since last: 9002582830 ns, Reaching safepoint: 170171 ns, At safepoint: 5175 ns, Total: 175346 ns
[2022-09-06T14:59:35.790+0000][68][safepoint   ] Safepoint "Cleanup", Time since last: 18004124778 ns, Reaching safepoint: 177024 ns, At safepoint: 3162 ns, Total: 180186 ns
[2022-09-06T15:00:35.802+0000][68][safepoint   ] Safepoint "Cleanup", Time since last: 60012642359 ns, Reaching safepoint: 184782 ns, At safepoint: 7433 ns, Total: 192215 ns
[2022-09-06T15:01:05.589+0000][68][gc,start    ] GC(61) Pause Young (Normal) (G1 Evacuation Pause)
[2022-09-06T15:01:05.589+0000][68][gc,task     ] GC(61) Using 8 workers of 8 for evacuation
[2022-09-06T15:01:05.589+0000][68][gc,age      ] GC(61) Desired survivor size 41943040 bytes, new threshold 15 (max threshold 15)
[2022-09-06T15:01:05.591+0000][68][gc,phases   ] GC(61)   Pre Evacuate Collection Set: 0.2ms
[2022-09-06T15:01:05.591+0000][68][gc,phases   ] GC(61)   Merge Heap Roots: 0.1ms
[2022-09-06T15:01:05.591+0000][68][gc,phases   ] GC(61)   Evacuate Collection Set: 0.9ms
[2022-09-06T15:01:05.591+0000][68][gc,phases   ] GC(61)   Post Evacuate Collection Set: 0.7ms
[2022-09-06T15:01:05.591+0000][68][gc,phases   ] GC(61)   Other: 0.1ms
[2022-09-06T15:01:05.591+0000][68][gc,age      ] GC(61) Age table with threshold 15 (max threshold 15)
[2022-09-06T15:01:05.591+0000][68][gc,age      ] GC(61) - age   1:     567832 bytes,     567832 total
[2022-09-06T15:01:05.591+0000][68][gc,age      ] GC(61) - age   2:       8264 bytes,     576096 total
[2022-09-06T15:01:05.591+0000][68][gc,age      ] GC(61) - age   3:      16104 bytes,     592200 total
[2022-09-06T15:01:05.591+0000][68][gc,age      ] GC(61) - age   4:       5760 bytes,     597960 total
[2022-09-06T15:01:05.591+0000][68][gc,age      ] GC(61) - age   5:      14216 bytes,     612176 total
[2022-09-06T15:01:05.591+0000][68][gc,age      ] GC(61) - age   6:     144376 bytes,     756552 total
[2022-09-06T15:01:05.591+0000][68][gc,age      ] GC(61) - age   7:       7336 bytes,     763888 total
[2022-09-06T15:01:05.591+0000][68][gc,age      ] GC(61) - age   8:      18248 bytes,     782136 total
[2022-09-06T15:01:05.591+0000][68][gc,age      ] GC(61) - age   9:     114888 bytes,     897024 total
[2022-09-06T15:01:05.591+0000][68][gc,age      ] GC(61) - age  10:     175776 bytes,    1072800 total
[2022-09-06T15:01:05.591+0000][68][gc,age      ] GC(61) - age  11:       1200 bytes,    1074000 total
[2022-09-06T15:01:05.591+0000][68][gc,age      ] GC(61) - age  12:       1528 bytes,    1075528 total
[2022-09-06T15:01:05.591+0000][68][gc,age      ] GC(61) - age  13:       1496 bytes,    1077024 total
[2022-09-06T15:01:05.591+0000][68][gc,age      ] GC(61) - age  14:       2944 bytes,    1079968 total
[2022-09-06T15:01:05.591+0000][68][gc,age      ] GC(61) - age  15:       1472 bytes,    1081440 total
[2022-09-06T15:01:05.591+0000][68][gc,heap     ] GC(61) Eden regions: 152->0(152)
[2022-09-06T15:01:05.591+0000][68][gc,heap     ] GC(61) Survivor regions: 1->1(20)
[2022-09-06T15:01:05.591+0000][68][gc,heap     ] GC(61) Old regions: 25->25
[2022-09-06T15:01:05.591+0000][68][gc,heap     ] GC(61) Archive regions: 2->2
[2022-09-06T15:01:05.591+0000][68][gc,heap     ] GC(61) Humongous regions: 2->2
[2022-09-06T15:01:05.591+0000][68][gc,metaspace] GC(61) Metaspace: 130771K(134272K)->130771K(134272K) NonClass: 113706K(115520K)->113706K(115520K) Class: 17065K(18752K)->17065K(18752K)
[2022-09-06T15:01:05.591+0000][68][gc          ] GC(61) Pause Young (Normal) (G1 Evacuation Pause) 717M->109M(1024M) 2.246ms
[2022-09-06T15:01:05.591+0000][68][gc,cpu      ] GC(61) User=0.01s Sys=0.00s Real=0.00s
[2022-09-06T15:01:05.591+0000][68][safepoint   ] Safepoint "G1CollectForAllocation", Time since last: 29786712973 ns, Reaching safepoint: 155557 ns, At safepoint: 2351575 ns, Total: 2507132 ns
[2022-09-06T15:01:33.596+0000][68][safepoint   ] Safepoint "Cleanup", Time since last: 28005308010 ns, Reaching safepoint: 203279 ns, At safepoint: 3636 ns, Total: 206915 ns
[2022-09-06T15:01:35.597+0000][68][safepoint   ] Safepoint "Cleanup", Time since last: 2000495731 ns, Reaching safepoint: 316802 ns, At safepoint: 36994 ns, Total: 353796 ns
[2022-09-06T15:01:40.599+0000][68][safepoint   ] Safepoint "Cleanup", Time since last: 5001243490 ns, Reaching safepoint: 158218 ns, At safepoint: 6011 ns, Total: 164229 ns
[2022-09-06T15:02:57.616+0000][68][safepoint   ] Safepoint "Cleanup", Time since last: 77016407278 ns, Reaching safepoint: 420551 ns, At safepoint: 25203 ns, Total: 445754 ns
[2022-09-06T15:03:11.619+0000][68][safepoint   ] Safepoint "Cleanup", Time since last: 14002715000 ns, Reaching safepoint: 216511 ns, At safepoint: 14217 ns, Total: 230728 ns
[2022-09-06T15:03:23.566+0000][68][gc,start    ] GC(62) Pause Young (Normal) (G1 Evacuation Pause)
[2022-09-06T15:03:23.566+0000][68][gc,task     ] GC(62) Using 8 workers of 8 for evacuation
[2022-09-06T15:03:23.566+0000][68][gc,age      ] GC(62) Desired survivor size 41943040 bytes, new threshold 15 (max threshold 15)
[2022-09-06T15:03:23.568+0000][68][gc,phases   ] GC(62)   Pre Evacuate Collection Set: 0.1ms
[2022-09-06T15:03:23.568+0000][68][gc,phases   ] GC(62)   Merge Heap Roots: 0.1ms
[2022-09-06T15:03:23.568+0000][68][gc,phases   ] GC(62)   Evacuate Collection Set: 1.0ms
[2022-09-06T15:03:23.568+0000][68][gc,phases   ] GC(62)   Post Evacuate Collection Set: 0.7ms
[2022-09-06T15:03:23.568+0000][68][gc,phases   ] GC(62)   Other: 0.1ms
[2022-09-06T15:03:23.568+0000][68][gc,age      ] GC(62) Age table with threshold 15 (max threshold 15)
[2022-09-06T15:03:23.568+0000][68][gc,age      ] GC(62) - age   1:     708632 bytes,     708632 total
[2022-09-06T15:03:23.568+0000][68][gc,age      ] GC(62) - age   2:      12472 bytes,     721104 total
[2022-09-06T15:03:23.568+0000][68][gc,age      ] GC(62) - age   3:       6864 bytes,     727968 total
[2022-09-06T15:03:23.568+0000][68][gc,age      ] GC(62) - age   4:      15928 bytes,     743896 total
[2022-09-06T15:03:23.568+0000][68][gc,age      ] GC(62) - age   5:       5464 bytes,     749360 total
[2022-09-06T15:03:23.568+0000][68][gc,age      ] GC(62) - age   6:      14216 bytes,     763576 total
[2022-09-06T15:03:23.568+0000][68][gc,age      ] GC(62) - age   7:     144192 bytes,     907768 total
[2022-09-06T15:03:23.568+0000][68][gc,age      ] GC(62) - age   8:       7336 bytes,     915104 total
[2022-09-06T15:03:23.568+0000][68][gc,age      ] GC(62) - age   9:      18248 bytes,     933352 total
[2022-09-06T15:03:23.568+0000][68][gc,age      ] GC(62) - age  10:     114888 bytes,    1048240 total
[2022-09-06T15:03:23.568+0000][68][gc,age      ] GC(62) - age  11:     175776 bytes,    1224016 total
[2022-09-06T15:03:23.568+0000][68][gc,age      ] GC(62) - age  12:       1200 bytes,    1225216 total
[2022-09-06T15:03:23.568+0000][68][gc,age      ] GC(62) - age  13:       1528 bytes,    1226744 total
[2022-09-06T15:03:23.568+0000][68][gc,age      ] GC(62) - age  14:       1496 bytes,    1228240 total
[2022-09-06T15:03:23.568+0000][68][gc,age      ] GC(62) - age  15:       2944 bytes,    1231184 total
[2022-09-06T15:03:23.568+0000][68][gc,heap     ] GC(62) Eden regions: 152->0(152)
[2022-09-06T15:03:23.568+0000][68][gc,heap     ] GC(62) Survivor regions: 1->1(20)
[2022-09-06T15:03:23.568+0000][68][gc,heap     ] GC(62) Old regions: 25->25
[2022-09-06T15:03:23.568+0000][68][gc,heap     ] GC(62) Archive regions: 2->2
[2022-09-06T15:03:23.568+0000][68][gc,heap     ] GC(62) Humongous regions: 2->2
[2022-09-06T15:03:23.568+0000][68][gc,metaspace] GC(62) Metaspace: 130773K(134272K)->130773K(134272K) NonClass: 113707K(115520K)->113707K(115520K) Class: 17065K(18752K)->17065K(18752K)
[2022-09-06T15:03:23.568+0000][68][gc          ] GC(62) Pause Young (Normal) (G1 Evacuation Pause) 717M->109M(1024M) 2.155ms
[2022-09-06T15:03:23.568+0000][68][gc,cpu      ] GC(62) User=0.01s Sys=0.00s Real=0.00s
[2022-09-06T15:03:23.568+0000][68][safepoint   ] Safepoint "G1CollectForAllocation", Time since last: 11946840954 ns, Reaching safepoint: 129167 ns, At safepoint: 2235163 ns, Total: 2364330 ns
[2022-09-06T15:04:22.579+0000][68][safepoint   ] Safepoint "Cleanup", Time since last: 59010108042 ns, Reaching safepoint: 166922 ns, At safepoint: 5710 ns, Total: 172632 ns
[2022-09-06T15:05:38.683+0000][68][gc,start    ] GC(63) Pause Young (Normal) (G1 Evacuation Pause)
[2022-09-06T15:05:38.683+0000][68][gc,task     ] GC(63) Using 8 workers of 8 for evacuation
[2022-09-06T15:05:38.683+0000][68][gc,age      ] GC(63) Desired survivor size 41943040 bytes, new threshold 15 (max threshold 15)
[2022-09-06T15:05:38.709+0000][68][gc,phases   ] GC(63)   Pre Evacuate Collection Set: 0.2ms
[2022-09-06T15:05:38.709+0000][68][gc,phases   ] GC(63)   Merge Heap Roots: 0.1ms
[2022-09-06T15:05:38.709+0000][68][gc,phases   ] GC(63)   Evacuate Collection Set: 14.5ms
[2022-09-06T15:05:38.709+0000][68][gc,phases   ] GC(63)   Post Evacuate Collection Set: 10.6ms
[2022-09-06T15:05:38.709+0000][68][gc,phases   ] GC(63)   Other: 0.3ms
[2022-09-06T15:05:38.709+0000][68][gc,age      ] GC(63) Age table with threshold 15 (max threshold 15)
[2022-09-06T15:05:38.709+0000][68][gc,age      ] GC(63) - age   1:    1962728 bytes,    1962728 total
[2022-09-06T15:05:38.709+0000][68][gc,age      ] GC(63) - age   2:       6400 bytes,    1969128 total
[2022-09-06T15:05:38.709+0000][68][gc,age      ] GC(63) - age   3:      11248 bytes,    1980376 total
[2022-09-06T15:05:38.709+0000][68][gc,age      ] GC(63) - age   4:       6096 bytes,    1986472 total
[2022-09-06T15:05:38.709+0000][68][gc,age      ] GC(63) - age   5:      15864 bytes,    2002336 total
[2022-09-06T15:05:38.709+0000][68][gc,age      ] GC(63) - age   6:       5168 bytes,    2007504 total
[2022-09-06T15:05:38.709+0000][68][gc,age      ] GC(63) - age   7:       6184 bytes,    2013688 total
[2022-09-06T15:05:38.709+0000][68][gc,age      ] GC(63) - age   8:      18032 bytes,    2031720 total
[2022-09-06T15:05:38.709+0000][68][gc,age      ] GC(63) - age   9:       7336 bytes,    2039056 total
[2022-09-06T15:05:38.709+0000][68][gc,age      ] GC(63) - age  10:      18048 bytes,    2057104 total
[2022-09-06T15:05:38.709+0000][68][gc,age      ] GC(63) - age  11:     113976 bytes,    2171080 total
[2022-09-06T15:05:38.709+0000][68][gc,age      ] GC(63) - age  12:     175776 bytes,    2346856 total
[2022-09-06T15:05:38.709+0000][68][gc,age      ] GC(63) - age  13:       1016 bytes,    2347872 total
[2022-09-06T15:05:38.709+0000][68][gc,age      ] GC(63) - age  14:       1528 bytes,    2349400 total
[2022-09-06T15:05:38.709+0000][68][gc,age      ] GC(63) - age  15:       1496 bytes,    2350896 total
[2022-09-06T15:05:38.709+0000][68][gc,heap     ] GC(63) Eden regions: 152->0(152)
[2022-09-06T15:05:38.709+0000][68][gc,heap     ] GC(63) Survivor regions: 1->1(20)
[2022-09-06T15:05:38.709+0000][68][gc,heap     ] GC(63) Old regions: 25->25
[2022-09-06T15:05:38.709+0000][68][gc,heap     ] GC(63) Archive regions: 2->2
[2022-09-06T15:05:38.715+0000][68][gc,heap     ] GC(63) Humongous regions: 2->2
[2022-09-06T15:05:38.715+0000][68][gc,metaspace] GC(63) Metaspace: 130776K(134272K)->130776K(134272K) NonClass: 113710K(115520K)->113710K(115520K) Class: 17066K(18752K)->17066K(18752K)
[2022-09-06T15:05:38.715+0000][68][gc          ] GC(63) Pause Young (Normal) (G1 Evacuation Pause) 717M->110M(1024M) 32.341ms
[2022-09-06T15:05:38.716+0000][68][gc,cpu      ] GC(63) User=0.04s Sys=0.01s Real=0.03s
[2022-09-06T15:05:38.716+0000][68][safepoint   ] Safepoint "G1CollectForAllocation", Time since last: 76099746311 ns, Reaching safepoint: 4402655 ns, At safepoint: 33092685 ns, Total: 37495340 ns
[2022-09-06T15:05:59.726+0000][68][safepoint   ] Safepoint "Cleanup", Time since last: 21009911407 ns, Reaching safepoint: 133694 ns, At safepoint: 6849 ns, Total: 140543 ns
[2022-09-06T15:06:14.729+0000][68][safepoint   ] Safepoint "Cleanup", Time since last: 15002230508 ns, Reaching safepoint: 370450 ns, At safepoint: 35490 ns, Total: 405940 ns
[2022-09-06T15:06:44.735+0000][68][safepoint   ] Safepoint "Cleanup", Time since last: 30006321275 ns, Reaching safepoint: 182835 ns, At safepoint: 5234 ns, Total: 188069 ns
[2022-09-06T15:07:59.751+0000][68][safepoint   ] Safepoint "Cleanup", Time since last: 75015465816 ns, Reaching safepoint: 250591 ns, At safepoint: 14282 ns, Total: 264873 ns
[2022-09-06T15:08:02.021+0000][68][gc,start    ] GC(64) Pause Young (Normal) (G1 Evacuation Pause)
[2022-09-06T15:08:02.021+0000][68][gc,task     ] GC(64) Using 8 workers of 8 for evacuation
[2022-09-06T15:08:02.021+0000][68][gc,age      ] GC(64) Desired survivor size 41943040 bytes, new threshold 15 (max threshold 15)
[2022-09-06T15:08:02.023+0000][68][gc,phases   ] GC(64)   Pre Evacuate Collection Set: 0.1ms
[2022-09-06T15:08:02.023+0000][68][gc,phases   ] GC(64)   Merge Heap Roots: 0.1ms
[2022-09-06T15:08:02.023+0000][68][gc,phases   ] GC(64)   Evacuate Collection Set: 1.2ms
[2022-09-06T15:08:02.023+0000][68][gc,phases   ] GC(64)   Post Evacuate Collection Set: 1.0ms
[2022-09-06T15:08:02.023+0000][68][gc,phases   ] GC(64)   Other: 0.1ms
[2022-09-06T15:08:02.023+0000][68][gc,age      ] GC(64) Age table with threshold 15 (max threshold 15)
[2022-09-06T15:08:02.023+0000][68][gc,age      ] GC(64) - age   1:    1515912 bytes,    1515912 total
[2022-09-06T15:08:02.023+0000][68][gc,age      ] GC(64) - age   2:     186072 bytes,    1701984 total
[2022-09-06T15:08:02.023+0000][68][gc,age      ] GC(64) - age   3:       6144 bytes,    1708128 total
[2022-09-06T15:08:02.023+0000][68][gc,age      ] GC(64) - age   4:      11120 bytes,    1719248 total
[2022-09-06T15:08:02.023+0000][68][gc,age      ] GC(64) - age   5:       6064 bytes,    1725312 total
[2022-09-06T15:08:02.023+0000][68][gc,age      ] GC(64) - age   6:      15864 bytes,    1741176 total
[2022-09-06T15:08:02.023+0000][68][gc,age      ] GC(64) - age   7:       5168 bytes,    1746344 total
[2022-09-06T15:08:02.024+0000][68][gc,age      ] GC(64) - age   8:       6184 bytes,    1752528 total
[2022-09-06T15:08:02.024+0000][68][gc,age      ] GC(64) - age   9:      17776 bytes,    1770304 total
[2022-09-06T15:08:02.024+0000][68][gc,age      ] GC(64) - age  10:       6888 bytes,    1777192 total
[2022-09-06T15:08:02.024+0000][68][gc,age      ] GC(64) - age  11:      18048 bytes,    1795240 total
[2022-09-06T15:08:02.024+0000][68][gc,age      ] GC(64) - age  12:     113976 bytes,    1909216 total
[2022-09-06T15:08:02.024+0000][68][gc,age      ] GC(64) - age  13:     175776 bytes,    2084992 total
[2022-09-06T15:08:02.024+0000][68][gc,age      ] GC(64) - age  14:       1016 bytes,    2086008 total
[2022-09-06T15:08:02.024+0000][68][gc,age      ] GC(64) - age  15:       1528 bytes,    2087536 total
[2022-09-06T15:08:02.024+0000][68][gc,heap     ] GC(64) Eden regions: 152->0(152)
[2022-09-06T15:08:02.024+0000][68][gc,heap     ] GC(64) Survivor regions: 1->1(20)
[2022-09-06T15:08:02.024+0000][68][gc,heap     ] GC(64) Old regions: 25->25
[2022-09-06T15:08:02.024+0000][68][gc,heap     ] GC(64) Archive regions: 2->2
[2022-09-06T15:08:02.024+0000][68][gc,heap     ] GC(64) Humongous regions: 2->2
[2022-09-06T15:08:02.024+0000][68][gc,metaspace] GC(64) Metaspace: 130781K(134272K)->130781K(134272K) NonClass: 113715K(115520K)->113715K(115520K) Class: 17066K(18752K)->17066K(18752K)
[2022-09-06T15:08:02.024+0000][68][gc          ] GC(64) Pause Young (Normal) (G1 Evacuation Pause) 718M->110M(1024M) 2.960ms
[2022-09-06T15:08:02.024+0000][68][gc,cpu      ] GC(64) User=0.02s Sys=0.01s Real=0.00s
[2022-09-06T15:08:02.024+0000][68][safepoint   ] Safepoint "G1CollectForAllocation", Time since last: 2269660457 ns, Reaching safepoint: 145530 ns, At safepoint: 3060211 ns, Total: 3205741 ns
[2022-09-06T15:08:45.033+0000][68][safepoint   ] Safepoint "Cleanup", Time since last: 43009971256 ns, Reaching safepoint: 182853 ns, At safepoint: 4282 ns, Total: 187135 ns
[2022-09-06T15:09:09.039+0000][68][safepoint   ] Safepoint "Cleanup", Time since last: 24004654421 ns, Reaching safepoint: 181915 ns, At safepoint: 3608 ns, Total: 185523 ns
[2022-09-06T15:09:36.290+0000][68][safepoint   ] Safepoint "Cleanup", Time since last: 27251552558 ns, Reaching safepoint: 174008 ns, At safepoint: 23345 ns, Total: 197353 ns
[2022-09-06T15:09:37.291+0000][68][safepoint   ] Safepoint "Cleanup", Time since last: 1000311379 ns, Reaching safepoint: 179391 ns, At safepoint: 4338 ns, Total: 183729 ns
[2022-09-06T15:09:48.294+0000][68][safepoint   ] Safepoint "Cleanup", Time since last: 11002577700 ns, Reaching safepoint: 166910 ns, At safepoint: 6779 ns, Total: 173689 ns
[2022-09-06T15:10:20.594+0000][68][gc,start    ] GC(65) Pause Young (Normal) (G1 Evacuation Pause)
[2022-09-06T15:10:20.594+0000][68][gc,task     ] GC(65) Using 8 workers of 8 for evacuation
[2022-09-06T15:10:20.594+0000][68][gc,age      ] GC(65) Desired survivor size 41943040 bytes, new threshold 15 (max threshold 15)
[2022-09-06T15:10:20.597+0000][68][gc,phases   ] GC(65)   Pre Evacuate Collection Set: 0.1ms
[2022-09-06T15:10:20.597+0000][68][gc,phases   ] GC(65)   Merge Heap Roots: 0.1ms
[2022-09-06T15:10:20.597+0000][68][gc,phases   ] GC(65)   Evacuate Collection Set: 1.5ms
[2022-09-06T15:10:20.597+0000][68][gc,phases   ] GC(65)   Post Evacuate Collection Set: 1.3ms
[2022-09-06T15:10:20.597+0000][68][gc,phases   ] GC(65)   Other: 0.1ms
[2022-09-06T15:10:20.597+0000][68][gc,age      ] GC(65) Age table with threshold 15 (max threshold 15)
[2022-09-06T15:10:20.597+0000][68][gc,age      ] GC(65) - age   1:    1286312 bytes,    1286312 total
[2022-09-06T15:10:20.597+0000][68][gc,age      ] GC(65) - age   2:     473576 bytes,    1759888 total
[2022-09-06T15:10:20.597+0000][68][gc,age      ] GC(65) - age   3:     183552 bytes,    1943440 total
[2022-09-06T15:10:20.597+0000][68][gc,age      ] GC(65) - age   4:       5960 bytes,    1949400 total
[2022-09-06T15:10:20.597+0000][68][gc,age      ] GC(65) - age   5:       5016 bytes,    1954416 total
[2022-09-06T15:10:20.597+0000][68][gc,age      ] GC(65) - age   6:       6064 bytes,    1960480 total
[2022-09-06T15:10:20.597+0000][68][gc,age      ] GC(65) - age   7:      15104 bytes,    1975584 total
[2022-09-06T15:10:20.597+0000][68][gc,age      ] GC(65) - age   8:       5168 bytes,    1980752 total
[2022-09-06T15:10:20.597+0000][68][gc,age      ] GC(65) - age   9:       6184 bytes,    1986936 total
[2022-09-06T15:10:20.597+0000][68][gc,age      ] GC(65) - age  10:      17744 bytes,    2004680 total
[2022-09-06T15:10:20.597+0000][68][gc,age      ] GC(65) - age  11:       6888 bytes,    2011568 total
[2022-09-06T15:10:20.597+0000][68][gc,age      ] GC(65) - age  12:       1168 bytes,    2012736 total
[2022-09-06T15:10:20.597+0000][68][gc,age      ] GC(65) - age  13:     113792 bytes,    2126528 total
[2022-09-06T15:10:20.597+0000][68][gc,age      ] GC(65) - age  14:     175776 bytes,    2302304 total
[2022-09-06T15:10:20.597+0000][68][gc,age      ] GC(65) - age  15:       1016 bytes,    2303320 total
[2022-09-06T15:10:20.597+0000][68][gc,heap     ] GC(65) Eden regions: 152->0(152)
[2022-09-06T15:10:20.597+0000][68][gc,heap     ] GC(65) Survivor regions: 1->1(20)
[2022-09-06T15:10:20.597+0000][68][gc,heap     ] GC(65) Old regions: 25->25
[2022-09-06T15:10:20.597+0000][68][gc,heap     ] GC(65) Archive regions: 2->2
[2022-09-06T15:10:20.597+0000][68][gc,heap     ] GC(65) Humongous regions: 2->2
[2022-09-06T15:10:20.597+0000][68][gc,metaspace] GC(65) Metaspace: 130783K(134272K)->130783K(134272K) NonClass: 113716K(115520K)->113716K(115520K) Class: 17066K(18752K)->17066K(18752K)
[2022-09-06T15:10:20.597+0000][68][gc          ] GC(65) Pause Young (Normal) (G1 Evacuation Pause) 718M->110M(1024M) 3.471ms
[2022-09-06T15:10:20.597+0000][68][gc,cpu      ] GC(65) User=0.01s Sys=0.00s Real=0.00s
[2022-09-06T15:10:20.597+0000][68][safepoint   ] Safepoint "G1CollectForAllocation", Time since last: 32299749954 ns, Reaching safepoint: 160244 ns, At safepoint: 3581439 ns, Total: 3741683 ns
[2022-09-06T15:10:24.598+0000][68][safepoint   ] Safepoint "Cleanup", Time since last: 4001029612 ns, Reaching safepoint: 160468 ns, At safepoint: 4504 ns, Total: 164972 ns
[2022-09-06T15:10:38.602+0000][68][safepoint   ] Safepoint "Cleanup", Time since last: 14002998439 ns, Reaching safepoint: 153433 ns, At safepoint: 15653 ns, Total: 169086 ns
[2022-09-06T15:10:39.602+0000][68][safepoint   ] Safepoint "Cleanup", Time since last: 1000492246 ns, Reaching safepoint: 171839 ns, At safepoint: 6420 ns, Total: 178259 ns
[2022-09-06T15:10:41.603+0000][68][safepoint   ] Safepoint "Cleanup", Time since last: 2000508707 ns, Reaching safepoint: 180539 ns, At safepoint: 27604 ns, Total: 208143 ns
[2022-09-06T15:11:26.613+0000][68][safepoint   ] Safepoint "Cleanup", Time since last: 45010065099 ns, Reaching safepoint: 277774 ns, At safepoint: 12487 ns, Total: 290261 ns
[2022-09-06T15:11:27.614+0000][68][safepoint   ] Safepoint "Cleanup", Time since last: 1000264552 ns, Reaching safepoint: 169014 ns, At safepoint: 10606 ns, Total: 179620 ns
[2022-09-06T15:11:36.242+0000][68][safepoint   ] Safepoint "Cleanup", Time since last: 8627926347 ns, Reaching safepoint: 113754 ns, At safepoint: 13737 ns, Total: 127491 ns
[2022-09-06T15:11:37.242+0000][68][safepoint   ] Safepoint "Cleanup", Time since last: 1000168735 ns, Reaching safepoint: 165271 ns, At safepoint: 3068 ns, Total: 168339 ns
[2022-09-06T15:11:38.167+0000][68][gc,heap,exit] Heap
[2022-09-06T15:11:38.167+0000][68][gc,heap,exit]  garbage-first heap   total 1048576K, used 438111K [0x00000000c0000000, 0x0000000100000000)
[2022-09-06T15:11:38.167+0000][68][gc,heap,exit]   region size 4096K, 81 young (331776K), 1 survivors (4096K)
[2022-09-06T15:11:38.167+0000][68][gc,heap,exit]  Metaspace       used 131628K, committed 135168K, reserved 1179648K
[2022-09-06T15:11:38.167+0000][68][gc,heap,exit]   class space    used 17208K, committed 18944K, reserved 1048576K
