[2022-09-06T11:43:51.111+0000][68][gc,init] CardTable entry size: 512
[2022-09-06T11:43:51.111+0000][68][gc     ] Using G1
[2022-09-06T11:43:51.227+0000][68][gc,init] Version: 18.0.2+9-61 (release)
[2022-09-06T11:43:51.227+0000][68][gc,init] CPUs: 8 total, 8 available
[2022-09-06T11:43:51.227+0000][68][gc,init] Memory: 2048M
[2022-09-06T11:43:51.227+0000][68][gc,init] Large Page Support: Disabled
[2022-09-06T11:43:51.227+0000][68][gc,init] NUMA Support: Disabled
[2022-09-06T11:43:51.227+0000][68][gc,init] Compressed Oops: Enabled (32-bit)
[2022-09-06T11:43:51.227+0000][68][gc,init] Heap Region Size: 4M
[2022-09-06T11:43:51.227+0000][68][gc,init] Heap Min Capacity: 1G
[2022-09-06T11:43:51.227+0000][68][gc,init] Heap Initial Capacity: 1G
[2022-09-06T11:43:51.227+0000][68][gc,init] Heap Max Capacity: 1G
[2022-09-06T11:43:51.227+0000][68][gc,init] Pre-touch: Enabled
[2022-09-06T11:43:51.227+0000][68][gc,init] Parallel Workers: 8
[2022-09-06T11:43:51.227+0000][68][gc,init] Concurrent Workers: 2
[2022-09-06T11:43:51.227+0000][68][gc,init] Concurrent Refinement Workers: 8
[2022-09-06T11:43:51.227+0000][68][gc,init] Periodic GC: Disabled
[2022-09-06T11:43:51.227+0000][68][gc,metaspace] CDS archive(s) mapped at: [0x0000000800000000-0x0000000800bae000-0x0000000800bae000), size 12247040, SharedBaseAddress: 0x0000000800000000, ArchiveRelocationMode: 0.
[2022-09-06T11:43:51.227+0000][68][gc,metaspace] Compressed class space mapped at: 0x0000000800c00000-0x0000000840c00000, reserved size: 1073741824
[2022-09-06T11:43:51.227+0000][68][gc,metaspace] Narrow klass base: 0x0000000800000000, Narrow klass shift: 0, Narrow klass range: 0x100000000
[2022-09-06T11:43:51.424+0000][68][safepoint   ] Safepoint "ICBufferFull", Time since last: 190182353 ns, Reaching safepoint: 219809 ns, At safepoint: 14460 ns, Total: 234269 ns
[2022-09-06T11:43:51.671+0000][68][safepoint   ] Safepoint "ICBufferFull", Time since last: 247328758 ns, Reaching safepoint: 110545 ns, At safepoint: 1828 ns, Total: 112373 ns
[2022-09-06T11:43:51.825+0000][68][gc,start    ] GC(0) Pause Young (Normal) (G1 Evacuation Pause)
[2022-09-06T11:43:51.825+0000][68][gc,task     ] GC(0) Using 8 workers of 8 for evacuation
[2022-09-06T11:43:51.825+0000][68][gc,age      ] GC(0) Desired survivor size 4194304 bytes, new threshold 15 (max threshold 15)
[2022-09-06T11:43:51.828+0000][68][gc,phases   ] GC(0)   Pre Evacuate Collection Set: 0.1ms
[2022-09-06T11:43:51.828+0000][68][gc,phases   ] GC(0)   Merge Heap Roots: 0.1ms
[2022-09-06T11:43:51.828+0000][68][gc,phases   ] GC(0)   Evacuate Collection Set: 2.3ms
[2022-09-06T11:43:51.828+0000][68][gc,phases   ] GC(0)   Post Evacuate Collection Set: 0.5ms
[2022-09-06T11:43:51.828+0000][68][gc,phases   ] GC(0)   Other: 0.1ms
[2022-09-06T11:43:51.828+0000][68][gc,age      ] GC(0) Age table with threshold 15 (max threshold 15)
[2022-09-06T11:43:51.828+0000][68][gc,age      ] GC(0) - age   1:    5015600 bytes,    5015600 total
[2022-09-06T11:43:51.828+0000][68][gc,heap     ] GC(0) Eden regions: 12->0(18)
[2022-09-06T11:43:51.828+0000][68][gc,heap     ] GC(0) Survivor regions: 0->2(2)
[2022-09-06T11:43:51.828+0000][68][gc,heap     ] GC(0) Old regions: 0->0
[2022-09-06T11:43:51.828+0000][68][gc,heap     ] GC(0) Archive regions: 2->2
[2022-09-06T11:43:51.828+0000][68][gc,heap     ] GC(0) Humongous regions: 0->0
[2022-09-06T11:43:51.828+0000][68][gc,metaspace] GC(0) Metaspace: 8883K(9152K)->8883K(9152K) NonClass: 7815K(7936K)->7815K(7936K) Class: 1067K(1216K)->1067K(1216K)
[2022-09-06T11:43:51.829+0000][68][gc          ] GC(0) Pause Young (Normal) (G1 Evacuation Pause) 51M->8M(1024M) 3.474ms
[2022-09-06T11:43:51.829+0000][68][gc,cpu      ] GC(0) User=0.02s Sys=0.01s Real=0.00s
[2022-09-06T11:43:51.829+0000][68][safepoint   ] Safepoint "G1CollectForAllocation", Time since last: 153890672 ns, Reaching safepoint: 141133 ns, At safepoint: 3647383 ns, Total: 3788516 ns
[2022-09-06T11:43:52.174+0000][68][safepoint   ] Safepoint "ICBufferFull", Time since last: 345500383 ns, Reaching safepoint: 173013 ns, At safepoint: 16641 ns, Total: 189654 ns
[2022-09-06T11:43:52.419+0000][68][safepoint   ] Safepoint "ICBufferFull", Time since last: 244337966 ns, Reaching safepoint: 138911 ns, At safepoint: 36123 ns, Total: 175034 ns
[2022-09-06T11:43:52.740+0000][68][gc,start    ] GC(1) Pause Young (Normal) (G1 Evacuation Pause)
[2022-09-06T11:43:52.740+0000][68][gc,task     ] GC(1) Using 8 workers of 8 for evacuation
[2022-09-06T11:43:52.740+0000][68][gc,age      ] GC(1) Desired survivor size 6291456 bytes, new threshold 15 (max threshold 15)
[2022-09-06T11:43:52.747+0000][68][gc,phases   ] GC(1)   Pre Evacuate Collection Set: 0.1ms
[2022-09-06T11:43:52.747+0000][68][gc,phases   ] GC(1)   Merge Heap Roots: 0.1ms
[2022-09-06T11:43:52.747+0000][68][gc,phases   ] GC(1)   Evacuate Collection Set: 5.0ms
[2022-09-06T11:43:52.747+0000][68][gc,phases   ] GC(1)   Post Evacuate Collection Set: 1.6ms
[2022-09-06T11:43:52.747+0000][68][gc,phases   ] GC(1)   Other: 0.1ms
[2022-09-06T11:43:52.747+0000][68][gc,age      ] GC(1) Age table with threshold 15 (max threshold 15)
[2022-09-06T11:43:52.747+0000][68][gc,age      ] GC(1) - age   1:    3904552 bytes,    3904552 total
[2022-09-06T11:43:52.747+0000][68][gc,age      ] GC(1) - age   2:    4874016 bytes,    8778568 total
[2022-09-06T11:43:52.747+0000][68][gc,heap     ] GC(1) Eden regions: 18->0(31)
[2022-09-06T11:43:52.747+0000][68][gc,heap     ] GC(1) Survivor regions: 2->3(3)
[2022-09-06T11:43:52.747+0000][68][gc,heap     ] GC(1) Old regions: 0->0
[2022-09-06T11:43:52.747+0000][68][gc,heap     ] GC(1) Archive regions: 2->2
[2022-09-06T11:43:52.747+0000][68][gc,heap     ] GC(1) Humongous regions: 0->0
[2022-09-06T11:43:52.747+0000][68][gc,metaspace] GC(1) Metaspace: 15688K(16128K)->15688K(16128K) NonClass: 13896K(14144K)->13896K(14144K) Class: 1792K(1984K)->1792K(1984K)
[2022-09-06T11:43:52.747+0000][68][gc          ] GC(1) Pause Young (Normal) (G1 Evacuation Pause) 80M->12M(1024M) 7.028ms
[2022-09-06T11:43:52.747+0000][68][gc,cpu      ] GC(1) User=0.04s Sys=0.01s Real=0.01s
[2022-09-06T11:43:52.747+0000][68][safepoint   ] Safepoint "G1CollectForAllocation", Time since last: 320867536 ns, Reaching safepoint: 172226 ns, At safepoint: 7109709 ns, Total: 7281935 ns
[2022-09-06T11:43:52.951+0000][68][safepoint   ] Safepoint "ICBufferFull", Time since last: 203939189 ns, Reaching safepoint: 166617 ns, At safepoint: 25153 ns, Total: 191770 ns
[2022-09-06T11:43:53.167+0000][68][gc,start    ] GC(2) Pause Young (Concurrent Start) (Metadata GC Threshold)
[2022-09-06T11:43:53.167+0000][68][gc,task     ] GC(2) Using 8 workers of 8 for evacuation
[2022-09-06T11:43:53.167+0000][68][gc,age      ] GC(2) Desired survivor size 10485760 bytes, new threshold 15 (max threshold 15)
[2022-09-06T11:43:53.172+0000][68][gc,phases   ] GC(2)   Pre Evacuate Collection Set: 0.2ms
[2022-09-06T11:43:53.172+0000][68][gc,phases   ] GC(2)   Merge Heap Roots: 0.1ms
[2022-09-06T11:43:53.172+0000][68][gc,phases   ] GC(2)   Evacuate Collection Set: 4.0ms
[2022-09-06T11:43:53.172+0000][68][gc,phases   ] GC(2)   Post Evacuate Collection Set: 1.0ms
[2022-09-06T11:43:53.172+0000][68][gc,phases   ] GC(2)   Other: 0.1ms
[2022-09-06T11:43:53.172+0000][68][gc,age      ] GC(2) Age table with threshold 15 (max threshold 15)
[2022-09-06T11:43:53.172+0000][68][gc,age      ] GC(2) - age   1:    2847456 bytes,    2847456 total
[2022-09-06T11:43:53.172+0000][68][gc,age      ] GC(2) - age   2:    3189480 bytes,    6036936 total
[2022-09-06T11:43:53.172+0000][68][gc,age      ] GC(2) - age   3:    4856928 bytes,   10893864 total
[2022-09-06T11:43:53.172+0000][68][gc,heap     ] GC(2) Eden regions: 29->0(86)
[2022-09-06T11:43:53.172+0000][68][gc,heap     ] GC(2) Survivor regions: 3->3(5)
[2022-09-06T11:43:53.172+0000][68][gc,heap     ] GC(2) Old regions: 0->0
[2022-09-06T11:43:53.172+0000][68][gc,heap     ] GC(2) Archive regions: 2->2
[2022-09-06T11:43:53.172+0000][68][gc,heap     ] GC(2) Humongous regions: 0->0
[2022-09-06T11:43:53.172+0000][68][gc,metaspace] GC(2) Metaspace: 21049K(21504K)->21049K(21504K) NonClass: 18707K(18944K)->18707K(18944K) Class: 2342K(2560K)->2342K(2560K)
[2022-09-06T11:43:53.172+0000][68][gc          ] GC(2) Pause Young (Concurrent Start) (Metadata GC Threshold) 128M->15M(1024M) 5.571ms
[2022-09-06T11:43:53.172+0000][68][gc,cpu      ] GC(2) User=0.04s Sys=0.00s Real=0.01s
[2022-09-06T11:43:53.172+0000][68][gc          ] GC(3) Concurrent Mark Cycle
[2022-09-06T11:43:53.172+0000][68][gc,marking  ] GC(3) Concurrent Clear Claimed Marks
[2022-09-06T11:43:53.172+0000][68][safepoint   ] Safepoint "CollectForMetadataAllocation", Time since last: 215430696 ns, Reaching safepoint: 176220 ns, At safepoint: 5721087 ns, Total: 5897307 ns
[2022-09-06T11:43:53.173+0000][68][gc,marking  ] GC(3) Concurrent Clear Claimed Marks 0.056ms
[2022-09-06T11:43:53.173+0000][68][gc,marking  ] GC(3) Concurrent Scan Root Regions
[2022-09-06T11:43:53.175+0000][68][gc,marking  ] GC(3) Concurrent Scan Root Regions 2.934ms
[2022-09-06T11:43:53.176+0000][68][gc,marking  ] GC(3) Concurrent Mark
[2022-09-06T11:43:53.176+0000][68][gc,marking  ] GC(3) Concurrent Mark From Roots
[2022-09-06T11:43:53.176+0000][68][gc,task     ] GC(3) Using 2 workers of 2 for marking
[2022-09-06T11:43:53.177+0000][68][gc,marking  ] GC(3) Concurrent Mark From Roots 1.230ms
[2022-09-06T11:43:53.177+0000][68][gc,marking  ] GC(3) Concurrent Preclean
[2022-09-06T11:43:53.177+0000][68][gc,marking  ] GC(3) Concurrent Preclean 0.015ms
[2022-09-06T11:43:53.177+0000][68][gc,start    ] GC(3) Pause Remark
[2022-09-06T11:43:53.179+0000][68][gc          ] GC(3) Pause Remark 17M->17M(1024M) 1.879ms
[2022-09-06T11:43:53.179+0000][68][gc,cpu      ] GC(3) User=0.01s Sys=0.00s Real=0.00s
[2022-09-06T11:43:53.179+0000][68][safepoint   ] Safepoint "G1Concurrent", Time since last: 4393779 ns, Reaching safepoint: 194523 ns, At safepoint: 2005806 ns, Total: 2200329 ns
[2022-09-06T11:43:53.179+0000][68][gc,marking  ] GC(3) Concurrent Mark 3.561ms
[2022-09-06T11:43:53.179+0000][68][gc,marking  ] GC(3) Concurrent Rebuild Remembered Sets
[2022-09-06T11:43:53.179+0000][68][gc,marking  ] GC(3) Concurrent Rebuild Remembered Sets 0.008ms
[2022-09-06T11:43:53.179+0000][68][gc,start    ] GC(3) Pause Cleanup
[2022-09-06T11:43:53.179+0000][68][gc          ] GC(3) Pause Cleanup 17M->17M(1024M) 0.027ms
[2022-09-06T11:43:53.179+0000][68][gc,cpu      ] GC(3) User=0.00s Sys=0.00s Real=0.00s
[2022-09-06T11:43:53.179+0000][68][safepoint   ] Safepoint "G1Concurrent", Time since last: 66536 ns, Reaching safepoint: 186617 ns, At safepoint: 93849 ns, Total: 280466 ns
[2022-09-06T11:43:53.179+0000][68][gc,marking  ] GC(3) Concurrent Cleanup for Next Mark
[2022-09-06T11:43:53.181+0000][68][gc,marking  ] GC(3) Concurrent Cleanup for Next Mark 1.383ms
[2022-09-06T11:43:53.181+0000][68][gc          ] GC(3) Concurrent Mark Cycle 8.520ms
[2022-09-06T11:43:53.576+0000][68][safepoint   ] Safepoint "ICBufferFull", Time since last: 396762453 ns, Reaching safepoint: 278728 ns, At safepoint: 13950 ns, Total: 292678 ns
[2022-09-06T11:43:53.880+0000][68][gc,start    ] GC(4) Pause Young (Normal) (G1 Evacuation Pause)
[2022-09-06T11:43:53.880+0000][68][gc,task     ] GC(4) Using 8 workers of 8 for evacuation
[2022-09-06T11:43:53.880+0000][68][gc,age      ] GC(4) Desired survivor size 25165824 bytes, new threshold 15 (max threshold 15)
[2022-09-06T11:43:53.888+0000][68][gc,phases   ] GC(4)   Pre Evacuate Collection Set: 0.2ms
[2022-09-06T11:43:53.888+0000][68][gc,phases   ] GC(4)   Merge Heap Roots: 0.1ms
[2022-09-06T11:43:53.888+0000][68][gc,phases   ] GC(4)   Evacuate Collection Set: 5.6ms
[2022-09-06T11:43:53.888+0000][68][gc,phases   ] GC(4)   Post Evacuate Collection Set: 1.4ms
[2022-09-06T11:43:53.888+0000][68][gc,phases   ] GC(4)   Other: 0.1ms
[2022-09-06T11:43:53.888+0000][68][gc,age      ] GC(4) Age table with threshold 15 (max threshold 15)
[2022-09-06T11:43:53.888+0000][68][gc,age      ] GC(4) - age   1:    7077864 bytes,    7077864 total
[2022-09-06T11:43:53.888+0000][68][gc,age      ] GC(4) - age   2:    2808744 bytes,    9886608 total
[2022-09-06T11:43:53.888+0000][68][gc,age      ] GC(4) - age   3:    3186448 bytes,   13073056 total
[2022-09-06T11:43:53.888+0000][68][gc,age      ] GC(4) - age   4:    4855824 bytes,   17928880 total
[2022-09-06T11:43:53.888+0000][68][gc,heap     ] GC(4) Eden regions: 86->0(117)
[2022-09-06T11:43:53.888+0000][68][gc,heap     ] GC(4) Survivor regions: 3->5(12)
[2022-09-06T11:43:53.888+0000][68][gc,heap     ] GC(4) Old regions: 0->0
[2022-09-06T11:43:53.888+0000][68][gc,heap     ] GC(4) Archive regions: 2->2
[2022-09-06T11:43:53.888+0000][68][gc,heap     ] GC(4) Humongous regions: 0->0
[2022-09-06T11:43:53.888+0000][68][gc,metaspace] GC(4) Metaspace: 24916K(25536K)->24916K(25536K) NonClass: 22017K(22400K)->22017K(22400K) Class: 2899K(3136K)->2899K(3136K)
[2022-09-06T11:43:53.888+0000][68][gc          ] GC(4) Pause Young (Normal) (G1 Evacuation Pause) 359M->21M(1024M) 7.513ms
[2022-09-06T11:43:53.888+0000][68][gc,cpu      ] GC(4) User=0.04s Sys=0.00s Real=0.00s
[2022-09-06T11:43:53.888+0000][68][safepoint   ] Safepoint "G1CollectForAllocation", Time since last: 303565328 ns, Reaching safepoint: 205613 ns, At safepoint: 7594152 ns, Total: 7799765 ns
[2022-09-06T11:43:54.292+0000][68][safepoint   ] Safepoint "ICBufferFull", Time since last: 403480838 ns, Reaching safepoint: 280615 ns, At safepoint: 16072 ns, Total: 296687 ns
[2022-09-06T11:43:54.801+0000][68][gc,start    ] GC(5) Pause Young (Normal) (G1 Evacuation Pause)
[2022-09-06T11:43:54.801+0000][68][gc,task     ] GC(5) Using 8 workers of 8 for evacuation
[2022-09-06T11:43:54.801+0000][68][gc,age      ] GC(5) Desired survivor size 33554432 bytes, new threshold 15 (max threshold 15)
[2022-09-06T11:43:54.816+0000][68][gc,phases   ] GC(5)   Pre Evacuate Collection Set: 0.1ms
[2022-09-06T11:43:54.816+0000][68][gc,phases   ] GC(5)   Merge Heap Roots: 0.1ms
[2022-09-06T11:43:54.816+0000][68][gc,phases   ] GC(5)   Evacuate Collection Set: 13.0ms
[2022-09-06T11:43:54.816+0000][68][gc,phases   ] GC(5)   Post Evacuate Collection Set: 2.2ms
[2022-09-06T11:43:54.816+0000][68][gc,phases   ] GC(5)   Other: 0.1ms
[2022-09-06T11:43:54.816+0000][68][gc,age      ] GC(5) Age table with threshold 15 (max threshold 15)
[2022-09-06T11:43:54.816+0000][68][gc,age      ] GC(5) - age   1:    8619920 bytes,    8619920 total
[2022-09-06T11:43:54.816+0000][68][gc,age      ] GC(5) - age   2:    6723104 bytes,   15343024 total
[2022-09-06T11:43:54.816+0000][68][gc,age      ] GC(5) - age   3:    2782960 bytes,   18125984 total
[2022-09-06T11:43:54.816+0000][68][gc,age      ] GC(5) - age   4:    3179552 bytes,   21305536 total
[2022-09-06T11:43:54.816+0000][68][gc,age      ] GC(5) - age   5:    4847152 bytes,   26152688 total
[2022-09-06T11:43:54.816+0000][68][gc,heap     ] GC(5) Eden regions: 117->0(146)
[2022-09-06T11:43:54.817+0000][68][gc,heap     ] GC(5) Survivor regions: 5->7(16)
[2022-09-06T11:43:54.817+0000][68][gc,heap     ] GC(5) Old regions: 0->0
[2022-09-06T11:43:54.817+0000][68][gc,heap     ] GC(5) Archive regions: 2->2
[2022-09-06T11:43:54.817+0000][68][gc,heap     ] GC(5) Humongous regions: 0->0
[2022-09-06T11:43:54.817+0000][68][gc,metaspace] GC(5) Metaspace: 33384K(34176K)->33384K(34176K) NonClass: 29486K(29952K)->29486K(29952K) Class: 3897K(4224K)->3897K(4224K)
[2022-09-06T11:43:54.817+0000][68][gc          ] GC(5) Pause Young (Normal) (G1 Evacuation Pause) 489M->30M(1024M) 15.672ms
[2022-09-06T11:43:54.817+0000][68][gc,cpu      ] GC(5) User=0.08s Sys=0.00s Real=0.01s
[2022-09-06T11:43:54.817+0000][68][safepoint   ] Safepoint "G1CollectForAllocation", Time since last: 509051364 ns, Reaching safepoint: 196107 ns, At safepoint: 15757732 ns, Total: 15953839 ns
[2022-09-06T11:43:55.156+0000][68][gc,start    ] GC(6) Pause Young (Concurrent Start) (Metadata GC Threshold)
[2022-09-06T11:43:55.156+0000][68][gc,task     ] GC(6) Using 8 workers of 8 for evacuation
[2022-09-06T11:43:55.156+0000][68][gc,age      ] GC(6) Desired survivor size 41943040 bytes, new threshold 15 (max threshold 15)
[2022-09-06T11:43:55.167+0000][68][gc,phases   ] GC(6)   Pre Evacuate Collection Set: 0.2ms
[2022-09-06T11:43:55.167+0000][68][gc,phases   ] GC(6)   Merge Heap Roots: 0.1ms
[2022-09-06T11:43:55.167+0000][68][gc,phases   ] GC(6)   Evacuate Collection Set: 8.7ms
[2022-09-06T11:43:55.167+0000][68][gc,phases   ] GC(6)   Post Evacuate Collection Set: 1.6ms
[2022-09-06T11:43:55.167+0000][68][gc,phases   ] GC(6)   Other: 0.1ms
[2022-09-06T11:43:55.167+0000][68][gc,age      ] GC(6) Age table with threshold 15 (max threshold 15)
[2022-09-06T11:43:55.167+0000][68][gc,age      ] GC(6) - age   1:    3507448 bytes,    3507448 total
[2022-09-06T11:43:55.167+0000][68][gc,age      ] GC(6) - age   2:    7125184 bytes,   10632632 total
[2022-09-06T11:43:55.167+0000][68][gc,age      ] GC(6) - age   3:    6705192 bytes,   17337824 total
[2022-09-06T11:43:55.167+0000][68][gc,age      ] GC(6) - age   4:    2683400 bytes,   20021224 total
[2022-09-06T11:43:55.167+0000][68][gc,age      ] GC(6) - age   5:    3177704 bytes,   23198928 total
[2022-09-06T11:43:55.167+0000][68][gc,age      ] GC(6) - age   6:    4846752 bytes,   28045680 total
[2022-09-06T11:43:55.167+0000][68][gc,heap     ] GC(6) Eden regions: 58->0(145)
[2022-09-06T11:43:55.167+0000][68][gc,heap     ] GC(6) Survivor regions: 7->8(20)
[2022-09-06T11:43:55.167+0000][68][gc,heap     ] GC(6) Old regions: 0->0
[2022-09-06T11:43:55.167+0000][68][gc,heap     ] GC(6) Archive regions: 2->2
[2022-09-06T11:43:55.167+0000][68][gc,heap     ] GC(6) Humongous regions: 0->0
[2022-09-06T11:43:55.167+0000][68][gc,metaspace] GC(6) Metaspace: 35127K(35968K)->35127K(35968K) NonClass: 31001K(31488K)->31001K(31488K) Class: 4126K(4480K)->4126K(4480K)
[2022-09-06T11:43:55.167+0000][68][gc          ] GC(6) Pause Young (Concurrent Start) (Metadata GC Threshold) 258M->33M(1024M) 10.911ms
[2022-09-06T11:43:55.167+0000][68][gc,cpu      ] GC(6) User=0.06s Sys=0.00s Real=0.01s
[2022-09-06T11:43:55.167+0000][68][gc          ] GC(7) Concurrent Mark Cycle
[2022-09-06T11:43:55.167+0000][68][gc,marking  ] GC(7) Concurrent Clear Claimed Marks
[2022-09-06T11:43:55.167+0000][68][safepoint   ] Safepoint "CollectForMetadataAllocation", Time since last: 339308025 ns, Reaching safepoint: 121126 ns, At safepoint: 11050340 ns, Total: 11171466 ns
[2022-09-06T11:43:55.167+0000][68][gc,marking  ] GC(7) Concurrent Clear Claimed Marks 0.067ms
[2022-09-06T11:43:55.167+0000][68][gc,marking  ] GC(7) Concurrent Scan Root Regions
[2022-09-06T11:43:55.172+0000][68][gc,marking  ] GC(7) Concurrent Scan Root Regions 4.503ms
[2022-09-06T11:43:55.172+0000][68][gc,marking  ] GC(7) Concurrent Mark
[2022-09-06T11:43:55.172+0000][68][gc,marking  ] GC(7) Concurrent Mark From Roots
[2022-09-06T11:43:55.172+0000][68][gc,task     ] GC(7) Using 2 workers of 2 for marking
[2022-09-06T11:43:55.173+0000][68][gc,marking  ] GC(7) Concurrent Mark From Roots 1.359ms
[2022-09-06T11:43:55.173+0000][68][gc,marking  ] GC(7) Concurrent Preclean
[2022-09-06T11:43:55.173+0000][68][gc,marking  ] GC(7) Concurrent Preclean 0.011ms
[2022-09-06T11:43:55.173+0000][68][gc,start    ] GC(7) Pause Remark
[2022-09-06T11:43:55.175+0000][68][gc          ] GC(7) Pause Remark 35M->35M(1024M) 1.909ms
[2022-09-06T11:43:55.175+0000][68][gc,cpu      ] GC(7) User=0.01s Sys=0.00s Real=0.00s
[2022-09-06T11:43:55.175+0000][68][safepoint   ] Safepoint "G1Concurrent", Time since last: 6099822 ns, Reaching safepoint: 78354 ns, At safepoint: 2029411 ns, Total: 2107765 ns
[2022-09-06T11:43:55.175+0000][68][gc,marking  ] GC(7) Concurrent Mark 3.625ms
[2022-09-06T11:43:55.175+0000][68][gc,marking  ] GC(7) Concurrent Rebuild Remembered Sets
[2022-09-06T11:43:55.175+0000][68][gc,marking  ] GC(7) Concurrent Rebuild Remembered Sets 0.008ms
[2022-09-06T11:43:55.176+0000][68][gc,start    ] GC(7) Pause Cleanup
[2022-09-06T11:43:55.176+0000][68][gc          ] GC(7) Pause Cleanup 35M->35M(1024M) 0.033ms
[2022-09-06T11:43:55.176+0000][68][gc,cpu      ] GC(7) User=0.00s Sys=0.00s Real=0.00s
[2022-09-06T11:43:55.176+0000][68][safepoint   ] Safepoint "G1Concurrent", Time since last: 85300 ns, Reaching safepoint: 689216 ns, At safepoint: 99072 ns, Total: 788288 ns
[2022-09-06T11:43:55.176+0000][68][gc,marking  ] GC(7) Concurrent Cleanup for Next Mark
[2022-09-06T11:43:55.178+0000][68][gc,marking  ] GC(7) Concurrent Cleanup for Next Mark 1.319ms
[2022-09-06T11:43:55.178+0000][68][gc          ] GC(7) Concurrent Mark Cycle 10.573ms
[2022-09-06T11:43:55.748+0000][68][safepoint   ] Safepoint "ICBufferFull", Time since last: 570968925 ns, Reaching safepoint: 359534 ns, At safepoint: 28213 ns, Total: 387747 ns
[2022-09-06T11:43:56.251+0000][68][safepoint   ] Safepoint "ICBufferFull", Time since last: 502922429 ns, Reaching safepoint: 200654 ns, At safepoint: 37078 ns, Total: 237732 ns
[2022-09-06T11:43:57.503+0000][68][safepoint   ] Safepoint "ICBufferFull", Time since last: 1253010186 ns, Reaching safepoint: 231504 ns, At safepoint: 13584 ns, Total: 245088 ns
[2022-09-06T11:43:57.955+0000][68][safepoint   ] Safepoint "ICBufferFull", Time since last: 451327867 ns, Reaching safepoint: 161221 ns, At safepoint: 16578 ns, Total: 177799 ns
[2022-09-06T11:43:58.253+0000][68][gc,start    ] GC(8) Pause Young (Concurrent Start) (Metadata GC Threshold)
[2022-09-06T11:43:58.253+0000][68][gc,task     ] GC(8) Using 8 workers of 8 for evacuation
[2022-09-06T11:43:58.253+0000][68][gc,age      ] GC(8) Desired survivor size 41943040 bytes, new threshold 15 (max threshold 15)
[2022-09-06T11:43:58.294+0000][68][gc,phases   ] GC(8)   Pre Evacuate Collection Set: 0.2ms
[2022-09-06T11:43:58.294+0000][68][gc,phases   ] GC(8)   Merge Heap Roots: 0.1ms
[2022-09-06T11:43:58.294+0000][68][gc,phases   ] GC(8)   Evacuate Collection Set: 37.2ms
[2022-09-06T11:43:58.294+0000][68][gc,phases   ] GC(8)   Post Evacuate Collection Set: 3.8ms
[2022-09-06T11:43:58.294+0000][68][gc,phases   ] GC(8)   Other: 0.1ms
[2022-09-06T11:43:58.294+0000][68][gc,age      ] GC(8) Age table with threshold 15 (max threshold 15)
[2022-09-06T11:43:58.294+0000][68][gc,age      ] GC(8) - age   1:   25320208 bytes,   25320208 total
[2022-09-06T11:43:58.294+0000][68][gc,age      ] GC(8) - age   2:    3450696 bytes,   28770904 total
[2022-09-06T11:43:58.294+0000][68][gc,age      ] GC(8) - age   3:    7046504 bytes,   35817408 total
[2022-09-06T11:43:58.295+0000][68][gc,age      ] GC(8) - age   4:    6671216 bytes,   42488624 total
[2022-09-06T11:43:58.295+0000][68][gc,age      ] GC(8) - age   5:    2668624 bytes,   45157248 total
[2022-09-06T11:43:58.295+0000][68][gc,age      ] GC(8) - age   6:    3125656 bytes,   48282904 total
[2022-09-06T11:43:58.295+0000][68][gc,age      ] GC(8) - age   7:    4827776 bytes,   53110680 total
[2022-09-06T11:43:58.295+0000][68][gc,heap     ] GC(8) Eden regions: 110->0(139)
[2022-09-06T11:43:58.295+0000][68][gc,heap     ] GC(8) Survivor regions: 8->14(20)
[2022-09-06T11:43:58.295+0000][68][gc,heap     ] GC(8) Old regions: 0->0
[2022-09-06T11:43:58.295+0000][68][gc,heap     ] GC(8) Archive regions: 2->2
[2022-09-06T11:43:58.295+0000][68][gc,heap     ] GC(8) Humongous regions: 0->0
[2022-09-06T11:43:58.295+0000][68][gc,metaspace] GC(8) Metaspace: 58783K(60160K)->58783K(60160K) NonClass: 51318K(52096K)->51318K(52096K) Class: 7465K(8064K)->7465K(8064K)
[2022-09-06T11:43:58.295+0000][68][gc          ] GC(8) Pause Young (Concurrent Start) (Metadata GC Threshold) 473M->56M(1024M) 41.615ms
[2022-09-06T11:43:58.295+0000][68][gc,cpu      ] GC(8) User=0.21s Sys=0.04s Real=0.04s
[2022-09-06T11:43:58.295+0000][68][gc          ] GC(9) Concurrent Mark Cycle
[2022-09-06T11:43:58.295+0000][68][gc,marking  ] GC(9) Concurrent Clear Claimed Marks
[2022-09-06T11:43:58.295+0000][68][safepoint   ] Safepoint "CollectForMetadataAllocation", Time since last: 297916716 ns, Reaching safepoint: 103058 ns, At safepoint: 41750123 ns, Total: 41853181 ns
[2022-09-06T11:43:58.295+0000][68][gc,marking  ] GC(9) Concurrent Clear Claimed Marks 0.103ms
[2022-09-06T11:43:58.295+0000][68][gc,marking  ] GC(9) Concurrent Scan Root Regions
[2022-09-06T11:43:58.311+0000][68][gc,marking  ] GC(9) Concurrent Scan Root Regions 16.442ms
[2022-09-06T11:43:58.311+0000][68][gc,marking  ] GC(9) Concurrent Mark
[2022-09-06T11:43:58.311+0000][68][gc,marking  ] GC(9) Concurrent Mark From Roots
[2022-09-06T11:43:58.311+0000][68][gc,task     ] GC(9) Using 2 workers of 2 for marking
[2022-09-06T11:43:58.313+0000][68][gc,marking  ] GC(9) Concurrent Mark From Roots 1.658ms
[2022-09-06T11:43:58.313+0000][68][gc,marking  ] GC(9) Concurrent Preclean
[2022-09-06T11:43:58.313+0000][68][gc,marking  ] GC(9) Concurrent Preclean 0.026ms
[2022-09-06T11:43:58.313+0000][68][gc,start    ] GC(9) Pause Remark
[2022-09-06T11:43:58.317+0000][68][gc          ] GC(9) Pause Remark 58M->58M(1024M) 3.221ms
[2022-09-06T11:43:58.317+0000][68][gc,cpu      ] GC(9) User=0.01s Sys=0.00s Real=0.00s
[2022-09-06T11:43:58.317+0000][68][safepoint   ] Safepoint "G1Concurrent", Time since last: 18440020 ns, Reaching safepoint: 209704 ns, At safepoint: 3343439 ns, Total: 3553143 ns
[2022-09-06T11:43:58.317+0000][68][gc,marking  ] GC(9) Concurrent Mark 5.397ms
[2022-09-06T11:43:58.317+0000][68][gc,marking  ] GC(9) Concurrent Rebuild Remembered Sets
[2022-09-06T11:43:58.317+0000][68][gc,marking  ] GC(9) Concurrent Rebuild Remembered Sets 0.010ms
[2022-09-06T11:43:58.317+0000][68][gc,start    ] GC(9) Pause Cleanup
[2022-09-06T11:43:58.317+0000][68][gc          ] GC(9) Pause Cleanup 58M->58M(1024M) 0.033ms
[2022-09-06T11:43:58.317+0000][68][gc,cpu      ] GC(9) User=0.00s Sys=0.00s Real=0.00s
[2022-09-06T11:43:58.317+0000][68][safepoint   ] Safepoint "G1Concurrent", Time since last: 140311 ns, Reaching safepoint: 202653 ns, At safepoint: 67131 ns, Total: 269784 ns
[2022-09-06T11:43:58.317+0000][68][gc,marking  ] GC(9) Concurrent Cleanup for Next Mark
[2022-09-06T11:43:58.319+0000][68][gc,marking  ] GC(9) Concurrent Cleanup for Next Mark 1.380ms
[2022-09-06T11:43:58.319+0000][68][gc          ] GC(9) Concurrent Mark Cycle 24.166ms
[2022-09-06T11:43:59.551+0000][68][safepoint   ] Safepoint "ICBufferFull", Time since last: 1233941911 ns, Reaching safepoint: 220780 ns, At safepoint: 5904 ns, Total: 226684 ns
[2022-09-06T11:44:00.386+0000][68][safepoint   ] Safepoint "ICBufferFull", Time since last: 833353845 ns, Reaching safepoint: 1096137 ns, At safepoint: 8158 ns, Total: 1104295 ns
[2022-09-06T11:44:01.213+0000][68][safepoint   ] Safepoint "ICBufferFull", Time since last: 826815726 ns, Reaching safepoint: 199488 ns, At safepoint: 15415 ns, Total: 214903 ns
[2022-09-06T11:44:01.645+0000][68][gc,start    ] GC(10) Pause Young (Concurrent Start) (Metadata GC Threshold)
[2022-09-06T11:44:01.645+0000][68][gc,task     ] GC(10) Using 8 workers of 8 for evacuation
[2022-09-06T11:44:01.645+0000][68][gc,age      ] GC(10) Desired survivor size 41943040 bytes, new threshold 4 (max threshold 15)
[2022-09-06T11:44:01.678+0000][68][gc,phases   ] GC(10)   Pre Evacuate Collection Set: 0.2ms
[2022-09-06T11:44:01.678+0000][68][gc,phases   ] GC(10)   Merge Heap Roots: 0.1ms
[2022-09-06T11:44:01.678+0000][68][gc,phases   ] GC(10)   Evacuate Collection Set: 28.3ms
[2022-09-06T11:44:01.678+0000][68][gc,phases   ] GC(10)   Post Evacuate Collection Set: 3.3ms
[2022-09-06T11:44:01.678+0000][68][gc,phases   ] GC(10)   Other: 0.1ms
[2022-09-06T11:44:01.678+0000][68][gc,age      ] GC(10) Age table with threshold 4 (max threshold 15)
[2022-09-06T11:44:01.678+0000][68][gc,age      ] GC(10) - age   1:   16740368 bytes,   16740368 total
[2022-09-06T11:44:01.678+0000][68][gc,age      ] GC(10) - age   2:   24799632 bytes,   41540000 total
[2022-09-06T11:44:01.678+0000][68][gc,age      ] GC(10) - age   3:    3439336 bytes,   44979336 total
[2022-09-06T11:44:01.678+0000][68][gc,age      ] GC(10) - age   4:    7023936 bytes,   52003272 total
[2022-09-06T11:44:01.678+0000][68][gc,heap     ] GC(10) Eden regions: 120->0(139)
[2022-09-06T11:44:01.678+0000][68][gc,heap     ] GC(10) Survivor regions: 14->14(20)
[2022-09-06T11:44:01.678+0000][68][gc,heap     ] GC(10) Old regions: 0->5
[2022-09-06T11:44:01.678+0000][68][gc,heap     ] GC(10) Archive regions: 2->2
[2022-09-06T11:44:01.678+0000][68][gc,heap     ] GC(10) Humongous regions: 0->0
[2022-09-06T11:44:01.678+0000][68][gc,metaspace] GC(10) Metaspace: 97902K(100800K)->97902K(100800K) NonClass: 84768K(86272K)->84768K(86272K) Class: 13133K(14528K)->13133K(14528K)
[2022-09-06T11:44:01.678+0000][68][gc          ] GC(10) Pause Young (Concurrent Start) (Metadata GC Threshold) 536M->74M(1024M) 32.278ms
[2022-09-06T11:44:01.678+0000][68][gc,cpu      ] GC(10) User=0.18s Sys=0.02s Real=0.03s
[2022-09-06T11:44:01.678+0000][68][gc          ] GC(11) Concurrent Mark Cycle
[2022-09-06T11:44:01.678+0000][68][gc,marking  ] GC(11) Concurrent Clear Claimed Marks
[2022-09-06T11:44:01.678+0000][68][safepoint   ] Safepoint "CollectForMetadataAllocation", Time since last: 432259218 ns, Reaching safepoint: 402704 ns, At safepoint: 32446126 ns, Total: 32848830 ns
[2022-09-06T11:44:01.678+0000][68][gc,marking  ] GC(11) Concurrent Clear Claimed Marks 0.326ms
[2022-09-06T11:44:01.678+0000][68][gc,marking  ] GC(11) Concurrent Scan Root Regions
[2022-09-06T11:44:01.696+0000][68][safepoint   ] Safepoint "CollectForMetadataAllocation", Time since last: 17668815 ns, Reaching safepoint: 121094 ns, At safepoint: 38883 ns, Total: 159977 ns
[2022-09-06T11:44:01.701+0000][68][gc,marking  ] GC(11) Concurrent Scan Root Regions 22.511ms
[2022-09-06T11:44:01.701+0000][68][gc,marking  ] GC(11) Concurrent Mark
[2022-09-06T11:44:01.701+0000][68][gc,marking  ] GC(11) Concurrent Mark From Roots
[2022-09-06T11:44:01.701+0000][68][gc,task     ] GC(11) Using 2 workers of 2 for marking
[2022-09-06T11:44:01.702+0000][68][gc,marking  ] GC(11) Concurrent Mark From Roots 0.857ms
[2022-09-06T11:44:01.702+0000][68][gc,marking  ] GC(11) Concurrent Preclean
[2022-09-06T11:44:01.702+0000][68][gc,marking  ] GC(11) Concurrent Preclean 0.010ms
[2022-09-06T11:44:01.702+0000][68][gc,start    ] GC(11) Pause Remark
[2022-09-06T11:44:01.705+0000][68][gc          ] GC(11) Pause Remark 78M->78M(1024M) 2.756ms
[2022-09-06T11:44:01.705+0000][68][gc,cpu      ] GC(11) User=0.02s Sys=0.00s Real=0.00s
[2022-09-06T11:44:01.705+0000][68][safepoint   ] Safepoint "G1Concurrent", Time since last: 6018228 ns, Reaching safepoint: 187141 ns, At safepoint: 2874941 ns, Total: 3062082 ns
[2022-09-06T11:44:01.705+0000][68][gc,marking  ] GC(11) Concurrent Mark 4.065ms
[2022-09-06T11:44:01.705+0000][68][gc,marking  ] GC(11) Concurrent Rebuild Remembered Sets
[2022-09-06T11:44:01.708+0000][68][gc,marking  ] GC(11) Concurrent Rebuild Remembered Sets 3.480ms
[2022-09-06T11:44:01.709+0000][68][gc,start    ] GC(11) Pause Cleanup
[2022-09-06T11:44:01.709+0000][68][gc          ] GC(11) Pause Cleanup 78M->78M(1024M) 0.143ms
[2022-09-06T11:44:01.709+0000][68][gc,cpu      ] GC(11) User=0.00s Sys=0.00s Real=0.00s
[2022-09-06T11:44:01.709+0000][68][safepoint   ] Safepoint "G1Concurrent", Time since last: 3692244 ns, Reaching safepoint: 200503 ns, At safepoint: 199509 ns, Total: 400012 ns
[2022-09-06T11:44:01.709+0000][68][gc,marking  ] GC(11) Concurrent Cleanup for Next Mark
[2022-09-06T11:44:01.710+0000][68][gc,marking  ] GC(11) Concurrent Cleanup for Next Mark 1.126ms
[2022-09-06T11:44:01.710+0000][68][gc          ] GC(11) Concurrent Mark Cycle 32.327ms
[2022-09-06T11:44:02.061+0000][68][safepoint   ] Safepoint "ICBufferFull", Time since last: 352043257 ns, Reaching safepoint: 385488 ns, At safepoint: 20616 ns, Total: 406104 ns
[2022-09-06T11:44:02.202+0000][68][safepoint   ] Safepoint "ICBufferFull", Time since last: 140424160 ns, Reaching safepoint: 163500 ns, At safepoint: 2054 ns, Total: 165554 ns
[2022-09-06T11:44:02.602+0000][68][safepoint   ] Safepoint "ICBufferFull", Time since last: 400328812 ns, Reaching safepoint: 170390 ns, At safepoint: 17280 ns, Total: 187670 ns
[2022-09-06T11:44:03.112+0000][68][safepoint   ] Safepoint "ICBufferFull", Time since last: 506919206 ns, Reaching safepoint: 2252817 ns, At safepoint: 55363 ns, Total: 2308180 ns
[2022-09-06T11:44:03.112+0000][68][safepoint   ] Safepoint "ICBufferFull", Time since last: 196338 ns, Reaching safepoint: 191731 ns, At safepoint: 79517 ns, Total: 271248 ns
[2022-09-06T11:44:03.112+0000][68][safepoint   ] Safepoint "ICBufferFull", Time since last: 68651 ns, Reaching safepoint: 175443 ns, At safepoint: 75602 ns, Total: 251045 ns
[2022-09-06T11:44:03.115+0000][68][safepoint   ] Safepoint "ICBufferFull", Time since last: 2354920 ns, Reaching safepoint: 399757 ns, At safepoint: 85020 ns, Total: 484777 ns
[2022-09-06T11:44:03.118+0000][68][safepoint   ] Safepoint "ICBufferFull", Time since last: 2243245 ns, Reaching safepoint: 209372 ns, At safepoint: 76658 ns, Total: 286030 ns
[2022-09-06T11:44:03.120+0000][68][safepoint   ] Safepoint "ICBufferFull", Time since last: 1148073 ns, Reaching safepoint: 1176508 ns, At safepoint: 60488 ns, Total: 1236996 ns
[2022-09-06T11:44:03.122+0000][68][safepoint   ] Safepoint "ICBufferFull", Time since last: 1267538 ns, Reaching safepoint: 216990 ns, At safepoint: 60980 ns, Total: 277970 ns
[2022-09-06T11:44:03.466+0000][68][safepoint   ] Safepoint "ICBufferFull", Time since last: 343651354 ns, Reaching safepoint: 164014 ns, At safepoint: 2920 ns, Total: 166934 ns
[2022-09-06T11:44:03.716+0000][68][safepoint   ] Safepoint "ICBufferFull", Time since last: 250078367 ns, Reaching safepoint: 131541 ns, At safepoint: 3450 ns, Total: 134991 ns
[2022-09-06T11:44:03.876+0000][68][safepoint   ] Safepoint "ICBufferFull", Time since last: 160266049 ns, Reaching safepoint: 242219 ns, At safepoint: 80504 ns, Total: 322723 ns
[2022-09-06T11:44:04.341+0000][68][safepoint   ] Safepoint "ICBufferFull", Time since last: 464463894 ns, Reaching safepoint: 197203 ns, At safepoint: 40567 ns, Total: 237770 ns
[2022-09-06T11:44:05.910+0000][68][safepoint   ] Safepoint "Cleanup", Time since last: 1568605508 ns, Reaching safepoint: 266989 ns, At safepoint: 9086 ns, Total: 276075 ns
[2022-09-06T11:44:06.220+0000][68][safepoint   ] Safepoint "ICBufferFull", Time since last: 310127698 ns, Reaching safepoint: 239308 ns, At safepoint: 15581 ns, Total: 254889 ns
[2022-09-06T11:44:06.403+0000][68][safepoint   ] Safepoint "ICBufferFull", Time since last: 182485329 ns, Reaching safepoint: 285935 ns, At safepoint: 39126 ns, Total: 325061 ns
[2022-09-06T11:44:06.578+0000][68][safepoint   ] Safepoint "ICBufferFull", Time since last: 175027683 ns, Reaching safepoint: 157058 ns, At safepoint: 49723 ns, Total: 206781 ns
[2022-09-06T11:44:06.849+0000][68][safepoint   ] Safepoint "ICBufferFull", Time since last: 270968901 ns, Reaching safepoint: 145081 ns, At safepoint: 17344 ns, Total: 162425 ns
[2022-09-06T11:44:07.372+0000][68][gc,start    ] GC(12) Pause Young (Normal) (G1 Evacuation Pause)
[2022-09-06T11:44:07.372+0000][68][gc,task     ] GC(12) Using 8 workers of 8 for evacuation
[2022-09-06T11:44:07.372+0000][68][gc,age      ] GC(12) Desired survivor size 41943040 bytes, new threshold 3 (max threshold 15)
[2022-09-06T11:44:07.398+0000][68][gc,phases   ] GC(12)   Pre Evacuate Collection Set: 0.1ms
[2022-09-06T11:44:07.398+0000][68][gc,phases   ] GC(12)   Merge Heap Roots: 0.1ms
[2022-09-06T11:44:07.398+0000][68][gc,phases   ] GC(12)   Evacuate Collection Set: 23.3ms
[2022-09-06T11:44:07.398+0000][68][gc,phases   ] GC(12)   Post Evacuate Collection Set: 2.6ms
[2022-09-06T11:44:07.398+0000][68][gc,phases   ] GC(12)   Other: 0.1ms
[2022-09-06T11:44:07.398+0000][68][gc,age      ] GC(12) Age table with threshold 3 (max threshold 15)
[2022-09-06T11:44:07.398+0000][68][gc,age      ] GC(12) - age   1:   23842472 bytes,   23842472 total
[2022-09-06T11:44:07.398+0000][68][gc,age      ] GC(12) - age   2:   16125856 bytes,   39968328 total
[2022-09-06T11:44:07.398+0000][68][gc,age      ] GC(12) - age   3:   24664640 bytes,   64632968 total
[2022-09-06T11:44:07.398+0000][68][gc,heap     ] GC(12) Eden regions: 139->0(136)
[2022-09-06T11:44:07.398+0000][68][gc,heap     ] GC(12) Survivor regions: 14->17(20)
[2022-09-06T11:44:07.398+0000][68][gc,heap     ] GC(12) Old regions: 5->7
[2022-09-06T11:44:07.398+0000][68][gc,heap     ] GC(12) Archive regions: 2->2
[2022-09-06T11:44:07.398+0000][68][gc,heap     ] GC(12) Humongous regions: 2->2
[2022-09-06T11:44:07.398+0000][68][gc,metaspace] GC(12) Metaspace: 120118K(123200K)->120118K(123200K) NonClass: 103838K(105408K)->103838K(105408K) Class: 16279K(17792K)->16279K(17792K)
[2022-09-06T11:44:07.398+0000][68][gc          ] GC(12) Pause Young (Normal) (G1 Evacuation Pause) 638M->107M(1024M) 26.483ms
[2022-09-06T11:44:07.398+0000][68][gc,cpu      ] GC(12) User=0.16s Sys=0.00s Real=0.02s
[2022-09-06T11:44:07.398+0000][68][safepoint   ] Safepoint "G1CollectForAllocation", Time since last: 521857729 ns, Reaching safepoint: 211964 ns, At safepoint: 26649084 ns, Total: 26861048 ns
[2022-09-06T11:44:08.433+0000][68][safepoint   ] Safepoint "Cleanup", Time since last: 1034330043 ns, Reaching safepoint: 231903 ns, At safepoint: 12472 ns, Total: 244375 ns
[2022-09-06T11:44:09.411+0000][68][safepoint   ] Safepoint "ICBufferFull", Time since last: 969692674 ns, Reaching safepoint: 8292070 ns, At safepoint: 73359 ns, Total: 8365429 ns
[2022-09-06T11:44:09.638+0000][68][safepoint   ] Safepoint "ICBufferFull", Time since last: 226637006 ns, Reaching safepoint: 201475 ns, At safepoint: 45801 ns, Total: 247276 ns
[2022-09-06T11:44:10.638+0000][68][safepoint   ] Safepoint "Cleanup", Time since last: 1000184988 ns, Reaching safepoint: 293641 ns, At safepoint: 37698 ns, Total: 331339 ns
[2022-09-06T11:44:11.639+0000][68][safepoint   ] Safepoint "Cleanup", Time since last: 1000573852 ns, Reaching safepoint: 323238 ns, At safepoint: 11110 ns, Total: 334348 ns
[2022-09-06T11:44:12.434+0000][68][safepoint   ] Safepoint "ICBufferFull", Time since last: 794820369 ns, Reaching safepoint: 327451 ns, At safepoint: 83503 ns, Total: 410954 ns
[2022-09-06T11:44:12.624+0000][68][safepoint   ] Safepoint "ICBufferFull", Time since last: 189186157 ns, Reaching safepoint: 359834 ns, At safepoint: 64732 ns, Total: 424566 ns
[2022-09-06T11:44:13.624+0000][68][safepoint   ] Safepoint "Cleanup", Time since last: 1000189674 ns, Reaching safepoint: 137105 ns, At safepoint: 18972 ns, Total: 156077 ns
[2022-09-06T11:44:14.625+0000][68][safepoint   ] Safepoint "Cleanup", Time since last: 1000464932 ns, Reaching safepoint: 380022 ns, At safepoint: 12415 ns, Total: 392437 ns
[2022-09-06T11:44:15.626+0000][68][safepoint   ] Safepoint "Cleanup", Time since last: 1000442314 ns, Reaching safepoint: 378091 ns, At safepoint: 10863 ns, Total: 388954 ns
[2022-09-06T11:44:17.627+0000][68][safepoint   ] Safepoint "Cleanup", Time since last: 2000595930 ns, Reaching safepoint: 280247 ns, At safepoint: 41819 ns, Total: 322066 ns
[2022-09-06T11:44:19.410+0000][68][safepoint   ] Safepoint "Cleanup", Time since last: 1782987505 ns, Reaching safepoint: 329956 ns, At safepoint: 8704 ns, Total: 338660 ns
[2022-09-06T11:44:20.411+0000][68][safepoint   ] Safepoint "Cleanup", Time since last: 1000358806 ns, Reaching safepoint: 413917 ns, At safepoint: 11132 ns, Total: 425049 ns
[2022-09-06T11:44:21.424+0000][68][safepoint   ] Safepoint "Cleanup", Time since last: 1011285641 ns, Reaching safepoint: 1195173 ns, At safepoint: 81190 ns, Total: 1276363 ns
[2022-09-06T11:44:22.424+0000][68][safepoint   ] Safepoint "Cleanup", Time since last: 1000303479 ns, Reaching safepoint: 203501 ns, At safepoint: 14044 ns, Total: 217545 ns
[2022-09-06T11:44:24.425+0000][68][safepoint   ] Safepoint "Cleanup", Time since last: 2000517606 ns, Reaching safepoint: 308506 ns, At safepoint: 30839 ns, Total: 339345 ns
[2022-09-06T11:44:25.425+0000][68][safepoint   ] Safepoint "Cleanup", Time since last: 1000281953 ns, Reaching safepoint: 164165 ns, At safepoint: 11000 ns, Total: 175165 ns
[2022-09-06T11:44:27.426+0000][68][safepoint   ] Safepoint "Cleanup", Time since last: 2000449294 ns, Reaching safepoint: 231897 ns, At safepoint: 21598 ns, Total: 253495 ns
[2022-09-06T11:44:29.428+0000][68][safepoint   ] Safepoint "Cleanup", Time since last: 2000531990 ns, Reaching safepoint: 593525 ns, At safepoint: 29122 ns, Total: 622647 ns
[2022-09-06T11:44:30.428+0000][68][safepoint   ] Safepoint "Cleanup", Time since last: 1000265661 ns, Reaching safepoint: 156695 ns, At safepoint: 5176 ns, Total: 161871 ns
[2022-09-06T11:44:31.429+0000][68][safepoint   ] Safepoint "Cleanup", Time since last: 1000207735 ns, Reaching safepoint: 227008 ns, At safepoint: 32142 ns, Total: 259150 ns
[2022-09-06T11:44:32.430+0000][68][safepoint   ] Safepoint "Cleanup", Time since last: 1000538538 ns, Reaching safepoint: 426878 ns, At safepoint: 9201 ns, Total: 436079 ns
[2022-09-06T11:44:33.430+0000][68][safepoint   ] Safepoint "Cleanup", Time since last: 1000212819 ns, Reaching safepoint: 153519 ns, At safepoint: 4009 ns, Total: 157528 ns
[2022-09-06T11:44:34.430+0000][68][safepoint   ] Safepoint "Cleanup", Time since last: 1000209877 ns, Reaching safepoint: 149741 ns, At safepoint: 17979 ns, Total: 167720 ns
[2022-09-06T11:44:35.431+0000][68][safepoint   ] Safepoint "Cleanup", Time since last: 1000321001 ns, Reaching safepoint: 281903 ns, At safepoint: 49222 ns, Total: 331125 ns
[2022-09-06T11:44:36.432+0000][68][safepoint   ] Safepoint "Cleanup", Time since last: 1000214224 ns, Reaching safepoint: 277264 ns, At safepoint: 39435 ns, Total: 316699 ns
[2022-09-06T11:44:37.432+0000][68][safepoint   ] Safepoint "Cleanup", Time since last: 1000411546 ns, Reaching safepoint: 357509 ns, At safepoint: 10486 ns, Total: 367995 ns
[2022-09-06T11:44:39.433+0000][68][safepoint   ] Safepoint "Cleanup", Time since last: 2000408014 ns, Reaching safepoint: 210732 ns, At safepoint: 15506 ns, Total: 226238 ns
[2022-09-06T11:44:40.434+0000][68][safepoint   ] Safepoint "Cleanup", Time since last: 1000186304 ns, Reaching safepoint: 495451 ns, At safepoint: 26417 ns, Total: 521868 ns
[2022-09-06T11:44:42.435+0000][68][safepoint   ] Safepoint "Cleanup", Time since last: 2000848707 ns, Reaching safepoint: 247587 ns, At safepoint: 16037 ns, Total: 263624 ns
[2022-09-06T11:44:43.435+0000][68][safepoint   ] Safepoint "Cleanup", Time since last: 1000330833 ns, Reaching safepoint: 223000 ns, At safepoint: 27463 ns, Total: 250463 ns
[2022-09-06T11:44:45.436+0000][68][safepoint   ] Safepoint "Cleanup", Time since last: 2000774564 ns, Reaching safepoint: 294526 ns, At safepoint: 10683 ns, Total: 305209 ns
[2022-09-06T11:44:47.438+0000][68][safepoint   ] Safepoint "Cleanup", Time since last: 2000568308 ns, Reaching safepoint: 573094 ns, At safepoint: 25884 ns, Total: 598978 ns
[2022-09-06T11:44:48.438+0000][68][safepoint   ] Safepoint "Cleanup", Time since last: 1000406139 ns, Reaching safepoint: 170575 ns, At safepoint: 8599 ns, Total: 179174 ns
[2022-09-06T11:44:49.439+0000][68][safepoint   ] Safepoint "Cleanup", Time since last: 1000364426 ns, Reaching safepoint: 352092 ns, At safepoint: 10195 ns, Total: 362287 ns
[2022-09-06T11:44:50.440+0000][68][safepoint   ] Safepoint "Cleanup", Time since last: 1000640548 ns, Reaching safepoint: 528761 ns, At safepoint: 30135 ns, Total: 558896 ns
[2022-09-06T11:44:51.441+0000][68][safepoint   ] Safepoint "Cleanup", Time since last: 1000382859 ns, Reaching safepoint: 160181 ns, At safepoint: 4691 ns, Total: 164872 ns
[2022-09-06T11:44:52.442+0000][68][safepoint   ] Safepoint "Cleanup", Time since last: 1000482810 ns, Reaching safepoint: 353244 ns, At safepoint: 11490 ns, Total: 364734 ns
[2022-09-06T11:44:54.442+0000][68][safepoint   ] Safepoint "Cleanup", Time since last: 2000394276 ns, Reaching safepoint: 147540 ns, At safepoint: 3798 ns, Total: 151338 ns
[2022-09-06T11:44:55.443+0000][68][safepoint   ] Safepoint "Cleanup", Time since last: 1000281263 ns, Reaching safepoint: 578058 ns, At safepoint: 32898 ns, Total: 610956 ns
[2022-09-06T11:44:56.444+0000][68][safepoint   ] Safepoint "Cleanup", Time since last: 1000261093 ns, Reaching safepoint: 335697 ns, At safepoint: 23309 ns, Total: 359006 ns
[2022-09-06T11:44:57.444+0000][68][safepoint   ] Safepoint "Cleanup", Time since last: 1000275170 ns, Reaching safepoint: 158197 ns, At safepoint: 5341 ns, Total: 163538 ns
[2022-09-06T11:44:59.445+0000][68][safepoint   ] Safepoint "Cleanup", Time since last: 2000515895 ns, Reaching safepoint: 181617 ns, At safepoint: 6606 ns, Total: 188223 ns
[2022-09-06T11:45:00.445+0000][68][safepoint   ] Safepoint "Cleanup", Time since last: 1000285191 ns, Reaching safepoint: 248518 ns, At safepoint: 16587 ns, Total: 265105 ns
[2022-09-06T11:45:01.446+0000][68][safepoint   ] Safepoint "Cleanup", Time since last: 1000172339 ns, Reaching safepoint: 150324 ns, At safepoint: 7410 ns, Total: 157734 ns
[2022-09-06T11:45:02.446+0000][68][safepoint   ] Safepoint "Cleanup", Time since last: 1000208527 ns, Reaching safepoint: 142132 ns, At safepoint: 3261 ns, Total: 145393 ns
[2022-09-06T11:45:03.447+0000][68][safepoint   ] Safepoint "Cleanup", Time since last: 1000411562 ns, Reaching safepoint: 361367 ns, At safepoint: 10808 ns, Total: 372175 ns
[2022-09-06T11:45:04.448+0000][68][safepoint   ] Safepoint "Cleanup", Time since last: 1000501469 ns, Reaching safepoint: 359119 ns, At safepoint: 8898 ns, Total: 368017 ns
[2022-09-06T11:45:06.448+0000][68][safepoint   ] Safepoint "Cleanup", Time since last: 2000467319 ns, Reaching safepoint: 169276 ns, At safepoint: 5801 ns, Total: 175077 ns
[2022-09-06T11:45:07.449+0000][68][safepoint   ] Safepoint "Cleanup", Time since last: 1000168844 ns, Reaching safepoint: 146895 ns, At safepoint: 3224 ns, Total: 150119 ns
[2022-09-06T11:45:08.449+0000][68][safepoint   ] Safepoint "Cleanup", Time since last: 1000358959 ns, Reaching safepoint: 347541 ns, At safepoint: 10294 ns, Total: 357835 ns
[2022-09-06T11:45:09.450+0000][68][safepoint   ] Safepoint "Cleanup", Time since last: 1000216006 ns, Reaching safepoint: 154760 ns, At safepoint: 5330 ns, Total: 160090 ns
[2022-09-06T11:45:10.450+0000][68][safepoint   ] Safepoint "Cleanup", Time since last: 1000365188 ns, Reaching safepoint: 360007 ns, At safepoint: 9465 ns, Total: 369472 ns
[2022-09-06T11:45:12.451+0000][68][safepoint   ] Safepoint "Cleanup", Time since last: 2000365235 ns, Reaching safepoint: 136916 ns, At safepoint: 5714 ns, Total: 142630 ns
[2022-09-06T11:45:13.452+0000][68][safepoint   ] Safepoint "Cleanup", Time since last: 1000378825 ns, Reaching safepoint: 335412 ns, At safepoint: 10952 ns, Total: 346364 ns
[2022-09-06T11:45:15.452+0000][68][safepoint   ] Safepoint "Cleanup", Time since last: 2000527311 ns, Reaching safepoint: 134780 ns, At safepoint: 3476 ns, Total: 138256 ns
[2022-09-06T11:45:16.453+0000][68][safepoint   ] Safepoint "Cleanup", Time since last: 1000412358 ns, Reaching safepoint: 277742 ns, At safepoint: 6677 ns, Total: 284419 ns
[2022-09-06T11:45:18.454+0000][68][safepoint   ] Safepoint "Cleanup", Time since last: 2000427729 ns, Reaching safepoint: 154826 ns, At safepoint: 7417 ns, Total: 162243 ns
[2022-09-06T11:45:19.454+0000][68][safepoint   ] Safepoint "Cleanup", Time since last: 1000332613 ns, Reaching safepoint: 153776 ns, At safepoint: 6008 ns, Total: 159784 ns
[2022-09-06T11:45:20.454+0000][68][safepoint   ] Safepoint "Cleanup", Time since last: 1000278613 ns, Reaching safepoint: 202725 ns, At safepoint: 5953 ns, Total: 208678 ns
[2022-09-06T11:45:21.455+0000][68][safepoint   ] Safepoint "Cleanup", Time since last: 1000302970 ns, Reaching safepoint: 166149 ns, At safepoint: 3686 ns, Total: 169835 ns
[2022-09-06T11:45:22.849+0000][68][safepoint   ] Safepoint "Cleanup", Time since last: 1393269421 ns, Reaching safepoint: 497184 ns, At safepoint: 25249 ns, Total: 522433 ns
[2022-09-06T11:45:24.850+0000][68][safepoint   ] Safepoint "Cleanup", Time since last: 2000766039 ns, Reaching safepoint: 180983 ns, At safepoint: 7606 ns, Total: 188589 ns
[2022-09-06T11:45:27.851+0000][68][safepoint   ] Safepoint "Cleanup", Time since last: 3000576182 ns, Reaching safepoint: 256375 ns, At safepoint: 5911 ns, Total: 262286 ns
[2022-09-06T11:45:29.477+0000][68][safepoint   ] Safepoint "Cleanup", Time since last: 1626016687 ns, Reaching safepoint: 413484 ns, At safepoint: 12725 ns, Total: 426209 ns
[2022-09-06T11:45:30.473+0000][68][safepoint   ] Safepoint "ICBufferFull", Time since last: 995805588 ns, Reaching safepoint: 202551 ns, At safepoint: 4884 ns, Total: 207435 ns
[2022-09-06T11:45:31.473+0000][68][safepoint   ] Safepoint "Cleanup", Time since last: 1000251654 ns, Reaching safepoint: 180072 ns, At safepoint: 7915 ns, Total: 187987 ns
[2022-09-06T11:45:32.474+0000][68][safepoint   ] Safepoint "Cleanup", Time since last: 1000398904 ns, Reaching safepoint: 409102 ns, At safepoint: 44342 ns, Total: 453444 ns
[2022-09-06T11:45:33.475+0000][68][safepoint   ] Safepoint "Cleanup", Time since last: 1000286886 ns, Reaching safepoint: 175437 ns, At safepoint: 21120 ns, Total: 196557 ns
[2022-09-06T11:45:34.476+0000][68][safepoint   ] Safepoint "Cleanup", Time since last: 1000588088 ns, Reaching safepoint: 501077 ns, At safepoint: 83110 ns, Total: 584187 ns
[2022-09-06T11:45:35.476+0000][68][safepoint   ] Safepoint "Cleanup", Time since last: 1000283220 ns, Reaching safepoint: 163872 ns, At safepoint: 17316 ns, Total: 181188 ns
[2022-09-06T11:45:36.477+0000][68][safepoint   ] Safepoint "Cleanup", Time since last: 1000263264 ns, Reaching safepoint: 261177 ns, At safepoint: 29216 ns, Total: 290393 ns
[2022-09-06T11:45:37.478+0000][68][safepoint   ] Safepoint "Cleanup", Time since last: 1000384506 ns, Reaching safepoint: 254608 ns, At safepoint: 61697 ns, Total: 316305 ns
[2022-09-06T11:45:38.478+0000][68][safepoint   ] Safepoint "Cleanup", Time since last: 1000204705 ns, Reaching safepoint: 132276 ns, At safepoint: 13641 ns, Total: 145917 ns
[2022-09-06T11:45:39.479+0000][68][safepoint   ] Safepoint "Cleanup", Time since last: 1000396899 ns, Reaching safepoint: 315930 ns, At safepoint: 27079 ns, Total: 343009 ns
[2022-09-06T11:45:40.480+0000][68][safepoint   ] Safepoint "Cleanup", Time since last: 1000446974 ns, Reaching safepoint: 341767 ns, At safepoint: 40794 ns, Total: 382561 ns
[2022-09-06T11:45:42.480+0000][68][safepoint   ] Safepoint "Cleanup", Time since last: 2000542124 ns, Reaching safepoint: 105392 ns, At safepoint: 24126 ns, Total: 129518 ns
[2022-09-06T11:45:43.481+0000][68][safepoint   ] Safepoint "Cleanup", Time since last: 1000345269 ns, Reaching safepoint: 401637 ns, At safepoint: 46725 ns, Total: 448362 ns
[2022-09-06T11:45:44.482+0000][68][safepoint   ] Safepoint "Cleanup", Time since last: 1000355048 ns, Reaching safepoint: 160807 ns, At safepoint: 28452 ns, Total: 189259 ns
[2022-09-06T11:45:45.482+0000][68][safepoint   ] Safepoint "Cleanup", Time since last: 1000186914 ns, Reaching safepoint: 147283 ns, At safepoint: 16757 ns, Total: 164040 ns
[2022-09-06T11:45:48.483+0000][68][safepoint   ] Safepoint "Cleanup", Time since last: 3000813549 ns, Reaching safepoint: 189297 ns, At safepoint: 33041 ns, Total: 222338 ns
[2022-09-06T11:45:49.484+0000][68][safepoint   ] Safepoint "Cleanup", Time since last: 1000482027 ns, Reaching safepoint: 377972 ns, At safepoint: 50998 ns, Total: 428970 ns
[2022-09-06T11:45:51.389+0000][68][safepoint   ] Safepoint "Cleanup", Time since last: 1904979923 ns, Reaching safepoint: 318354 ns, At safepoint: 32007 ns, Total: 350361 ns
[2022-09-06T11:45:52.390+0000][68][safepoint   ] Safepoint "Cleanup", Time since last: 1000226091 ns, Reaching safepoint: 126829 ns, At safepoint: 3810 ns, Total: 130639 ns
[2022-09-06T11:45:53.390+0000][68][safepoint   ] Safepoint "Cleanup", Time since last: 1000350237 ns, Reaching safepoint: 325722 ns, At safepoint: 11238 ns, Total: 336960 ns
[2022-09-06T11:45:54.391+0000][68][safepoint   ] Safepoint "Cleanup", Time since last: 1000203208 ns, Reaching safepoint: 268192 ns, At safepoint: 70094 ns, Total: 338286 ns
[2022-09-06T11:45:55.391+0000][68][safepoint   ] Safepoint "Cleanup", Time since last: 1000180291 ns, Reaching safepoint: 328212 ns, At safepoint: 3077 ns, Total: 331289 ns
[2022-09-06T11:45:57.392+0000][68][safepoint   ] Safepoint "Cleanup", Time since last: 2000424479 ns, Reaching safepoint: 137922 ns, At safepoint: 15636 ns, Total: 153558 ns
[2022-09-06T11:45:58.392+0000][68][safepoint   ] Safepoint "Cleanup", Time since last: 1000187192 ns, Reaching safepoint: 143877 ns, At safepoint: 7611 ns, Total: 151488 ns
[2022-09-06T11:45:59.393+0000][68][safepoint   ] Safepoint "Cleanup", Time since last: 1000423609 ns, Reaching safepoint: 165062 ns, At safepoint: 7052 ns, Total: 172114 ns
[2022-09-06T11:46:00.393+0000][68][safepoint   ] Safepoint "Cleanup", Time since last: 1000129123 ns, Reaching safepoint: 234352 ns, At safepoint: 34182 ns, Total: 268534 ns
[2022-09-06T11:46:01.394+0000][68][safepoint   ] Safepoint "Cleanup", Time since last: 1000283667 ns, Reaching safepoint: 355734 ns, At safepoint: 8936 ns, Total: 364670 ns
[2022-09-06T11:46:03.394+0000][68][safepoint   ] Safepoint "Cleanup", Time since last: 2000426324 ns, Reaching safepoint: 137261 ns, At safepoint: 31198 ns, Total: 168459 ns
[2022-09-06T11:46:04.395+0000][68][safepoint   ] Safepoint "Cleanup", Time since last: 1000247138 ns, Reaching safepoint: 158890 ns, At safepoint: 5821 ns, Total: 164711 ns
[2022-09-06T11:46:06.396+0000][68][safepoint   ] Safepoint "Cleanup", Time since last: 2000529983 ns, Reaching safepoint: 167231 ns, At safepoint: 7171 ns, Total: 174402 ns
[2022-09-06T11:46:06.949+0000][68][gc,start    ] GC(13) Pause Young (Normal) (G1 Evacuation Pause)
[2022-09-06T11:46:06.949+0000][68][gc,task     ] GC(13) Using 8 workers of 8 for evacuation
[2022-09-06T11:46:06.949+0000][68][gc,age      ] GC(13) Desired survivor size 41943040 bytes, new threshold 3 (max threshold 15)
[2022-09-06T11:46:06.974+0000][68][gc,phases   ] GC(13)   Pre Evacuate Collection Set: 0.1ms
[2022-09-06T11:46:06.974+0000][68][gc,phases   ] GC(13)   Merge Heap Roots: 0.1ms
[2022-09-06T11:46:06.974+0000][68][gc,phases   ] GC(13)   Evacuate Collection Set: 20.7ms
[2022-09-06T11:46:06.974+0000][68][gc,phases   ] GC(13)   Post Evacuate Collection Set: 3.6ms
[2022-09-06T11:46:06.974+0000][68][gc,phases   ] GC(13)   Other: 0.1ms
[2022-09-06T11:46:06.974+0000][68][gc,age      ] GC(13) Age table with threshold 3 (max threshold 15)
[2022-09-06T11:46:06.974+0000][68][gc,age      ] GC(13) - age   1:    5053552 bytes,    5053552 total
[2022-09-06T11:46:06.974+0000][68][gc,age      ] GC(13) - age   2:   21680928 bytes,   26734480 total
[2022-09-06T11:46:06.974+0000][68][gc,age      ] GC(13) - age   3:   16124392 bytes,   42858872 total
[2022-09-06T11:46:06.974+0000][68][gc,heap     ] GC(13) Eden regions: 136->0(141)
[2022-09-06T11:46:06.974+0000][68][gc,heap     ] GC(13) Survivor regions: 17->12(20)
[2022-09-06T11:46:06.974+0000][68][gc,heap     ] GC(13) Old regions: 7->13
[2022-09-06T11:46:06.974+0000][68][gc,heap     ] GC(13) Archive regions: 2->2
[2022-09-06T11:46:06.974+0000][68][gc,heap     ] GC(13) Humongous regions: 2->2
[2022-09-06T11:46:06.974+0000][68][gc,metaspace] GC(13) Metaspace: 126660K(130240K)->126660K(130240K) NonClass: 109691K(111552K)->109691K(111552K) Class: 16968K(18688K)->16968K(18688K)
[2022-09-06T11:46:06.974+0000][68][gc          ] GC(13) Pause Young (Normal) (G1 Evacuation Pause) 651M->109M(1024M) 24.969ms
[2022-09-06T11:46:06.974+0000][68][gc,cpu      ] GC(13) User=0.17s Sys=0.00s Real=0.03s
[2022-09-06T11:46:06.974+0000][68][safepoint   ] Safepoint "G1CollectForAllocation", Time since last: 553149984 ns, Reaching safepoint: 129253 ns, At safepoint: 25113976 ns, Total: 25243229 ns
[2022-09-06T11:46:07.975+0000][68][safepoint   ] Safepoint "Cleanup", Time since last: 1000404505 ns, Reaching safepoint: 330735 ns, At safepoint: 10883 ns, Total: 341618 ns
[2022-09-06T11:46:09.976+0000][68][safepoint   ] Safepoint "Cleanup", Time since last: 2000767928 ns, Reaching safepoint: 339373 ns, At safepoint: 40265 ns, Total: 379638 ns
[2022-09-06T11:46:11.977+0000][68][safepoint   ] Safepoint "Cleanup", Time since last: 2000588953 ns, Reaching safepoint: 157984 ns, At safepoint: 3650 ns, Total: 161634 ns
[2022-09-06T11:46:12.977+0000][68][safepoint   ] Safepoint "Cleanup", Time since last: 1000387841 ns, Reaching safepoint: 414915 ns, At safepoint: 43538 ns, Total: 458453 ns
[2022-09-06T11:46:13.978+0000][68][safepoint   ] Safepoint "Cleanup", Time since last: 1000412856 ns, Reaching safepoint: 455907 ns, At safepoint: 81985 ns, Total: 537892 ns
[2022-09-06T11:46:14.979+0000][68][safepoint   ] Safepoint "Cleanup", Time since last: 1000431807 ns, Reaching safepoint: 363990 ns, At safepoint: 45636 ns, Total: 409626 ns
[2022-09-06T11:46:15.980+0000][68][safepoint   ] Safepoint "Cleanup", Time since last: 1000273025 ns, Reaching safepoint: 153208 ns, At safepoint: 3913 ns, Total: 157121 ns
[2022-09-06T11:46:16.980+0000][68][safepoint   ] Safepoint "Cleanup", Time since last: 1000222095 ns, Reaching safepoint: 215175 ns, At safepoint: 14933 ns, Total: 230108 ns
[2022-09-06T11:46:17.981+0000][68][safepoint   ] Safepoint "Cleanup", Time since last: 1000261267 ns, Reaching safepoint: 345770 ns, At safepoint: 56324 ns, Total: 402094 ns
[2022-09-06T11:46:18.982+0000][68][safepoint   ] Safepoint "Cleanup", Time since last: 1000470395 ns, Reaching safepoint: 536072 ns, At safepoint: 75845 ns, Total: 611917 ns
[2022-09-06T11:46:19.983+0000][68][safepoint   ] Safepoint "Cleanup", Time since last: 1000549644 ns, Reaching safepoint: 368120 ns, At safepoint: 40551 ns, Total: 408671 ns
[2022-09-06T11:46:20.984+0000][68][safepoint   ] Safepoint "Cleanup", Time since last: 1000434298 ns, Reaching safepoint: 375260 ns, At safepoint: 44152 ns, Total: 419412 ns
[2022-09-06T11:46:21.984+0000][68][safepoint   ] Safepoint "Cleanup", Time since last: 1000339870 ns, Reaching safepoint: 258541 ns, At safepoint: 24146 ns, Total: 282687 ns
[2022-09-06T11:46:24.985+0000][68][safepoint   ] Safepoint "Cleanup", Time since last: 3000890002 ns, Reaching safepoint: 170224 ns, At safepoint: 6789 ns, Total: 177013 ns
[2022-09-06T11:46:25.986+0000][68][safepoint   ] Safepoint "Cleanup", Time since last: 1000327262 ns, Reaching safepoint: 164735 ns, At safepoint: 5909 ns, Total: 170644 ns
[2022-09-06T11:46:27.987+0000][68][safepoint   ] Safepoint "Cleanup", Time since last: 2000356137 ns, Reaching safepoint: 135745 ns, At safepoint: 4058 ns, Total: 139803 ns
[2022-09-06T11:46:28.987+0000][68][safepoint   ] Safepoint "Cleanup", Time since last: 1000218621 ns, Reaching safepoint: 134335 ns, At safepoint: 4439 ns, Total: 138774 ns
[2022-09-06T11:46:29.987+0000][68][safepoint   ] Safepoint "Cleanup", Time since last: 1000195543 ns, Reaching safepoint: 152115 ns, At safepoint: 3708 ns, Total: 155823 ns
[2022-09-06T11:46:30.988+0000][68][safepoint   ] Safepoint "Cleanup", Time since last: 1000253932 ns, Reaching safepoint: 155946 ns, At safepoint: 8217 ns, Total: 164163 ns
[2022-09-06T11:46:31.988+0000][68][safepoint   ] Safepoint "Cleanup", Time since last: 1000207913 ns, Reaching safepoint: 154629 ns, At safepoint: 3634 ns, Total: 158263 ns
[2022-09-06T11:46:33.989+0000][68][safepoint   ] Safepoint "Cleanup", Time since last: 2000470987 ns, Reaching safepoint: 151484 ns, At safepoint: 16395 ns, Total: 167879 ns
[2022-09-06T11:46:34.990+0000][68][safepoint   ] Safepoint "Cleanup", Time since last: 1000476714 ns, Reaching safepoint: 326992 ns, At safepoint: 42209 ns, Total: 369201 ns
[2022-09-06T11:46:36.991+0000][68][safepoint   ] Safepoint "Cleanup", Time since last: 2000779367 ns, Reaching safepoint: 361102 ns, At safepoint: 37615 ns, Total: 398717 ns
[2022-09-06T11:46:37.991+0000][68][safepoint   ] Safepoint "Cleanup", Time since last: 1000193250 ns, Reaching safepoint: 150641 ns, At safepoint: 5347 ns, Total: 155988 ns
[2022-09-06T11:46:39.377+0000][68][safepoint   ] Safepoint "Cleanup", Time since last: 1385690250 ns, Reaching safepoint: 122671 ns, At safepoint: 14091 ns, Total: 136762 ns
[2022-09-06T11:46:40.378+0000][68][safepoint   ] Safepoint "Cleanup", Time since last: 1000349605 ns, Reaching safepoint: 528472 ns, At safepoint: 26045 ns, Total: 554517 ns
[2022-09-06T11:46:42.379+0000][68][safepoint   ] Safepoint "Cleanup", Time since last: 2000543187 ns, Reaching safepoint: 333061 ns, At safepoint: 8515 ns, Total: 341576 ns
[2022-09-06T11:46:43.394+0000][68][safepoint   ] Safepoint "Cleanup", Time since last: 1014471794 ns, Reaching safepoint: 366562 ns, At safepoint: 9897 ns, Total: 376459 ns
[2022-09-06T11:46:44.394+0000][68][safepoint   ] Safepoint "Cleanup", Time since last: 1000338242 ns, Reaching safepoint: 352581 ns, At safepoint: 82336 ns, Total: 434917 ns
[2022-09-06T11:46:45.395+0000][68][safepoint   ] Safepoint "Cleanup", Time since last: 1000232804 ns, Reaching safepoint: 165569 ns, At safepoint: 27101 ns, Total: 192670 ns
[2022-09-06T11:46:46.395+0000][68][safepoint   ] Safepoint "Cleanup", Time since last: 1000328951 ns, Reaching safepoint: 136901 ns, At safepoint: 4960 ns, Total: 141861 ns
[2022-09-06T11:46:47.396+0000][68][safepoint   ] Safepoint "Cleanup", Time since last: 1000359849 ns, Reaching safepoint: 371303 ns, At safepoint: 10372 ns, Total: 381675 ns
[2022-09-06T11:46:48.397+0000][68][safepoint   ] Safepoint "Cleanup", Time since last: 1000611181 ns, Reaching safepoint: 226554 ns, At safepoint: 9006 ns, Total: 235560 ns
[2022-09-06T11:46:49.397+0000][68][safepoint   ] Safepoint "Cleanup", Time since last: 1000355459 ns, Reaching safepoint: 252209 ns, At safepoint: 8582 ns, Total: 260791 ns
[2022-09-06T11:46:50.398+0000][68][safepoint   ] Safepoint "Cleanup", Time since last: 1000312718 ns, Reaching safepoint: 206057 ns, At safepoint: 6284 ns, Total: 212341 ns
[2022-09-06T11:46:52.399+0000][68][safepoint   ] Safepoint "Cleanup", Time since last: 2000499974 ns, Reaching safepoint: 540175 ns, At safepoint: 58265 ns, Total: 598440 ns
[2022-09-06T11:46:54.400+0000][68][safepoint   ] Safepoint "Cleanup", Time since last: 2000740909 ns, Reaching safepoint: 191427 ns, At safepoint: 33354 ns, Total: 224781 ns
[2022-09-06T11:46:55.401+0000][68][safepoint   ] Safepoint "Cleanup", Time since last: 1000399935 ns, Reaching safepoint: 516776 ns, At safepoint: 38242 ns, Total: 555018 ns
[2022-09-06T11:47:00.402+0000][68][safepoint   ] Safepoint "Cleanup", Time since last: 5001407166 ns, Reaching safepoint: 164193 ns, At safepoint: 5427 ns, Total: 169620 ns
[2022-09-06T11:47:01.403+0000][68][safepoint   ] Safepoint "Cleanup", Time since last: 1000421723 ns, Reaching safepoint: 359106 ns, At safepoint: 10088 ns, Total: 369194 ns
[2022-09-06T11:47:02.404+0000][68][safepoint   ] Safepoint "Cleanup", Time since last: 1000342866 ns, Reaching safepoint: 463830 ns, At safepoint: 31223 ns, Total: 495053 ns
[2022-09-06T11:47:03.404+0000][68][safepoint   ] Safepoint "Cleanup", Time since last: 1000268690 ns, Reaching safepoint: 114833 ns, At safepoint: 26178 ns, Total: 141011 ns
[2022-09-06T11:47:04.405+0000][68][safepoint   ] Safepoint "Cleanup", Time since last: 1000306298 ns, Reaching safepoint: 324911 ns, At safepoint: 11575 ns, Total: 336486 ns
[2022-09-06T11:47:05.406+0000][68][safepoint   ] Safepoint "Cleanup", Time since last: 1000411495 ns, Reaching safepoint: 348326 ns, At safepoint: 10237 ns, Total: 358563 ns
[2022-09-06T11:47:07.394+0000][68][safepoint   ] Safepoint "Cleanup", Time since last: 1987650065 ns, Reaching safepoint: 180060 ns, At safepoint: 3134 ns, Total: 183194 ns
[2022-09-06T11:47:09.394+0000][68][safepoint   ] Safepoint "Cleanup", Time since last: 2000542355 ns, Reaching safepoint: 130461 ns, At safepoint: 15668 ns, Total: 146129 ns
[2022-09-06T11:47:12.395+0000][68][safepoint   ] Safepoint "Cleanup", Time since last: 3000420398 ns, Reaching safepoint: 125413 ns, At safepoint: 16173 ns, Total: 141586 ns
[2022-09-06T11:47:13.395+0000][68][safepoint   ] Safepoint "Cleanup", Time since last: 1000201453 ns, Reaching safepoint: 268540 ns, At safepoint: 5139 ns, Total: 273679 ns
[2022-09-06T11:47:15.396+0000][68][safepoint   ] Safepoint "Cleanup", Time since last: 2000561968 ns, Reaching safepoint: 129213 ns, At safepoint: 11869 ns, Total: 141082 ns
[2022-09-06T11:47:16.396+0000][68][safepoint   ] Safepoint "Cleanup", Time since last: 1000218524 ns, Reaching safepoint: 224605 ns, At safepoint: 22179 ns, Total: 246784 ns
[2022-09-06T11:47:18.397+0000][68][safepoint   ] Safepoint "Cleanup", Time since last: 2000492590 ns, Reaching safepoint: 88768 ns, At safepoint: 4292 ns, Total: 93060 ns
[2022-09-06T11:47:19.397+0000][68][safepoint   ] Safepoint "Cleanup", Time since last: 1000176095 ns, Reaching safepoint: 186927 ns, At safepoint: 11655 ns, Total: 198582 ns
[2022-09-06T11:47:21.398+0000][68][safepoint   ] Safepoint "Cleanup", Time since last: 2000535179 ns, Reaching safepoint: 230007 ns, At safepoint: 26339 ns, Total: 256346 ns
[2022-09-06T11:47:22.399+0000][68][safepoint   ] Safepoint "Cleanup", Time since last: 1000288839 ns, Reaching safepoint: 147961 ns, At safepoint: 5158 ns, Total: 153119 ns
[2022-09-06T11:47:23.400+0000][68][safepoint   ] Safepoint "Cleanup", Time since last: 1000501412 ns, Reaching safepoint: 379964 ns, At safepoint: 12115 ns, Total: 392079 ns
[2022-09-06T11:47:24.400+0000][68][safepoint   ] Safepoint "Cleanup", Time since last: 1000438163 ns, Reaching safepoint: 214216 ns, At safepoint: 6185 ns, Total: 220401 ns
[2022-09-06T11:47:25.401+0000][68][safepoint   ] Safepoint "Cleanup", Time since last: 1000336977 ns, Reaching safepoint: 147011 ns, At safepoint: 6399 ns, Total: 153410 ns
[2022-09-06T11:47:27.401+0000][68][safepoint   ] Safepoint "Cleanup", Time since last: 2000585015 ns, Reaching safepoint: 133676 ns, At safepoint: 36248 ns, Total: 169924 ns
[2022-09-06T11:47:28.402+0000][68][safepoint   ] Safepoint "Cleanup", Time since last: 1000302476 ns, Reaching safepoint: 351084 ns, At safepoint: 11426 ns, Total: 362510 ns
[2022-09-06T11:47:29.403+0000][68][safepoint   ] Safepoint "Cleanup", Time since last: 1000248641 ns, Reaching safepoint: 150140 ns, At safepoint: 7571 ns, Total: 157711 ns
[2022-09-06T11:47:30.403+0000][68][safepoint   ] Safepoint "Cleanup", Time since last: 1000305399 ns, Reaching safepoint: 135272 ns, At safepoint: 17681 ns, Total: 152953 ns
[2022-09-06T11:47:31.403+0000][68][safepoint   ] Safepoint "Cleanup", Time since last: 1000134207 ns, Reaching safepoint: 234340 ns, At safepoint: 7334 ns, Total: 241674 ns
[2022-09-06T11:47:33.404+0000][68][safepoint   ] Safepoint "Cleanup", Time since last: 2000685555 ns, Reaching safepoint: 115123 ns, At safepoint: 6080 ns, Total: 121203 ns
[2022-09-06T11:47:35.405+0000][68][safepoint   ] Safepoint "Cleanup", Time since last: 2000612245 ns, Reaching safepoint: 583480 ns, At safepoint: 26649 ns, Total: 610129 ns
[2022-09-06T11:47:36.406+0000][68][safepoint   ] Safepoint "Cleanup", Time since last: 1000253807 ns, Reaching safepoint: 125555 ns, At safepoint: 16340 ns, Total: 141895 ns
[2022-09-06T11:47:37.407+0000][68][safepoint   ] Safepoint "Cleanup", Time since last: 1000376058 ns, Reaching safepoint: 363710 ns, At safepoint: 11705 ns, Total: 375415 ns
[2022-09-06T11:47:40.408+0000][68][safepoint   ] Safepoint "Cleanup", Time since last: 3000868204 ns, Reaching safepoint: 342994 ns, At safepoint: 11580 ns, Total: 354574 ns
[2022-09-06T11:47:42.408+0000][68][safepoint   ] Safepoint "Cleanup", Time since last: 2000318584 ns, Reaching safepoint: 130329 ns, At safepoint: 15165 ns, Total: 145494 ns
[2022-09-06T11:47:43.409+0000][68][safepoint   ] Safepoint "Cleanup", Time since last: 1000440966 ns, Reaching safepoint: 371143 ns, At safepoint: 10763 ns, Total: 381906 ns
[2022-09-06T11:47:45.410+0000][68][safepoint   ] Safepoint "Cleanup", Time since last: 2000532239 ns, Reaching safepoint: 204558 ns, At safepoint: 30549 ns, Total: 235107 ns
[2022-09-06T11:47:48.411+0000][68][safepoint   ] Safepoint "Cleanup", Time since last: 3000413506 ns, Reaching safepoint: 252981 ns, At safepoint: 32502 ns, Total: 285483 ns
[2022-09-06T11:47:49.411+0000][68][safepoint   ] Safepoint "Cleanup", Time since last: 1000179327 ns, Reaching safepoint: 155272 ns, At safepoint: 3920 ns, Total: 159192 ns
[2022-09-06T11:47:51.411+0000][68][safepoint   ] Safepoint "Cleanup", Time since last: 2000498008 ns, Reaching safepoint: 121783 ns, At safepoint: 2739 ns, Total: 124522 ns
[2022-09-06T11:47:54.413+0000][68][safepoint   ] Safepoint "Cleanup", Time since last: 3000888583 ns, Reaching safepoint: 135092 ns, At safepoint: 17555 ns, Total: 152647 ns
[2022-09-06T11:47:55.413+0000][68][safepoint   ] Safepoint "Cleanup", Time since last: 1000231986 ns, Reaching safepoint: 293950 ns, At safepoint: 8115 ns, Total: 302065 ns
[2022-09-06T11:47:57.414+0000][68][safepoint   ] Safepoint "Cleanup", Time since last: 2000525966 ns, Reaching safepoint: 142551 ns, At safepoint: 6688 ns, Total: 149239 ns
[2022-09-06T11:48:03.415+0000][68][safepoint   ] Safepoint "Cleanup", Time since last: 6001283989 ns, Reaching safepoint: 129687 ns, At safepoint: 3581 ns, Total: 133268 ns
[2022-09-06T11:48:06.416+0000][68][safepoint   ] Safepoint "Cleanup", Time since last: 3000497968 ns, Reaching safepoint: 282750 ns, At safepoint: 6693 ns, Total: 289443 ns
[2022-09-06T11:48:07.416+0000][68][safepoint   ] Safepoint "Cleanup", Time since last: 1000169320 ns, Reaching safepoint: 164042 ns, At safepoint: 4149 ns, Total: 168191 ns
[2022-09-06T11:48:09.417+0000][68][safepoint   ] Safepoint "Cleanup", Time since last: 2000431522 ns, Reaching safepoint: 138121 ns, At safepoint: 17758 ns, Total: 155879 ns
[2022-09-06T11:48:10.417+0000][68][safepoint   ] Safepoint "Cleanup", Time since last: 1000372165 ns, Reaching safepoint: 435037 ns, At safepoint: 11779 ns, Total: 446816 ns
[2022-09-06T11:48:12.418+0000][68][safepoint   ] Safepoint "Cleanup", Time since last: 2000543696 ns, Reaching safepoint: 127120 ns, At safepoint: 37848 ns, Total: 164968 ns
[2022-09-06T11:48:13.419+0000][68][safepoint   ] Safepoint "Cleanup", Time since last: 1000390087 ns, Reaching safepoint: 145279 ns, At safepoint: 7241 ns, Total: 152520 ns
[2022-09-06T11:48:15.420+0000][68][safepoint   ] Safepoint "Cleanup", Time since last: 2000708346 ns, Reaching safepoint: 164839 ns, At safepoint: 4240 ns, Total: 169079 ns
[2022-09-06T11:48:18.420+0000][68][safepoint   ] Safepoint "Cleanup", Time since last: 3000530637 ns, Reaching safepoint: 126060 ns, At safepoint: 26853 ns, Total: 152913 ns
[2022-09-06T11:48:19.421+0000][68][safepoint   ] Safepoint "Cleanup", Time since last: 1000311276 ns, Reaching safepoint: 363122 ns, At safepoint: 10785 ns, Total: 373907 ns
[2022-09-06T11:48:24.422+0000][68][safepoint   ] Safepoint "Cleanup", Time since last: 5001129451 ns, Reaching safepoint: 123063 ns, At safepoint: 17873 ns, Total: 140936 ns
[2022-09-06T11:48:25.422+0000][68][safepoint   ] Safepoint "Cleanup", Time since last: 1000177222 ns, Reaching safepoint: 137287 ns, At safepoint: 3661 ns, Total: 140948 ns
[2022-09-06T11:48:27.423+0000][68][safepoint   ] Safepoint "Cleanup", Time since last: 2000310599 ns, Reaching safepoint: 133518 ns, At safepoint: 8690 ns, Total: 142208 ns
[2022-09-06T11:48:29.424+0000][68][safepoint   ] Safepoint "Cleanup", Time since last: 2000674218 ns, Reaching safepoint: 374292 ns, At safepoint: 11626 ns, Total: 385918 ns
[2022-09-06T11:48:30.425+0000][68][safepoint   ] Safepoint "Cleanup", Time since last: 1000284419 ns, Reaching safepoint: 254324 ns, At safepoint: 75084 ns, Total: 329408 ns
[2022-09-06T11:48:31.426+0000][68][safepoint   ] Safepoint "Cleanup", Time since last: 1000454745 ns, Reaching safepoint: 371555 ns, At safepoint: 10988 ns, Total: 382543 ns
[2022-09-06T11:48:33.426+0000][68][safepoint   ] Safepoint "Cleanup", Time since last: 2000425418 ns, Reaching safepoint: 165970 ns, At safepoint: 16383 ns, Total: 182353 ns
[2022-09-06T11:48:36.427+0000][68][safepoint   ] Safepoint "Cleanup", Time since last: 3000615375 ns, Reaching safepoint: 135544 ns, At safepoint: 5357 ns, Total: 140901 ns
[2022-09-06T11:48:37.353+0000][68][gc,start    ] GC(14) Pause Young (Normal) (G1 Evacuation Pause)
[2022-09-06T11:48:37.353+0000][68][gc,task     ] GC(14) Using 8 workers of 8 for evacuation
[2022-09-06T11:48:37.353+0000][68][gc,age      ] GC(14) Desired survivor size 41943040 bytes, new threshold 3 (max threshold 15)
[2022-09-06T11:48:37.368+0000][68][gc,phases   ] GC(14)   Pre Evacuate Collection Set: 0.1ms
[2022-09-06T11:48:37.368+0000][68][gc,phases   ] GC(14)   Merge Heap Roots: 0.1ms
[2022-09-06T11:48:37.368+0000][68][gc,phases   ] GC(14)   Evacuate Collection Set: 12.7ms
[2022-09-06T11:48:37.368+0000][68][gc,phases   ] GC(14)   Post Evacuate Collection Set: 2.0ms
[2022-09-06T11:48:37.368+0000][68][gc,phases   ] GC(14)   Other: 0.1ms
[2022-09-06T11:48:37.368+0000][68][gc,age      ] GC(14) Age table with threshold 3 (max threshold 15)
[2022-09-06T11:48:37.368+0000][68][gc,age      ] GC(14) - age   1:    2310784 bytes,    2310784 total
[2022-09-06T11:48:37.368+0000][68][gc,age      ] GC(14) - age   2:    2809280 bytes,    5120064 total
[2022-09-06T11:48:37.368+0000][68][gc,age      ] GC(14) - age   3:   21679296 bytes,   26799360 total
[2022-09-06T11:48:37.368+0000][68][gc,heap     ] GC(14) Eden regions: 141->0(145)
[2022-09-06T11:48:37.368+0000][68][gc,heap     ] GC(14) Survivor regions: 12->8(20)
[2022-09-06T11:48:37.368+0000][68][gc,heap     ] GC(14) Old regions: 13->18
[2022-09-06T11:48:37.368+0000][68][gc,heap     ] GC(14) Archive regions: 2->2
[2022-09-06T11:48:37.368+0000][68][gc,heap     ] GC(14) Humongous regions: 2->2
[2022-09-06T11:48:37.368+0000][68][gc,metaspace] GC(14) Metaspace: 127821K(131328K)->127821K(131328K) NonClass: 110849K(112640K)->110849K(112640K) Class: 16972K(18688K)->16972K(18688K)
[2022-09-06T11:48:37.368+0000][68][gc          ] GC(14) Pause Young (Normal) (G1 Evacuation Pause) 673M->112M(1024M) 15.229ms
[2022-09-06T11:48:37.368+0000][68][gc,cpu      ] GC(14) User=0.10s Sys=0.00s Real=0.01s
[2022-09-06T11:48:37.368+0000][68][safepoint   ] Safepoint "G1CollectForAllocation", Time since last: 925627039 ns, Reaching safepoint: 158145 ns, At safepoint: 15429615 ns, Total: 15587760 ns
[2022-09-06T11:48:38.369+0000][68][safepoint   ] Safepoint "Cleanup", Time since last: 1000279283 ns, Reaching safepoint: 356332 ns, At safepoint: 12639 ns, Total: 368971 ns
[2022-09-06T11:48:40.370+0000][68][safepoint   ] Safepoint "Cleanup", Time since last: 2000480425 ns, Reaching safepoint: 170708 ns, At safepoint: 4194 ns, Total: 174902 ns
[2022-09-06T11:48:43.370+0000][68][safepoint   ] Safepoint "Cleanup", Time since last: 3000701359 ns, Reaching safepoint: 187736 ns, At safepoint: 9617 ns, Total: 197353 ns
[2022-09-06T11:48:46.371+0000][68][safepoint   ] Safepoint "Cleanup", Time since last: 3000746854 ns, Reaching safepoint: 146680 ns, At safepoint: 5441 ns, Total: 152121 ns
[2022-09-06T11:48:49.373+0000][68][safepoint   ] Safepoint "Cleanup", Time since last: 3000761407 ns, Reaching safepoint: 645992 ns, At safepoint: 85955 ns, Total: 731947 ns
[2022-09-06T11:48:53.375+0000][68][safepoint   ] Safepoint "Cleanup", Time since last: 4001557341 ns, Reaching safepoint: 300254 ns, At safepoint: 7843 ns, Total: 308097 ns
[2022-09-06T11:48:55.376+0000][68][safepoint   ] Safepoint "Cleanup", Time since last: 2000982326 ns, Reaching safepoint: 184965 ns, At safepoint: 8405 ns, Total: 193370 ns
[2022-09-06T11:48:56.376+0000][68][safepoint   ] Safepoint "Cleanup", Time since last: 1000350085 ns, Reaching safepoint: 189118 ns, At safepoint: 12204 ns, Total: 201322 ns
[2022-09-06T11:48:57.377+0000][68][safepoint   ] Safepoint "Cleanup", Time since last: 1000307768 ns, Reaching safepoint: 203586 ns, At safepoint: 7126 ns, Total: 210712 ns
[2022-09-06T11:48:58.378+0000][68][safepoint   ] Safepoint "Cleanup", Time since last: 1000337315 ns, Reaching safepoint: 329710 ns, At safepoint: 10215 ns, Total: 339925 ns
[2022-09-06T11:49:00.379+0000][68][safepoint   ] Safepoint "Cleanup", Time since last: 2000886666 ns, Reaching safepoint: 187055 ns, At safepoint: 5623 ns, Total: 192678 ns
[2022-09-06T11:49:01.379+0000][68][safepoint   ] Safepoint "Cleanup", Time since last: 1000349363 ns, Reaching safepoint: 255293 ns, At safepoint: 8531 ns, Total: 263824 ns
[2022-09-06T11:49:03.380+0000][68][safepoint   ] Safepoint "Cleanup", Time since last: 2000786890 ns, Reaching safepoint: 271244 ns, At safepoint: 8347 ns, Total: 279591 ns
[2022-09-06T11:49:05.382+0000][68][safepoint   ] Safepoint "Cleanup", Time since last: 2000740719 ns, Reaching safepoint: 366050 ns, At safepoint: 10722 ns, Total: 376772 ns
[2022-09-06T11:49:07.383+0000][68][safepoint   ] Safepoint "Cleanup", Time since last: 2000626211 ns, Reaching safepoint: 330139 ns, At safepoint: 15129 ns, Total: 345268 ns
[2022-09-06T11:49:08.383+0000][68][safepoint   ] Safepoint "Cleanup", Time since last: 1000286224 ns, Reaching safepoint: 229691 ns, At safepoint: 6105 ns, Total: 235796 ns
[2022-09-06T11:49:09.383+0000][68][safepoint   ] Safepoint "Cleanup", Time since last: 1000282843 ns, Reaching safepoint: 165313 ns, At safepoint: 4978 ns, Total: 170291 ns
[2022-09-06T11:49:10.384+0000][68][safepoint   ] Safepoint "Cleanup", Time since last: 1000365889 ns, Reaching safepoint: 352813 ns, At safepoint: 7879 ns, Total: 360692 ns
[2022-09-06T11:49:13.385+0000][68][safepoint   ] Safepoint "Cleanup", Time since last: 3000675051 ns, Reaching safepoint: 148867 ns, At safepoint: 7012 ns, Total: 155879 ns
[2022-09-06T11:49:14.385+0000][68][safepoint   ] Safepoint "Cleanup", Time since last: 1000163281 ns, Reaching safepoint: 174001 ns, At safepoint: 6689 ns, Total: 180690 ns
[2022-09-06T11:49:15.393+0000][68][safepoint   ] Safepoint "Cleanup", Time since last: 1000182070 ns, Reaching safepoint: 6907168 ns, At safepoint: 43558 ns, Total: 6950726 ns
[2022-09-06T11:49:16.393+0000][68][safepoint   ] Safepoint "Cleanup", Time since last: 1000290721 ns, Reaching safepoint: 142268 ns, At safepoint: 3223 ns, Total: 145491 ns
[2022-09-06T11:49:17.231+0000][68][gc,heap,exit] Heap
[2022-09-06T11:49:17.232+0000][68][gc,heap,exit]  garbage-first heap   total 1048576K, used 298099K [0x00000000c0000000, 0x0000000100000000)
[2022-09-06T11:49:17.232+0000][68][gc,heap,exit]   region size 4096K, 53 young (217088K), 8 survivors (32768K)
[2022-09-06T11:49:17.232+0000][68][gc,heap,exit]  Metaspace       used 128874K, committed 132480K, reserved 1179648K
[2022-09-06T11:49:17.232+0000][68][gc,heap,exit]   class space    used 17122K, committed 18880K, reserved 1048576K
